2026-06-04 05:01:57 [INFO]: Have set the random seed as 456 for numpy and pytorch.
2026-06-04 05:01:57 [INFO]: You're using dataset electricity_load_diagrams, please cite it properly in your work. You can find its reference information at the below link: 
https://github.com/WenjieDu/TSDB/tree/main/dataset_profiles/electricity_load_diagrams
2026-06-04 05:01:57 [INFO]: Dataset electricity_load_diagrams has already been downloaded. Processing directly...
2026-06-04 05:01:57 [INFO]: Dataset electricity_load_diagrams has already been cached. Loading from cache directly...
2026-06-04 05:01:58 [INFO]: Loaded successfully!
2026-06-04 05:01:58 [INFO]: months selected as test set are <PeriodArray>
['2011-01', '2011-02', '2011-03', '2011-04', '2011-05', '2011-06', '2011-07',
 '2011-08', '2011-09', '2011-10']
Length: 10, dtype: period[M]
2026-06-04 05:01:58 [INFO]: months selected as val set are <PeriodArray>
['2011-11', '2011-12', '2012-01', '2012-02', '2012-03', '2012-04', '2012-05',
 '2012-06', '2012-07', '2012-08']
Length: 10, dtype: period[M]
2026-06-04 05:01:58 [INFO]: months selected as train set are <PeriodArray>
['2012-09', '2012-10', '2012-11', '2012-12', '2013-01', '2013-02', '2013-03',
 '2013-04', '2013-05', '2013-06', '2013-07', '2013-08', '2013-09', '2013-10',
 '2013-11', '2013-12', '2014-01', '2014-02', '2014-03', '2014-04', '2014-05',
 '2014-06', '2014-07', '2014-08', '2014-09', '2014-10', '2014-11', '2014-12',
 '2015-01']
Length: 29, dtype: period[M]
2026-06-04 05:01:59 [INFO]: Total sample number: 5843
2026-06-04 05:01:59 [INFO]: Training set size: 3408 (58.33%)
2026-06-04 05:01:59 [INFO]: Validation set size: 1220 (20.88%)
2026-06-04 05:01:59 [INFO]: Test set size: 1215 (20.79%)
2026-06-04 05:01:59 [INFO]: Number of steps: 24
2026-06-04 05:01:59 [INFO]: Number of features: 370
2026-06-04 05:01:59 [INFO]: Train set missing rate: 10.00%
2026-06-04 05:01:59 [INFO]: Validating set missing rate: 10.00%
2026-06-04 05:01:59 [INFO]: Test set missing rate: 10.00%
2026-06-04 05:02:00 [INFO]: 🔥🔥🔥🔥🔥🔥🔥🔥🔥🔥Using device list: ['cuda:0']
2026-06-04 05:02:00 [INFO]: 🔥🔥🔥🔥🔥🔥🔥🔥🔥🔥Using the given device: cuda:0
2026-06-04 05:02:00 [INFO]: Model files will be saved to output/imputation/cuda/paper_campaign/tefn/eld/mr0.1/seed456
2026-06-04 05:02:00 [INFO]: Tensorboard file will be saved to output/imputation/cuda/paper_campaign/tefn/eld/mr0.1/seed456/tensorboard
2026-06-04 05:02:00 [INFO]: Using customized MAE as the training loss function.
2026-06-04 05:02:00 [INFO]: Using customized MSE as the validation metric function.
2026-06-04 05:02:00 [INFO]: Model placed on cuda:0
2026-06-04 05:02:00 [INFO]: TEFN initialized with the given hyperparameters.
 ├─ Total parameters: 286,778
 ├─ Trainable parameters: 286,778
 └─ Trainable ratio: 100.00%
2026-06-04 05:02:02 [INFO]: Epoch 001 - training loss (MAE): 8.0297, validation MSE: 34.0834
2026-06-04 05:02:03 [INFO]: Epoch 002 - training loss (MAE): 7.0940, validation MSE: 27.7869
2026-06-04 05:02:04 [INFO]: Epoch 003 - training loss (MAE): 6.4651, validation MSE: 23.3740
2026-06-04 05:02:05 [INFO]: Epoch 004 - training loss (MAE): 5.9191, validation MSE: 20.1515
2026-06-04 05:02:06 [INFO]: Epoch 005 - training loss (MAE): 5.4212, validation MSE: 17.9295
2026-06-04 05:02:07 [INFO]: Epoch 006 - training loss (MAE): 4.9689, validation MSE: 15.9177
2026-06-04 05:02:09 [INFO]: Epoch 007 - training loss (MAE): 4.5429, validation MSE: 14.2782
2026-06-04 05:02:10 [INFO]: Epoch 008 - training loss (MAE): 4.1495, validation MSE: 12.6606
2026-06-04 05:02:12 [INFO]: Epoch 009 - training loss (MAE): 3.7825, validation MSE: 11.3179
2026-06-04 05:02:13 [INFO]: Epoch 010 - training loss (MAE): 3.4512, validation MSE: 9.9931
2026-06-04 05:02:15 [INFO]: Epoch 011 - training loss (MAE): 3.1355, validation MSE: 9.1338
2026-06-04 05:02:16 [INFO]: Epoch 012 - training loss (MAE): 2.8532, validation MSE: 8.2592
2026-06-04 05:02:17 [INFO]: Epoch 013 - training loss (MAE): 2.5852, validation MSE: 7.5759
2026-06-04 05:02:19 [INFO]: Epoch 014 - training loss (MAE): 2.3443, validation MSE: 6.8561
2026-06-04 05:02:20 [INFO]: Epoch 015 - training loss (MAE): 2.1333, validation MSE: 6.3717
2026-06-04 05:02:22 [INFO]: Epoch 016 - training loss (MAE): 1.9410, validation MSE: 5.8558
2026-06-04 05:02:23 [INFO]: Epoch 017 - training loss (MAE): 1.7760, validation MSE: 5.3881
2026-06-04 05:02:24 [INFO]: Epoch 018 - training loss (MAE): 1.6259, validation MSE: 5.0241
2026-06-04 05:02:26 [INFO]: Epoch 019 - training loss (MAE): 1.4947, validation MSE: 4.6280
2026-06-04 05:02:27 [INFO]: Epoch 020 - training loss (MAE): 1.3744, validation MSE: 4.3191
2026-06-04 05:02:29 [INFO]: Epoch 021 - training loss (MAE): 1.2630, validation MSE: 4.0758
2026-06-04 05:02:30 [INFO]: Epoch 022 - training loss (MAE): 1.1654, validation MSE: 3.8881
2026-06-04 05:02:31 [INFO]: Epoch 023 - training loss (MAE): 1.0767, validation MSE: 3.6435
2026-06-04 05:02:33 [INFO]: Epoch 024 - training loss (MAE): 0.9942, validation MSE: 3.5813
2026-06-04 05:02:34 [INFO]: Epoch 025 - training loss (MAE): 0.9219, validation MSE: 3.3920
2026-06-04 05:02:35 [INFO]: Epoch 026 - training loss (MAE): 0.8525, validation MSE: 3.3620
2026-06-04 05:02:37 [INFO]: Epoch 027 - training loss (MAE): 0.7920, validation MSE: 3.2719
2026-06-04 05:02:38 [INFO]: Epoch 028 - training loss (MAE): 0.7502, validation MSE: 3.2397
2026-06-04 05:02:40 [INFO]: Epoch 029 - training loss (MAE): 0.7200, validation MSE: 3.1997
2026-06-04 05:02:41 [INFO]: Epoch 030 - training loss (MAE): 0.6979, validation MSE: 3.1685
2026-06-04 05:02:42 [INFO]: Epoch 031 - training loss (MAE): 0.6804, validation MSE: 3.1639
2026-06-04 05:02:44 [INFO]: Epoch 032 - training loss (MAE): 0.6635, validation MSE: 3.0915
2026-06-04 05:02:45 [INFO]: Epoch 033 - training loss (MAE): 0.6477, validation MSE: 3.0917
2026-06-04 05:02:46 [INFO]: Epoch 034 - training loss (MAE): 0.6357, validation MSE: 3.0991
2026-06-04 05:02:48 [INFO]: Epoch 035 - training loss (MAE): 0.6275, validation MSE: 3.0573
2026-06-04 05:02:49 [INFO]: Epoch 036 - training loss (MAE): 0.6155, validation MSE: 3.0329
2026-06-04 05:02:51 [INFO]: Epoch 037 - training loss (MAE): 0.6080, validation MSE: 3.0140
2026-06-04 05:02:52 [INFO]: Epoch 038 - training loss (MAE): 0.6002, validation MSE: 2.9857
2026-06-04 05:02:54 [INFO]: Epoch 039 - training loss (MAE): 0.5915, validation MSE: 2.9773
2026-06-04 05:02:55 [INFO]: Epoch 040 - training loss (MAE): 0.5840, validation MSE: 2.9589
2026-06-04 05:02:56 [INFO]: Epoch 041 - training loss (MAE): 0.5767, validation MSE: 2.9584
2026-06-04 05:02:58 [INFO]: Epoch 042 - training loss (MAE): 0.5707, validation MSE: 2.9559
2026-06-04 05:02:59 [INFO]: Epoch 043 - training loss (MAE): 0.5648, validation MSE: 2.9467
2026-06-04 05:03:01 [INFO]: Epoch 044 - training loss (MAE): 0.5601, validation MSE: 2.9150
2026-06-04 05:03:02 [INFO]: Epoch 045 - training loss (MAE): 0.5553, validation MSE: 2.9345
2026-06-04 05:03:03 [INFO]: Epoch 046 - training loss (MAE): 0.5540, validation MSE: 2.9420
2026-06-04 05:03:04 [INFO]: Epoch 047 - training loss (MAE): 0.5519, validation MSE: 2.9225
2026-06-04 05:03:05 [INFO]: Epoch 048 - training loss (MAE): 0.5488, validation MSE: 2.9017
2026-06-04 05:03:06 [INFO]: Epoch 049 - training loss (MAE): 0.5478, validation MSE: 2.9175
2026-06-04 05:03:08 [INFO]: Epoch 050 - training loss (MAE): 0.5475, validation MSE: 2.9126
2026-06-04 05:03:09 [INFO]: Epoch 051 - training loss (MAE): 0.5470, validation MSE: 2.9108
2026-06-04 05:03:10 [INFO]: Epoch 052 - training loss (MAE): 0.5449, validation MSE: 2.9006
2026-06-04 05:03:11 [INFO]: Epoch 053 - training loss (MAE): 0.5459, validation MSE: 2.9119
2026-06-04 05:03:12 [INFO]: Epoch 054 - training loss (MAE): 0.5461, validation MSE: 2.9250
2026-06-04 05:03:13 [INFO]: Epoch 055 - training loss (MAE): 0.5447, validation MSE: 2.9096
2026-06-04 05:03:14 [INFO]: Epoch 056 - training loss (MAE): 0.5432, validation MSE: 2.9255
2026-06-04 05:03:16 [INFO]: Epoch 057 - training loss (MAE): 0.5442, validation MSE: 2.9211
2026-06-04 05:03:17 [INFO]: Epoch 058 - training loss (MAE): 0.5443, validation MSE: 2.8891
2026-06-04 05:03:18 [INFO]: Epoch 059 - training loss (MAE): 0.5428, validation MSE: 2.9019
2026-06-04 05:03:19 [INFO]: Epoch 060 - training loss (MAE): 0.5441, validation MSE: 2.8960
2026-06-04 05:03:19 [INFO]: Finished training. The best model is from epoch#58.
2026-06-04 05:03:19 [INFO]: Saved the model to output/imputation/cuda/paper_campaign/tefn/eld/mr0.1/seed456/TEFN.pypots
[34m
████████╗██╗███╗   ███╗███████╗    ███████╗███████╗██████╗ ██╗███████╗███████╗    █████╗ ██╗
╚══██╔══╝██║████╗ ████║██╔════╝    ██╔════╝██╔════╝██╔══██╗██║██╔════╝██╔════╝   ██╔══██╗██║
   ██║   ██║██╔████╔██║█████╗█████╗███████╗█████╗  ██████╔╝██║█████╗  ███████╗   ███████║██║
   ██║   ██║██║╚██╔╝██║██╔══╝╚════╝╚════██║██╔══╝  ██╔══██╗██║██╔══╝  ╚════██║   ██╔══██║██║
   ██║   ██║██║ ╚═╝ ██║███████╗    ███████║███████╗██║  ██║██║███████╗███████║██╗██║  ██║██║
   ╚═╝   ╚═╝╚═╝     ╚═╝╚══════╝    ╚══════╝╚══════╝╚═╝  ╚═╝╚═╝╚══════╝╚══════╝╚═╝╚═╝  ╚═╝╚═╝
ai4ts v0.0.3 - building AI for unified time-series analysis, https://time-series.ai [0m

Use Train GPT: False
Use Lora: False
Use Profiling: False
🚀 Running imputation pipeline for model: tefn
✅ Dataset 'eld' with missing rate 0.1 loaded at: /home/Aboya_25R9803/projects/lab/SUN/iPyPOTS/datasets/rate_0.1
🚀 Starting TEFN training pipeline...
[TEFN] Testing —— MAE: 1.0167| MSE: 2.5047| RMSE: 1.5826| MRE: 0.5443| 
📊 Metrics saved to: output/imputation/cuda/paper_campaign/tefn/eld/mr0.1/seed456/metrics/tefn_metrics.json
