2026-06-04 05:25:27 [INFO]: Have set the random seed as 456 for numpy and pytorch.
2026-06-04 05:25:30 [INFO]: 🔥🔥🔥🔥🔥🔥🔥🔥🔥🔥Using device list: ['cuda:0']
2026-06-04 05:25:30 [INFO]: 🔥🔥🔥🔥🔥🔥🔥🔥🔥🔥Using the given device: cuda:0
2026-06-04 05:25:30 [INFO]: Model files will be saved to output/imputation/cuda/paper_campaign/tefn/opsd_germany/mr0.1/seed456
2026-06-04 05:25:30 [INFO]: Tensorboard file will be saved to output/imputation/cuda/paper_campaign/tefn/opsd_germany/mr0.1/seed456/tensorboard
2026-06-04 05:25:30 [INFO]: Using customized MAE as the training loss function.
2026-06-04 05:25:30 [INFO]: Using customized MSE as the validation metric function.
2026-06-04 05:25:30 [INFO]: Model placed on cuda:0
2026-06-04 05:25:30 [INFO]: TEFN initialized with the given hyperparameters.
 ├─ Total parameters: 5,906
 ├─ Trainable parameters: 5,906
 └─ Trainable ratio: 100.00%
2026-06-04 05:25:33 [INFO]: Epoch 001 - training loss (MAE): 8.5707, validation MSE: 23.9226
2026-06-04 05:25:35 [INFO]: Epoch 002 - training loss (MAE): 6.7997, validation MSE: 16.6507
2026-06-04 05:25:37 [INFO]: Epoch 003 - training loss (MAE): 5.5512, validation MSE: 12.1264
2026-06-04 05:25:39 [INFO]: Epoch 004 - training loss (MAE): 4.5543, validation MSE: 8.8916
2026-06-04 05:25:42 [INFO]: Epoch 005 - training loss (MAE): 3.7102, validation MSE: 6.3818
2026-06-04 05:25:44 [INFO]: Epoch 006 - training loss (MAE): 2.9974, validation MSE: 4.5183
2026-06-04 05:25:47 [INFO]: Epoch 007 - training loss (MAE): 2.4212, validation MSE: 3.2202
2026-06-04 05:25:49 [INFO]: Epoch 008 - training loss (MAE): 1.9837, validation MSE: 2.3395
2026-06-04 05:25:51 [INFO]: Epoch 009 - training loss (MAE): 1.6525, validation MSE: 1.7715
2026-06-04 05:25:54 [INFO]: Epoch 010 - training loss (MAE): 1.4024, validation MSE: 1.4225
2026-06-04 05:25:56 [INFO]: Epoch 011 - training loss (MAE): 1.2265, validation MSE: 1.2151
2026-06-04 05:25:59 [INFO]: Epoch 012 - training loss (MAE): 1.0995, validation MSE: 1.0741
2026-06-04 05:26:01 [INFO]: Epoch 013 - training loss (MAE): 1.0041, validation MSE: 0.9768
2026-06-04 05:26:04 [INFO]: Epoch 014 - training loss (MAE): 0.9353, validation MSE: 0.9132
2026-06-04 05:26:07 [INFO]: Epoch 015 - training loss (MAE): 0.8844, validation MSE: 0.8702
2026-06-04 05:26:10 [INFO]: Epoch 016 - training loss (MAE): 0.8455, validation MSE: 0.8381
2026-06-04 05:26:13 [INFO]: Epoch 017 - training loss (MAE): 0.8146, validation MSE: 0.8086
2026-06-04 05:26:15 [INFO]: Epoch 018 - training loss (MAE): 0.7898, validation MSE: 0.7974
2026-06-04 05:26:18 [INFO]: Epoch 019 - training loss (MAE): 0.7698, validation MSE: 0.7814
2026-06-04 05:26:20 [INFO]: Epoch 020 - training loss (MAE): 0.7547, validation MSE: 0.7705
2026-06-04 05:26:23 [INFO]: Epoch 021 - training loss (MAE): 0.7414, validation MSE: 0.7657
2026-06-04 05:26:25 [INFO]: Epoch 022 - training loss (MAE): 0.7302, validation MSE: 0.7629
2026-06-04 05:26:28 [INFO]: Epoch 023 - training loss (MAE): 0.7202, validation MSE: 0.7557
2026-06-04 05:26:30 [INFO]: Epoch 024 - training loss (MAE): 0.7113, validation MSE: 0.7547
2026-06-04 05:26:32 [INFO]: Epoch 025 - training loss (MAE): 0.7041, validation MSE: 0.7438
2026-06-04 05:26:34 [INFO]: Epoch 026 - training loss (MAE): 0.6980, validation MSE: 0.7465
2026-06-04 05:26:36 [INFO]: Epoch 027 - training loss (MAE): 0.6911, validation MSE: 0.7430
2026-06-04 05:26:37 [INFO]: Epoch 028 - training loss (MAE): 0.6872, validation MSE: 0.7342
2026-06-04 05:26:39 [INFO]: Epoch 029 - training loss (MAE): 0.6828, validation MSE: 0.7361
2026-06-04 05:26:41 [INFO]: Epoch 030 - training loss (MAE): 0.6796, validation MSE: 0.7331
2026-06-04 05:26:43 [INFO]: Epoch 031 - training loss (MAE): 0.6758, validation MSE: 0.7310
2026-06-04 05:26:45 [INFO]: Epoch 032 - training loss (MAE): 0.6727, validation MSE: 0.7245
2026-06-04 05:26:47 [INFO]: Epoch 033 - training loss (MAE): 0.6706, validation MSE: 0.7300
2026-06-04 05:26:49 [INFO]: Epoch 034 - training loss (MAE): 0.6675, validation MSE: 0.7236
2026-06-04 05:26:51 [INFO]: Epoch 035 - training loss (MAE): 0.6659, validation MSE: 0.7253
2026-06-04 05:26:52 [INFO]: Epoch 036 - training loss (MAE): 0.6641, validation MSE: 0.7249
2026-06-04 05:26:54 [INFO]: Epoch 037 - training loss (MAE): 0.6630, validation MSE: 0.7288
2026-06-04 05:26:56 [INFO]: Epoch 038 - training loss (MAE): 0.6616, validation MSE: 0.7258
2026-06-04 05:26:58 [INFO]: Epoch 039 - training loss (MAE): 0.6608, validation MSE: 0.7213
2026-06-04 05:26:59 [INFO]: Epoch 040 - training loss (MAE): 0.6595, validation MSE: 0.7213
2026-06-04 05:27:01 [INFO]: Epoch 041 - training loss (MAE): 0.6589, validation MSE: 0.7239
2026-06-04 05:27:03 [INFO]: Epoch 042 - training loss (MAE): 0.6586, validation MSE: 0.7222
2026-06-04 05:27:06 [INFO]: Epoch 043 - training loss (MAE): 0.6583, validation MSE: 0.7217
2026-06-04 05:27:08 [INFO]: Epoch 044 - training loss (MAE): 0.6584, validation MSE: 0.7219
2026-06-04 05:27:11 [INFO]: Epoch 045 - training loss (MAE): 0.6570, validation MSE: 0.7251
2026-06-04 05:27:13 [INFO]: Epoch 046 - training loss (MAE): 0.6565, validation MSE: 0.7276
2026-06-04 05:27:16 [INFO]: Epoch 047 - training loss (MAE): 0.6566, validation MSE: 0.7251
2026-06-04 05:27:18 [INFO]: Epoch 048 - training loss (MAE): 0.6569, validation MSE: 0.7257
2026-06-04 05:27:20 [INFO]: Epoch 049 - training loss (MAE): 0.6564, validation MSE: 0.7255
2026-06-04 05:27:21 [INFO]: Epoch 050 - training loss (MAE): 0.6569, validation MSE: 0.7267
2026-06-04 05:27:23 [INFO]: Epoch 051 - training loss (MAE): 0.6574, validation MSE: 0.7239
2026-06-04 05:27:25 [INFO]: Epoch 052 - training loss (MAE): 0.6564, validation MSE: 0.7254
2026-06-04 05:27:25 [INFO]: Exceeded the training patience. Terminating the training procedure...
2026-06-04 05:27:25 [INFO]: Finished training. The best model is from epoch#40.
2026-06-04 05:27:25 [INFO]: Saved the model to output/imputation/cuda/paper_campaign/tefn/opsd_germany/mr0.1/seed456/TEFN.pypots
[34m
████████╗██╗███╗   ███╗███████╗    ███████╗███████╗██████╗ ██╗███████╗███████╗    █████╗ ██╗
╚══██╔══╝██║████╗ ████║██╔════╝    ██╔════╝██╔════╝██╔══██╗██║██╔════╝██╔════╝   ██╔══██╗██║
   ██║   ██║██╔████╔██║█████╗█████╗███████╗█████╗  ██████╔╝██║█████╗  ███████╗   ███████║██║
   ██║   ██║██║╚██╔╝██║██╔══╝╚════╝╚════██║██╔══╝  ██╔══██╗██║██╔══╝  ╚════██║   ██╔══██║██║
   ██║   ██║██║ ╚═╝ ██║███████╗    ███████║███████╗██║  ██║██║███████╗███████║██╗██║  ██║██║
   ╚═╝   ╚═╝╚═╝     ╚═╝╚══════╝    ╚══════╝╚══════╝╚═╝  ╚═╝╚═╝╚══════╝╚══════╝╚═╝╚═╝  ╚═╝╚═╝
ai4ts v0.0.3 - building AI for unified time-series analysis, https://time-series.ai [0m

Use Train GPT: False
Use Lora: False
Use Profiling: False
🚀 Running imputation pipeline for model: tefn
✅ Dataset 'opsd_germany' with missing rate 0.1 loaded at: /home/Aboya_25R9803/projects/lab/SUN/iPyPOTS/datasets/rate_0.1
🚀 Starting TEFN training pipeline...
[TEFN] Testing —— MAE: 0.5815| MSE: 0.7959| RMSE: 0.8921| MRE: 0.6398| 
📊 Metrics saved to: output/imputation/cuda/paper_campaign/tefn/opsd_germany/mr0.1/seed456/metrics/tefn_metrics.json
