2026-06-04 05:27:34 [INFO]: Have set the random seed as 42 for numpy and pytorch.
2026-06-04 05:27:36 [INFO]: 🔥🔥🔥🔥🔥🔥🔥🔥🔥🔥Using device list: ['cuda:0']
2026-06-04 05:27:36 [INFO]: 🔥🔥🔥🔥🔥🔥🔥🔥🔥🔥Using the given device: cuda:0
2026-06-04 05:27:36 [INFO]: Model files will be saved to output/imputation/cuda/paper_campaign/tefn/opsd_germany/mr0.3/seed42
2026-06-04 05:27:36 [INFO]: Tensorboard file will be saved to output/imputation/cuda/paper_campaign/tefn/opsd_germany/mr0.3/seed42/tensorboard
2026-06-04 05:27:36 [INFO]: Using customized MAE as the training loss function.
2026-06-04 05:27:36 [INFO]: Using customized MSE as the validation metric function.
2026-06-04 05:27:36 [INFO]: Model placed on cuda:0
2026-06-04 05:27:36 [INFO]: TEFN initialized with the given hyperparameters.
 ├─ Total parameters: 5,906
 ├─ Trainable parameters: 5,906
 └─ Trainable ratio: 100.00%
2026-06-04 05:27:38 [INFO]: Epoch 001 - training loss (MAE): 8.1509, validation MSE: 22.1505
2026-06-04 05:27:39 [INFO]: Epoch 002 - training loss (MAE): 6.4633, validation MSE: 14.9549
2026-06-04 05:27:41 [INFO]: Epoch 003 - training loss (MAE): 5.0430, validation MSE: 9.6724
2026-06-04 05:27:42 [INFO]: Epoch 004 - training loss (MAE): 3.7136, validation MSE: 6.0798
2026-06-04 05:27:44 [INFO]: Epoch 005 - training loss (MAE): 2.8040, validation MSE: 4.2081
2026-06-04 05:27:46 [INFO]: Epoch 006 - training loss (MAE): 2.2656, validation MSE: 3.0650
2026-06-04 05:27:47 [INFO]: Epoch 007 - training loss (MAE): 1.8956, validation MSE: 2.2999
2026-06-04 05:27:48 [INFO]: Epoch 008 - training loss (MAE): 1.6277, validation MSE: 1.7903
2026-06-04 05:27:50 [INFO]: Epoch 009 - training loss (MAE): 1.4300, validation MSE: 1.4569
2026-06-04 05:27:52 [INFO]: Epoch 010 - training loss (MAE): 1.2873, validation MSE: 1.2425
2026-06-04 05:27:54 [INFO]: Epoch 011 - training loss (MAE): 1.1787, validation MSE: 1.0977
2026-06-04 05:27:56 [INFO]: Epoch 012 - training loss (MAE): 1.0950, validation MSE: 0.9973
2026-06-04 05:27:57 [INFO]: Epoch 013 - training loss (MAE): 1.0255, validation MSE: 0.9300
2026-06-04 05:27:59 [INFO]: Epoch 014 - training loss (MAE): 0.9673, validation MSE: 0.8888
2026-06-04 05:28:01 [INFO]: Epoch 015 - training loss (MAE): 0.9198, validation MSE: 0.8689
2026-06-04 05:28:03 [INFO]: Epoch 016 - training loss (MAE): 0.8788, validation MSE: 0.8549
2026-06-04 05:28:05 [INFO]: Epoch 017 - training loss (MAE): 0.8444, validation MSE: 0.8425
2026-06-04 05:28:07 [INFO]: Epoch 018 - training loss (MAE): 0.8154, validation MSE: 0.8370
2026-06-04 05:28:08 [INFO]: Epoch 019 - training loss (MAE): 0.7939, validation MSE: 0.8367
2026-06-04 05:28:10 [INFO]: Epoch 020 - training loss (MAE): 0.7768, validation MSE: 0.8351
2026-06-04 05:28:12 [INFO]: Epoch 021 - training loss (MAE): 0.7633, validation MSE: 0.8350
2026-06-04 05:28:14 [INFO]: Epoch 022 - training loss (MAE): 0.7511, validation MSE: 0.8350
2026-06-04 05:28:16 [INFO]: Epoch 023 - training loss (MAE): 0.7411, validation MSE: 0.8399
2026-06-04 05:28:18 [INFO]: Epoch 024 - training loss (MAE): 0.7318, validation MSE: 0.8423
2026-06-04 05:28:19 [INFO]: Epoch 025 - training loss (MAE): 0.7236, validation MSE: 0.8425
2026-06-04 05:28:21 [INFO]: Epoch 026 - training loss (MAE): 0.7161, validation MSE: 0.8427
2026-06-04 05:28:23 [INFO]: Epoch 027 - training loss (MAE): 0.7105, validation MSE: 0.8435
2026-06-04 05:28:25 [INFO]: Epoch 028 - training loss (MAE): 0.7049, validation MSE: 0.8439
2026-06-04 05:28:27 [INFO]: Epoch 029 - training loss (MAE): 0.6989, validation MSE: 0.8486
2026-06-04 05:28:29 [INFO]: Epoch 030 - training loss (MAE): 0.6960, validation MSE: 0.8473
2026-06-04 05:28:31 [INFO]: Epoch 031 - training loss (MAE): 0.6917, validation MSE: 0.8486
2026-06-04 05:28:32 [INFO]: Epoch 032 - training loss (MAE): 0.6879, validation MSE: 0.8481
2026-06-04 05:28:34 [INFO]: Epoch 033 - training loss (MAE): 0.6854, validation MSE: 0.8506
2026-06-04 05:28:36 [INFO]: Epoch 034 - training loss (MAE): 0.6827, validation MSE: 0.8474
2026-06-04 05:28:36 [INFO]: Exceeded the training patience. Terminating the training procedure...
2026-06-04 05:28:36 [INFO]: Finished training. The best model is from epoch#22.
2026-06-04 05:28:36 [INFO]: Saved the model to output/imputation/cuda/paper_campaign/tefn/opsd_germany/mr0.3/seed42/TEFN.pypots
[34m
████████╗██╗███╗   ███╗███████╗    ███████╗███████╗██████╗ ██╗███████╗███████╗    █████╗ ██╗
╚══██╔══╝██║████╗ ████║██╔════╝    ██╔════╝██╔════╝██╔══██╗██║██╔════╝██╔════╝   ██╔══██╗██║
   ██║   ██║██╔████╔██║█████╗█████╗███████╗█████╗  ██████╔╝██║█████╗  ███████╗   ███████║██║
   ██║   ██║██║╚██╔╝██║██╔══╝╚════╝╚════██║██╔══╝  ██╔══██╗██║██╔══╝  ╚════██║   ██╔══██║██║
   ██║   ██║██║ ╚═╝ ██║███████╗    ███████║███████╗██║  ██║██║███████╗███████║██╗██║  ██║██║
   ╚═╝   ╚═╝╚═╝     ╚═╝╚══════╝    ╚══════╝╚══════╝╚═╝  ╚═╝╚═╝╚══════╝╚══════╝╚═╝╚═╝  ╚═╝╚═╝
ai4ts v0.0.3 - building AI for unified time-series analysis, https://time-series.ai [0m

Use Train GPT: False
Use Lora: False
Use Profiling: False
🚀 Running imputation pipeline for model: tefn
✅ Dataset 'opsd_germany' with missing rate 0.3 loaded at: /home/Aboya_25R9803/projects/lab/SUN/iPyPOTS/datasets/rate_0.3
🚀 Starting TEFN training pipeline...
[TEFN] Testing —— MAE: 0.6743| MSE: 0.9114| RMSE: 0.9547| MRE: 0.7423| 
📊 Metrics saved to: output/imputation/cuda/paper_campaign/tefn/opsd_germany/mr0.3/seed42/metrics/tefn_metrics.json
