[34m
████████╗██╗███╗   ███╗███████╗    ███████╗███████╗██████╗ ██╗███████╗███████╗    █████╗ ██╗
╚══██╔══╝██║████╗ ████║██╔════╝    ██╔════╝██╔════╝██╔══██╗██║██╔════╝██╔════╝   ██╔══██╗██║
   ██║   ██║██╔████╔██║█████╗█████╗███████╗█████╗  ██████╔╝██║█████╗  ███████╗   ███████║██║
   ██║   ██║██║╚██╔╝██║██╔══╝╚════╝╚════██║██╔══╝  ██╔══██╗██║██╔══╝  ╚════██║   ██╔══██║██║
   ██║   ██║██║ ╚═╝ ██║███████╗    ███████║███████╗██║  ██║██║███████╗███████║██╗██║  ██║██║
   ╚═╝   ╚═╝╚═╝     ╚═╝╚══════╝    ╚══════╝╚══════╝╚═╝  ╚═╝╚═╝╚══════╝╚══════╝╚═╝╚═╝  ╚═╝╚═╝
ai4ts v0.0.3 - building AI for unified time-series analysis, https://time-series.ai [0m

Use Train GPT: False
Use Lora: False
Use Profiling: False
2026-06-04 13:15:31 [INFO]: Have set the random seed as 456 for numpy and pytorch.
🚀 Running imputation pipeline for model: saits
2026-06-04 13:15:31 [INFO]: You're using dataset electricity_transformer_temperature, please cite it properly in your work. You can find its reference information at the below link: 
https://github.com/WenjieDu/TSDB/tree/main/dataset_profiles/electricity_transformer_temperature
2026-06-04 13:15:31 [INFO]: Dataset electricity_transformer_temperature has already been downloaded. Processing directly...
2026-06-04 13:15:31 [INFO]: Dataset electricity_transformer_temperature has already been cached. Loading from cache directly...
2026-06-04 13:15:31 [INFO]: Loaded successfully!
2026-06-04 13:15:31 [INFO]: months selected as train set are <PeriodArray>
['2016-07', '2016-08', '2016-09', '2016-10', '2016-11', '2016-12', '2017-01',
 '2017-02', '2017-03', '2017-04', '2017-05', '2017-06', '2017-07', '2017-08']
Length: 14, dtype: period[M]
2026-06-04 13:15:31 [INFO]: months selected as val set are <PeriodArray>
['2017-09', '2017-10', '2017-11', '2017-12', '2018-01']
Length: 5, dtype: period[M]
2026-06-04 13:15:31 [INFO]: months selected as test set are <PeriodArray>
['2018-02', '2018-03', '2018-04', '2018-05', '2018-06']
Length: 5, dtype: period[M]
2026-06-04 13:15:31 [INFO]: Total sample number: 180
2026-06-04 13:15:31 [INFO]: Training set size: 106 (58.89%)
2026-06-04 13:15:31 [INFO]: Validation set size: 38 (21.11%)
2026-06-04 13:15:31 [INFO]: Test set size: 36 (20.00%)
2026-06-04 13:15:31 [INFO]: Number of steps: 96
2026-06-04 13:15:31 [INFO]: Number of features: 7
2026-06-04 13:15:31 [INFO]: Train set missing rate: 30.04%
2026-06-04 13:15:31 [INFO]: Validating set missing rate: 30.22%
2026-06-04 13:15:31 [INFO]: Test set missing rate: 30.07%
✅ Dataset 'etth1' with missing rate 0.3 loaded at: /home/Aboya_25R9803/projects/lab/SUN/iPyPOTS/datasets/rate_0.3
🚀 Starting SAITS training pipeline...
2026-06-04 13:15:31 [INFO]: 🔥🔥🔥🔥🔥🔥🔥🔥🔥🔥Using device list: ['cuda:0']
2026-06-04 13:15:31 [INFO]: 🔥🔥🔥🔥🔥🔥🔥🔥🔥🔥Using the given device: cuda:0
2026-06-04 13:15:31 [INFO]: Model files will be saved to output/imputation/cuda/paper_campaign/saits/etth1/mr0.3/seed456
2026-06-04 13:15:31 [INFO]: Tensorboard file will be saved to output/imputation/cuda/paper_campaign/saits/etth1/mr0.3/seed456/tensorboard
2026-06-04 13:15:31 [INFO]: Using customized MAE as the training loss function.
2026-06-04 13:15:31 [INFO]: Using customized MSE as the validation metric function.
2026-06-04 13:15:32 [INFO]: SAITS initialized with the given hyperparameters.
 ├─ Total parameters: 136,478
 ├─ Trainable parameters: 136,478
 └─ Trainable ratio: 100.00%
2026-06-04 13:15:32 [INFO]: Model placed on cuda:0
2026-06-04 13:15:32 [INFO]: Epoch 001 - training loss (MAE): 1.7078, validation MSE: 0.9944
2026-06-04 13:15:32 [INFO]: Epoch 002 - training loss (MAE): 1.5989, validation MSE: 0.9296
2026-06-04 13:15:32 [INFO]: Epoch 003 - training loss (MAE): 1.5309, validation MSE: 0.9081
2026-06-04 13:15:32 [INFO]: Epoch 004 - training loss (MAE): 1.4864, validation MSE: 0.9088
2026-06-04 13:15:32 [INFO]: Epoch 005 - training loss (MAE): 1.4516, validation MSE: 0.9152
2026-06-04 13:15:32 [INFO]: Epoch 006 - training loss (MAE): 1.4244, validation MSE: 0.9136
2026-06-04 13:15:32 [INFO]: Epoch 007 - training loss (MAE): 1.3977, validation MSE: 0.9042
2026-06-04 13:15:32 [INFO]: Epoch 008 - training loss (MAE): 1.3604, validation MSE: 0.8903
2026-06-04 13:15:32 [INFO]: Epoch 009 - training loss (MAE): 1.3210, validation MSE: 0.8723
2026-06-04 13:15:32 [INFO]: Epoch 010 - training loss (MAE): 1.2874, validation MSE: 0.8516
2026-06-04 13:15:33 [INFO]: Epoch 011 - training loss (MAE): 1.2603, validation MSE: 0.8286
2026-06-04 13:15:33 [INFO]: Epoch 012 - training loss (MAE): 1.2275, validation MSE: 0.8063
2026-06-04 13:15:33 [INFO]: Epoch 013 - training loss (MAE): 1.1930, validation MSE: 0.7868
2026-06-04 13:15:33 [INFO]: Epoch 014 - training loss (MAE): 1.1736, validation MSE: 0.7686
2026-06-04 13:15:33 [INFO]: Epoch 015 - training loss (MAE): 1.1582, validation MSE: 0.7595
2026-06-04 13:15:33 [INFO]: Epoch 016 - training loss (MAE): 1.1305, validation MSE: 0.7557
2026-06-04 13:15:33 [INFO]: Epoch 017 - training loss (MAE): 1.1196, validation MSE: 0.7501
2026-06-04 13:15:33 [INFO]: Epoch 018 - training loss (MAE): 1.1098, validation MSE: 0.7383
2026-06-04 13:15:33 [INFO]: Epoch 019 - training loss (MAE): 1.1013, validation MSE: 0.7213
2026-06-04 13:15:33 [INFO]: Epoch 020 - training loss (MAE): 1.0861, validation MSE: 0.7016
2026-06-04 13:15:33 [INFO]: Epoch 021 - training loss (MAE): 1.0853, validation MSE: 0.6800
2026-06-04 13:15:33 [INFO]: Epoch 022 - training loss (MAE): 1.0576, validation MSE: 0.6624
2026-06-04 13:15:33 [INFO]: Epoch 023 - training loss (MAE): 1.0417, validation MSE: 0.6456
2026-06-04 13:15:33 [INFO]: Epoch 024 - training loss (MAE): 1.0331, validation MSE: 0.6299
2026-06-04 13:15:33 [INFO]: Epoch 025 - training loss (MAE): 1.0133, validation MSE: 0.6119
2026-06-04 13:15:33 [INFO]: Epoch 026 - training loss (MAE): 1.0040, validation MSE: 0.5921
2026-06-04 13:15:33 [INFO]: Epoch 027 - training loss (MAE): 1.0026, validation MSE: 0.5710
2026-06-04 13:15:33 [INFO]: Epoch 028 - training loss (MAE): 0.9799, validation MSE: 0.5495
2026-06-04 13:15:33 [INFO]: Epoch 029 - training loss (MAE): 0.9673, validation MSE: 0.5285
2026-06-04 13:15:33 [INFO]: Epoch 030 - training loss (MAE): 0.9528, validation MSE: 0.5086
2026-06-04 13:15:33 [INFO]: Epoch 031 - training loss (MAE): 0.9506, validation MSE: 0.4926
2026-06-04 13:15:33 [INFO]: Epoch 032 - training loss (MAE): 0.9408, validation MSE: 0.4782
2026-06-04 13:15:33 [INFO]: Epoch 033 - training loss (MAE): 0.9299, validation MSE: 0.4665
2026-06-04 13:15:33 [INFO]: Epoch 034 - training loss (MAE): 0.9164, validation MSE: 0.4539
2026-06-04 13:15:33 [INFO]: Epoch 035 - training loss (MAE): 0.9155, validation MSE: 0.4423
2026-06-04 13:15:34 [INFO]: Epoch 036 - training loss (MAE): 0.9040, validation MSE: 0.4311
2026-06-04 13:15:34 [INFO]: Epoch 037 - training loss (MAE): 0.9020, validation MSE: 0.4188
2026-06-04 13:15:34 [INFO]: Epoch 038 - training loss (MAE): 0.8968, validation MSE: 0.4123
2026-06-04 13:15:34 [INFO]: Epoch 039 - training loss (MAE): 0.8861, validation MSE: 0.4062
2026-06-04 13:15:34 [INFO]: Epoch 040 - training loss (MAE): 0.8783, validation MSE: 0.3965
2026-06-04 13:15:34 [INFO]: Epoch 041 - training loss (MAE): 0.8725, validation MSE: 0.3919
2026-06-04 13:15:34 [INFO]: Epoch 042 - training loss (MAE): 0.8638, validation MSE: 0.3868
2026-06-04 13:15:34 [INFO]: Epoch 043 - training loss (MAE): 0.8651, validation MSE: 0.3763
2026-06-04 13:15:34 [INFO]: Epoch 044 - training loss (MAE): 0.8529, validation MSE: 0.3668
2026-06-04 13:15:34 [INFO]: Epoch 045 - training loss (MAE): 0.8567, validation MSE: 0.3625
2026-06-04 13:15:34 [INFO]: Epoch 046 - training loss (MAE): 0.8447, validation MSE: 0.3613
2026-06-04 13:15:34 [INFO]: Epoch 047 - training loss (MAE): 0.8391, validation MSE: 0.3534
2026-06-04 13:15:34 [INFO]: Epoch 048 - training loss (MAE): 0.8349, validation MSE: 0.3407
2026-06-04 13:15:34 [INFO]: Epoch 049 - training loss (MAE): 0.8253, validation MSE: 0.3374
2026-06-04 13:15:34 [INFO]: Epoch 050 - training loss (MAE): 0.8303, validation MSE: 0.3377
2026-06-04 13:15:34 [INFO]: Epoch 051 - training loss (MAE): 0.8194, validation MSE: 0.3381
2026-06-04 13:15:34 [INFO]: Epoch 052 - training loss (MAE): 0.8155, validation MSE: 0.3341
2026-06-04 13:15:34 [INFO]: Epoch 053 - training loss (MAE): 0.8133, validation MSE: 0.3257
2026-06-04 13:15:35 [INFO]: Epoch 054 - training loss (MAE): 0.8132, validation MSE: 0.3209
2026-06-04 13:15:35 [INFO]: Epoch 055 - training loss (MAE): 0.8088, validation MSE: 0.3177
2026-06-04 13:15:35 [INFO]: Epoch 056 - training loss (MAE): 0.8000, validation MSE: 0.3143
2026-06-04 13:15:35 [INFO]: Epoch 057 - training loss (MAE): 0.8010, validation MSE: 0.3124
2026-06-04 13:15:35 [INFO]: Epoch 058 - training loss (MAE): 0.7932, validation MSE: 0.3107
2026-06-04 13:15:35 [INFO]: Epoch 059 - training loss (MAE): 0.7925, validation MSE: 0.3100
2026-06-04 13:15:35 [INFO]: Epoch 060 - training loss (MAE): 0.7885, validation MSE: 0.3068
2026-06-04 13:15:35 [INFO]: Finished training. The best model is from epoch#60.
2026-06-04 13:15:35 [INFO]: Saved the model to output/imputation/cuda/paper_campaign/saits/etth1/mr0.3/seed456/SAITS.pypots
[SAITS] Testing —— MAE: 0.4477| MSE: 0.4524| RMSE: 0.6726| MRE: 0.5284| 
📊 Metrics saved to: output/imputation/cuda/paper_campaign/saits/etth1/mr0.3/seed456/metrics/saits_metrics.json
