2026-06-04 05:43:32 [INFO]: Have set the random seed as 456 for numpy and pytorch.
2026-06-04 05:43:32 [INFO]: You're using dataset electricity_load_diagrams, please cite it properly in your work. You can find its reference information at the below link: 
https://github.com/WenjieDu/TSDB/tree/main/dataset_profiles/electricity_load_diagrams
2026-06-04 05:43:32 [INFO]: Dataset electricity_load_diagrams has already been downloaded. Processing directly...
2026-06-04 05:43:32 [INFO]: Dataset electricity_load_diagrams has already been cached. Loading from cache directly...
2026-06-04 05:43:32 [INFO]: Loaded successfully!
2026-06-04 05:43:32 [INFO]: months selected as test set are <PeriodArray>
['2011-01', '2011-02', '2011-03', '2011-04', '2011-05', '2011-06', '2011-07',
 '2011-08', '2011-09', '2011-10']
Length: 10, dtype: period[M]
2026-06-04 05:43:32 [INFO]: months selected as val set are <PeriodArray>
['2011-11', '2011-12', '2012-01', '2012-02', '2012-03', '2012-04', '2012-05',
 '2012-06', '2012-07', '2012-08']
Length: 10, dtype: period[M]
2026-06-04 05:43:32 [INFO]: months selected as train set are <PeriodArray>
['2012-09', '2012-10', '2012-11', '2012-12', '2013-01', '2013-02', '2013-03',
 '2013-04', '2013-05', '2013-06', '2013-07', '2013-08', '2013-09', '2013-10',
 '2013-11', '2013-12', '2014-01', '2014-02', '2014-03', '2014-04', '2014-05',
 '2014-06', '2014-07', '2014-08', '2014-09', '2014-10', '2014-11', '2014-12',
 '2015-01']
Length: 29, dtype: period[M]
2026-06-04 05:43:34 [INFO]: Total sample number: 5843
2026-06-04 05:43:34 [INFO]: Training set size: 3408 (58.33%)
2026-06-04 05:43:34 [INFO]: Validation set size: 1220 (20.88%)
2026-06-04 05:43:34 [INFO]: Test set size: 1215 (20.79%)
2026-06-04 05:43:34 [INFO]: Number of steps: 24
2026-06-04 05:43:34 [INFO]: Number of features: 370
2026-06-04 05:43:34 [INFO]: Train set missing rate: 29.99%
2026-06-04 05:43:34 [INFO]: Validating set missing rate: 30.00%
2026-06-04 05:43:34 [INFO]: Test set missing rate: 30.00%
2026-06-04 05:43:34 [INFO]: 🔥🔥🔥🔥🔥🔥🔥🔥🔥🔥Using device list: ['cuda:0']
2026-06-04 05:43:34 [INFO]: 🔥🔥🔥🔥🔥🔥🔥🔥🔥🔥Using the given device: cuda:0
2026-06-04 05:43:34 [INFO]: Model files will be saved to output/imputation/cuda/paper_campaign/tslanet/eld/mr0.3/seed456
2026-06-04 05:43:34 [INFO]: Tensorboard file will be saved to output/imputation/cuda/paper_campaign/tslanet/eld/mr0.3/seed456/tensorboard
2026-06-04 05:43:35 [INFO]: Model placed on cuda:0
2026-06-04 05:43:35 [INFO]: TSLANet initialized with the given hyperparameters.
 ├─ Total parameters: 130,266
 ├─ Trainable parameters: 130,266
 └─ Trainable ratio: 100.00%
2026-06-04 05:43:41 [INFO]: Epoch 001 - training loss (default): 0.1712, validation loss: 0.6526
2026-06-04 05:43:47 [INFO]: Epoch 002 - training loss (default): 0.0823, validation loss: 0.4890
2026-06-04 05:43:53 [INFO]: Epoch 003 - training loss (default): 0.0558, validation loss: 0.4366
2026-06-04 05:43:59 [INFO]: Epoch 004 - training loss (default): 0.0432, validation loss: 0.3700
2026-06-04 05:44:05 [INFO]: Epoch 005 - training loss (default): 0.0362, validation loss: 0.3207
2026-06-04 05:44:11 [INFO]: Epoch 006 - training loss (default): 0.0314, validation loss: 0.2966
2026-06-04 05:44:17 [INFO]: Epoch 007 - training loss (default): 0.0279, validation loss: 0.2574
2026-06-04 05:44:23 [INFO]: Epoch 008 - training loss (default): 0.0251, validation loss: 0.2450
2026-06-04 05:44:29 [INFO]: Epoch 009 - training loss (default): 0.0227, validation loss: 0.1959
2026-06-04 05:44:35 [INFO]: Epoch 010 - training loss (default): 0.0205, validation loss: 0.1996
2026-06-04 05:44:42 [INFO]: Epoch 011 - training loss (default): 0.0187, validation loss: 0.1797
2026-06-04 05:44:48 [INFO]: Epoch 012 - training loss (default): 0.0170, validation loss: 0.1681
2026-06-04 05:44:54 [INFO]: Epoch 013 - training loss (default): 0.0155, validation loss: 0.1494
2026-06-04 05:44:59 [INFO]: Epoch 014 - training loss (default): 0.0142, validation loss: 0.1416
2026-06-04 05:45:04 [INFO]: Epoch 015 - training loss (default): 0.0130, validation loss: 0.1283
2026-06-04 05:45:09 [INFO]: Epoch 016 - training loss (default): 0.0119, validation loss: 0.1083
2026-06-04 05:45:14 [INFO]: Epoch 017 - training loss (default): 0.0110, validation loss: 0.1004
2026-06-04 05:45:20 [INFO]: Epoch 018 - training loss (default): 0.0100, validation loss: 0.0983
2026-06-04 05:45:25 [INFO]: Epoch 019 - training loss (default): 0.0092, validation loss: 0.0820
2026-06-04 05:45:29 [INFO]: Epoch 020 - training loss (default): 0.0084, validation loss: 0.0820
2026-06-04 05:45:34 [INFO]: Epoch 021 - training loss (default): 0.0077, validation loss: 0.0678
2026-06-04 05:45:40 [INFO]: Epoch 022 - training loss (default): 0.0071, validation loss: 0.0627
2026-06-04 05:45:44 [INFO]: Epoch 023 - training loss (default): 0.0065, validation loss: 0.0600
2026-06-04 05:45:47 [INFO]: Epoch 024 - training loss (default): 0.0060, validation loss: 0.0542
2026-06-04 05:45:53 [INFO]: Epoch 025 - training loss (default): 0.0055, validation loss: 0.0507
2026-06-04 05:45:59 [INFO]: Epoch 026 - training loss (default): 0.0051, validation loss: 0.0464
2026-06-04 05:46:04 [INFO]: Epoch 027 - training loss (default): 0.0046, validation loss: 0.0405
2026-06-04 05:46:10 [INFO]: Epoch 028 - training loss (default): 0.0043, validation loss: 0.0342
2026-06-04 05:46:16 [INFO]: Epoch 029 - training loss (default): 0.0039, validation loss: 0.0332
2026-06-04 05:46:21 [INFO]: Epoch 030 - training loss (default): 0.0036, validation loss: 0.0309
2026-06-04 05:46:26 [INFO]: Epoch 031 - training loss (default): 0.0033, validation loss: 0.0278
2026-06-04 05:46:31 [INFO]: Epoch 032 - training loss (default): 0.0031, validation loss: 0.0255
2026-06-04 05:46:36 [INFO]: Epoch 033 - training loss (default): 0.0028, validation loss: 0.0234
2026-06-04 05:46:41 [INFO]: Epoch 034 - training loss (default): 0.0026, validation loss: 0.0209
2026-06-04 05:46:47 [INFO]: Epoch 035 - training loss (default): 0.0024, validation loss: 0.0200
2026-06-04 05:46:52 [INFO]: Epoch 036 - training loss (default): 0.0022, validation loss: 0.0170
2026-06-04 05:46:56 [INFO]: Epoch 037 - training loss (default): 0.0020, validation loss: 0.0160
2026-06-04 05:47:00 [INFO]: Epoch 038 - training loss (default): 0.0019, validation loss: 0.0139
2026-06-04 05:47:05 [INFO]: Epoch 039 - training loss (default): 0.0017, validation loss: 0.0138
2026-06-04 05:47:10 [INFO]: Epoch 040 - training loss (default): 0.0016, validation loss: 0.0122
2026-06-04 05:47:16 [INFO]: Epoch 041 - training loss (default): 0.0015, validation loss: 0.0109
2026-06-04 05:47:22 [INFO]: Epoch 042 - training loss (default): 0.0013, validation loss: 0.0102
2026-06-04 05:47:28 [INFO]: Epoch 043 - training loss (default): 0.0012, validation loss: 0.0090
2026-06-04 05:47:34 [INFO]: Epoch 044 - training loss (default): 0.0011, validation loss: 0.0082
2026-06-04 05:47:40 [INFO]: Epoch 045 - training loss (default): 0.0011, validation loss: 0.0078
2026-06-04 05:47:46 [INFO]: Epoch 046 - training loss (default): 0.0010, validation loss: 0.0063
2026-06-04 05:47:52 [INFO]: Epoch 047 - training loss (default): 0.0009, validation loss: 0.0060
2026-06-04 05:47:58 [INFO]: Epoch 048 - training loss (default): 0.0008, validation loss: 0.0059
2026-06-04 05:48:03 [INFO]: Epoch 049 - training loss (default): 0.0008, validation loss: 0.0048
2026-06-04 05:48:09 [INFO]: Epoch 050 - training loss (default): 0.0007, validation loss: 0.0047
2026-06-04 05:48:15 [INFO]: Epoch 051 - training loss (default): 0.0006, validation loss: 0.0043
2026-06-04 05:48:21 [INFO]: Epoch 052 - training loss (default): 0.0006, validation loss: 0.0042
2026-06-04 05:48:27 [INFO]: Epoch 053 - training loss (default): 0.0005, validation loss: 0.0036
2026-06-04 05:48:33 [INFO]: Epoch 054 - training loss (default): 0.0005, validation loss: 0.0034
2026-06-04 05:48:38 [INFO]: Epoch 055 - training loss (default): 0.0005, validation loss: 0.0029
2026-06-04 05:48:43 [INFO]: Epoch 056 - training loss (default): 0.0004, validation loss: 0.0028
2026-06-04 05:48:48 [INFO]: Epoch 057 - training loss (default): 0.0004, validation loss: 0.0023
2026-06-04 05:48:53 [INFO]: Epoch 058 - training loss (default): 0.0004, validation loss: 0.0022
2026-06-04 05:48:59 [INFO]: Epoch 059 - training loss (default): 0.0003, validation loss: 0.0021
2026-06-04 05:49:03 [INFO]: Epoch 060 - training loss (default): 0.0003, validation loss: 0.0019
2026-06-04 05:49:03 [INFO]: Finished training. The best model is from epoch#60.
2026-06-04 05:49:03 [INFO]: Saved the model to output/imputation/cuda/paper_campaign/tslanet/eld/mr0.3/seed456/TSLANet.pypots
[34m
████████╗██╗███╗   ███╗███████╗    ███████╗███████╗██████╗ ██╗███████╗███████╗    █████╗ ██╗
╚══██╔══╝██║████╗ ████║██╔════╝    ██╔════╝██╔════╝██╔══██╗██║██╔════╝██╔════╝   ██╔══██╗██║
   ██║   ██║██╔████╔██║█████╗█████╗███████╗█████╗  ██████╔╝██║█████╗  ███████╗   ███████║██║
   ██║   ██║██║╚██╔╝██║██╔══╝╚════╝╚════██║██╔══╝  ██╔══██╗██║██╔══╝  ╚════██║   ██╔══██║██║
   ██║   ██║██║ ╚═╝ ██║███████╗    ███████║███████╗██║  ██║██║███████╗███████║██╗██║  ██║██║
   ╚═╝   ╚═╝╚═╝     ╚═╝╚══════╝    ╚══════╝╚══════╝╚═╝  ╚═╝╚═╝╚══════╝╚══════╝╚═╝╚═╝  ╚═╝╚═╝
ai4ts v0.0.3 - building AI for unified time-series analysis, https://time-series.ai [0m

Use Train GPT: False
Use Lora: False
Use Profiling: False
🚀 Running imputation pipeline for model: tslanet
✅ Dataset 'eld' with missing rate 0.3 loaded at: /home/Aboya_25R9803/projects/lab/SUN/iPyPOTS/datasets/rate_0.3
🚀 Starting TSLANet training pipeline...
[TSLANet] Testing —— MAE: 1.8720| MSE: 5.9140| RMSE: 2.4319| MRE: 1.0023| 
📊 Metrics saved to: output/imputation/cuda/paper_campaign/tslanet/eld/mr0.3/seed456/metrics/tslanet_metrics.json
