2026-06-04 04:54:24 [INFO]: Have set the random seed as 42 for numpy and pytorch.
2026-06-04 04:54:26 [INFO]: 🔥🔥🔥🔥🔥🔥🔥🔥🔥🔥Using device list: ['cuda:0']
2026-06-04 04:54:26 [INFO]: 🔥🔥🔥🔥🔥🔥🔥🔥🔥🔥Using the given device: cuda:0
2026-06-04 04:54:26 [INFO]: Model files will be saved to output/imputation/cuda/paper_campaign/saits/opsd_germany/mr0.3/seed42
2026-06-04 04:54:26 [INFO]: Tensorboard file will be saved to output/imputation/cuda/paper_campaign/saits/opsd_germany/mr0.3/seed42/tensorboard
2026-06-04 04:54:26 [INFO]: Using customized MAE as the training loss function.
2026-06-04 04:54:26 [INFO]: Using customized MSE as the validation metric function.
2026-06-04 04:54:26 [INFO]: SAITS initialized with the given hyperparameters.
 ├─ Total parameters: 138,752
 ├─ Trainable parameters: 138,752
 └─ Trainable ratio: 100.00%
2026-06-04 04:54:26 [INFO]: Model placed on cuda:0
2026-06-04 04:54:29 [INFO]: Epoch 001 - training loss (MAE): 1.2779, validation MSE: 0.5336
2026-06-04 04:54:32 [INFO]: Epoch 002 - training loss (MAE): 0.8294, validation MSE: 0.4184
2026-06-04 04:54:34 [INFO]: Epoch 003 - training loss (MAE): 0.6873, validation MSE: 0.3640
2026-06-04 04:54:37 [INFO]: Epoch 004 - training loss (MAE): 0.5841, validation MSE: 0.3106
2026-06-04 04:54:39 [INFO]: Epoch 005 - training loss (MAE): 0.5124, validation MSE: 0.2743
2026-06-04 04:54:42 [INFO]: Epoch 006 - training loss (MAE): 0.4705, validation MSE: 0.2367
2026-06-04 04:54:44 [INFO]: Epoch 007 - training loss (MAE): 0.4244, validation MSE: 0.1648
2026-06-04 04:54:47 [INFO]: Epoch 008 - training loss (MAE): 0.3679, validation MSE: 0.1012
2026-06-04 04:54:49 [INFO]: Epoch 009 - training loss (MAE): 0.3226, validation MSE: 0.0724
2026-06-04 04:54:52 [INFO]: Epoch 010 - training loss (MAE): 0.2953, validation MSE: 0.0569
2026-06-04 04:54:54 [INFO]: Epoch 011 - training loss (MAE): 0.2765, validation MSE: 0.0491
2026-06-04 04:54:56 [INFO]: Epoch 012 - training loss (MAE): 0.2616, validation MSE: 0.0428
2026-06-04 04:54:59 [INFO]: Epoch 013 - training loss (MAE): 0.2511, validation MSE: 0.0394
2026-06-04 04:55:01 [INFO]: Epoch 014 - training loss (MAE): 0.2424, validation MSE: 0.0356
2026-06-04 04:55:04 [INFO]: Epoch 015 - training loss (MAE): 0.2334, validation MSE: 0.0332
2026-06-04 04:55:06 [INFO]: Epoch 016 - training loss (MAE): 0.2290, validation MSE: 0.0310
2026-06-04 04:55:09 [INFO]: Epoch 017 - training loss (MAE): 0.2222, validation MSE: 0.0287
2026-06-04 04:55:11 [INFO]: Epoch 018 - training loss (MAE): 0.2166, validation MSE: 0.0270
2026-06-04 04:55:14 [INFO]: Epoch 019 - training loss (MAE): 0.2140, validation MSE: 0.0262
2026-06-04 04:55:16 [INFO]: Epoch 020 - training loss (MAE): 0.2093, validation MSE: 0.0240
2026-06-04 04:55:19 [INFO]: Epoch 021 - training loss (MAE): 0.2054, validation MSE: 0.0231
2026-06-04 04:55:21 [INFO]: Epoch 022 - training loss (MAE): 0.2029, validation MSE: 0.0231
2026-06-04 04:55:24 [INFO]: Epoch 023 - training loss (MAE): 0.2000, validation MSE: 0.0223
2026-06-04 04:55:26 [INFO]: Epoch 024 - training loss (MAE): 0.1975, validation MSE: 0.0208
2026-06-04 04:55:29 [INFO]: Epoch 025 - training loss (MAE): 0.1959, validation MSE: 0.0204
2026-06-04 04:55:31 [INFO]: Epoch 026 - training loss (MAE): 0.1924, validation MSE: 0.0200
2026-06-04 04:55:34 [INFO]: Epoch 027 - training loss (MAE): 0.1904, validation MSE: 0.0200
2026-06-04 04:55:36 [INFO]: Epoch 028 - training loss (MAE): 0.1896, validation MSE: 0.0198
2026-06-04 04:55:38 [INFO]: Epoch 029 - training loss (MAE): 0.1861, validation MSE: 0.0194
2026-06-04 04:55:41 [INFO]: Epoch 030 - training loss (MAE): 0.1838, validation MSE: 0.0190
2026-06-04 04:55:43 [INFO]: Epoch 031 - training loss (MAE): 0.1820, validation MSE: 0.0184
2026-06-04 04:55:46 [INFO]: Epoch 032 - training loss (MAE): 0.1805, validation MSE: 0.0183
2026-06-04 04:55:48 [INFO]: Epoch 033 - training loss (MAE): 0.1787, validation MSE: 0.0182
2026-06-04 04:55:51 [INFO]: Epoch 034 - training loss (MAE): 0.1768, validation MSE: 0.0177
2026-06-04 04:55:53 [INFO]: Epoch 035 - training loss (MAE): 0.1751, validation MSE: 0.0179
2026-06-04 04:55:55 [INFO]: Epoch 036 - training loss (MAE): 0.1753, validation MSE: 0.0176
2026-06-04 04:55:58 [INFO]: Epoch 037 - training loss (MAE): 0.1729, validation MSE: 0.0168
2026-06-04 04:56:00 [INFO]: Epoch 038 - training loss (MAE): 0.1705, validation MSE: 0.0165
2026-06-04 04:56:03 [INFO]: Epoch 039 - training loss (MAE): 0.1693, validation MSE: 0.0164
2026-06-04 04:56:05 [INFO]: Epoch 040 - training loss (MAE): 0.1686, validation MSE: 0.0161
2026-06-04 04:56:08 [INFO]: Epoch 041 - training loss (MAE): 0.1667, validation MSE: 0.0166
2026-06-04 04:56:10 [INFO]: Epoch 042 - training loss (MAE): 0.1661, validation MSE: 0.0161
2026-06-04 04:56:13 [INFO]: Epoch 043 - training loss (MAE): 0.1659, validation MSE: 0.0158
2026-06-04 04:56:15 [INFO]: Epoch 044 - training loss (MAE): 0.1635, validation MSE: 0.0155
2026-06-04 04:56:18 [INFO]: Epoch 045 - training loss (MAE): 0.1620, validation MSE: 0.0151
2026-06-04 04:56:20 [INFO]: Epoch 046 - training loss (MAE): 0.1612, validation MSE: 0.0152
2026-06-04 04:56:23 [INFO]: Epoch 047 - training loss (MAE): 0.1604, validation MSE: 0.0152
2026-06-04 04:56:25 [INFO]: Epoch 048 - training loss (MAE): 0.1592, validation MSE: 0.0146
2026-06-04 04:56:28 [INFO]: Epoch 049 - training loss (MAE): 0.1585, validation MSE: 0.0145
2026-06-04 04:56:30 [INFO]: Epoch 050 - training loss (MAE): 0.1578, validation MSE: 0.0147
2026-06-04 04:56:32 [INFO]: Epoch 051 - training loss (MAE): 0.1570, validation MSE: 0.0148
2026-06-04 04:56:35 [INFO]: Epoch 052 - training loss (MAE): 0.1559, validation MSE: 0.0143
2026-06-04 04:56:37 [INFO]: Epoch 053 - training loss (MAE): 0.1558, validation MSE: 0.0143
2026-06-04 04:56:40 [INFO]: Epoch 054 - training loss (MAE): 0.1542, validation MSE: 0.0139
2026-06-04 04:56:42 [INFO]: Epoch 055 - training loss (MAE): 0.1534, validation MSE: 0.0143
2026-06-04 04:56:45 [INFO]: Epoch 056 - training loss (MAE): 0.1530, validation MSE: 0.0136
2026-06-04 04:56:47 [INFO]: Epoch 057 - training loss (MAE): 0.1525, validation MSE: 0.0138
2026-06-04 04:56:50 [INFO]: Epoch 058 - training loss (MAE): 0.1521, validation MSE: 0.0139
2026-06-04 04:56:52 [INFO]: Epoch 059 - training loss (MAE): 0.1523, validation MSE: 0.0135
2026-06-04 04:56:55 [INFO]: Epoch 060 - training loss (MAE): 0.1511, validation MSE: 0.0136
2026-06-04 04:56:55 [INFO]: Finished training. The best model is from epoch#59.
2026-06-04 04:56:55 [INFO]: Saved the model to output/imputation/cuda/paper_campaign/saits/opsd_germany/mr0.3/seed42/SAITS.pypots
[34m
████████╗██╗███╗   ███╗███████╗    ███████╗███████╗██████╗ ██╗███████╗███████╗    █████╗ ██╗
╚══██╔══╝██║████╗ ████║██╔════╝    ██╔════╝██╔════╝██╔══██╗██║██╔════╝██╔════╝   ██╔══██╗██║
   ██║   ██║██╔████╔██║█████╗█████╗███████╗█████╗  ██████╔╝██║█████╗  ███████╗   ███████║██║
   ██║   ██║██║╚██╔╝██║██╔══╝╚════╝╚════██║██╔══╝  ██╔══██╗██║██╔══╝  ╚════██║   ██╔══██║██║
   ██║   ██║██║ ╚═╝ ██║███████╗    ███████║███████╗██║  ██║██║███████╗███████║██╗██║  ██║██║
   ╚═╝   ╚═╝╚═╝     ╚═╝╚══════╝    ╚══════╝╚══════╝╚═╝  ╚═╝╚═╝╚══════╝╚══════╝╚═╝╚═╝  ╚═╝╚═╝
ai4ts v0.0.3 - building AI for unified time-series analysis, https://time-series.ai [0m

Use Train GPT: False
Use Lora: False
Use Profiling: False
🚀 Running imputation pipeline for model: saits
✅ Dataset 'opsd_germany' with missing rate 0.3 loaded at: /home/Aboya_25R9803/projects/lab/SUN/iPyPOTS/datasets/rate_0.3
🚀 Starting SAITS training pipeline...
[SAITS] Testing —— MAE: 0.0831| MSE: 0.0175| RMSE: 0.1324| MRE: 0.0915| 
📊 Metrics saved to: output/imputation/cuda/paper_campaign/saits/opsd_germany/mr0.3/seed42/metrics/saits_metrics.json
