2026-06-04 08:52:43 [INFO]: Have set the random seed as 123 for numpy and pytorch.
2026-06-04 08:52:44 [INFO]: 🔥🔥🔥🔥🔥🔥🔥🔥🔥🔥Using device list: ['cuda:0']
2026-06-04 08:52:44 [INFO]: 🔥🔥🔥🔥🔥🔥🔥🔥🔥🔥Using the given device: cuda:0
2026-06-04 08:52:44 [INFO]: Model files will be saved to output/imputation/cuda/paper_campaign/saits/citylearn_zone5/mr0.1/seed123
2026-06-04 08:52:44 [INFO]: Tensorboard file will be saved to output/imputation/cuda/paper_campaign/saits/citylearn_zone5/mr0.1/seed123/tensorboard
2026-06-04 08:52:44 [INFO]: Using customized MAE as the training loss function.
2026-06-04 08:52:44 [INFO]: Using customized MSE as the validation metric function.
2026-06-04 08:52:44 [INFO]: SAITS initialized with the given hyperparameters.
 ├─ Total parameters: 144,912
 ├─ Trainable parameters: 144,912
 └─ Trainable ratio: 100.00%
2026-06-04 08:52:45 [INFO]: Model placed on cuda:0
2026-06-04 08:52:49 [INFO]: Epoch 001 - training loss (MAE): 1.3752, validation MSE: 0.5976
2026-06-04 08:52:53 [INFO]: Epoch 002 - training loss (MAE): 0.9549, validation MSE: 0.4580
2026-06-04 08:52:56 [INFO]: Epoch 003 - training loss (MAE): 0.7857, validation MSE: 0.3524
2026-06-04 08:53:00 [INFO]: Epoch 004 - training loss (MAE): 0.6866, validation MSE: 0.2875
2026-06-04 08:53:03 [INFO]: Epoch 005 - training loss (MAE): 0.6225, validation MSE: 0.2474
2026-06-04 08:53:06 [INFO]: Epoch 006 - training loss (MAE): 0.5775, validation MSE: 0.2139
2026-06-04 08:53:10 [INFO]: Epoch 007 - training loss (MAE): 0.5378, validation MSE: 0.1859
2026-06-04 08:53:14 [INFO]: Epoch 008 - training loss (MAE): 0.5020, validation MSE: 0.1635
2026-06-04 08:53:17 [INFO]: Epoch 009 - training loss (MAE): 0.4728, validation MSE: 0.1475
2026-06-04 08:53:21 [INFO]: Epoch 010 - training loss (MAE): 0.4499, validation MSE: 0.1326
2026-06-04 08:53:24 [INFO]: Epoch 011 - training loss (MAE): 0.4284, validation MSE: 0.1214
2026-06-04 08:53:27 [INFO]: Epoch 012 - training loss (MAE): 0.4117, validation MSE: 0.1112
2026-06-04 08:53:31 [INFO]: Epoch 013 - training loss (MAE): 0.3964, validation MSE: 0.1036
2026-06-04 08:53:34 [INFO]: Epoch 014 - training loss (MAE): 0.3829, validation MSE: 0.0960
2026-06-04 08:53:37 [INFO]: Epoch 015 - training loss (MAE): 0.3711, validation MSE: 0.0901
2026-06-04 08:53:40 [INFO]: Epoch 016 - training loss (MAE): 0.3605, validation MSE: 0.0845
2026-06-04 08:53:43 [INFO]: Epoch 017 - training loss (MAE): 0.3515, validation MSE: 0.0809
2026-06-04 08:53:46 [INFO]: Epoch 018 - training loss (MAE): 0.3427, validation MSE: 0.0772
2026-06-04 08:53:50 [INFO]: Epoch 019 - training loss (MAE): 0.3360, validation MSE: 0.0747
2026-06-04 08:53:53 [INFO]: Epoch 020 - training loss (MAE): 0.3285, validation MSE: 0.0709
2026-06-04 08:53:55 [INFO]: Epoch 021 - training loss (MAE): 0.3221, validation MSE: 0.0689
2026-06-04 08:53:58 [INFO]: Epoch 022 - training loss (MAE): 0.3168, validation MSE: 0.0668
2026-06-04 08:54:01 [INFO]: Epoch 023 - training loss (MAE): 0.3105, validation MSE: 0.0648
2026-06-04 08:54:04 [INFO]: Epoch 024 - training loss (MAE): 0.3059, validation MSE: 0.0625
2026-06-04 08:54:07 [INFO]: Epoch 025 - training loss (MAE): 0.3011, validation MSE: 0.0618
2026-06-04 08:54:10 [INFO]: Epoch 026 - training loss (MAE): 0.2971, validation MSE: 0.0608
2026-06-04 08:54:13 [INFO]: Epoch 027 - training loss (MAE): 0.2933, validation MSE: 0.0591
2026-06-04 08:54:17 [INFO]: Epoch 028 - training loss (MAE): 0.2905, validation MSE: 0.0578
2026-06-04 08:54:20 [INFO]: Epoch 029 - training loss (MAE): 0.2865, validation MSE: 0.0570
2026-06-04 08:54:23 [INFO]: Epoch 030 - training loss (MAE): 0.2834, validation MSE: 0.0565
2026-06-04 08:54:27 [INFO]: Epoch 031 - training loss (MAE): 0.2802, validation MSE: 0.0559
2026-06-04 08:54:30 [INFO]: Epoch 032 - training loss (MAE): 0.2778, validation MSE: 0.0554
2026-06-04 08:54:33 [INFO]: Epoch 033 - training loss (MAE): 0.2753, validation MSE: 0.0545
2026-06-04 08:54:36 [INFO]: Epoch 034 - training loss (MAE): 0.2729, validation MSE: 0.0536
2026-06-04 08:54:39 [INFO]: Epoch 035 - training loss (MAE): 0.2707, validation MSE: 0.0535
2026-06-04 08:54:42 [INFO]: Epoch 036 - training loss (MAE): 0.2681, validation MSE: 0.0522
2026-06-04 08:54:45 [INFO]: Epoch 037 - training loss (MAE): 0.2655, validation MSE: 0.0519
2026-06-04 08:54:47 [INFO]: Epoch 038 - training loss (MAE): 0.2636, validation MSE: 0.0511
2026-06-04 08:54:50 [INFO]: Epoch 039 - training loss (MAE): 0.2620, validation MSE: 0.0505
2026-06-04 08:54:53 [INFO]: Epoch 040 - training loss (MAE): 0.2593, validation MSE: 0.0510
2026-06-04 08:54:56 [INFO]: Epoch 041 - training loss (MAE): 0.2579, validation MSE: 0.0510
2026-06-04 08:54:59 [INFO]: Epoch 042 - training loss (MAE): 0.2555, validation MSE: 0.0496
2026-06-04 08:55:03 [INFO]: Epoch 043 - training loss (MAE): 0.2540, validation MSE: 0.0489
2026-06-04 08:55:06 [INFO]: Epoch 044 - training loss (MAE): 0.2517, validation MSE: 0.0491
2026-06-04 08:55:10 [INFO]: Epoch 045 - training loss (MAE): 0.2502, validation MSE: 0.0483
2026-06-04 08:55:13 [INFO]: Epoch 046 - training loss (MAE): 0.2485, validation MSE: 0.0476
2026-06-04 08:55:17 [INFO]: Epoch 047 - training loss (MAE): 0.2466, validation MSE: 0.0480
2026-06-04 08:55:20 [INFO]: Epoch 048 - training loss (MAE): 0.2457, validation MSE: 0.0477
2026-06-04 08:55:24 [INFO]: Epoch 049 - training loss (MAE): 0.2444, validation MSE: 0.0469
2026-06-04 08:55:27 [INFO]: Epoch 050 - training loss (MAE): 0.2415, validation MSE: 0.0466
2026-06-04 08:55:31 [INFO]: Epoch 051 - training loss (MAE): 0.2410, validation MSE: 0.0471
2026-06-04 08:55:34 [INFO]: Epoch 052 - training loss (MAE): 0.2408, validation MSE: 0.0459
2026-06-04 08:55:38 [INFO]: Epoch 053 - training loss (MAE): 0.2378, validation MSE: 0.0455
2026-06-04 08:55:41 [INFO]: Epoch 054 - training loss (MAE): 0.2359, validation MSE: 0.0452
2026-06-04 08:55:45 [INFO]: Epoch 055 - training loss (MAE): 0.2344, validation MSE: 0.0449
2026-06-04 08:55:48 [INFO]: Epoch 056 - training loss (MAE): 0.2340, validation MSE: 0.0446
2026-06-04 08:55:52 [INFO]: Epoch 057 - training loss (MAE): 0.2324, validation MSE: 0.0446
2026-06-04 08:55:56 [INFO]: Epoch 058 - training loss (MAE): 0.2308, validation MSE: 0.0444
2026-06-04 08:55:59 [INFO]: Epoch 059 - training loss (MAE): 0.2301, validation MSE: 0.0441
2026-06-04 08:56:02 [INFO]: Epoch 060 - training loss (MAE): 0.2286, validation MSE: 0.0431
2026-06-04 08:56:02 [INFO]: Finished training. The best model is from epoch#60.
2026-06-04 08:56:02 [INFO]: Saved the model to output/imputation/cuda/paper_campaign/saits/citylearn_zone5/mr0.1/seed123/SAITS.pypots
[34m
████████╗██╗███╗   ███╗███████╗    ███████╗███████╗██████╗ ██╗███████╗███████╗    █████╗ ██╗
╚══██╔══╝██║████╗ ████║██╔════╝    ██╔════╝██╔════╝██╔══██╗██║██╔════╝██╔════╝   ██╔══██╗██║
   ██║   ██║██╔████╔██║█████╗█████╗███████╗█████╗  ██████╔╝██║█████╗  ███████╗   ███████║██║
   ██║   ██║██║╚██╔╝██║██╔══╝╚════╝╚════██║██╔══╝  ██╔══██╗██║██╔══╝  ╚════██║   ██╔══██║██║
   ██║   ██║██║ ╚═╝ ██║███████╗    ███████║███████╗██║  ██║██║███████╗███████║██╗██║  ██║██║
   ╚═╝   ╚═╝╚═╝     ╚═╝╚══════╝    ╚══════╝╚══════╝╚═╝  ╚═╝╚═╝╚══════╝╚══════╝╚═╝╚═╝  ╚═╝╚═╝
ai4ts v0.0.3 - building AI for unified time-series analysis, https://time-series.ai [0m

Use Train GPT: False
Use Lora: False
Use Profiling: False
🚀 Running imputation pipeline for model: saits
✅ Dataset 'citylearn_zone5' with missing rate 0.1 loaded at: /home/Aboya_25R9803/projects/lab/SUN/iPyPOTS/datasets/rate_0.1
🚀 Starting SAITS training pipeline...
[SAITS] Testing —— MAE: 0.1006| MSE: 0.0342| RMSE: 0.1849| MRE: 0.1234| 
📊 Metrics saved to: output/imputation/cuda/paper_campaign/saits/citylearn_zone5/mr0.1/seed123/metrics/saits_metrics.json
