2026-06-04 04:57:18 [INFO]: Have set the random seed as 456 for numpy and pytorch.
2026-06-04 04:57:18 [INFO]: You're using dataset electricity_load_diagrams, please cite it properly in your work. You can find its reference information at the below link: 
https://github.com/WenjieDu/TSDB/tree/main/dataset_profiles/electricity_load_diagrams
2026-06-04 04:57:18 [INFO]: Dataset electricity_load_diagrams has already been downloaded. Processing directly...
2026-06-04 04:57:18 [INFO]: Dataset electricity_load_diagrams has already been cached. Loading from cache directly...
2026-06-04 04:57:19 [INFO]: Loaded successfully!
2026-06-04 04:57:19 [INFO]: months selected as test set are <PeriodArray>
['2011-01', '2011-02', '2011-03', '2011-04', '2011-05', '2011-06', '2011-07',
 '2011-08', '2011-09', '2011-10']
Length: 10, dtype: period[M]
2026-06-04 04:57:19 [INFO]: months selected as val set are <PeriodArray>
['2011-11', '2011-12', '2012-01', '2012-02', '2012-03', '2012-04', '2012-05',
 '2012-06', '2012-07', '2012-08']
Length: 10, dtype: period[M]
2026-06-04 04:57:19 [INFO]: months selected as train set are <PeriodArray>
['2012-09', '2012-10', '2012-11', '2012-12', '2013-01', '2013-02', '2013-03',
 '2013-04', '2013-05', '2013-06', '2013-07', '2013-08', '2013-09', '2013-10',
 '2013-11', '2013-12', '2014-01', '2014-02', '2014-03', '2014-04', '2014-05',
 '2014-06', '2014-07', '2014-08', '2014-09', '2014-10', '2014-11', '2014-12',
 '2015-01']
Length: 29, dtype: period[M]
2026-06-04 04:57:22 [INFO]: Total sample number: 5843
2026-06-04 04:57:22 [INFO]: Training set size: 3408 (58.33%)
2026-06-04 04:57:22 [INFO]: Validation set size: 1220 (20.88%)
2026-06-04 04:57:22 [INFO]: Test set size: 1215 (20.79%)
2026-06-04 04:57:22 [INFO]: Number of steps: 24
2026-06-04 04:57:22 [INFO]: Number of features: 370
2026-06-04 04:57:22 [INFO]: Train set missing rate: 49.99%
2026-06-04 04:57:22 [INFO]: Validating set missing rate: 50.02%
2026-06-04 04:57:22 [INFO]: Test set missing rate: 49.99%
2026-06-04 04:57:22 [INFO]: 🔥🔥🔥🔥🔥🔥🔥🔥🔥🔥Using device list: ['cuda:0']
2026-06-04 04:57:22 [INFO]: 🔥🔥🔥🔥🔥🔥🔥🔥🔥🔥Using the given device: cuda:0
2026-06-04 04:57:22 [INFO]: Model files will be saved to output/imputation/cuda/paper_campaign/saits/eld/mr0.5/seed456
2026-06-04 04:57:22 [INFO]: Tensorboard file will be saved to output/imputation/cuda/paper_campaign/saits/eld/mr0.5/seed456/tensorboard
2026-06-04 04:57:22 [INFO]: Using customized MAE as the training loss function.
2026-06-04 04:57:22 [INFO]: Using customized MSE as the validation metric function.
2026-06-04 04:57:22 [INFO]: SAITS initialized with the given hyperparameters.
 ├─ Total parameters: 559,232
 ├─ Trainable parameters: 559,232
 └─ Trainable ratio: 100.00%
2026-06-04 04:57:23 [INFO]: Model placed on cuda:0
2026-06-04 04:57:26 [INFO]: Epoch 001 - training loss (MAE): 1.3672, validation MSE: 3.4995
2026-06-04 04:57:27 [INFO]: Epoch 002 - training loss (MAE): 1.0067, validation MSE: 3.2865
2026-06-04 04:57:29 [INFO]: Epoch 003 - training loss (MAE): 0.8620, validation MSE: 3.1843
2026-06-04 04:57:31 [INFO]: Epoch 004 - training loss (MAE): 0.7859, validation MSE: 3.1377
2026-06-04 04:57:32 [INFO]: Epoch 005 - training loss (MAE): 0.7369, validation MSE: 3.1106
2026-06-04 04:57:33 [INFO]: Epoch 006 - training loss (MAE): 0.7033, validation MSE: 3.0744
2026-06-04 04:57:35 [INFO]: Epoch 007 - training loss (MAE): 0.6743, validation MSE: 3.0385
2026-06-04 04:57:36 [INFO]: Epoch 008 - training loss (MAE): 0.6535, validation MSE: 2.9921
2026-06-04 04:57:38 [INFO]: Epoch 009 - training loss (MAE): 0.6376, validation MSE: 2.9443
2026-06-04 04:57:41 [INFO]: Epoch 010 - training loss (MAE): 0.6267, validation MSE: 2.9028
2026-06-04 04:57:43 [INFO]: Epoch 011 - training loss (MAE): 0.6167, validation MSE: 2.8726
2026-06-04 04:57:46 [INFO]: Epoch 012 - training loss (MAE): 0.6072, validation MSE: 2.8535
2026-06-04 04:57:49 [INFO]: Epoch 013 - training loss (MAE): 0.5989, validation MSE: 2.8373
2026-06-04 04:57:50 [INFO]: Epoch 014 - training loss (MAE): 0.5924, validation MSE: 2.8333
2026-06-04 04:57:52 [INFO]: Epoch 015 - training loss (MAE): 0.5849, validation MSE: 2.8182
2026-06-04 04:57:53 [INFO]: Epoch 016 - training loss (MAE): 0.5808, validation MSE: 2.8251
2026-06-04 04:57:54 [INFO]: Epoch 017 - training loss (MAE): 0.5746, validation MSE: 2.8107
2026-06-04 04:57:56 [INFO]: Epoch 018 - training loss (MAE): 0.5716, validation MSE: 2.8082
2026-06-04 04:57:57 [INFO]: Epoch 019 - training loss (MAE): 0.5669, validation MSE: 2.8004
2026-06-04 04:57:58 [INFO]: Epoch 020 - training loss (MAE): 0.5630, validation MSE: 2.7961
2026-06-04 04:58:00 [INFO]: Epoch 021 - training loss (MAE): 0.5595, validation MSE: 2.7925
2026-06-04 04:58:01 [INFO]: Epoch 022 - training loss (MAE): 0.5547, validation MSE: 2.7869
2026-06-04 04:58:02 [INFO]: Epoch 023 - training loss (MAE): 0.5512, validation MSE: 2.7951
2026-06-04 04:58:04 [INFO]: Epoch 024 - training loss (MAE): 0.5486, validation MSE: 2.7823
2026-06-04 04:58:05 [INFO]: Epoch 025 - training loss (MAE): 0.5456, validation MSE: 2.7759
2026-06-04 04:58:06 [INFO]: Epoch 026 - training loss (MAE): 0.5415, validation MSE: 2.7787
2026-06-04 04:58:08 [INFO]: Epoch 027 - training loss (MAE): 0.5413, validation MSE: 2.7726
2026-06-04 04:58:09 [INFO]: Epoch 028 - training loss (MAE): 0.5393, validation MSE: 2.7882
2026-06-04 04:58:10 [INFO]: Epoch 029 - training loss (MAE): 0.5347, validation MSE: 2.7732
2026-06-04 04:58:12 [INFO]: Epoch 030 - training loss (MAE): 0.5325, validation MSE: 2.7729
2026-06-04 04:58:13 [INFO]: Epoch 031 - training loss (MAE): 0.5284, validation MSE: 2.7756
2026-06-04 04:58:14 [INFO]: Epoch 032 - training loss (MAE): 0.5275, validation MSE: 2.7710
2026-06-04 04:58:16 [INFO]: Epoch 033 - training loss (MAE): 0.5259, validation MSE: 2.7712
2026-06-04 04:58:17 [INFO]: Epoch 034 - training loss (MAE): 0.5237, validation MSE: 2.7729
2026-06-04 04:58:18 [INFO]: Epoch 035 - training loss (MAE): 0.5220, validation MSE: 2.7688
2026-06-04 04:58:20 [INFO]: Epoch 036 - training loss (MAE): 0.5197, validation MSE: 2.7665
2026-06-04 04:58:21 [INFO]: Epoch 037 - training loss (MAE): 0.5194, validation MSE: 2.7687
2026-06-04 04:58:22 [INFO]: Epoch 038 - training loss (MAE): 0.5196, validation MSE: 2.7788
2026-06-04 04:58:24 [INFO]: Epoch 039 - training loss (MAE): 0.5169, validation MSE: 2.7620
2026-06-04 04:58:25 [INFO]: Epoch 040 - training loss (MAE): 0.5142, validation MSE: 2.7638
2026-06-04 04:58:26 [INFO]: Epoch 041 - training loss (MAE): 0.5116, validation MSE: 2.7632
2026-06-04 04:58:28 [INFO]: Epoch 042 - training loss (MAE): 0.5100, validation MSE: 2.7714
2026-06-04 04:58:29 [INFO]: Epoch 043 - training loss (MAE): 0.5101, validation MSE: 2.7635
2026-06-04 04:58:30 [INFO]: Epoch 044 - training loss (MAE): 0.5095, validation MSE: 2.7680
2026-06-04 04:58:32 [INFO]: Epoch 045 - training loss (MAE): 0.5076, validation MSE: 2.7653
2026-06-04 04:58:33 [INFO]: Epoch 046 - training loss (MAE): 0.5061, validation MSE: 2.7660
2026-06-04 04:58:34 [INFO]: Epoch 047 - training loss (MAE): 0.5052, validation MSE: 2.7712
2026-06-04 04:58:36 [INFO]: Epoch 048 - training loss (MAE): 0.5022, validation MSE: 2.7656
2026-06-04 04:58:38 [INFO]: Epoch 049 - training loss (MAE): 0.5014, validation MSE: 2.7686
2026-06-04 04:58:39 [INFO]: Epoch 050 - training loss (MAE): 0.5016, validation MSE: 2.7692
2026-06-04 04:58:41 [INFO]: Epoch 051 - training loss (MAE): 0.4998, validation MSE: 2.7726
2026-06-04 04:58:41 [INFO]: Exceeded the training patience. Terminating the training procedure...
2026-06-04 04:58:41 [INFO]: Finished training. The best model is from epoch#39.
2026-06-04 04:58:41 [INFO]: Saved the model to output/imputation/cuda/paper_campaign/saits/eld/mr0.5/seed456/SAITS.pypots
[34m
████████╗██╗███╗   ███╗███████╗    ███████╗███████╗██████╗ ██╗███████╗███████╗    █████╗ ██╗
╚══██╔══╝██║████╗ ████║██╔════╝    ██╔════╝██╔════╝██╔══██╗██║██╔════╝██╔════╝   ██╔══██╗██║
   ██║   ██║██╔████╔██║█████╗█████╗███████╗█████╗  ██████╔╝██║█████╗  ███████╗   ███████║██║
   ██║   ██║██║╚██╔╝██║██╔══╝╚════╝╚════██║██╔══╝  ██╔══██╗██║██╔══╝  ╚════██║   ██╔══██║██║
   ██║   ██║██║ ╚═╝ ██║███████╗    ███████║███████╗██║  ██║██║███████╗███████║██╗██║  ██║██║
   ╚═╝   ╚═╝╚═╝     ╚═╝╚══════╝    ╚══════╝╚══════╝╚═╝  ╚═╝╚═╝╚══════╝╚══════╝╚═╝╚═╝  ╚═╝╚═╝
ai4ts v0.0.3 - building AI for unified time-series analysis, https://time-series.ai [0m

Use Train GPT: False
Use Lora: False
Use Profiling: False
🚀 Running imputation pipeline for model: saits
✅ Dataset 'eld' with missing rate 0.5 loaded at: /home/Aboya_25R9803/projects/lab/SUN/iPyPOTS/datasets/rate_0.5
🚀 Starting SAITS training pipeline...
[SAITS] Testing —— MAE: 1.2569| MSE: 3.5511| RMSE: 1.8844| MRE: 0.6732| 
📊 Metrics saved to: output/imputation/cuda/paper_campaign/saits/eld/mr0.5/seed456/metrics/saits_metrics.json
