2026-06-04 09:49:46 [INFO]: Have set the random seed as 123 for numpy and pytorch.
2026-06-04 09:49:47 [INFO]: 🔥🔥🔥🔥🔥🔥🔥🔥🔥🔥Using device list: ['cuda:0']
2026-06-04 09:49:47 [INFO]: 🔥🔥🔥🔥🔥🔥🔥🔥🔥🔥Using the given device: cuda:0
2026-06-04 09:49:48 [INFO]: Model files will be saved to output/imputation/cuda/paper_campaign/tslanet/citylearn_zone5/mr0.1/seed123
2026-06-04 09:49:48 [INFO]: Tensorboard file will be saved to output/imputation/cuda/paper_campaign/tslanet/citylearn_zone5/mr0.1/seed123/tensorboard
2026-06-04 09:49:48 [INFO]: Model placed on cuda:0
2026-06-04 09:49:48 [INFO]: TSLANet initialized with the given hyperparameters.
 ├─ Total parameters: 416,106
 ├─ Trainable parameters: 416,106
 └─ Trainable ratio: 100.00%
2026-06-04 09:49:51 [INFO]: Epoch 001 - training loss (default): 0.1153, validation loss: 0.0636
2026-06-04 09:49:54 [INFO]: Epoch 002 - training loss (default): 0.0362, validation loss: 0.0416
2026-06-04 09:49:57 [INFO]: Epoch 003 - training loss (default): 0.0224, validation loss: 0.0316
2026-06-04 09:49:59 [INFO]: Epoch 004 - training loss (default): 0.0163, validation loss: 0.0256
2026-06-04 09:50:02 [INFO]: Epoch 005 - training loss (default): 0.0127, validation loss: 0.0213
2026-06-04 09:50:04 [INFO]: Epoch 006 - training loss (default): 0.0104, validation loss: 0.0179
2026-06-04 09:50:07 [INFO]: Epoch 007 - training loss (default): 0.0086, validation loss: 0.0152
2026-06-04 09:50:09 [INFO]: Epoch 008 - training loss (default): 0.0075, validation loss: 0.0136
2026-06-04 09:50:12 [INFO]: Epoch 009 - training loss (default): 0.0064, validation loss: 0.0121
2026-06-04 09:50:15 [INFO]: Epoch 010 - training loss (default): 0.0057, validation loss: 0.0111
2026-06-04 09:50:17 [INFO]: Epoch 011 - training loss (default): 0.0051, validation loss: 0.0101
2026-06-04 09:50:20 [INFO]: Epoch 012 - training loss (default): 0.0046, validation loss: 0.0096
2026-06-04 09:50:22 [INFO]: Epoch 013 - training loss (default): 0.0042, validation loss: 0.0088
2026-06-04 09:50:25 [INFO]: Epoch 014 - training loss (default): 0.0038, validation loss: 0.0083
2026-06-04 09:50:27 [INFO]: Epoch 015 - training loss (default): 0.0035, validation loss: 0.0078
2026-06-04 09:50:30 [INFO]: Epoch 016 - training loss (default): 0.0033, validation loss: 0.0073
2026-06-04 09:50:33 [INFO]: Epoch 017 - training loss (default): 0.0030, validation loss: 0.0069
2026-06-04 09:50:35 [INFO]: Epoch 018 - training loss (default): 0.0028, validation loss: 0.0067
2026-06-04 09:50:38 [INFO]: Epoch 019 - training loss (default): 0.0026, validation loss: 0.0061
2026-06-04 09:50:40 [INFO]: Epoch 020 - training loss (default): 0.0025, validation loss: 0.0059
2026-06-04 09:50:43 [INFO]: Epoch 021 - training loss (default): 0.0023, validation loss: 0.0057
2026-06-04 09:50:45 [INFO]: Epoch 022 - training loss (default): 0.0021, validation loss: 0.0053
2026-06-04 09:50:47 [INFO]: Epoch 023 - training loss (default): 0.0020, validation loss: 0.0052
2026-06-04 09:50:49 [INFO]: Epoch 024 - training loss (default): 0.0019, validation loss: 0.0049
2026-06-04 09:50:52 [INFO]: Epoch 025 - training loss (default): 0.0018, validation loss: 0.0047
2026-06-04 09:50:54 [INFO]: Epoch 026 - training loss (default): 0.0017, validation loss: 0.0045
2026-06-04 09:50:56 [INFO]: Epoch 027 - training loss (default): 0.0016, validation loss: 0.0042
2026-06-04 09:50:58 [INFO]: Epoch 028 - training loss (default): 0.0015, validation loss: 0.0041
2026-06-04 09:51:00 [INFO]: Epoch 029 - training loss (default): 0.0014, validation loss: 0.0039
2026-06-04 09:51:02 [INFO]: Epoch 030 - training loss (default): 0.0014, validation loss: 0.0037
2026-06-04 09:51:04 [INFO]: Epoch 031 - training loss (default): 0.0013, validation loss: 0.0036
2026-06-04 09:51:07 [INFO]: Epoch 032 - training loss (default): 0.0012, validation loss: 0.0035
2026-06-04 09:51:09 [INFO]: Epoch 033 - training loss (default): 0.0012, validation loss: 0.0033
2026-06-04 09:51:11 [INFO]: Epoch 034 - training loss (default): 0.0011, validation loss: 0.0032
2026-06-04 09:51:13 [INFO]: Epoch 035 - training loss (default): 0.0011, validation loss: 0.0031
2026-06-04 09:51:16 [INFO]: Epoch 036 - training loss (default): 0.0010, validation loss: 0.0029
2026-06-04 09:51:18 [INFO]: Epoch 037 - training loss (default): 0.0009, validation loss: 0.0029
2026-06-04 09:51:20 [INFO]: Epoch 038 - training loss (default): 0.0009, validation loss: 0.0027
2026-06-04 09:51:22 [INFO]: Epoch 039 - training loss (default): 0.0009, validation loss: 0.0027
2026-06-04 09:51:25 [INFO]: Epoch 040 - training loss (default): 0.0008, validation loss: 0.0026
2026-06-04 09:51:27 [INFO]: Epoch 041 - training loss (default): 0.0008, validation loss: 0.0025
2026-06-04 09:51:29 [INFO]: Epoch 042 - training loss (default): 0.0007, validation loss: 0.0024
2026-06-04 09:51:32 [INFO]: Epoch 043 - training loss (default): 0.0007, validation loss: 0.0023
2026-06-04 09:51:34 [INFO]: Epoch 044 - training loss (default): 0.0007, validation loss: 0.0023
2026-06-04 09:51:36 [INFO]: Epoch 045 - training loss (default): 0.0007, validation loss: 0.0021
2026-06-04 09:51:39 [INFO]: Epoch 046 - training loss (default): 0.0006, validation loss: 0.0021
2026-06-04 09:51:41 [INFO]: Epoch 047 - training loss (default): 0.0006, validation loss: 0.0020
2026-06-04 09:51:43 [INFO]: Epoch 048 - training loss (default): 0.0006, validation loss: 0.0019
2026-06-04 09:51:46 [INFO]: Epoch 049 - training loss (default): 0.0006, validation loss: 0.0019
2026-06-04 09:51:48 [INFO]: Epoch 050 - training loss (default): 0.0005, validation loss: 0.0018
2026-06-04 09:51:50 [INFO]: Epoch 051 - training loss (default): 0.0005, validation loss: 0.0018
2026-06-04 09:51:53 [INFO]: Epoch 052 - training loss (default): 0.0005, validation loss: 0.0017
2026-06-04 09:51:55 [INFO]: Epoch 053 - training loss (default): 0.0005, validation loss: 0.0016
2026-06-04 09:51:58 [INFO]: Epoch 054 - training loss (default): 0.0005, validation loss: 0.0016
2026-06-04 09:52:00 [INFO]: Epoch 055 - training loss (default): 0.0004, validation loss: 0.0015
2026-06-04 09:52:02 [INFO]: Epoch 056 - training loss (default): 0.0004, validation loss: 0.0015
2026-06-04 09:52:05 [INFO]: Epoch 057 - training loss (default): 0.0004, validation loss: 0.0014
2026-06-04 09:52:07 [INFO]: Epoch 058 - training loss (default): 0.0004, validation loss: 0.0014
2026-06-04 09:52:09 [INFO]: Epoch 059 - training loss (default): 0.0004, validation loss: 0.0013
2026-06-04 09:52:12 [INFO]: Epoch 060 - training loss (default): 0.0004, validation loss: 0.0013
2026-06-04 09:52:12 [INFO]: Finished training. The best model is from epoch#60.
2026-06-04 09:52:12 [INFO]: Saved the model to output/imputation/cuda/paper_campaign/tslanet/citylearn_zone5/mr0.1/seed123/TSLANet.pypots
[34m
████████╗██╗███╗   ███╗███████╗    ███████╗███████╗██████╗ ██╗███████╗███████╗    █████╗ ██╗
╚══██╔══╝██║████╗ ████║██╔════╝    ██╔════╝██╔════╝██╔══██╗██║██╔════╝██╔════╝   ██╔══██╗██║
   ██║   ██║██╔████╔██║█████╗█████╗███████╗█████╗  ██████╔╝██║█████╗  ███████╗   ███████║██║
   ██║   ██║██║╚██╔╝██║██╔══╝╚════╝╚════██║██╔══╝  ██╔══██╗██║██╔══╝  ╚════██║   ██╔══██║██║
   ██║   ██║██║ ╚═╝ ██║███████╗    ███████║███████╗██║  ██║██║███████╗███████║██╗██║  ██║██║
   ╚═╝   ╚═╝╚═╝     ╚═╝╚══════╝    ╚══════╝╚══════╝╚═╝  ╚═╝╚═╝╚══════╝╚══════╝╚═╝╚═╝  ╚═╝╚═╝
ai4ts v0.0.3 - building AI for unified time-series analysis, https://time-series.ai [0m

Use Train GPT: False
Use Lora: False
Use Profiling: False
🚀 Running imputation pipeline for model: tslanet
✅ Dataset 'citylearn_zone5' with missing rate 0.1 loaded at: /home/Aboya_25R9803/projects/lab/SUN/iPyPOTS/datasets/rate_0.1
🚀 Starting TSLANet training pipeline...
[TSLANet] Testing —— MAE: 0.8219| MSE: 0.9428| RMSE: 0.9710| MRE: 1.0077| 
📊 Metrics saved to: output/imputation/cuda/paper_campaign/tslanet/citylearn_zone5/mr0.1/seed123/metrics/tslanet_metrics.json
