2026-06-04 06:05:12 [INFO]: Have set the random seed as 456 for numpy and pytorch.
2026-06-04 06:05:12 [INFO]: You're using dataset solar_alabama, please cite it properly in your work. You can find its reference information at the below link: 
https://github.com/WenjieDu/TSDB/tree/main/dataset_profiles/solar_alabama
2026-06-04 06:05:12 [INFO]: Dataset solar_alabama has already been downloaded. Processing directly...
2026-06-04 06:05:12 [INFO]: Dataset solar_alabama has already been cached. Loading from cache directly...
2026-06-04 06:05:12 [INFO]: Loaded successfully!
2026-06-04 06:05:12 [INFO]: months selected as train set are <PeriodArray>
['2006-01', '2006-02', '2006-03', '2006-04', '2006-05', '2006-06']
Length: 6, dtype: period[M]
2026-06-04 06:05:12 [INFO]: months selected as val set are <PeriodArray>
['2006-07', '2006-08', '2006-09']
Length: 3, dtype: period[M]
2026-06-04 06:05:12 [INFO]: months selected as test set are <PeriodArray>
['2006-10', '2006-11', '2006-12']
Length: 3, dtype: period[M]
2026-06-04 06:05:12 [INFO]: Total sample number: 2190
2026-06-04 06:05:12 [INFO]: Training set size: 1086 (49.59%)
2026-06-04 06:05:12 [INFO]: Validation set size: 552 (25.21%)
2026-06-04 06:05:12 [INFO]: Test set size: 552 (25.21%)
2026-06-04 06:05:12 [INFO]: Number of steps: 24
2026-06-04 06:05:12 [INFO]: Number of features: 137
2026-06-04 06:05:12 [INFO]: Train set missing rate: 29.96%
2026-06-04 06:05:12 [INFO]: Validating set missing rate: 30.02%
2026-06-04 06:05:12 [INFO]: Test set missing rate: 29.99%
2026-06-04 06:05:12 [INFO]: 🔥🔥🔥🔥🔥🔥🔥🔥🔥🔥Using device list: ['cuda:0']
2026-06-04 06:05:12 [INFO]: 🔥🔥🔥🔥🔥🔥🔥🔥🔥🔥Using the given device: cuda:0
2026-06-04 06:05:12 [INFO]: Model files will be saved to output/imputation/cuda/paper_campaign/saits/solar/mr0.3/seed456
2026-06-04 06:05:12 [INFO]: Tensorboard file will be saved to output/imputation/cuda/paper_campaign/saits/solar/mr0.3/seed456/tensorboard
2026-06-04 06:05:12 [INFO]: Using customized MAE as the training loss function.
2026-06-04 06:05:12 [INFO]: Using customized MSE as the validation metric function.
2026-06-04 06:05:12 [INFO]: SAITS initialized with the given hyperparameters.
 ├─ Total parameters: 226,974
 ├─ Trainable parameters: 226,974
 └─ Trainable ratio: 100.00%
2026-06-04 06:05:12 [INFO]: Model placed on cuda:0
2026-06-04 06:05:13 [INFO]: Epoch 001 - training loss (MAE): 1.5588, validation MSE: 0.6133
2026-06-04 06:05:14 [INFO]: Epoch 002 - training loss (MAE): 1.1100, validation MSE: 0.3665
2026-06-04 06:05:14 [INFO]: Epoch 003 - training loss (MAE): 0.8174, validation MSE: 0.2537
2026-06-04 06:05:14 [INFO]: Epoch 004 - training loss (MAE): 0.7218, validation MSE: 0.1957
2026-06-04 06:05:15 [INFO]: Epoch 005 - training loss (MAE): 0.5997, validation MSE: 0.1749
2026-06-04 06:05:15 [INFO]: Epoch 006 - training loss (MAE): 0.5242, validation MSE: 0.1275
2026-06-04 06:05:15 [INFO]: Epoch 007 - training loss (MAE): 0.4638, validation MSE: 0.1085
2026-06-04 06:05:16 [INFO]: Epoch 008 - training loss (MAE): 0.4195, validation MSE: 0.0914
2026-06-04 06:05:16 [INFO]: Epoch 009 - training loss (MAE): 0.3835, validation MSE: 0.0844
2026-06-04 06:05:16 [INFO]: Epoch 010 - training loss (MAE): 0.3715, validation MSE: 0.0833
2026-06-04 06:05:17 [INFO]: Epoch 011 - training loss (MAE): 0.3517, validation MSE: 0.0816
2026-06-04 06:05:17 [INFO]: Epoch 012 - training loss (MAE): 0.3511, validation MSE: 0.0793
2026-06-04 06:05:17 [INFO]: Epoch 013 - training loss (MAE): 0.3343, validation MSE: 0.0792
2026-06-04 06:05:17 [INFO]: Epoch 014 - training loss (MAE): 0.3401, validation MSE: 0.0784
2026-06-04 06:05:18 [INFO]: Epoch 015 - training loss (MAE): 0.3235, validation MSE: 0.0778
2026-06-04 06:05:18 [INFO]: Epoch 016 - training loss (MAE): 0.3226, validation MSE: 0.0792
2026-06-04 06:05:18 [INFO]: Epoch 017 - training loss (MAE): 0.3153, validation MSE: 0.0785
2026-06-04 06:05:19 [INFO]: Epoch 018 - training loss (MAE): 0.3128, validation MSE: 0.0774
2026-06-04 06:05:19 [INFO]: Epoch 019 - training loss (MAE): 0.3187, validation MSE: 0.0784
2026-06-04 06:05:19 [INFO]: Epoch 020 - training loss (MAE): 0.3100, validation MSE: 0.0776
2026-06-04 06:05:19 [INFO]: Epoch 021 - training loss (MAE): 0.2978, validation MSE: 0.0765
2026-06-04 06:05:20 [INFO]: Epoch 022 - training loss (MAE): 0.3034, validation MSE: 0.0774
2026-06-04 06:05:20 [INFO]: Epoch 023 - training loss (MAE): 0.2993, validation MSE: 0.0817
2026-06-04 06:05:20 [INFO]: Epoch 024 - training loss (MAE): 0.3093, validation MSE: 0.0782
2026-06-04 06:05:20 [INFO]: Epoch 025 - training loss (MAE): 0.3063, validation MSE: 0.0848
2026-06-04 06:05:21 [INFO]: Epoch 026 - training loss (MAE): 0.3090, validation MSE: 0.0767
2026-06-04 06:05:21 [INFO]: Epoch 027 - training loss (MAE): 0.2941, validation MSE: 0.0762
2026-06-04 06:05:21 [INFO]: Epoch 028 - training loss (MAE): 0.2848, validation MSE: 0.0789
2026-06-04 06:05:22 [INFO]: Epoch 029 - training loss (MAE): 0.2933, validation MSE: 0.0772
2026-06-04 06:05:22 [INFO]: Epoch 030 - training loss (MAE): 0.2982, validation MSE: 0.0798
2026-06-04 06:05:22 [INFO]: Epoch 031 - training loss (MAE): 0.2908, validation MSE: 0.0778
2026-06-04 06:05:22 [INFO]: Epoch 032 - training loss (MAE): 0.2853, validation MSE: 0.0807
2026-06-04 06:05:23 [INFO]: Epoch 033 - training loss (MAE): 0.2932, validation MSE: 0.0771
2026-06-04 06:05:23 [INFO]: Epoch 034 - training loss (MAE): 0.2906, validation MSE: 0.0768
2026-06-04 06:05:23 [INFO]: Epoch 035 - training loss (MAE): 0.2939, validation MSE: 0.0830
2026-06-04 06:05:23 [INFO]: Epoch 036 - training loss (MAE): 0.2966, validation MSE: 0.0882
2026-06-04 06:05:24 [INFO]: Epoch 037 - training loss (MAE): 0.2982, validation MSE: 0.0803
2026-06-04 06:05:24 [INFO]: Epoch 038 - training loss (MAE): 0.2866, validation MSE: 0.0781
2026-06-04 06:05:24 [INFO]: Epoch 039 - training loss (MAE): 0.2857, validation MSE: 0.0782
2026-06-04 06:05:24 [INFO]: Exceeded the training patience. Terminating the training procedure...
2026-06-04 06:05:24 [INFO]: Finished training. The best model is from epoch#27.
2026-06-04 06:05:24 [INFO]: Saved the model to output/imputation/cuda/paper_campaign/saits/solar/mr0.3/seed456/SAITS.pypots
[34m
████████╗██╗███╗   ███╗███████╗    ███████╗███████╗██████╗ ██╗███████╗███████╗    █████╗ ██╗
╚══██╔══╝██║████╗ ████║██╔════╝    ██╔════╝██╔════╝██╔══██╗██║██╔════╝██╔════╝   ██╔══██╗██║
   ██║   ██║██╔████╔██║█████╗█████╗███████╗█████╗  ██████╔╝██║█████╗  ███████╗   ███████║██║
   ██║   ██║██║╚██╔╝██║██╔══╝╚════╝╚════██║██╔══╝  ██╔══██╗██║██╔══╝  ╚════██║   ██╔══██║██║
   ██║   ██║██║ ╚═╝ ██║███████╗    ███████║███████╗██║  ██║██║███████╗███████║██╗██║  ██║██║
   ╚═╝   ╚═╝╚═╝     ╚═╝╚══════╝    ╚══════╝╚══════╝╚═╝  ╚═╝╚═╝╚══════╝╚══════╝╚═╝╚═╝  ╚═╝╚═╝
ai4ts v0.0.3 - building AI for unified time-series analysis, https://time-series.ai [0m

Use Train GPT: False
Use Lora: False
Use Profiling: False
🚀 Running imputation pipeline for model: saits
✅ Dataset 'solar' with missing rate 0.3 loaded at: /home/Aboya_25R9803/projects/lab/SUN/iPyPOTS/datasets/rate_0.3
🚀 Starting SAITS training pipeline...
[SAITS] Testing —— MAE: 0.1110| MSE: 0.0636| RMSE: 0.2521| MRE: 0.1432| 
📊 Metrics saved to: output/imputation/cuda/paper_campaign/saits/solar/mr0.3/seed456/metrics/saits_metrics.json
