2026-06-04 06:06:04 [INFO]: Have set the random seed as 123 for numpy and pytorch.
2026-06-04 06:06:04 [INFO]: You're using dataset solar_alabama, please cite it properly in your work. You can find its reference information at the below link: 
https://github.com/WenjieDu/TSDB/tree/main/dataset_profiles/solar_alabama
2026-06-04 06:06:04 [INFO]: Dataset solar_alabama has already been downloaded. Processing directly...
2026-06-04 06:06:04 [INFO]: Dataset solar_alabama has already been cached. Loading from cache directly...
2026-06-04 06:06:04 [INFO]: Loaded successfully!
2026-06-04 06:06:04 [INFO]: months selected as train set are <PeriodArray>
['2006-01', '2006-02', '2006-03', '2006-04', '2006-05', '2006-06']
Length: 6, dtype: period[M]
2026-06-04 06:06:04 [INFO]: months selected as val set are <PeriodArray>
['2006-07', '2006-08', '2006-09']
Length: 3, dtype: period[M]
2026-06-04 06:06:04 [INFO]: months selected as test set are <PeriodArray>
['2006-10', '2006-11', '2006-12']
Length: 3, dtype: period[M]
2026-06-04 06:06:04 [INFO]: Total sample number: 2190
2026-06-04 06:06:04 [INFO]: Training set size: 1086 (49.59%)
2026-06-04 06:06:04 [INFO]: Validation set size: 552 (25.21%)
2026-06-04 06:06:04 [INFO]: Test set size: 552 (25.21%)
2026-06-04 06:06:04 [INFO]: Number of steps: 24
2026-06-04 06:06:04 [INFO]: Number of features: 137
2026-06-04 06:06:04 [INFO]: Train set missing rate: 49.99%
2026-06-04 06:06:04 [INFO]: Validating set missing rate: 50.00%
2026-06-04 06:06:04 [INFO]: Test set missing rate: 49.98%
2026-06-04 06:06:04 [INFO]: 🔥🔥🔥🔥🔥🔥🔥🔥🔥🔥Using device list: ['cuda:0']
2026-06-04 06:06:04 [INFO]: 🔥🔥🔥🔥🔥🔥🔥🔥🔥🔥Using the given device: cuda:0
2026-06-04 06:06:04 [INFO]: Model files will be saved to output/imputation/cuda/paper_campaign/saits/solar/mr0.5/seed123
2026-06-04 06:06:04 [INFO]: Tensorboard file will be saved to output/imputation/cuda/paper_campaign/saits/solar/mr0.5/seed123/tensorboard
2026-06-04 06:06:04 [INFO]: Using customized MAE as the training loss function.
2026-06-04 06:06:04 [INFO]: Using customized MSE as the validation metric function.
2026-06-04 06:06:04 [INFO]: SAITS initialized with the given hyperparameters.
 ├─ Total parameters: 226,974
 ├─ Trainable parameters: 226,974
 └─ Trainable ratio: 100.00%
2026-06-04 06:06:05 [INFO]: Model placed on cuda:0
2026-06-04 06:06:06 [INFO]: Epoch 001 - training loss (MAE): 1.6302, validation MSE: 0.6775
2026-06-04 06:06:06 [INFO]: Epoch 002 - training loss (MAE): 1.1454, validation MSE: 0.3315
2026-06-04 06:06:06 [INFO]: Epoch 003 - training loss (MAE): 0.8167, validation MSE: 0.2182
2026-06-04 06:06:06 [INFO]: Epoch 004 - training loss (MAE): 0.6841, validation MSE: 0.2040
2026-06-04 06:06:07 [INFO]: Epoch 005 - training loss (MAE): 0.5694, validation MSE: 0.1615
2026-06-04 06:06:07 [INFO]: Epoch 006 - training loss (MAE): 0.5258, validation MSE: 0.1385
2026-06-04 06:06:07 [INFO]: Epoch 007 - training loss (MAE): 0.4692, validation MSE: 0.1027
2026-06-04 06:06:08 [INFO]: Epoch 008 - training loss (MAE): 0.4329, validation MSE: 0.1062
2026-06-04 06:06:08 [INFO]: Epoch 009 - training loss (MAE): 0.4094, validation MSE: 0.0960
2026-06-04 06:06:08 [INFO]: Epoch 010 - training loss (MAE): 0.3916, validation MSE: 0.0845
2026-06-04 06:06:09 [INFO]: Epoch 011 - training loss (MAE): 0.3557, validation MSE: 0.0811
2026-06-04 06:06:09 [INFO]: Epoch 012 - training loss (MAE): 0.3680, validation MSE: 0.0902
2026-06-04 06:06:09 [INFO]: Epoch 013 - training loss (MAE): 0.3546, validation MSE: 0.0804
2026-06-04 06:06:09 [INFO]: Epoch 014 - training loss (MAE): 0.3420, validation MSE: 0.0802
2026-06-04 06:06:10 [INFO]: Epoch 015 - training loss (MAE): 0.3373, validation MSE: 0.0793
2026-06-04 06:06:10 [INFO]: Epoch 016 - training loss (MAE): 0.3322, validation MSE: 0.0793
2026-06-04 06:06:10 [INFO]: Epoch 017 - training loss (MAE): 0.3328, validation MSE: 0.0780
2026-06-04 06:06:11 [INFO]: Epoch 018 - training loss (MAE): 0.3210, validation MSE: 0.0788
2026-06-04 06:06:11 [INFO]: Epoch 019 - training loss (MAE): 0.3204, validation MSE: 0.0789
2026-06-04 06:06:11 [INFO]: Epoch 020 - training loss (MAE): 0.3164, validation MSE: 0.0773
2026-06-04 06:06:12 [INFO]: Epoch 021 - training loss (MAE): 0.3126, validation MSE: 0.0817
2026-06-04 06:06:12 [INFO]: Epoch 022 - training loss (MAE): 0.3107, validation MSE: 0.0773
2026-06-04 06:06:12 [INFO]: Epoch 023 - training loss (MAE): 0.3054, validation MSE: 0.0785
2026-06-04 06:06:12 [INFO]: Epoch 024 - training loss (MAE): 0.3086, validation MSE: 0.0771
2026-06-04 06:06:13 [INFO]: Epoch 025 - training loss (MAE): 0.3118, validation MSE: 0.0783
2026-06-04 06:06:13 [INFO]: Epoch 026 - training loss (MAE): 0.3013, validation MSE: 0.0780
2026-06-04 06:06:13 [INFO]: Epoch 027 - training loss (MAE): 0.3067, validation MSE: 0.0771
2026-06-04 06:06:14 [INFO]: Epoch 028 - training loss (MAE): 0.2913, validation MSE: 0.0771
2026-06-04 06:06:14 [INFO]: Epoch 029 - training loss (MAE): 0.3043, validation MSE: 0.0827
2026-06-04 06:06:14 [INFO]: Epoch 030 - training loss (MAE): 0.2865, validation MSE: 0.0775
2026-06-04 06:06:14 [INFO]: Epoch 031 - training loss (MAE): 0.3039, validation MSE: 0.0770
2026-06-04 06:06:15 [INFO]: Epoch 032 - training loss (MAE): 0.3142, validation MSE: 0.0772
2026-06-04 06:06:15 [INFO]: Epoch 033 - training loss (MAE): 0.2979, validation MSE: 0.0801
2026-06-04 06:06:15 [INFO]: Epoch 034 - training loss (MAE): 0.3001, validation MSE: 0.0771
2026-06-04 06:06:16 [INFO]: Epoch 035 - training loss (MAE): 0.2949, validation MSE: 0.0769
2026-06-04 06:06:16 [INFO]: Epoch 036 - training loss (MAE): 0.3017, validation MSE: 0.0815
2026-06-04 06:06:16 [INFO]: Epoch 037 - training loss (MAE): 0.2931, validation MSE: 0.0804
2026-06-04 06:06:16 [INFO]: Epoch 038 - training loss (MAE): 0.3012, validation MSE: 0.0768
2026-06-04 06:06:17 [INFO]: Epoch 039 - training loss (MAE): 0.2948, validation MSE: 0.0766
2026-06-04 06:06:17 [INFO]: Epoch 040 - training loss (MAE): 0.2912, validation MSE: 0.0769
2026-06-04 06:06:17 [INFO]: Epoch 041 - training loss (MAE): 0.2985, validation MSE: 0.0772
2026-06-04 06:06:18 [INFO]: Epoch 042 - training loss (MAE): 0.2916, validation MSE: 0.0761
2026-06-04 06:06:18 [INFO]: Epoch 043 - training loss (MAE): 0.2774, validation MSE: 0.0767
2026-06-04 06:06:18 [INFO]: Epoch 044 - training loss (MAE): 0.2888, validation MSE: 0.0766
2026-06-04 06:06:18 [INFO]: Epoch 045 - training loss (MAE): 0.2793, validation MSE: 0.0761
2026-06-04 06:06:19 [INFO]: Epoch 046 - training loss (MAE): 0.2934, validation MSE: 0.0771
2026-06-04 06:06:19 [INFO]: Epoch 047 - training loss (MAE): 0.2824, validation MSE: 0.0759
2026-06-04 06:06:19 [INFO]: Epoch 048 - training loss (MAE): 0.2943, validation MSE: 0.0758
2026-06-04 06:06:20 [INFO]: Epoch 049 - training loss (MAE): 0.2894, validation MSE: 0.0768
2026-06-04 06:06:20 [INFO]: Epoch 050 - training loss (MAE): 0.2728, validation MSE: 0.0774
2026-06-04 06:06:20 [INFO]: Epoch 051 - training loss (MAE): 0.2850, validation MSE: 0.0775
2026-06-04 06:06:20 [INFO]: Epoch 052 - training loss (MAE): 0.2817, validation MSE: 0.0753
2026-06-04 06:06:21 [INFO]: Epoch 053 - training loss (MAE): 0.2856, validation MSE: 0.0814
2026-06-04 06:06:21 [INFO]: Epoch 054 - training loss (MAE): 0.2867, validation MSE: 0.0767
2026-06-04 06:06:21 [INFO]: Epoch 055 - training loss (MAE): 0.2869, validation MSE: 0.0757
2026-06-04 06:06:22 [INFO]: Epoch 056 - training loss (MAE): 0.2778, validation MSE: 0.0763
2026-06-04 06:06:22 [INFO]: Epoch 057 - training loss (MAE): 0.2833, validation MSE: 0.0753
2026-06-04 06:06:22 [INFO]: Epoch 058 - training loss (MAE): 0.2730, validation MSE: 0.0753
2026-06-04 06:06:22 [INFO]: Epoch 059 - training loss (MAE): 0.2807, validation MSE: 0.0749
2026-06-04 06:06:23 [INFO]: Epoch 060 - training loss (MAE): 0.2772, validation MSE: 0.0758
2026-06-04 06:06:23 [INFO]: Finished training. The best model is from epoch#59.
2026-06-04 06:06:23 [INFO]: Saved the model to output/imputation/cuda/paper_campaign/saits/solar/mr0.5/seed123/SAITS.pypots
[34m
████████╗██╗███╗   ███╗███████╗    ███████╗███████╗██████╗ ██╗███████╗███████╗    █████╗ ██╗
╚══██╔══╝██║████╗ ████║██╔════╝    ██╔════╝██╔════╝██╔══██╗██║██╔════╝██╔════╝   ██╔══██╗██║
   ██║   ██║██╔████╔██║█████╗█████╗███████╗█████╗  ██████╔╝██║█████╗  ███████╗   ███████║██║
   ██║   ██║██║╚██╔╝██║██╔══╝╚════╝╚════██║██╔══╝  ██╔══██╗██║██╔══╝  ╚════██║   ██╔══██║██║
   ██║   ██║██║ ╚═╝ ██║███████╗    ███████║███████╗██║  ██║██║███████╗███████║██╗██║  ██║██║
   ╚═╝   ╚═╝╚═╝     ╚═╝╚══════╝    ╚══════╝╚══════╝╚═╝  ╚═╝╚═╝╚══════╝╚══════╝╚═╝╚═╝  ╚═╝╚═╝
ai4ts v0.0.3 - building AI for unified time-series analysis, https://time-series.ai [0m

Use Train GPT: False
Use Lora: False
Use Profiling: False
🚀 Running imputation pipeline for model: saits
✅ Dataset 'solar' with missing rate 0.5 loaded at: /home/Aboya_25R9803/projects/lab/SUN/iPyPOTS/datasets/rate_0.5
🚀 Starting SAITS training pipeline...
[SAITS] Testing —— MAE: 0.1087| MSE: 0.0624| RMSE: 0.2499| MRE: 0.1403| 
📊 Metrics saved to: output/imputation/cuda/paper_campaign/saits/solar/mr0.5/seed123/metrics/saits_metrics.json
