2026-06-04 04:47:53 [INFO]: Have set the random seed as 456 for numpy and pytorch.
2026-06-04 04:47:53 [INFO]: You're using dataset electricity_transformer_temperature, please cite it properly in your work. You can find its reference information at the below link: 
https://github.com/WenjieDu/TSDB/tree/main/dataset_profiles/electricity_transformer_temperature
2026-06-04 04:47:53 [INFO]: Dataset electricity_transformer_temperature has already been downloaded. Processing directly...
2026-06-04 04:47:53 [INFO]: Dataset electricity_transformer_temperature has already been cached. Loading from cache directly...
2026-06-04 04:47:53 [INFO]: Loaded successfully!
2026-06-04 04:47:53 [INFO]: months selected as train set are <PeriodArray>
['2016-07', '2016-08', '2016-09', '2016-10', '2016-11', '2016-12', '2017-01',
 '2017-02', '2017-03', '2017-04', '2017-05', '2017-06', '2017-07', '2017-08']
Length: 14, dtype: period[M]
2026-06-04 04:47:53 [INFO]: months selected as val set are <PeriodArray>
['2017-09', '2017-10', '2017-11', '2017-12', '2018-01']
Length: 5, dtype: period[M]
2026-06-04 04:47:53 [INFO]: months selected as test set are <PeriodArray>
['2018-02', '2018-03', '2018-04', '2018-05', '2018-06']
Length: 5, dtype: period[M]
2026-06-04 04:47:54 [INFO]: Total sample number: 725
2026-06-04 04:47:54 [INFO]: Training set size: 427 (58.90%)
2026-06-04 04:47:54 [INFO]: Validation set size: 153 (21.10%)
2026-06-04 04:47:54 [INFO]: Test set size: 145 (20.00%)
2026-06-04 04:47:54 [INFO]: Number of steps: 96
2026-06-04 04:47:54 [INFO]: Number of features: 7
2026-06-04 04:47:54 [INFO]: Train set missing rate: 29.99%
2026-06-04 04:47:54 [INFO]: Validating set missing rate: 29.75%
2026-06-04 04:47:54 [INFO]: Test set missing rate: 29.80%
2026-06-04 04:47:54 [INFO]: 🔥🔥🔥🔥🔥🔥🔥🔥🔥🔥Using device list: ['cuda:0']
2026-06-04 04:47:54 [INFO]: 🔥🔥🔥🔥🔥🔥🔥🔥🔥🔥Using the given device: cuda:0
2026-06-04 04:47:54 [INFO]: Model files will be saved to output/imputation/cuda/paper_campaign/tefn/ettm1/mr0.3/seed456
2026-06-04 04:47:54 [INFO]: Tensorboard file will be saved to output/imputation/cuda/paper_campaign/tefn/ettm1/mr0.3/seed456/tensorboard
2026-06-04 04:47:54 [INFO]: Using customized MAE as the training loss function.
2026-06-04 04:47:54 [INFO]: Using customized MSE as the validation metric function.
2026-06-04 04:47:54 [INFO]: Model placed on cuda:0
2026-06-04 04:47:54 [INFO]: TEFN initialized with the given hyperparameters.
 ├─ Total parameters: 3,401
 ├─ Trainable parameters: 3,401
 └─ Trainable ratio: 100.00%
2026-06-04 04:47:55 [INFO]: Epoch 001 - training loss (MAE): 8.9400, validation MSE: 30.7140
2026-06-04 04:47:55 [INFO]: Epoch 002 - training loss (MAE): 8.8506, validation MSE: 29.9765
2026-06-04 04:47:55 [INFO]: Epoch 003 - training loss (MAE): 8.7437, validation MSE: 29.2648
2026-06-04 04:47:55 [INFO]: Epoch 004 - training loss (MAE): 8.6579, validation MSE: 28.5874
2026-06-04 04:47:55 [INFO]: Epoch 005 - training loss (MAE): 8.5227, validation MSE: 27.9367
2026-06-04 04:47:55 [INFO]: Epoch 006 - training loss (MAE): 8.4279, validation MSE: 27.3131
2026-06-04 04:47:55 [INFO]: Epoch 007 - training loss (MAE): 8.3203, validation MSE: 26.7099
2026-06-04 04:47:55 [INFO]: Epoch 008 - training loss (MAE): 8.2499, validation MSE: 26.1221
2026-06-04 04:47:55 [INFO]: Epoch 009 - training loss (MAE): 8.1393, validation MSE: 25.5552
2026-06-04 04:47:55 [INFO]: Epoch 010 - training loss (MAE): 8.0330, validation MSE: 25.0048
2026-06-04 04:47:55 [INFO]: Epoch 011 - training loss (MAE): 7.9765, validation MSE: 24.4737
2026-06-04 04:47:55 [INFO]: Epoch 012 - training loss (MAE): 7.8664, validation MSE: 23.9568
2026-06-04 04:47:55 [INFO]: Epoch 013 - training loss (MAE): 7.7674, validation MSE: 23.4571
2026-06-04 04:47:55 [INFO]: Epoch 014 - training loss (MAE): 7.6894, validation MSE: 22.9706
2026-06-04 04:47:55 [INFO]: Epoch 015 - training loss (MAE): 7.5859, validation MSE: 22.4961
2026-06-04 04:47:55 [INFO]: Epoch 016 - training loss (MAE): 7.5054, validation MSE: 22.0317
2026-06-04 04:47:56 [INFO]: Epoch 017 - training loss (MAE): 7.4167, validation MSE: 21.5750
2026-06-04 04:47:56 [INFO]: Epoch 018 - training loss (MAE): 7.3090, validation MSE: 21.1272
2026-06-04 04:47:56 [INFO]: Epoch 019 - training loss (MAE): 7.2286, validation MSE: 20.6844
2026-06-04 04:47:56 [INFO]: Epoch 020 - training loss (MAE): 7.1292, validation MSE: 20.2513
2026-06-04 04:47:56 [INFO]: Epoch 021 - training loss (MAE): 7.0218, validation MSE: 19.8249
2026-06-04 04:47:56 [INFO]: Epoch 022 - training loss (MAE): 6.9730, validation MSE: 19.4072
2026-06-04 04:47:56 [INFO]: Epoch 023 - training loss (MAE): 6.8560, validation MSE: 18.9995
2026-06-04 04:47:56 [INFO]: Epoch 024 - training loss (MAE): 6.7792, validation MSE: 18.5990
2026-06-04 04:47:56 [INFO]: Epoch 025 - training loss (MAE): 6.6901, validation MSE: 18.2079
2026-06-04 04:47:56 [INFO]: Epoch 026 - training loss (MAE): 6.6265, validation MSE: 17.8279
2026-06-04 04:47:56 [INFO]: Epoch 027 - training loss (MAE): 6.5033, validation MSE: 17.4498
2026-06-04 04:47:56 [INFO]: Epoch 028 - training loss (MAE): 6.4269, validation MSE: 17.0818
2026-06-04 04:47:56 [INFO]: Epoch 029 - training loss (MAE): 6.3489, validation MSE: 16.7179
2026-06-04 04:47:56 [INFO]: Epoch 030 - training loss (MAE): 6.2880, validation MSE: 16.3652
2026-06-04 04:47:56 [INFO]: Epoch 031 - training loss (MAE): 6.1871, validation MSE: 16.0202
2026-06-04 04:47:56 [INFO]: Epoch 032 - training loss (MAE): 6.1263, validation MSE: 15.6817
2026-06-04 04:47:56 [INFO]: Epoch 033 - training loss (MAE): 6.0447, validation MSE: 15.3536
2026-06-04 04:47:57 [INFO]: Epoch 034 - training loss (MAE): 5.9523, validation MSE: 15.0338
2026-06-04 04:47:57 [INFO]: Epoch 035 - training loss (MAE): 5.8776, validation MSE: 14.7213
2026-06-04 04:47:57 [INFO]: Epoch 036 - training loss (MAE): 5.8002, validation MSE: 14.4176
2026-06-04 04:47:57 [INFO]: Epoch 037 - training loss (MAE): 5.7371, validation MSE: 14.1205
2026-06-04 04:47:57 [INFO]: Epoch 038 - training loss (MAE): 5.6705, validation MSE: 13.8331
2026-06-04 04:47:57 [INFO]: Epoch 039 - training loss (MAE): 5.5985, validation MSE: 13.5532
2026-06-04 04:47:57 [INFO]: Epoch 040 - training loss (MAE): 5.5116, validation MSE: 13.2828
2026-06-04 04:47:57 [INFO]: Epoch 041 - training loss (MAE): 5.4329, validation MSE: 13.0208
2026-06-04 04:47:57 [INFO]: Epoch 042 - training loss (MAE): 5.3694, validation MSE: 12.7628
2026-06-04 04:47:57 [INFO]: Epoch 043 - training loss (MAE): 5.2982, validation MSE: 12.5154
2026-06-04 04:47:57 [INFO]: Epoch 044 - training loss (MAE): 5.2394, validation MSE: 12.2771
2026-06-04 04:47:57 [INFO]: Epoch 045 - training loss (MAE): 5.1764, validation MSE: 12.0426
2026-06-04 04:47:57 [INFO]: Epoch 046 - training loss (MAE): 5.1170, validation MSE: 11.8138
2026-06-04 04:47:57 [INFO]: Epoch 047 - training loss (MAE): 5.0623, validation MSE: 11.5878
2026-06-04 04:47:57 [INFO]: Epoch 048 - training loss (MAE): 4.9765, validation MSE: 11.3661
2026-06-04 04:47:57 [INFO]: Epoch 049 - training loss (MAE): 4.9182, validation MSE: 11.1498
2026-06-04 04:47:57 [INFO]: Epoch 050 - training loss (MAE): 4.8576, validation MSE: 10.9369
2026-06-04 04:47:58 [INFO]: Epoch 051 - training loss (MAE): 4.8069, validation MSE: 10.7279
2026-06-04 04:47:58 [INFO]: Epoch 052 - training loss (MAE): 4.7472, validation MSE: 10.5266
2026-06-04 04:47:58 [INFO]: Epoch 053 - training loss (MAE): 4.6888, validation MSE: 10.3298
2026-06-04 04:47:58 [INFO]: Epoch 054 - training loss (MAE): 4.6223, validation MSE: 10.1399
2026-06-04 04:47:58 [INFO]: Epoch 055 - training loss (MAE): 4.5791, validation MSE: 9.9543
2026-06-04 04:47:58 [INFO]: Epoch 056 - training loss (MAE): 4.5242, validation MSE: 9.7712
2026-06-04 04:47:58 [INFO]: Epoch 057 - training loss (MAE): 4.4676, validation MSE: 9.5872
2026-06-04 04:47:58 [INFO]: Epoch 058 - training loss (MAE): 4.4076, validation MSE: 9.4103
2026-06-04 04:47:58 [INFO]: Epoch 059 - training loss (MAE): 4.3664, validation MSE: 9.2377
2026-06-04 04:47:58 [INFO]: Epoch 060 - training loss (MAE): 4.3035, validation MSE: 9.0696
2026-06-04 04:47:58 [INFO]: Finished training. The best model is from epoch#60.
2026-06-04 04:47:58 [INFO]: Saved the model to output/imputation/cuda/paper_campaign/tefn/ettm1/mr0.3/seed456/TEFN.pypots
[34m
████████╗██╗███╗   ███╗███████╗    ███████╗███████╗██████╗ ██╗███████╗███████╗    █████╗ ██╗
╚══██╔══╝██║████╗ ████║██╔════╝    ██╔════╝██╔════╝██╔══██╗██║██╔════╝██╔════╝   ██╔══██╗██║
   ██║   ██║██╔████╔██║█████╗█████╗███████╗█████╗  ██████╔╝██║█████╗  ███████╗   ███████║██║
   ██║   ██║██║╚██╔╝██║██╔══╝╚════╝╚════██║██╔══╝  ██╔══██╗██║██╔══╝  ╚════██║   ██╔══██║██║
   ██║   ██║██║ ╚═╝ ██║███████╗    ███████║███████╗██║  ██║██║███████╗███████║██╗██║  ██║██║
   ╚═╝   ╚═╝╚═╝     ╚═╝╚══════╝    ╚══════╝╚══════╝╚═╝  ╚═╝╚═╝╚══════╝╚══════╝╚═╝╚═╝  ╚═╝╚═╝
ai4ts v0.0.3 - building AI for unified time-series analysis, https://time-series.ai [0m

Use Train GPT: False
Use Lora: False
Use Profiling: False
🚀 Running imputation pipeline for model: tefn
✅ Dataset 'ettm1' with missing rate 0.3 loaded at: /home/Aboya_25R9803/projects/lab/SUN/iPyPOTS/datasets/rate_0.3
🚀 Starting TEFN training pipeline...
[TEFN] Testing —— MAE: 2.1887| MSE: 9.5487| RMSE: 3.0901| MRE: 2.5778| 
📊 Metrics saved to: output/imputation/cuda/paper_campaign/tefn/ettm1/mr0.3/seed456/metrics/tefn_metrics.json
