2026-06-04 04:48:46 [INFO]: Have set the random seed as 42 for numpy and pytorch.
2026-06-04 04:48:46 [INFO]: You're using dataset electricity_transformer_temperature, please cite it properly in your work. You can find its reference information at the below link: 
https://github.com/WenjieDu/TSDB/tree/main/dataset_profiles/electricity_transformer_temperature
2026-06-04 04:48:46 [INFO]: Dataset electricity_transformer_temperature has already been downloaded. Processing directly...
2026-06-04 04:48:46 [INFO]: Dataset electricity_transformer_temperature has already been cached. Loading from cache directly...
2026-06-04 04:48:46 [INFO]: Loaded successfully!
2026-06-04 04:48:46 [INFO]: months selected as train set are <PeriodArray>
['2016-07', '2016-08', '2016-09', '2016-10', '2016-11', '2016-12', '2017-01',
 '2017-02', '2017-03', '2017-04', '2017-05', '2017-06', '2017-07', '2017-08']
Length: 14, dtype: period[M]
2026-06-04 04:48:46 [INFO]: months selected as val set are <PeriodArray>
['2017-09', '2017-10', '2017-11', '2017-12', '2018-01']
Length: 5, dtype: period[M]
2026-06-04 04:48:46 [INFO]: months selected as test set are <PeriodArray>
['2018-02', '2018-03', '2018-04', '2018-05', '2018-06']
Length: 5, dtype: period[M]
2026-06-04 04:48:46 [INFO]: Total sample number: 725
2026-06-04 04:48:46 [INFO]: Training set size: 427 (58.90%)
2026-06-04 04:48:46 [INFO]: Validation set size: 153 (21.10%)
2026-06-04 04:48:46 [INFO]: Test set size: 145 (20.00%)
2026-06-04 04:48:46 [INFO]: Number of steps: 96
2026-06-04 04:48:46 [INFO]: Number of features: 7
2026-06-04 04:48:46 [INFO]: Train set missing rate: 10.02%
2026-06-04 04:48:46 [INFO]: Validating set missing rate: 10.06%
2026-06-04 04:48:46 [INFO]: Test set missing rate: 10.03%
2026-06-04 04:48:46 [INFO]: 🔥🔥🔥🔥🔥🔥🔥🔥🔥🔥Using device list: ['cuda:0']
2026-06-04 04:48:46 [INFO]: 🔥🔥🔥🔥🔥🔥🔥🔥🔥🔥Using the given device: cuda:0
2026-06-04 04:48:46 [INFO]: Model files will be saved to output/imputation/cuda/paper_campaign/timemixerpp/ettm1/mr0.1/seed42
2026-06-04 04:48:46 [INFO]: Tensorboard file will be saved to output/imputation/cuda/paper_campaign/timemixerpp/ettm1/mr0.1/seed42/tensorboard
2026-06-04 04:48:46 [INFO]: Using customized MAE as the training loss function.
2026-06-04 04:48:46 [INFO]: Using customized MSE as the validation metric function.
2026-06-04 04:48:47 [INFO]: Model placed on cuda:0
2026-06-04 04:48:47 [INFO]: TimeMixerPP initialized with the given hyperparameters.
 ├─ Total parameters: 18,837,061
 ├─ Trainable parameters: 18,832,197
 └─ Trainable ratio: 99.97%
2026-06-04 04:49:05 [INFO]: Epoch 001 - training loss (MAE): 0.9641, validation MSE: 1.2776
2026-06-04 04:49:17 [INFO]: Epoch 002 - training loss (MAE): 0.9521, validation MSE: 0.9972
2026-06-04 04:49:29 [INFO]: Epoch 003 - training loss (MAE): 0.7079, validation MSE: 1.2175
2026-06-04 04:49:42 [INFO]: Epoch 004 - training loss (MAE): 0.6674, validation MSE: 0.5374
2026-06-04 04:49:54 [INFO]: Epoch 005 - training loss (MAE): 0.5088, validation MSE: 0.4704
2026-06-04 04:50:07 [INFO]: Epoch 006 - training loss (MAE): 0.4698, validation MSE: 0.3927
2026-06-04 04:50:19 [INFO]: Epoch 007 - training loss (MAE): 0.4337, validation MSE: 0.5244
2026-06-04 04:50:31 [INFO]: Epoch 008 - training loss (MAE): 0.4503, validation MSE: 0.2764
2026-06-04 04:50:44 [INFO]: Epoch 009 - training loss (MAE): 0.4071, validation MSE: 0.2921
2026-06-04 04:50:56 [INFO]: Epoch 010 - training loss (MAE): 0.3823, validation MSE: 0.2323
2026-06-04 04:51:09 [INFO]: Epoch 011 - training loss (MAE): 0.3555, validation MSE: 0.2729
2026-06-04 04:51:21 [INFO]: Epoch 012 - training loss (MAE): 0.3422, validation MSE: 0.2094
2026-06-04 04:51:33 [INFO]: Epoch 013 - training loss (MAE): 0.3191, validation MSE: 0.2451
2026-06-04 04:51:46 [INFO]: Epoch 014 - training loss (MAE): 0.3091, validation MSE: 0.1874
2026-06-04 04:51:58 [INFO]: Epoch 015 - training loss (MAE): 0.2776, validation MSE: 0.2067
2026-06-04 04:52:11 [INFO]: Epoch 016 - training loss (MAE): 0.2864, validation MSE: 0.1783
2026-06-04 04:52:23 [INFO]: Epoch 017 - training loss (MAE): 0.2674, validation MSE: 0.2250
2026-06-04 04:52:36 [INFO]: Epoch 018 - training loss (MAE): 0.2738, validation MSE: 0.2073
2026-06-04 04:52:48 [INFO]: Epoch 019 - training loss (MAE): 0.2528, validation MSE: 0.1952
2026-06-04 04:53:01 [INFO]: Epoch 020 - training loss (MAE): 0.2468, validation MSE: 0.2110
2026-06-04 04:53:13 [INFO]: Epoch 021 - training loss (MAE): 0.2400, validation MSE: 0.2300
2026-06-04 04:53:25 [INFO]: Epoch 022 - training loss (MAE): 0.2197, validation MSE: 0.1748
2026-06-04 04:53:38 [INFO]: Epoch 023 - training loss (MAE): 0.2070, validation MSE: 0.2241
2026-06-04 04:53:50 [INFO]: Epoch 024 - training loss (MAE): 0.2051, validation MSE: 0.1860
2026-06-04 04:54:03 [INFO]: Epoch 025 - training loss (MAE): 0.1926, validation MSE: 0.1871
2026-06-04 04:54:15 [INFO]: Epoch 026 - training loss (MAE): 0.1768, validation MSE: 0.2069
2026-06-04 04:54:28 [INFO]: Epoch 027 - training loss (MAE): 0.1783, validation MSE: 0.2237
2026-06-04 04:54:40 [INFO]: Epoch 028 - training loss (MAE): 0.1737, validation MSE: 0.1733
2026-06-04 04:54:52 [INFO]: Epoch 029 - training loss (MAE): 0.1760, validation MSE: 0.2243
2026-06-04 04:55:05 [INFO]: Epoch 030 - training loss (MAE): 0.1755, validation MSE: 0.2510
2026-06-04 04:55:17 [INFO]: Epoch 031 - training loss (MAE): 0.1699, validation MSE: 0.1860
2026-06-04 04:55:30 [INFO]: Epoch 032 - training loss (MAE): 0.1709, validation MSE: 0.2754
2026-06-04 04:55:42 [INFO]: Epoch 033 - training loss (MAE): 0.1742, validation MSE: 0.1977
2026-06-04 04:55:54 [INFO]: Epoch 034 - training loss (MAE): 0.1702, validation MSE: 0.2740
2026-06-04 04:56:07 [INFO]: Epoch 035 - training loss (MAE): 0.1573, validation MSE: 0.2591
2026-06-04 04:56:19 [INFO]: Epoch 036 - training loss (MAE): 0.1502, validation MSE: 0.2330
2026-06-04 04:56:32 [INFO]: Epoch 037 - training loss (MAE): 0.1489, validation MSE: 0.2347
2026-06-04 04:56:44 [INFO]: Epoch 038 - training loss (MAE): 0.1470, validation MSE: 0.2244
2026-06-04 04:56:56 [INFO]: Epoch 039 - training loss (MAE): 0.1368, validation MSE: 0.2806
2026-06-04 04:57:09 [INFO]: Epoch 040 - training loss (MAE): 0.1387, validation MSE: 0.2392
2026-06-04 04:57:09 [INFO]: Exceeded the training patience. Terminating the training procedure...
2026-06-04 04:57:09 [INFO]: Finished training. The best model is from epoch#28.
2026-06-04 04:57:09 [INFO]: Saved the model to output/imputation/cuda/paper_campaign/timemixerpp/ettm1/mr0.1/seed42/TimeMixerPP.pypots
[34m
████████╗██╗███╗   ███╗███████╗    ███████╗███████╗██████╗ ██╗███████╗███████╗    █████╗ ██╗
╚══██╔══╝██║████╗ ████║██╔════╝    ██╔════╝██╔════╝██╔══██╗██║██╔════╝██╔════╝   ██╔══██╗██║
   ██║   ██║██╔████╔██║█████╗█████╗███████╗█████╗  ██████╔╝██║█████╗  ███████╗   ███████║██║
   ██║   ██║██║╚██╔╝██║██╔══╝╚════╝╚════██║██╔══╝  ██╔══██╗██║██╔══╝  ╚════██║   ██╔══██║██║
   ██║   ██║██║ ╚═╝ ██║███████╗    ███████║███████╗██║  ██║██║███████╗███████║██╗██║  ██║██║
   ╚═╝   ╚═╝╚═╝     ╚═╝╚══════╝    ╚══════╝╚══════╝╚═╝  ╚═╝╚═╝╚══════╝╚══════╝╚═╝╚═╝  ╚═╝╚═╝
ai4ts v0.0.3 - building AI for unified time-series analysis, https://time-series.ai [0m

Use Train GPT: False
Use Lora: False
Use Profiling: False
🚀 Running imputation pipeline for model: timemixerpp
✅ Dataset 'ettm1' with missing rate 0.1 loaded at: /home/Aboya_25R9803/projects/lab/SUN/iPyPOTS/datasets/rate_0.1
🚀 Starting TimeMixer++ training pipeline...
[TimeMixer++] Testing —— MAE: 0.3283| MSE: 0.2212| RMSE: 0.4703| MRE: 0.3907|
📊 Metrics saved to: output/imputation/cuda/paper_campaign/timemixerpp/ettm1/mr0.1/seed42/metrics/timemixerpp_metrics.json
