2026-06-04 05:44:36 [INFO]: Have set the random seed as 456 for numpy and pytorch.
2026-06-04 05:44:38 [INFO]: 🔥🔥🔥🔥🔥🔥🔥🔥🔥🔥Using device list: ['cuda:0']
2026-06-04 05:44:38 [INFO]: 🔥🔥🔥🔥🔥🔥🔥🔥🔥🔥Using the given device: cuda:0
2026-06-04 05:44:38 [INFO]: Model files will be saved to output/imputation/cuda/paper_campaign/tslanet/opsd_germany/mr0.1/seed456
2026-06-04 05:44:38 [INFO]: Tensorboard file will be saved to output/imputation/cuda/paper_campaign/tslanet/opsd_germany/mr0.1/seed456/tensorboard
2026-06-04 05:44:39 [INFO]: Model placed on cuda:0
2026-06-04 05:44:39 [INFO]: TSLANet initialized with the given hyperparameters.
 ├─ Total parameters: 416,106
 ├─ Trainable parameters: 416,106
 └─ Trainable ratio: 100.00%
2026-06-04 05:44:41 [INFO]: Epoch 001 - training loss (default): 0.0991, validation loss: 0.0577
2026-06-04 05:44:44 [INFO]: Epoch 002 - training loss (default): 0.0200, validation loss: 0.0468
2026-06-04 05:44:46 [INFO]: Epoch 003 - training loss (default): 0.0116, validation loss: 0.0425
2026-06-04 05:44:48 [INFO]: Epoch 004 - training loss (default): 0.0084, validation loss: 0.0395
2026-06-04 05:44:50 [INFO]: Epoch 005 - training loss (default): 0.0065, validation loss: 0.0371
2026-06-04 05:44:52 [INFO]: Epoch 006 - training loss (default): 0.0052, validation loss: 0.0347
2026-06-04 05:44:54 [INFO]: Epoch 007 - training loss (default): 0.0043, validation loss: 0.0325
2026-06-04 05:44:56 [INFO]: Epoch 008 - training loss (default): 0.0036, validation loss: 0.0305
2026-06-04 05:44:59 [INFO]: Epoch 009 - training loss (default): 0.0031, validation loss: 0.0290
2026-06-04 05:45:01 [INFO]: Epoch 010 - training loss (default): 0.0027, validation loss: 0.0277
2026-06-04 05:45:03 [INFO]: Epoch 011 - training loss (default): 0.0023, validation loss: 0.0265
2026-06-04 05:45:05 [INFO]: Epoch 012 - training loss (default): 0.0020, validation loss: 0.0250
2026-06-04 05:45:06 [INFO]: Epoch 013 - training loss (default): 0.0018, validation loss: 0.0243
2026-06-04 05:45:08 [INFO]: Epoch 014 - training loss (default): 0.0016, validation loss: 0.0231
2026-06-04 05:45:10 [INFO]: Epoch 015 - training loss (default): 0.0014, validation loss: 0.0225
2026-06-04 05:45:12 [INFO]: Epoch 016 - training loss (default): 0.0012, validation loss: 0.0214
2026-06-04 05:45:14 [INFO]: Epoch 017 - training loss (default): 0.0011, validation loss: 0.0207
2026-06-04 05:45:16 [INFO]: Epoch 018 - training loss (default): 0.0010, validation loss: 0.0201
2026-06-04 05:45:18 [INFO]: Epoch 019 - training loss (default): 0.0009, validation loss: 0.0197
2026-06-04 05:45:20 [INFO]: Epoch 020 - training loss (default): 0.0008, validation loss: 0.0193
2026-06-04 05:45:22 [INFO]: Epoch 021 - training loss (default): 0.0008, validation loss: 0.0185
2026-06-04 05:45:24 [INFO]: Epoch 022 - training loss (default): 0.0007, validation loss: 0.0181
2026-06-04 05:45:26 [INFO]: Epoch 023 - training loss (default): 0.0007, validation loss: 0.0177
2026-06-04 05:45:27 [INFO]: Epoch 024 - training loss (default): 0.0006, validation loss: 0.0173
2026-06-04 05:45:29 [INFO]: Epoch 025 - training loss (default): 0.0006, validation loss: 0.0168
2026-06-04 05:45:31 [INFO]: Epoch 026 - training loss (default): 0.0005, validation loss: 0.0165
2026-06-04 05:45:33 [INFO]: Epoch 027 - training loss (default): 0.0005, validation loss: 0.0160
2026-06-04 05:45:35 [INFO]: Epoch 028 - training loss (default): 0.0005, validation loss: 0.0158
2026-06-04 05:45:37 [INFO]: Epoch 029 - training loss (default): 0.0004, validation loss: 0.0153
2026-06-04 05:45:39 [INFO]: Epoch 030 - training loss (default): 0.0004, validation loss: 0.0153
2026-06-04 05:45:41 [INFO]: Epoch 031 - training loss (default): 0.0004, validation loss: 0.0148
2026-06-04 05:45:44 [INFO]: Epoch 032 - training loss (default): 0.0004, validation loss: 0.0146
2026-06-04 05:45:46 [INFO]: Epoch 033 - training loss (default): 0.0004, validation loss: 0.0142
2026-06-04 05:45:48 [INFO]: Epoch 034 - training loss (default): 0.0003, validation loss: 0.0140
2026-06-04 05:45:50 [INFO]: Epoch 035 - training loss (default): 0.0003, validation loss: 0.0138
2026-06-04 05:45:52 [INFO]: Epoch 036 - training loss (default): 0.0003, validation loss: 0.0134
2026-06-04 05:45:55 [INFO]: Epoch 037 - training loss (default): 0.0003, validation loss: 0.0134
2026-06-04 05:45:57 [INFO]: Epoch 038 - training loss (default): 0.0003, validation loss: 0.0130
2026-06-04 05:45:59 [INFO]: Epoch 039 - training loss (default): 0.0003, validation loss: 0.0131
2026-06-04 05:46:01 [INFO]: Epoch 040 - training loss (default): 0.0003, validation loss: 0.0127
2026-06-04 05:46:03 [INFO]: Epoch 041 - training loss (default): 0.0002, validation loss: 0.0124
2026-06-04 05:46:05 [INFO]: Epoch 042 - training loss (default): 0.0002, validation loss: 0.0122
2026-06-04 05:46:07 [INFO]: Epoch 043 - training loss (default): 0.0002, validation loss: 0.0122
2026-06-04 05:46:09 [INFO]: Epoch 044 - training loss (default): 0.0002, validation loss: 0.0120
2026-06-04 05:46:12 [INFO]: Epoch 045 - training loss (default): 0.0002, validation loss: 0.0118
2026-06-04 05:46:14 [INFO]: Epoch 046 - training loss (default): 0.0002, validation loss: 0.0116
2026-06-04 05:46:16 [INFO]: Epoch 047 - training loss (default): 0.0002, validation loss: 0.0115
2026-06-04 05:46:18 [INFO]: Epoch 048 - training loss (default): 0.0002, validation loss: 0.0112
2026-06-04 05:46:20 [INFO]: Epoch 049 - training loss (default): 0.0002, validation loss: 0.0114
2026-06-04 05:46:21 [INFO]: Epoch 050 - training loss (default): 0.0002, validation loss: 0.0111
2026-06-04 05:46:23 [INFO]: Epoch 051 - training loss (default): 0.0002, validation loss: 0.0108
2026-06-04 05:46:24 [INFO]: Epoch 052 - training loss (default): 0.0002, validation loss: 0.0108
2026-06-04 05:46:25 [INFO]: Epoch 053 - training loss (default): 0.0002, validation loss: 0.0107
2026-06-04 05:46:26 [INFO]: Epoch 054 - training loss (default): 0.0002, validation loss: 0.0105
2026-06-04 05:46:28 [INFO]: Epoch 055 - training loss (default): 0.0002, validation loss: 0.0105
2026-06-04 05:46:29 [INFO]: Epoch 056 - training loss (default): 0.0001, validation loss: 0.0105
2026-06-04 05:46:30 [INFO]: Epoch 057 - training loss (default): 0.0001, validation loss: 0.0102
2026-06-04 05:46:31 [INFO]: Epoch 058 - training loss (default): 0.0001, validation loss: 0.0101
2026-06-04 05:46:33 [INFO]: Epoch 059 - training loss (default): 0.0001, validation loss: 0.0101
2026-06-04 05:46:34 [INFO]: Epoch 060 - training loss (default): 0.0001, validation loss: 0.0100
2026-06-04 05:46:34 [INFO]: Finished training. The best model is from epoch#60.
2026-06-04 05:46:34 [INFO]: Saved the model to output/imputation/cuda/paper_campaign/tslanet/opsd_germany/mr0.1/seed456/TSLANet.pypots
[34m
████████╗██╗███╗   ███╗███████╗    ███████╗███████╗██████╗ ██╗███████╗███████╗    █████╗ ██╗
╚══██╔══╝██║████╗ ████║██╔════╝    ██╔════╝██╔════╝██╔══██╗██║██╔════╝██╔════╝   ██╔══██╗██║
   ██║   ██║██╔████╔██║█████╗█████╗███████╗█████╗  ██████╔╝██║█████╗  ███████╗   ███████║██║
   ██║   ██║██║╚██╔╝██║██╔══╝╚════╝╚════██║██╔══╝  ██╔══██╗██║██╔══╝  ╚════██║   ██╔══██║██║
   ██║   ██║██║ ╚═╝ ██║███████╗    ███████║███████╗██║  ██║██║███████╗███████║██╗██║  ██║██║
   ╚═╝   ╚═╝╚═╝     ╚═╝╚══════╝    ╚══════╝╚══════╝╚═╝  ╚═╝╚═╝╚══════╝╚══════╝╚═╝╚═╝  ╚═╝╚═╝
ai4ts v0.0.3 - building AI for unified time-series analysis, https://time-series.ai [0m

Use Train GPT: False
Use Lora: False
Use Profiling: False
🚀 Running imputation pipeline for model: tslanet
✅ Dataset 'opsd_germany' with missing rate 0.1 loaded at: /home/Aboya_25R9803/projects/lab/SUN/iPyPOTS/datasets/rate_0.1
🚀 Starting TSLANet training pipeline...
[TSLANet] Testing —— MAE: 0.9169| MSE: 1.2248| RMSE: 1.1067| MRE: 1.0088| 
📊 Metrics saved to: output/imputation/cuda/paper_campaign/tslanet/opsd_germany/mr0.1/seed456/metrics/tslanet_metrics.json
