2026-06-04 04:54:19 [INFO]: Have set the random seed as 42 for numpy and pytorch.
2026-06-04 04:54:19 [INFO]: You're using dataset electricity_load_diagrams, please cite it properly in your work. You can find its reference information at the below link: 
https://github.com/WenjieDu/TSDB/tree/main/dataset_profiles/electricity_load_diagrams
2026-06-04 04:54:19 [INFO]: Dataset electricity_load_diagrams has already been downloaded. Processing directly...
2026-06-04 04:54:19 [INFO]: Dataset electricity_load_diagrams has already been cached. Loading from cache directly...
2026-06-04 04:54:20 [INFO]: Loaded successfully!
2026-06-04 04:54:20 [INFO]: months selected as test set are <PeriodArray>
['2011-01', '2011-02', '2011-03', '2011-04', '2011-05', '2011-06', '2011-07',
 '2011-08', '2011-09', '2011-10']
Length: 10, dtype: period[M]
2026-06-04 04:54:20 [INFO]: months selected as val set are <PeriodArray>
['2011-11', '2011-12', '2012-01', '2012-02', '2012-03', '2012-04', '2012-05',
 '2012-06', '2012-07', '2012-08']
Length: 10, dtype: period[M]
2026-06-04 04:54:20 [INFO]: months selected as train set are <PeriodArray>
['2012-09', '2012-10', '2012-11', '2012-12', '2013-01', '2013-02', '2013-03',
 '2013-04', '2013-05', '2013-06', '2013-07', '2013-08', '2013-09', '2013-10',
 '2013-11', '2013-12', '2014-01', '2014-02', '2014-03', '2014-04', '2014-05',
 '2014-06', '2014-07', '2014-08', '2014-09', '2014-10', '2014-11', '2014-12',
 '2015-01']
Length: 29, dtype: period[M]
2026-06-04 04:54:22 [INFO]: Total sample number: 5843
2026-06-04 04:54:22 [INFO]: Training set size: 3408 (58.33%)
2026-06-04 04:54:22 [INFO]: Validation set size: 1220 (20.88%)
2026-06-04 04:54:22 [INFO]: Test set size: 1215 (20.79%)
2026-06-04 04:54:22 [INFO]: Number of steps: 24
2026-06-04 04:54:22 [INFO]: Number of features: 370
2026-06-04 04:54:22 [INFO]: Train set missing rate: 50.00%
2026-06-04 04:54:22 [INFO]: Validating set missing rate: 50.01%
2026-06-04 04:54:22 [INFO]: Test set missing rate: 50.01%
2026-06-04 04:54:22 [INFO]: 🔥🔥🔥🔥🔥🔥🔥🔥🔥🔥Using device list: ['cuda:0']
2026-06-04 04:54:22 [INFO]: 🔥🔥🔥🔥🔥🔥🔥🔥🔥🔥Using the given device: cuda:0
2026-06-04 04:54:22 [INFO]: Model files will be saved to output/imputation/cuda/paper_campaign/saits/eld/mr0.5/seed42
2026-06-04 04:54:22 [INFO]: Tensorboard file will be saved to output/imputation/cuda/paper_campaign/saits/eld/mr0.5/seed42/tensorboard
2026-06-04 04:54:22 [INFO]: Using customized MAE as the training loss function.
2026-06-04 04:54:22 [INFO]: Using customized MSE as the validation metric function.
2026-06-04 04:54:22 [INFO]: SAITS initialized with the given hyperparameters.
 ├─ Total parameters: 559,232
 ├─ Trainable parameters: 559,232
 └─ Trainable ratio: 100.00%
2026-06-04 04:54:23 [INFO]: Model placed on cuda:0
2026-06-04 04:54:25 [INFO]: Epoch 001 - training loss (MAE): 1.3694, validation MSE: 3.5283
2026-06-04 04:54:26 [INFO]: Epoch 002 - training loss (MAE): 0.9972, validation MSE: 3.2934
2026-06-04 04:54:28 [INFO]: Epoch 003 - training loss (MAE): 0.8495, validation MSE: 3.2158
2026-06-04 04:54:30 [INFO]: Epoch 004 - training loss (MAE): 0.7751, validation MSE: 3.1748
2026-06-04 04:54:31 [INFO]: Epoch 005 - training loss (MAE): 0.7290, validation MSE: 3.1226
2026-06-04 04:54:32 [INFO]: Epoch 006 - training loss (MAE): 0.6992, validation MSE: 3.0917
2026-06-04 04:54:34 [INFO]: Epoch 007 - training loss (MAE): 0.6735, validation MSE: 3.0470
2026-06-04 04:54:35 [INFO]: Epoch 008 - training loss (MAE): 0.6541, validation MSE: 3.0103
2026-06-04 04:54:36 [INFO]: Epoch 009 - training loss (MAE): 0.6384, validation MSE: 2.9799
2026-06-04 04:54:38 [INFO]: Epoch 010 - training loss (MAE): 0.6303, validation MSE: 2.9520
2026-06-04 04:54:39 [INFO]: Epoch 011 - training loss (MAE): 0.6200, validation MSE: 2.9180
2026-06-04 04:54:40 [INFO]: Epoch 012 - training loss (MAE): 0.6087, validation MSE: 2.9012
2026-06-04 04:54:41 [INFO]: Epoch 013 - training loss (MAE): 0.5995, validation MSE: 2.8901
2026-06-04 04:54:43 [INFO]: Epoch 014 - training loss (MAE): 0.5939, validation MSE: 2.8813
2026-06-04 04:54:44 [INFO]: Epoch 015 - training loss (MAE): 0.5871, validation MSE: 2.8740
2026-06-04 04:54:46 [INFO]: Epoch 016 - training loss (MAE): 0.5812, validation MSE: 2.8689
2026-06-04 04:54:47 [INFO]: Epoch 017 - training loss (MAE): 0.5761, validation MSE: 2.8699
2026-06-04 04:54:48 [INFO]: Epoch 018 - training loss (MAE): 0.5709, validation MSE: 2.8661
2026-06-04 04:54:50 [INFO]: Epoch 019 - training loss (MAE): 0.5665, validation MSE: 2.8621
2026-06-04 04:54:51 [INFO]: Epoch 020 - training loss (MAE): 0.5631, validation MSE: 2.8631
2026-06-04 04:54:52 [INFO]: Epoch 021 - training loss (MAE): 0.5590, validation MSE: 2.8616
2026-06-04 04:54:54 [INFO]: Epoch 022 - training loss (MAE): 0.5568, validation MSE: 2.8684
2026-06-04 04:54:55 [INFO]: Epoch 023 - training loss (MAE): 0.5524, validation MSE: 2.8607
2026-06-04 04:54:56 [INFO]: Epoch 024 - training loss (MAE): 0.5480, validation MSE: 2.8568
2026-06-04 04:54:58 [INFO]: Epoch 025 - training loss (MAE): 0.5453, validation MSE: 2.8523
2026-06-04 04:54:59 [INFO]: Epoch 026 - training loss (MAE): 0.5429, validation MSE: 2.8519
2026-06-04 04:55:00 [INFO]: Epoch 027 - training loss (MAE): 0.5398, validation MSE: 2.8539
2026-06-04 04:55:02 [INFO]: Epoch 028 - training loss (MAE): 0.5378, validation MSE: 2.8560
2026-06-04 04:55:03 [INFO]: Epoch 029 - training loss (MAE): 0.5345, validation MSE: 2.8594
2026-06-04 04:55:04 [INFO]: Epoch 030 - training loss (MAE): 0.5324, validation MSE: 2.8599
2026-06-04 04:55:06 [INFO]: Epoch 031 - training loss (MAE): 0.5293, validation MSE: 2.8513
2026-06-04 04:55:07 [INFO]: Epoch 032 - training loss (MAE): 0.5285, validation MSE: 2.8426
2026-06-04 04:55:08 [INFO]: Epoch 033 - training loss (MAE): 0.5263, validation MSE: 2.8448
2026-06-04 04:55:09 [INFO]: Epoch 034 - training loss (MAE): 0.5234, validation MSE: 2.8492
2026-06-04 04:55:10 [INFO]: Epoch 035 - training loss (MAE): 0.5219, validation MSE: 2.8494
2026-06-04 04:55:12 [INFO]: Epoch 036 - training loss (MAE): 0.5212, validation MSE: 2.8435
2026-06-04 04:55:13 [INFO]: Epoch 037 - training loss (MAE): 0.5191, validation MSE: 2.8363
2026-06-04 04:55:14 [INFO]: Epoch 038 - training loss (MAE): 0.5164, validation MSE: 2.8446
2026-06-04 04:55:15 [INFO]: Epoch 039 - training loss (MAE): 0.5169, validation MSE: 2.8434
2026-06-04 04:55:16 [INFO]: Epoch 040 - training loss (MAE): 0.5131, validation MSE: 2.8436
2026-06-04 04:55:18 [INFO]: Epoch 041 - training loss (MAE): 0.5116, validation MSE: 2.8331
2026-06-04 04:55:19 [INFO]: Epoch 042 - training loss (MAE): 0.5107, validation MSE: 2.8381
2026-06-04 04:55:20 [INFO]: Epoch 043 - training loss (MAE): 0.5088, validation MSE: 2.8398
2026-06-04 04:55:22 [INFO]: Epoch 044 - training loss (MAE): 0.5085, validation MSE: 2.8363
2026-06-04 04:55:23 [INFO]: Epoch 045 - training loss (MAE): 0.5070, validation MSE: 2.8305
2026-06-04 04:55:24 [INFO]: Epoch 046 - training loss (MAE): 0.5057, validation MSE: 2.8396
2026-06-04 04:55:25 [INFO]: Epoch 047 - training loss (MAE): 0.5048, validation MSE: 2.8293
2026-06-04 04:55:27 [INFO]: Epoch 048 - training loss (MAE): 0.5027, validation MSE: 2.8332
2026-06-04 04:55:28 [INFO]: Epoch 049 - training loss (MAE): 0.5029, validation MSE: 2.8300
2026-06-04 04:55:29 [INFO]: Epoch 050 - training loss (MAE): 0.5016, validation MSE: 2.8283
2026-06-04 04:55:30 [INFO]: Epoch 051 - training loss (MAE): 0.4995, validation MSE: 2.8325
2026-06-04 04:55:31 [INFO]: Epoch 052 - training loss (MAE): 0.4979, validation MSE: 2.8308
2026-06-04 04:55:33 [INFO]: Epoch 053 - training loss (MAE): 0.4970, validation MSE: 2.8277
2026-06-04 04:55:34 [INFO]: Epoch 054 - training loss (MAE): 0.4975, validation MSE: 2.8383
2026-06-04 04:55:36 [INFO]: Epoch 055 - training loss (MAE): 0.4955, validation MSE: 2.8276
2026-06-04 04:55:37 [INFO]: Epoch 056 - training loss (MAE): 0.4945, validation MSE: 2.8298
2026-06-04 04:55:38 [INFO]: Epoch 057 - training loss (MAE): 0.4931, validation MSE: 2.8338
2026-06-04 04:55:39 [INFO]: Epoch 058 - training loss (MAE): 0.4920, validation MSE: 2.8266
2026-06-04 04:55:40 [INFO]: Epoch 059 - training loss (MAE): 0.4931, validation MSE: 2.8307
2026-06-04 04:55:42 [INFO]: Epoch 060 - training loss (MAE): 0.4924, validation MSE: 2.8337
2026-06-04 04:55:42 [INFO]: Finished training. The best model is from epoch#58.
2026-06-04 04:55:42 [INFO]: Saved the model to output/imputation/cuda/paper_campaign/saits/eld/mr0.5/seed42/SAITS.pypots
[34m
████████╗██╗███╗   ███╗███████╗    ███████╗███████╗██████╗ ██╗███████╗███████╗    █████╗ ██╗
╚══██╔══╝██║████╗ ████║██╔════╝    ██╔════╝██╔════╝██╔══██╗██║██╔════╝██╔════╝   ██╔══██╗██║
   ██║   ██║██╔████╔██║█████╗█████╗███████╗█████╗  ██████╔╝██║█████╗  ███████╗   ███████║██║
   ██║   ██║██║╚██╔╝██║██╔══╝╚════╝╚════██║██╔══╝  ██╔══██╗██║██╔══╝  ╚════██║   ██╔══██║██║
   ██║   ██║██║ ╚═╝ ██║███████╗    ███████║███████╗██║  ██║██║███████╗███████║██╗██║  ██║██║
   ╚═╝   ╚═╝╚═╝     ╚═╝╚══════╝    ╚══════╝╚══════╝╚═╝  ╚═╝╚═╝╚══════╝╚══════╝╚═╝╚═╝  ╚═╝╚═╝
ai4ts v0.0.3 - building AI for unified time-series analysis, https://time-series.ai [0m

Use Train GPT: False
Use Lora: False
Use Profiling: False
🚀 Running imputation pipeline for model: saits
✅ Dataset 'eld' with missing rate 0.5 loaded at: /home/Aboya_25R9803/projects/lab/SUN/iPyPOTS/datasets/rate_0.5
🚀 Starting SAITS training pipeline...
[SAITS] Testing —— MAE: 1.2787| MSE: 3.6066| RMSE: 1.8991| MRE: 0.6847| 
📊 Metrics saved to: output/imputation/cuda/paper_campaign/saits/eld/mr0.5/seed42/metrics/saits_metrics.json
