2026-06-04 05:37:37 [INFO]: Have set the random seed as 123 for numpy and pytorch.
2026-06-04 05:37:37 [INFO]: You're using dataset electricity_load_diagrams, please cite it properly in your work. You can find its reference information at the below link: 
https://github.com/WenjieDu/TSDB/tree/main/dataset_profiles/electricity_load_diagrams
2026-06-04 05:37:37 [INFO]: Dataset electricity_load_diagrams has already been downloaded. Processing directly...
2026-06-04 05:37:37 [INFO]: Dataset electricity_load_diagrams has already been cached. Loading from cache directly...
2026-06-04 05:37:37 [INFO]: Loaded successfully!
2026-06-04 05:37:37 [INFO]: months selected as test set are <PeriodArray>
['2011-01', '2011-02', '2011-03', '2011-04', '2011-05', '2011-06', '2011-07',
 '2011-08', '2011-09', '2011-10']
Length: 10, dtype: period[M]
2026-06-04 05:37:37 [INFO]: months selected as val set are <PeriodArray>
['2011-11', '2011-12', '2012-01', '2012-02', '2012-03', '2012-04', '2012-05',
 '2012-06', '2012-07', '2012-08']
Length: 10, dtype: period[M]
2026-06-04 05:37:37 [INFO]: months selected as train set are <PeriodArray>
['2012-09', '2012-10', '2012-11', '2012-12', '2013-01', '2013-02', '2013-03',
 '2013-04', '2013-05', '2013-06', '2013-07', '2013-08', '2013-09', '2013-10',
 '2013-11', '2013-12', '2014-01', '2014-02', '2014-03', '2014-04', '2014-05',
 '2014-06', '2014-07', '2014-08', '2014-09', '2014-10', '2014-11', '2014-12',
 '2015-01']
Length: 29, dtype: period[M]
2026-06-04 05:37:39 [INFO]: Total sample number: 5843
2026-06-04 05:37:39 [INFO]: Training set size: 3408 (58.33%)
2026-06-04 05:37:39 [INFO]: Validation set size: 1220 (20.88%)
2026-06-04 05:37:39 [INFO]: Test set size: 1215 (20.79%)
2026-06-04 05:37:39 [INFO]: Number of steps: 24
2026-06-04 05:37:39 [INFO]: Number of features: 370
2026-06-04 05:37:39 [INFO]: Train set missing rate: 30.00%
2026-06-04 05:37:39 [INFO]: Validating set missing rate: 30.01%
2026-06-04 05:37:39 [INFO]: Test set missing rate: 30.02%
2026-06-04 05:37:40 [INFO]: 🔥🔥🔥🔥🔥🔥🔥🔥🔥🔥Using device list: ['cuda:0']
2026-06-04 05:37:40 [INFO]: 🔥🔥🔥🔥🔥🔥🔥🔥🔥🔥Using the given device: cuda:0
2026-06-04 05:37:40 [INFO]: Model files will be saved to output/imputation/cuda/paper_campaign/tslanet/eld/mr0.3/seed123
2026-06-04 05:37:40 [INFO]: Tensorboard file will be saved to output/imputation/cuda/paper_campaign/tslanet/eld/mr0.3/seed123/tensorboard
2026-06-04 05:37:40 [INFO]: Model placed on cuda:0
2026-06-04 05:37:40 [INFO]: TSLANet initialized with the given hyperparameters.
 ├─ Total parameters: 130,266
 ├─ Trainable parameters: 130,266
 └─ Trainable ratio: 100.00%
2026-06-04 05:37:46 [INFO]: Epoch 001 - training loss (default): 0.1371, validation loss: 0.4709
2026-06-04 05:37:52 [INFO]: Epoch 002 - training loss (default): 0.0678, validation loss: 0.3657
2026-06-04 05:37:57 [INFO]: Epoch 003 - training loss (default): 0.0449, validation loss: 0.2851
2026-06-04 05:38:03 [INFO]: Epoch 004 - training loss (default): 0.0348, validation loss: 0.2533
2026-06-04 05:38:09 [INFO]: Epoch 005 - training loss (default): 0.0295, validation loss: 0.2310
2026-06-04 05:38:15 [INFO]: Epoch 006 - training loss (default): 0.0260, validation loss: 0.2011
2026-06-04 05:38:21 [INFO]: Epoch 007 - training loss (default): 0.0230, validation loss: 0.1984
2026-06-04 05:38:27 [INFO]: Epoch 008 - training loss (default): 0.0207, validation loss: 0.1686
2026-06-04 05:38:33 [INFO]: Epoch 009 - training loss (default): 0.0188, validation loss: 0.1527
2026-06-04 05:38:39 [INFO]: Epoch 010 - training loss (default): 0.0170, validation loss: 0.1396
2026-06-04 05:38:45 [INFO]: Epoch 011 - training loss (default): 0.0155, validation loss: 0.1197
2026-06-04 05:38:51 [INFO]: Epoch 012 - training loss (default): 0.0141, validation loss: 0.1185
2026-06-04 05:38:57 [INFO]: Epoch 013 - training loss (default): 0.0128, validation loss: 0.1049
2026-06-04 05:39:03 [INFO]: Epoch 014 - training loss (default): 0.0117, validation loss: 0.0934
2026-06-04 05:39:09 [INFO]: Epoch 015 - training loss (default): 0.0107, validation loss: 0.0867
2026-06-04 05:39:15 [INFO]: Epoch 016 - training loss (default): 0.0097, validation loss: 0.0829
2026-06-04 05:39:20 [INFO]: Epoch 017 - training loss (default): 0.0089, validation loss: 0.0685
2026-06-04 05:39:26 [INFO]: Epoch 018 - training loss (default): 0.0081, validation loss: 0.0623
2026-06-04 05:39:31 [INFO]: Epoch 019 - training loss (default): 0.0074, validation loss: 0.0574
2026-06-04 05:39:36 [INFO]: Epoch 020 - training loss (default): 0.0068, validation loss: 0.0531
2026-06-04 05:39:41 [INFO]: Epoch 021 - training loss (default): 0.0062, validation loss: 0.0499
2026-06-04 05:39:46 [INFO]: Epoch 022 - training loss (default): 0.0057, validation loss: 0.0433
2026-06-04 05:39:51 [INFO]: Epoch 023 - training loss (default): 0.0052, validation loss: 0.0385
2026-06-04 05:39:57 [INFO]: Epoch 024 - training loss (default): 0.0047, validation loss: 0.0363
2026-06-04 05:40:02 [INFO]: Epoch 025 - training loss (default): 0.0043, validation loss: 0.0323
2026-06-04 05:40:05 [INFO]: Epoch 026 - training loss (default): 0.0040, validation loss: 0.0302
2026-06-04 05:40:09 [INFO]: Epoch 027 - training loss (default): 0.0036, validation loss: 0.0261
2026-06-04 05:40:14 [INFO]: Epoch 028 - training loss (default): 0.0033, validation loss: 0.0252
2026-06-04 05:40:20 [INFO]: Epoch 029 - training loss (default): 0.0030, validation loss: 0.0229
2026-06-04 05:40:26 [INFO]: Epoch 030 - training loss (default): 0.0028, validation loss: 0.0187
2026-06-04 05:40:32 [INFO]: Epoch 031 - training loss (default): 0.0025, validation loss: 0.0181
2026-06-04 05:40:37 [INFO]: Epoch 032 - training loss (default): 0.0023, validation loss: 0.0163
2026-06-04 05:40:43 [INFO]: Epoch 033 - training loss (default): 0.0021, validation loss: 0.0153
2026-06-04 05:40:48 [INFO]: Epoch 034 - training loss (default): 0.0019, validation loss: 0.0142
2026-06-04 05:40:53 [INFO]: Epoch 035 - training loss (default): 0.0018, validation loss: 0.0124
2026-06-04 05:40:58 [INFO]: Epoch 036 - training loss (default): 0.0016, validation loss: 0.0114
2026-06-04 05:41:03 [INFO]: Epoch 037 - training loss (default): 0.0015, validation loss: 0.0106
2026-06-04 05:41:08 [INFO]: Epoch 038 - training loss (default): 0.0013, validation loss: 0.0089
2026-06-04 05:41:13 [INFO]: Epoch 039 - training loss (default): 0.0012, validation loss: 0.0083
2026-06-04 05:41:19 [INFO]: Epoch 040 - training loss (default): 0.0011, validation loss: 0.0073
2026-06-04 05:41:24 [INFO]: Epoch 041 - training loss (default): 0.0010, validation loss: 0.0065
2026-06-04 05:41:30 [INFO]: Epoch 042 - training loss (default): 0.0009, validation loss: 0.0060
2026-06-04 05:41:36 [INFO]: Epoch 043 - training loss (default): 0.0008, validation loss: 0.0053
2026-06-04 05:41:42 [INFO]: Epoch 044 - training loss (default): 0.0008, validation loss: 0.0050
2026-06-04 05:41:48 [INFO]: Epoch 045 - training loss (default): 0.0007, validation loss: 0.0044
2026-06-04 05:41:54 [INFO]: Epoch 046 - training loss (default): 0.0006, validation loss: 0.0042
2026-06-04 05:42:00 [INFO]: Epoch 047 - training loss (default): 0.0006, validation loss: 0.0038
2026-06-04 05:42:06 [INFO]: Epoch 048 - training loss (default): 0.0005, validation loss: 0.0033
2026-06-04 05:42:12 [INFO]: Epoch 049 - training loss (default): 0.0005, validation loss: 0.0029
2026-06-04 05:42:18 [INFO]: Epoch 050 - training loss (default): 0.0004, validation loss: 0.0028
2026-06-04 05:42:24 [INFO]: Epoch 051 - training loss (default): 0.0004, validation loss: 0.0024
2026-06-04 05:42:30 [INFO]: Epoch 052 - training loss (default): 0.0004, validation loss: 0.0020
2026-06-04 05:42:36 [INFO]: Epoch 053 - training loss (default): 0.0003, validation loss: 0.0019
2026-06-04 05:42:42 [INFO]: Epoch 054 - training loss (default): 0.0003, validation loss: 0.0017
2026-06-04 05:42:48 [INFO]: Epoch 055 - training loss (default): 0.0003, validation loss: 0.0016
2026-06-04 05:42:54 [INFO]: Epoch 056 - training loss (default): 0.0003, validation loss: 0.0014
2026-06-04 05:42:59 [INFO]: Epoch 057 - training loss (default): 0.0002, validation loss: 0.0013
2026-06-04 05:43:04 [INFO]: Epoch 058 - training loss (default): 0.0002, validation loss: 0.0011
2026-06-04 05:43:09 [INFO]: Epoch 059 - training loss (default): 0.0002, validation loss: 0.0009
2026-06-04 05:43:15 [INFO]: Epoch 060 - training loss (default): 0.0002, validation loss: 0.0008
2026-06-04 05:43:15 [INFO]: Finished training. The best model is from epoch#60.
2026-06-04 05:43:15 [INFO]: Saved the model to output/imputation/cuda/paper_campaign/tslanet/eld/mr0.3/seed123/TSLANet.pypots
[34m
████████╗██╗███╗   ███╗███████╗    ███████╗███████╗██████╗ ██╗███████╗███████╗    █████╗ ██╗
╚══██╔══╝██║████╗ ████║██╔════╝    ██╔════╝██╔════╝██╔══██╗██║██╔════╝██╔════╝   ██╔══██╗██║
   ██║   ██║██╔████╔██║█████╗█████╗███████╗█████╗  ██████╔╝██║█████╗  ███████╗   ███████║██║
   ██║   ██║██║╚██╔╝██║██╔══╝╚════╝╚════██║██╔══╝  ██╔══██╗██║██╔══╝  ╚════██║   ██╔══██║██║
   ██║   ██║██║ ╚═╝ ██║███████╗    ███████║███████╗██║  ██║██║███████╗███████║██╗██║  ██║██║
   ╚═╝   ╚═╝╚═╝     ╚═╝╚══════╝    ╚══════╝╚══════╝╚═╝  ╚═╝╚═╝╚══════╝╚══════╝╚═╝╚═╝  ╚═╝╚═╝
ai4ts v0.0.3 - building AI for unified time-series analysis, https://time-series.ai [0m

Use Train GPT: False
Use Lora: False
Use Profiling: False
🚀 Running imputation pipeline for model: tslanet
✅ Dataset 'eld' with missing rate 0.3 loaded at: /home/Aboya_25R9803/projects/lab/SUN/iPyPOTS/datasets/rate_0.3
🚀 Starting TSLANet training pipeline...
[TSLANet] Testing —— MAE: 1.8645| MSE: 5.8678| RMSE: 2.4224| MRE: 0.9984| 
📊 Metrics saved to: output/imputation/cuda/paper_campaign/tslanet/eld/mr0.3/seed123/metrics/tslanet_metrics.json
