2026-06-04 04:47:40 [INFO]: Have set the random seed as 123 for numpy and pytorch.
2026-06-04 04:47:40 [INFO]: You're using dataset electricity_transformer_temperature, please cite it properly in your work. You can find its reference information at the below link: 
https://github.com/WenjieDu/TSDB/tree/main/dataset_profiles/electricity_transformer_temperature
2026-06-04 04:47:40 [INFO]: Dataset electricity_transformer_temperature has already been downloaded. Processing directly...
2026-06-04 04:47:40 [INFO]: Dataset electricity_transformer_temperature has already been cached. Loading from cache directly...
2026-06-04 04:47:40 [INFO]: Loaded successfully!
2026-06-04 04:47:40 [INFO]: months selected as train set are <PeriodArray>
['2016-07', '2016-08', '2016-09', '2016-10', '2016-11', '2016-12', '2017-01',
 '2017-02', '2017-03', '2017-04', '2017-05', '2017-06', '2017-07', '2017-08']
Length: 14, dtype: period[M]
2026-06-04 04:47:40 [INFO]: months selected as val set are <PeriodArray>
['2017-09', '2017-10', '2017-11', '2017-12', '2018-01']
Length: 5, dtype: period[M]
2026-06-04 04:47:40 [INFO]: months selected as test set are <PeriodArray>
['2018-02', '2018-03', '2018-04', '2018-05', '2018-06']
Length: 5, dtype: period[M]
2026-06-04 04:47:40 [INFO]: Total sample number: 725
2026-06-04 04:47:40 [INFO]: Training set size: 427 (58.90%)
2026-06-04 04:47:40 [INFO]: Validation set size: 153 (21.10%)
2026-06-04 04:47:40 [INFO]: Test set size: 145 (20.00%)
2026-06-04 04:47:40 [INFO]: Number of steps: 96
2026-06-04 04:47:40 [INFO]: Number of features: 7
2026-06-04 04:47:40 [INFO]: Train set missing rate: 30.02%
2026-06-04 04:47:40 [INFO]: Validating set missing rate: 30.22%
2026-06-04 04:47:40 [INFO]: Test set missing rate: 29.89%
2026-06-04 04:47:40 [INFO]: 🔥🔥🔥🔥🔥🔥🔥🔥🔥🔥Using device list: ['cuda:0']
2026-06-04 04:47:40 [INFO]: 🔥🔥🔥🔥🔥🔥🔥🔥🔥🔥Using the given device: cuda:0
2026-06-04 04:47:41 [INFO]: Model files will be saved to output/imputation/cuda/paper_campaign/tefn/ettm1/mr0.3/seed123
2026-06-04 04:47:41 [INFO]: Tensorboard file will be saved to output/imputation/cuda/paper_campaign/tefn/ettm1/mr0.3/seed123/tensorboard
2026-06-04 04:47:41 [INFO]: Using customized MAE as the training loss function.
2026-06-04 04:47:41 [INFO]: Using customized MSE as the validation metric function.
2026-06-04 04:47:41 [INFO]: Model placed on cuda:0
2026-06-04 04:47:41 [INFO]: TEFN initialized with the given hyperparameters.
 ├─ Total parameters: 3,401
 ├─ Trainable parameters: 3,401
 └─ Trainable ratio: 100.00%
2026-06-04 04:47:41 [INFO]: Epoch 001 - training loss (MAE): 8.3440, validation MSE: 31.4910
2026-06-04 04:47:41 [INFO]: Epoch 002 - training loss (MAE): 8.2476, validation MSE: 30.6735
2026-06-04 04:47:41 [INFO]: Epoch 003 - training loss (MAE): 8.1678, validation MSE: 29.8797
2026-06-04 04:47:41 [INFO]: Epoch 004 - training loss (MAE): 8.0488, validation MSE: 29.1118
2026-06-04 04:47:42 [INFO]: Epoch 005 - training loss (MAE): 7.9368, validation MSE: 28.3716
2026-06-04 04:47:42 [INFO]: Epoch 006 - training loss (MAE): 7.8504, validation MSE: 27.6584
2026-06-04 04:47:42 [INFO]: Epoch 007 - training loss (MAE): 7.7475, validation MSE: 26.9721
2026-06-04 04:47:42 [INFO]: Epoch 008 - training loss (MAE): 7.7035, validation MSE: 26.3112
2026-06-04 04:47:42 [INFO]: Epoch 009 - training loss (MAE): 7.5767, validation MSE: 25.6737
2026-06-04 04:47:42 [INFO]: Epoch 010 - training loss (MAE): 7.5111, validation MSE: 25.0579
2026-06-04 04:47:42 [INFO]: Epoch 011 - training loss (MAE): 7.4020, validation MSE: 24.4615
2026-06-04 04:47:42 [INFO]: Epoch 012 - training loss (MAE): 7.3251, validation MSE: 23.8840
2026-06-04 04:47:42 [INFO]: Epoch 013 - training loss (MAE): 7.2531, validation MSE: 23.3250
2026-06-04 04:47:42 [INFO]: Epoch 014 - training loss (MAE): 7.1696, validation MSE: 22.7840
2026-06-04 04:47:42 [INFO]: Epoch 015 - training loss (MAE): 7.0755, validation MSE: 22.2608
2026-06-04 04:47:42 [INFO]: Epoch 016 - training loss (MAE): 7.0026, validation MSE: 21.7554
2026-06-04 04:47:42 [INFO]: Epoch 017 - training loss (MAE): 6.9472, validation MSE: 21.2651
2026-06-04 04:47:43 [INFO]: Epoch 018 - training loss (MAE): 6.8442, validation MSE: 20.7902
2026-06-04 04:47:43 [INFO]: Epoch 019 - training loss (MAE): 6.7392, validation MSE: 20.3305
2026-06-04 04:47:43 [INFO]: Epoch 020 - training loss (MAE): 6.6883, validation MSE: 19.8846
2026-06-04 04:47:43 [INFO]: Epoch 021 - training loss (MAE): 6.6178, validation MSE: 19.4500
2026-06-04 04:47:43 [INFO]: Epoch 022 - training loss (MAE): 6.5396, validation MSE: 19.0258
2026-06-04 04:47:43 [INFO]: Epoch 023 - training loss (MAE): 6.4747, validation MSE: 18.6108
2026-06-04 04:47:43 [INFO]: Epoch 024 - training loss (MAE): 6.3953, validation MSE: 18.2064
2026-06-04 04:47:43 [INFO]: Epoch 025 - training loss (MAE): 6.3235, validation MSE: 17.8119
2026-06-04 04:47:43 [INFO]: Epoch 026 - training loss (MAE): 6.2353, validation MSE: 17.4267
2026-06-04 04:47:43 [INFO]: Epoch 027 - training loss (MAE): 6.1903, validation MSE: 17.0499
2026-06-04 04:47:43 [INFO]: Epoch 028 - training loss (MAE): 6.1037, validation MSE: 16.6812
2026-06-04 04:47:43 [INFO]: Epoch 029 - training loss (MAE): 6.0431, validation MSE: 16.3213
2026-06-04 04:47:43 [INFO]: Epoch 030 - training loss (MAE): 5.9516, validation MSE: 15.9688
2026-06-04 04:47:43 [INFO]: Epoch 031 - training loss (MAE): 5.8902, validation MSE: 15.6231
2026-06-04 04:47:43 [INFO]: Epoch 032 - training loss (MAE): 5.8072, validation MSE: 15.2841
2026-06-04 04:47:43 [INFO]: Epoch 033 - training loss (MAE): 5.7560, validation MSE: 14.9505
2026-06-04 04:47:44 [INFO]: Epoch 034 - training loss (MAE): 5.6869, validation MSE: 14.6226
2026-06-04 04:47:44 [INFO]: Epoch 035 - training loss (MAE): 5.6008, validation MSE: 14.3000
2026-06-04 04:47:44 [INFO]: Epoch 036 - training loss (MAE): 5.5449, validation MSE: 13.9837
2026-06-04 04:47:44 [INFO]: Epoch 037 - training loss (MAE): 5.4723, validation MSE: 13.6726
2026-06-04 04:47:44 [INFO]: Epoch 038 - training loss (MAE): 5.4155, validation MSE: 13.3664
2026-06-04 04:47:44 [INFO]: Epoch 039 - training loss (MAE): 5.3351, validation MSE: 13.0650
2026-06-04 04:47:44 [INFO]: Epoch 040 - training loss (MAE): 5.2591, validation MSE: 12.7674
2026-06-04 04:47:44 [INFO]: Epoch 041 - training loss (MAE): 5.1974, validation MSE: 12.4746
2026-06-04 04:47:44 [INFO]: Epoch 042 - training loss (MAE): 5.1208, validation MSE: 12.1865
2026-06-04 04:47:44 [INFO]: Epoch 043 - training loss (MAE): 5.0466, validation MSE: 11.9026
2026-06-04 04:47:44 [INFO]: Epoch 044 - training loss (MAE): 4.9871, validation MSE: 11.6232
2026-06-04 04:47:44 [INFO]: Epoch 045 - training loss (MAE): 4.9183, validation MSE: 11.3485
2026-06-04 04:47:44 [INFO]: Epoch 046 - training loss (MAE): 4.8554, validation MSE: 11.0789
2026-06-04 04:47:44 [INFO]: Epoch 047 - training loss (MAE): 4.7702, validation MSE: 10.8137
2026-06-04 04:47:44 [INFO]: Epoch 048 - training loss (MAE): 4.7163, validation MSE: 10.5534
2026-06-04 04:47:44 [INFO]: Epoch 049 - training loss (MAE): 4.6484, validation MSE: 10.2982
2026-06-04 04:47:44 [INFO]: Epoch 050 - training loss (MAE): 4.5897, validation MSE: 10.0479
2026-06-04 04:47:44 [INFO]: Epoch 051 - training loss (MAE): 4.5161, validation MSE: 9.8029
2026-06-04 04:47:44 [INFO]: Epoch 052 - training loss (MAE): 4.4439, validation MSE: 9.5633
2026-06-04 04:47:45 [INFO]: Epoch 053 - training loss (MAE): 4.3814, validation MSE: 9.3290
2026-06-04 04:47:45 [INFO]: Epoch 054 - training loss (MAE): 4.3209, validation MSE: 9.1003
2026-06-04 04:47:45 [INFO]: Epoch 055 - training loss (MAE): 4.2507, validation MSE: 8.8771
2026-06-04 04:47:45 [INFO]: Epoch 056 - training loss (MAE): 4.1961, validation MSE: 8.6591
2026-06-04 04:47:45 [INFO]: Epoch 057 - training loss (MAE): 4.1228, validation MSE: 8.4460
2026-06-04 04:47:45 [INFO]: Epoch 058 - training loss (MAE): 4.0538, validation MSE: 8.2393
2026-06-04 04:47:45 [INFO]: Epoch 059 - training loss (MAE): 4.0021, validation MSE: 8.0385
2026-06-04 04:47:45 [INFO]: Epoch 060 - training loss (MAE): 3.9402, validation MSE: 7.8438
2026-06-04 04:47:45 [INFO]: Finished training. The best model is from epoch#60.
2026-06-04 04:47:45 [INFO]: Saved the model to output/imputation/cuda/paper_campaign/tefn/ettm1/mr0.3/seed123/TEFN.pypots
[34m
████████╗██╗███╗   ███╗███████╗    ███████╗███████╗██████╗ ██╗███████╗███████╗    █████╗ ██╗
╚══██╔══╝██║████╗ ████║██╔════╝    ██╔════╝██╔════╝██╔══██╗██║██╔════╝██╔════╝   ██╔══██╗██║
   ██║   ██║██╔████╔██║█████╗█████╗███████╗█████╗  ██████╔╝██║█████╗  ███████╗   ███████║██║
   ██║   ██║██║╚██╔╝██║██╔══╝╚════╝╚════██║██╔══╝  ██╔══██╗██║██╔══╝  ╚════██║   ██╔══██║██║
   ██║   ██║██║ ╚═╝ ██║███████╗    ███████║███████╗██║  ██║██║███████╗███████║██╗██║  ██║██║
   ╚═╝   ╚═╝╚═╝     ╚═╝╚══════╝    ╚══════╝╚══════╝╚═╝  ╚═╝╚═╝╚══════╝╚══════╝╚═╝╚═╝  ╚═╝╚═╝
ai4ts v0.0.3 - building AI for unified time-series analysis, https://time-series.ai [0m

Use Train GPT: False
Use Lora: False
Use Profiling: False
🚀 Running imputation pipeline for model: tefn
✅ Dataset 'ettm1' with missing rate 0.3 loaded at: /home/Aboya_25R9803/projects/lab/SUN/iPyPOTS/datasets/rate_0.3
🚀 Starting TEFN training pipeline...
[TEFN] Testing —— MAE: 2.0557| MSE: 8.1698| RMSE: 2.8583| MRE: 2.4139| 
📊 Metrics saved to: output/imputation/cuda/paper_campaign/tefn/ettm1/mr0.3/seed123/metrics/tefn_metrics.json
