2026-06-04 06:07:48 [INFO]: Have set the random seed as 456 for numpy and pytorch.
2026-06-04 06:07:48 [INFO]: You're using dataset solar_alabama, please cite it properly in your work. You can find its reference information at the below link: 
https://github.com/WenjieDu/TSDB/tree/main/dataset_profiles/solar_alabama
2026-06-04 06:07:48 [INFO]: Dataset solar_alabama has already been downloaded. Processing directly...
2026-06-04 06:07:48 [INFO]: Dataset solar_alabama has already been cached. Loading from cache directly...
2026-06-04 06:07:48 [INFO]: Loaded successfully!
2026-06-04 06:07:48 [INFO]: months selected as train set are <PeriodArray>
['2006-01', '2006-02', '2006-03', '2006-04', '2006-05', '2006-06']
Length: 6, dtype: period[M]
2026-06-04 06:07:48 [INFO]: months selected as val set are <PeriodArray>
['2006-07', '2006-08', '2006-09']
Length: 3, dtype: period[M]
2026-06-04 06:07:48 [INFO]: months selected as test set are <PeriodArray>
['2006-10', '2006-11', '2006-12']
Length: 3, dtype: period[M]
2026-06-04 06:07:48 [INFO]: Total sample number: 2190
2026-06-04 06:07:48 [INFO]: Training set size: 1086 (49.59%)
2026-06-04 06:07:48 [INFO]: Validation set size: 552 (25.21%)
2026-06-04 06:07:48 [INFO]: Test set size: 552 (25.21%)
2026-06-04 06:07:48 [INFO]: Number of steps: 24
2026-06-04 06:07:48 [INFO]: Number of features: 137
2026-06-04 06:07:48 [INFO]: Train set missing rate: 9.97%
2026-06-04 06:07:48 [INFO]: Validating set missing rate: 10.02%
2026-06-04 06:07:48 [INFO]: Test set missing rate: 10.01%
2026-06-04 06:07:48 [INFO]: 🔥🔥🔥🔥🔥🔥🔥🔥🔥🔥Using device list: ['cuda:0']
2026-06-04 06:07:48 [INFO]: 🔥🔥🔥🔥🔥🔥🔥🔥🔥🔥Using the given device: cuda:0
2026-06-04 06:07:49 [INFO]: Model files will be saved to output/imputation/cuda/paper_campaign/tefn/solar/mr0.1/seed456
2026-06-04 06:07:49 [INFO]: Tensorboard file will be saved to output/imputation/cuda/paper_campaign/tefn/solar/mr0.1/seed456/tensorboard
2026-06-04 06:07:49 [INFO]: Using customized MAE as the training loss function.
2026-06-04 06:07:49 [INFO]: Using customized MSE as the validation metric function.
2026-06-04 06:07:49 [INFO]: Model placed on cuda:0
2026-06-04 06:07:49 [INFO]: TEFN initialized with the given hyperparameters.
 ├─ Total parameters: 42,827
 ├─ Trainable parameters: 42,827
 └─ Trainable ratio: 100.00%
2026-06-04 06:07:50 [INFO]: Epoch 001 - training loss (MAE): 8.6954, validation MSE: 23.8896
2026-06-04 06:07:50 [INFO]: Epoch 002 - training loss (MAE): 7.5620, validation MSE: 22.6620
2026-06-04 06:07:50 [INFO]: Epoch 003 - training loss (MAE): 7.0673, validation MSE: 22.9600
2026-06-04 06:07:50 [INFO]: Epoch 004 - training loss (MAE): 6.7946, validation MSE: 22.1223
2026-06-04 06:07:50 [INFO]: Epoch 005 - training loss (MAE): 6.4985, validation MSE: 20.5604
2026-06-04 06:07:51 [INFO]: Epoch 006 - training loss (MAE): 6.2476, validation MSE: 19.1603
2026-06-04 06:07:51 [INFO]: Epoch 007 - training loss (MAE): 6.0016, validation MSE: 17.8093
2026-06-04 06:07:51 [INFO]: Epoch 008 - training loss (MAE): 5.7369, validation MSE: 16.5987
2026-06-04 06:07:51 [INFO]: Epoch 009 - training loss (MAE): 5.5450, validation MSE: 15.5386
2026-06-04 06:07:52 [INFO]: Epoch 010 - training loss (MAE): 5.2923, validation MSE: 14.4986
2026-06-04 06:07:52 [INFO]: Epoch 011 - training loss (MAE): 5.0841, validation MSE: 13.5263
2026-06-04 06:07:52 [INFO]: Epoch 012 - training loss (MAE): 4.8937, validation MSE: 12.6855
2026-06-04 06:07:52 [INFO]: Epoch 013 - training loss (MAE): 4.6672, validation MSE: 11.9266
2026-06-04 06:07:52 [INFO]: Epoch 014 - training loss (MAE): 4.4818, validation MSE: 11.1785
2026-06-04 06:07:53 [INFO]: Epoch 015 - training loss (MAE): 4.2879, validation MSE: 10.4168
2026-06-04 06:07:53 [INFO]: Epoch 016 - training loss (MAE): 4.0954, validation MSE: 9.7299
2026-06-04 06:07:53 [INFO]: Epoch 017 - training loss (MAE): 3.9274, validation MSE: 9.0911
2026-06-04 06:07:53 [INFO]: Epoch 018 - training loss (MAE): 3.7237, validation MSE: 8.4960
2026-06-04 06:07:53 [INFO]: Epoch 019 - training loss (MAE): 3.5733, validation MSE: 7.9448
2026-06-04 06:07:54 [INFO]: Epoch 020 - training loss (MAE): 3.3846, validation MSE: 7.4394
2026-06-04 06:07:54 [INFO]: Epoch 021 - training loss (MAE): 3.2237, validation MSE: 6.9503
2026-06-04 06:07:54 [INFO]: Epoch 022 - training loss (MAE): 3.0821, validation MSE: 6.5370
2026-06-04 06:07:54 [INFO]: Epoch 023 - training loss (MAE): 2.9236, validation MSE: 6.1543
2026-06-04 06:07:55 [INFO]: Epoch 024 - training loss (MAE): 2.7747, validation MSE: 5.7729
2026-06-04 06:07:55 [INFO]: Epoch 025 - training loss (MAE): 2.6408, validation MSE: 5.4804
2026-06-04 06:07:55 [INFO]: Epoch 026 - training loss (MAE): 2.4972, validation MSE: 5.1827
2026-06-04 06:07:55 [INFO]: Epoch 027 - training loss (MAE): 2.3733, validation MSE: 4.8705
2026-06-04 06:07:55 [INFO]: Epoch 028 - training loss (MAE): 2.2603, validation MSE: 4.5698
2026-06-04 06:07:56 [INFO]: Epoch 029 - training loss (MAE): 2.1414, validation MSE: 4.2853
2026-06-04 06:07:56 [INFO]: Epoch 030 - training loss (MAE): 2.0492, validation MSE: 4.0131
2026-06-04 06:07:56 [INFO]: Epoch 031 - training loss (MAE): 1.9472, validation MSE: 3.7378
2026-06-04 06:07:56 [INFO]: Epoch 032 - training loss (MAE): 1.8599, validation MSE: 3.5046
2026-06-04 06:07:56 [INFO]: Epoch 033 - training loss (MAE): 1.7626, validation MSE: 3.2898
2026-06-04 06:07:57 [INFO]: Epoch 034 - training loss (MAE): 1.6749, validation MSE: 3.0913
2026-06-04 06:07:57 [INFO]: Epoch 035 - training loss (MAE): 1.5881, validation MSE: 2.9166
2026-06-04 06:07:57 [INFO]: Epoch 036 - training loss (MAE): 1.5202, validation MSE: 2.7360
2026-06-04 06:07:57 [INFO]: Epoch 037 - training loss (MAE): 1.4639, validation MSE: 2.6075
2026-06-04 06:07:57 [INFO]: Epoch 038 - training loss (MAE): 1.3768, validation MSE: 2.4636
2026-06-04 06:07:58 [INFO]: Epoch 039 - training loss (MAE): 1.3129, validation MSE: 2.3508
2026-06-04 06:07:58 [INFO]: Epoch 040 - training loss (MAE): 1.2613, validation MSE: 2.2085
2026-06-04 06:07:58 [INFO]: Epoch 041 - training loss (MAE): 1.2053, validation MSE: 2.1151
2026-06-04 06:07:58 [INFO]: Epoch 042 - training loss (MAE): 1.1491, validation MSE: 1.9793
2026-06-04 06:07:58 [INFO]: Epoch 043 - training loss (MAE): 1.1021, validation MSE: 1.8893
2026-06-04 06:07:59 [INFO]: Epoch 044 - training loss (MAE): 1.0549, validation MSE: 1.7683
2026-06-04 06:07:59 [INFO]: Epoch 045 - training loss (MAE): 1.0049, validation MSE: 1.7004
2026-06-04 06:07:59 [INFO]: Epoch 046 - training loss (MAE): 0.9574, validation MSE: 1.6329
2026-06-04 06:07:59 [INFO]: Epoch 047 - training loss (MAE): 0.9135, validation MSE: 1.5088
2026-06-04 06:07:59 [INFO]: Epoch 048 - training loss (MAE): 0.8905, validation MSE: 1.4833
2026-06-04 06:08:00 [INFO]: Epoch 049 - training loss (MAE): 0.8539, validation MSE: 1.3954
2026-06-04 06:08:00 [INFO]: Epoch 050 - training loss (MAE): 0.8231, validation MSE: 1.3307
2026-06-04 06:08:00 [INFO]: Epoch 051 - training loss (MAE): 0.7918, validation MSE: 1.2823
2026-06-04 06:08:00 [INFO]: Epoch 052 - training loss (MAE): 0.7623, validation MSE: 1.2039
2026-06-04 06:08:00 [INFO]: Epoch 053 - training loss (MAE): 0.7185, validation MSE: 1.1612
2026-06-04 06:08:01 [INFO]: Epoch 054 - training loss (MAE): 0.7017, validation MSE: 1.1137
2026-06-04 06:08:01 [INFO]: Epoch 055 - training loss (MAE): 0.6797, validation MSE: 1.0593
2026-06-04 06:08:01 [INFO]: Epoch 056 - training loss (MAE): 0.6517, validation MSE: 1.0086
2026-06-04 06:08:01 [INFO]: Epoch 057 - training loss (MAE): 0.6358, validation MSE: 0.9803
2026-06-04 06:08:01 [INFO]: Epoch 058 - training loss (MAE): 0.6059, validation MSE: 0.9563
2026-06-04 06:08:02 [INFO]: Epoch 059 - training loss (MAE): 0.5790, validation MSE: 0.9294
2026-06-04 06:08:02 [INFO]: Epoch 060 - training loss (MAE): 0.5696, validation MSE: 0.8849
2026-06-04 06:08:02 [INFO]: Finished training. The best model is from epoch#60.
2026-06-04 06:08:02 [INFO]: Saved the model to output/imputation/cuda/paper_campaign/tefn/solar/mr0.1/seed456/TEFN.pypots
[34m
████████╗██╗███╗   ███╗███████╗    ███████╗███████╗██████╗ ██╗███████╗███████╗    █████╗ ██╗
╚══██╔══╝██║████╗ ████║██╔════╝    ██╔════╝██╔════╝██╔══██╗██║██╔════╝██╔════╝   ██╔══██╗██║
   ██║   ██║██╔████╔██║█████╗█████╗███████╗█████╗  ██████╔╝██║█████╗  ███████╗   ███████║██║
   ██║   ██║██║╚██╔╝██║██╔══╝╚════╝╚════██║██╔══╝  ██╔══██╗██║██╔══╝  ╚════██║   ██╔══██║██║
   ██║   ██║██║ ╚═╝ ██║███████╗    ███████║███████╗██║  ██║██║███████╗███████║██╗██║  ██║██║
   ╚═╝   ╚═╝╚═╝     ╚═╝╚══════╝    ╚══════╝╚══════╝╚═╝  ╚═╝╚═╝╚══════╝╚══════╝╚═╝╚═╝  ╚═╝╚═╝
ai4ts v0.0.3 - building AI for unified time-series analysis, https://time-series.ai [0m

Use Train GPT: False
Use Lora: False
Use Profiling: False
🚀 Running imputation pipeline for model: tefn
✅ Dataset 'solar' with missing rate 0.1 loaded at: /home/Aboya_25R9803/projects/lab/SUN/iPyPOTS/datasets/rate_0.1
🚀 Starting TEFN training pipeline...
[TEFN] Testing —— MAE: 0.6403| MSE: 0.8313| RMSE: 0.9117| MRE: 0.8266| 
📊 Metrics saved to: output/imputation/cuda/paper_campaign/tefn/solar/mr0.1/seed456/metrics/tefn_metrics.json
