2026-06-04 04:46:21 [INFO]: Have set the random seed as 42 for numpy and pytorch.
2026-06-04 04:46:23 [INFO]: 🔥🔥🔥🔥🔥🔥🔥🔥🔥🔥Using device list: ['cuda:0']
2026-06-04 04:46:23 [INFO]: 🔥🔥🔥🔥🔥🔥🔥🔥🔥🔥Using the given device: cuda:0
2026-06-04 04:46:23 [INFO]: Model files will be saved to output/imputation/cuda/paper_campaign/saits/opsd_germany/mr0.1/seed42
2026-06-04 04:46:23 [INFO]: Tensorboard file will be saved to output/imputation/cuda/paper_campaign/saits/opsd_germany/mr0.1/seed42/tensorboard
2026-06-04 04:46:23 [INFO]: Using customized MAE as the training loss function.
2026-06-04 04:46:23 [INFO]: Using customized MSE as the validation metric function.
2026-06-04 04:46:24 [INFO]: SAITS initialized with the given hyperparameters.
 ├─ Total parameters: 138,752
 ├─ Trainable parameters: 138,752
 └─ Trainable ratio: 100.00%
2026-06-04 04:46:24 [INFO]: Model placed on cuda:0
2026-06-04 04:46:27 [INFO]: Epoch 001 - training loss (MAE): 1.2779, validation MSE: 0.4636
2026-06-04 04:46:29 [INFO]: Epoch 002 - training loss (MAE): 0.8294, validation MSE: 0.3330
2026-06-04 04:46:32 [INFO]: Epoch 003 - training loss (MAE): 0.6873, validation MSE: 0.2777
2026-06-04 04:46:34 [INFO]: Epoch 004 - training loss (MAE): 0.5841, validation MSE: 0.2321
2026-06-04 04:46:37 [INFO]: Epoch 005 - training loss (MAE): 0.5124, validation MSE: 0.2018
2026-06-04 04:46:39 [INFO]: Epoch 006 - training loss (MAE): 0.4705, validation MSE: 0.1749
2026-06-04 04:46:42 [INFO]: Epoch 007 - training loss (MAE): 0.4244, validation MSE: 0.1146
2026-06-04 04:46:45 [INFO]: Epoch 008 - training loss (MAE): 0.3679, validation MSE: 0.0647
2026-06-04 04:46:47 [INFO]: Epoch 009 - training loss (MAE): 0.3226, validation MSE: 0.0455
2026-06-04 04:46:49 [INFO]: Epoch 010 - training loss (MAE): 0.2953, validation MSE: 0.0351
2026-06-04 04:46:52 [INFO]: Epoch 011 - training loss (MAE): 0.2765, validation MSE: 0.0303
2026-06-04 04:46:54 [INFO]: Epoch 012 - training loss (MAE): 0.2616, validation MSE: 0.0268
2026-06-04 04:46:57 [INFO]: Epoch 013 - training loss (MAE): 0.2511, validation MSE: 0.0248
2026-06-04 04:46:59 [INFO]: Epoch 014 - training loss (MAE): 0.2424, validation MSE: 0.0226
2026-06-04 04:47:01 [INFO]: Epoch 015 - training loss (MAE): 0.2334, validation MSE: 0.0210
2026-06-04 04:47:04 [INFO]: Epoch 016 - training loss (MAE): 0.2290, validation MSE: 0.0196
2026-06-04 04:47:06 [INFO]: Epoch 017 - training loss (MAE): 0.2222, validation MSE: 0.0182
2026-06-04 04:47:09 [INFO]: Epoch 018 - training loss (MAE): 0.2166, validation MSE: 0.0173
2026-06-04 04:47:11 [INFO]: Epoch 019 - training loss (MAE): 0.2140, validation MSE: 0.0174
2026-06-04 04:47:14 [INFO]: Epoch 020 - training loss (MAE): 0.2093, validation MSE: 0.0159
2026-06-04 04:47:16 [INFO]: Epoch 021 - training loss (MAE): 0.2054, validation MSE: 0.0153
2026-06-04 04:47:18 [INFO]: Epoch 022 - training loss (MAE): 0.2029, validation MSE: 0.0154
2026-06-04 04:47:21 [INFO]: Epoch 023 - training loss (MAE): 0.2000, validation MSE: 0.0147
2026-06-04 04:47:23 [INFO]: Epoch 024 - training loss (MAE): 0.1975, validation MSE: 0.0137
2026-06-04 04:47:26 [INFO]: Epoch 025 - training loss (MAE): 0.1959, validation MSE: 0.0138
2026-06-04 04:47:28 [INFO]: Epoch 026 - training loss (MAE): 0.1924, validation MSE: 0.0132
2026-06-04 04:47:30 [INFO]: Epoch 027 - training loss (MAE): 0.1904, validation MSE: 0.0130
2026-06-04 04:47:33 [INFO]: Epoch 028 - training loss (MAE): 0.1896, validation MSE: 0.0132
2026-06-04 04:47:35 [INFO]: Epoch 029 - training loss (MAE): 0.1861, validation MSE: 0.0128
2026-06-04 04:47:38 [INFO]: Epoch 030 - training loss (MAE): 0.1838, validation MSE: 0.0125
2026-06-04 04:47:40 [INFO]: Epoch 031 - training loss (MAE): 0.1820, validation MSE: 0.0121
2026-06-04 04:47:43 [INFO]: Epoch 032 - training loss (MAE): 0.1805, validation MSE: 0.0119
2026-06-04 04:47:45 [INFO]: Epoch 033 - training loss (MAE): 0.1787, validation MSE: 0.0121
2026-06-04 04:47:48 [INFO]: Epoch 034 - training loss (MAE): 0.1768, validation MSE: 0.0119
2026-06-04 04:47:51 [INFO]: Epoch 035 - training loss (MAE): 0.1751, validation MSE: 0.0123
2026-06-04 04:47:53 [INFO]: Epoch 036 - training loss (MAE): 0.1753, validation MSE: 0.0113
2026-06-04 04:47:56 [INFO]: Epoch 037 - training loss (MAE): 0.1729, validation MSE: 0.0110
2026-06-04 04:47:58 [INFO]: Epoch 038 - training loss (MAE): 0.1705, validation MSE: 0.0107
2026-06-04 04:48:00 [INFO]: Epoch 039 - training loss (MAE): 0.1693, validation MSE: 0.0107
2026-06-04 04:48:03 [INFO]: Epoch 040 - training loss (MAE): 0.1686, validation MSE: 0.0108
2026-06-04 04:48:05 [INFO]: Epoch 041 - training loss (MAE): 0.1667, validation MSE: 0.0108
2026-06-04 04:48:08 [INFO]: Epoch 042 - training loss (MAE): 0.1661, validation MSE: 0.0104
2026-06-04 04:48:10 [INFO]: Epoch 043 - training loss (MAE): 0.1659, validation MSE: 0.0102
2026-06-04 04:48:12 [INFO]: Epoch 044 - training loss (MAE): 0.1635, validation MSE: 0.0104
2026-06-04 04:48:15 [INFO]: Epoch 045 - training loss (MAE): 0.1620, validation MSE: 0.0098
2026-06-04 04:48:17 [INFO]: Epoch 046 - training loss (MAE): 0.1612, validation MSE: 0.0094
2026-06-04 04:48:20 [INFO]: Epoch 047 - training loss (MAE): 0.1604, validation MSE: 0.0099
2026-06-04 04:48:22 [INFO]: Epoch 048 - training loss (MAE): 0.1592, validation MSE: 0.0095
2026-06-04 04:48:25 [INFO]: Epoch 049 - training loss (MAE): 0.1585, validation MSE: 0.0097
2026-06-04 04:48:27 [INFO]: Epoch 050 - training loss (MAE): 0.1578, validation MSE: 0.0095
2026-06-04 04:48:29 [INFO]: Epoch 051 - training loss (MAE): 0.1570, validation MSE: 0.0093
2026-06-04 04:48:32 [INFO]: Epoch 052 - training loss (MAE): 0.1559, validation MSE: 0.0090
2026-06-04 04:48:34 [INFO]: Epoch 053 - training loss (MAE): 0.1558, validation MSE: 0.0095
2026-06-04 04:48:37 [INFO]: Epoch 054 - training loss (MAE): 0.1542, validation MSE: 0.0094
2026-06-04 04:48:40 [INFO]: Epoch 055 - training loss (MAE): 0.1534, validation MSE: 0.0092
2026-06-04 04:48:42 [INFO]: Epoch 056 - training loss (MAE): 0.1530, validation MSE: 0.0090
2026-06-04 04:48:45 [INFO]: Epoch 057 - training loss (MAE): 0.1525, validation MSE: 0.0090
2026-06-04 04:48:47 [INFO]: Epoch 058 - training loss (MAE): 0.1521, validation MSE: 0.0095
2026-06-04 04:48:50 [INFO]: Epoch 059 - training loss (MAE): 0.1523, validation MSE: 0.0089
2026-06-04 04:48:52 [INFO]: Epoch 060 - training loss (MAE): 0.1511, validation MSE: 0.0089
2026-06-04 04:48:52 [INFO]: Finished training. The best model is from epoch#60.
2026-06-04 04:48:52 [INFO]: Saved the model to output/imputation/cuda/paper_campaign/saits/opsd_germany/mr0.1/seed42/SAITS.pypots
[34m
████████╗██╗███╗   ███╗███████╗    ███████╗███████╗██████╗ ██╗███████╗███████╗    █████╗ ██╗
╚══██╔══╝██║████╗ ████║██╔════╝    ██╔════╝██╔════╝██╔══██╗██║██╔════╝██╔════╝   ██╔══██╗██║
   ██║   ██║██╔████╔██║█████╗█████╗███████╗█████╗  ██████╔╝██║█████╗  ███████╗   ███████║██║
   ██║   ██║██║╚██╔╝██║██╔══╝╚════╝╚════██║██╔══╝  ██╔══██╗██║██╔══╝  ╚════██║   ██╔══██║██║
   ██║   ██║██║ ╚═╝ ██║███████╗    ███████║███████╗██║  ██║██║███████╗███████║██╗██║  ██║██║
   ╚═╝   ╚═╝╚═╝     ╚═╝╚══════╝    ╚══════╝╚══════╝╚═╝  ╚═╝╚═╝╚══════╝╚══════╝╚═╝╚═╝  ╚═╝╚═╝
ai4ts v0.0.3 - building AI for unified time-series analysis, https://time-series.ai [0m

Use Train GPT: False
Use Lora: False
Use Profiling: False
🚀 Running imputation pipeline for model: saits
✅ Dataset 'opsd_germany' with missing rate 0.1 loaded at: /home/Aboya_25R9803/projects/lab/SUN/iPyPOTS/datasets/rate_0.1
🚀 Starting SAITS training pipeline...
[SAITS] Testing —— MAE: 0.0718| MSE: 0.0134| RMSE: 0.1157| MRE: 0.0789| 
📊 Metrics saved to: output/imputation/cuda/paper_campaign/saits/opsd_germany/mr0.1/seed42/metrics/saits_metrics.json
