[34m
████████╗██╗███╗   ███╗███████╗    ███████╗███████╗██████╗ ██╗███████╗███████╗    █████╗ ██╗
╚══██╔══╝██║████╗ ████║██╔════╝    ██╔════╝██╔════╝██╔══██╗██║██╔════╝██╔════╝   ██╔══██╗██║
   ██║   ██║██╔████╔██║█████╗█████╗███████╗█████╗  ██████╔╝██║█████╗  ███████╗   ███████║██║
   ██║   ██║██║╚██╔╝██║██╔══╝╚════╝╚════██║██╔══╝  ██╔══██╗██║██╔══╝  ╚════██║   ██╔══██║██║
   ██║   ██║██║ ╚═╝ ██║███████╗    ███████║███████╗██║  ██║██║███████╗███████║██╗██║  ██║██║
   ╚═╝   ╚═╝╚═╝     ╚═╝╚══════╝    ╚══════╝╚══════╝╚═╝  ╚═╝╚═╝╚══════╝╚══════╝╚═╝╚═╝  ╚═╝╚═╝
ai4ts v0.0.3 - building AI for unified time-series analysis, https://time-series.ai [0m

Use Train GPT: False
Use Lora: False
Use Profiling: False
2026-06-04 13:14:27 [INFO]: Have set the random seed as 123 for numpy and pytorch.
🚀 Running imputation pipeline for model: saits
2026-06-04 13:14:27 [INFO]: You're using dataset electricity_transformer_temperature, please cite it properly in your work. You can find its reference information at the below link: 
https://github.com/WenjieDu/TSDB/tree/main/dataset_profiles/electricity_transformer_temperature
2026-06-04 13:14:27 [INFO]: Dataset electricity_transformer_temperature has already been downloaded. Processing directly...
2026-06-04 13:14:27 [INFO]: Dataset electricity_transformer_temperature has already been cached. Loading from cache directly...
2026-06-04 13:14:27 [INFO]: Loaded successfully!
2026-06-04 13:14:27 [INFO]: months selected as train set are <PeriodArray>
['2016-07', '2016-08', '2016-09', '2016-10', '2016-11', '2016-12', '2017-01',
 '2017-02', '2017-03', '2017-04', '2017-05', '2017-06', '2017-07', '2017-08']
Length: 14, dtype: period[M]
2026-06-04 13:14:27 [INFO]: months selected as val set are <PeriodArray>
['2017-09', '2017-10', '2017-11', '2017-12', '2018-01']
Length: 5, dtype: period[M]
2026-06-04 13:14:27 [INFO]: months selected as test set are <PeriodArray>
['2018-02', '2018-03', '2018-04', '2018-05', '2018-06']
Length: 5, dtype: period[M]
2026-06-04 13:14:27 [INFO]: Total sample number: 180
2026-06-04 13:14:27 [INFO]: Training set size: 106 (58.89%)
2026-06-04 13:14:27 [INFO]: Validation set size: 38 (21.11%)
2026-06-04 13:14:27 [INFO]: Test set size: 36 (20.00%)
2026-06-04 13:14:27 [INFO]: Number of steps: 96
2026-06-04 13:14:27 [INFO]: Number of features: 7
2026-06-04 13:14:27 [INFO]: Train set missing rate: 9.92%
2026-06-04 13:14:27 [INFO]: Validating set missing rate: 9.84%
2026-06-04 13:14:27 [INFO]: Test set missing rate: 10.33%
✅ Dataset 'etth1' with missing rate 0.1 loaded at: /home/Aboya_25R9803/projects/lab/SUN/iPyPOTS/datasets/rate_0.1
🚀 Starting SAITS training pipeline...
2026-06-04 13:14:27 [INFO]: 🔥🔥🔥🔥🔥🔥🔥🔥🔥🔥Using device list: ['cuda:0']
2026-06-04 13:14:27 [INFO]: 🔥🔥🔥🔥🔥🔥🔥🔥🔥🔥Using the given device: cuda:0
2026-06-04 13:14:27 [INFO]: Model files will be saved to output/imputation/cuda/paper_campaign/saits/etth1/mr0.1/seed123
2026-06-04 13:14:27 [INFO]: Tensorboard file will be saved to output/imputation/cuda/paper_campaign/saits/etth1/mr0.1/seed123/tensorboard
2026-06-04 13:14:27 [INFO]: Using customized MAE as the training loss function.
2026-06-04 13:14:27 [INFO]: Using customized MSE as the validation metric function.
2026-06-04 13:14:27 [INFO]: SAITS initialized with the given hyperparameters.
 ├─ Total parameters: 136,478
 ├─ Trainable parameters: 136,478
 └─ Trainable ratio: 100.00%
2026-06-04 13:14:27 [INFO]: Model placed on cuda:0
2026-06-04 13:14:28 [INFO]: Epoch 001 - training loss (MAE): 1.6539, validation MSE: 0.9920
2026-06-04 13:14:28 [INFO]: Epoch 002 - training loss (MAE): 1.5461, validation MSE: 0.9579
2026-06-04 13:14:28 [INFO]: Epoch 003 - training loss (MAE): 1.5134, validation MSE: 0.9211
2026-06-04 13:14:28 [INFO]: Epoch 004 - training loss (MAE): 1.4835, validation MSE: 0.8774
2026-06-04 13:14:28 [INFO]: Epoch 005 - training loss (MAE): 1.4493, validation MSE: 0.8299
2026-06-04 13:14:28 [INFO]: Epoch 006 - training loss (MAE): 1.4060, validation MSE: 0.7911
2026-06-04 13:14:28 [INFO]: Epoch 007 - training loss (MAE): 1.3598, validation MSE: 0.7672
2026-06-04 13:14:28 [INFO]: Epoch 008 - training loss (MAE): 1.3064, validation MSE: 0.7567
2026-06-04 13:14:28 [INFO]: Epoch 009 - training loss (MAE): 1.2742, validation MSE: 0.7532
2026-06-04 13:14:28 [INFO]: Epoch 010 - training loss (MAE): 1.2438, validation MSE: 0.7495
2026-06-04 13:14:28 [INFO]: Epoch 011 - training loss (MAE): 1.2168, validation MSE: 0.7371
2026-06-04 13:14:28 [INFO]: Epoch 012 - training loss (MAE): 1.1837, validation MSE: 0.7143
2026-06-04 13:14:28 [INFO]: Epoch 013 - training loss (MAE): 1.1575, validation MSE: 0.6864
2026-06-04 13:14:28 [INFO]: Epoch 014 - training loss (MAE): 1.1371, validation MSE: 0.6554
2026-06-04 13:14:28 [INFO]: Epoch 015 - training loss (MAE): 1.1163, validation MSE: 0.6238
2026-06-04 13:14:28 [INFO]: Epoch 016 - training loss (MAE): 1.0979, validation MSE: 0.5940
2026-06-04 13:14:28 [INFO]: Epoch 017 - training loss (MAE): 1.0902, validation MSE: 0.5693
2026-06-04 13:14:28 [INFO]: Epoch 018 - training loss (MAE): 1.0623, validation MSE: 0.5475
2026-06-04 13:14:28 [INFO]: Epoch 019 - training loss (MAE): 1.0541, validation MSE: 0.5270
2026-06-04 13:14:28 [INFO]: Epoch 020 - training loss (MAE): 1.0341, validation MSE: 0.5104
2026-06-04 13:14:28 [INFO]: Epoch 021 - training loss (MAE): 1.0126, validation MSE: 0.4978
2026-06-04 13:14:29 [INFO]: Epoch 022 - training loss (MAE): 0.9919, validation MSE: 0.4851
2026-06-04 13:14:29 [INFO]: Epoch 023 - training loss (MAE): 0.9806, validation MSE: 0.4665
2026-06-04 13:14:29 [INFO]: Epoch 024 - training loss (MAE): 0.9684, validation MSE: 0.4353
2026-06-04 13:14:29 [INFO]: Epoch 025 - training loss (MAE): 0.9514, validation MSE: 0.4022
2026-06-04 13:14:29 [INFO]: Epoch 026 - training loss (MAE): 0.9370, validation MSE: 0.3720
2026-06-04 13:14:29 [INFO]: Epoch 027 - training loss (MAE): 0.9238, validation MSE: 0.3461
2026-06-04 13:14:29 [INFO]: Epoch 028 - training loss (MAE): 0.9177, validation MSE: 0.3283
2026-06-04 13:14:29 [INFO]: Epoch 029 - training loss (MAE): 0.9043, validation MSE: 0.3165
2026-06-04 13:14:29 [INFO]: Epoch 030 - training loss (MAE): 0.8932, validation MSE: 0.3047
2026-06-04 13:14:29 [INFO]: Epoch 031 - training loss (MAE): 0.8847, validation MSE: 0.2928
2026-06-04 13:14:29 [INFO]: Epoch 032 - training loss (MAE): 0.8809, validation MSE: 0.2833
2026-06-04 13:14:29 [INFO]: Epoch 033 - training loss (MAE): 0.8711, validation MSE: 0.2720
2026-06-04 13:14:29 [INFO]: Epoch 034 - training loss (MAE): 0.8583, validation MSE: 0.2615
2026-06-04 13:14:29 [INFO]: Epoch 035 - training loss (MAE): 0.8511, validation MSE: 0.2550
2026-06-04 13:14:29 [INFO]: Epoch 036 - training loss (MAE): 0.8459, validation MSE: 0.2501
2026-06-04 13:14:29 [INFO]: Epoch 037 - training loss (MAE): 0.8441, validation MSE: 0.2451
2026-06-04 13:14:29 [INFO]: Epoch 038 - training loss (MAE): 0.8299, validation MSE: 0.2436
2026-06-04 13:14:29 [INFO]: Epoch 039 - training loss (MAE): 0.8199, validation MSE: 0.2445
2026-06-04 13:14:29 [INFO]: Epoch 040 - training loss (MAE): 0.8159, validation MSE: 0.2437
2026-06-04 13:14:29 [INFO]: Epoch 041 - training loss (MAE): 0.8061, validation MSE: 0.2412
2026-06-04 13:14:29 [INFO]: Epoch 042 - training loss (MAE): 0.7975, validation MSE: 0.2361
2026-06-04 13:14:29 [INFO]: Epoch 043 - training loss (MAE): 0.7962, validation MSE: 0.2314
2026-06-04 13:14:29 [INFO]: Epoch 044 - training loss (MAE): 0.7863, validation MSE: 0.2262
2026-06-04 13:14:29 [INFO]: Epoch 045 - training loss (MAE): 0.7809, validation MSE: 0.2226
2026-06-04 13:14:29 [INFO]: Epoch 046 - training loss (MAE): 0.7759, validation MSE: 0.2162
2026-06-04 13:14:30 [INFO]: Epoch 047 - training loss (MAE): 0.7681, validation MSE: 0.2094
2026-06-04 13:14:30 [INFO]: Epoch 048 - training loss (MAE): 0.7695, validation MSE: 0.2043
2026-06-04 13:14:30 [INFO]: Epoch 049 - training loss (MAE): 0.7648, validation MSE: 0.1990
2026-06-04 13:14:30 [INFO]: Epoch 050 - training loss (MAE): 0.7622, validation MSE: 0.1916
2026-06-04 13:14:30 [INFO]: Epoch 051 - training loss (MAE): 0.7473, validation MSE: 0.1870
2026-06-04 13:14:30 [INFO]: Epoch 052 - training loss (MAE): 0.7483, validation MSE: 0.1830
2026-06-04 13:14:30 [INFO]: Epoch 053 - training loss (MAE): 0.7400, validation MSE: 0.1812
2026-06-04 13:14:30 [INFO]: Epoch 054 - training loss (MAE): 0.7328, validation MSE: 0.1793
2026-06-04 13:14:30 [INFO]: Epoch 055 - training loss (MAE): 0.7311, validation MSE: 0.1770
2026-06-04 13:14:30 [INFO]: Epoch 056 - training loss (MAE): 0.7307, validation MSE: 0.1754
2026-06-04 13:14:30 [INFO]: Epoch 057 - training loss (MAE): 0.7225, validation MSE: 0.1729
2026-06-04 13:14:30 [INFO]: Epoch 058 - training loss (MAE): 0.7208, validation MSE: 0.1697
2026-06-04 13:14:30 [INFO]: Epoch 059 - training loss (MAE): 0.7200, validation MSE: 0.1694
2026-06-04 13:14:30 [INFO]: Epoch 060 - training loss (MAE): 0.7131, validation MSE: 0.1717
2026-06-04 13:14:30 [INFO]: Finished training. The best model is from epoch#59.
2026-06-04 13:14:30 [INFO]: Saved the model to output/imputation/cuda/paper_campaign/saits/etth1/mr0.1/seed123/SAITS.pypots
[SAITS] Testing —— MAE: 0.3567| MSE: 0.3073| RMSE: 0.5544| MRE: 0.4143| 
📊 Metrics saved to: output/imputation/cuda/paper_campaign/saits/etth1/mr0.1/seed123/metrics/saits_metrics.json
