2026-06-04 09:25:42 [INFO]: Have set the random seed as 123 for numpy and pytorch.
2026-06-04 09:25:44 [INFO]: 🔥🔥🔥🔥🔥🔥🔥🔥🔥🔥Using device list: ['cuda:0']
2026-06-04 09:25:44 [INFO]: 🔥🔥🔥🔥🔥🔥🔥🔥🔥🔥Using the given device: cuda:0
2026-06-04 09:25:44 [INFO]: Model files will be saved to output/imputation/cuda/paper_campaign/tefn/citylearn_zone5/mr0.1/seed123
2026-06-04 09:25:44 [INFO]: Tensorboard file will be saved to output/imputation/cuda/paper_campaign/tefn/citylearn_zone5/mr0.1/seed123/tensorboard
2026-06-04 09:25:44 [INFO]: Using customized MAE as the training loss function.
2026-06-04 09:25:44 [INFO]: Using customized MSE as the validation metric function.
2026-06-04 09:25:45 [INFO]: Model placed on cuda:0
2026-06-04 09:25:45 [INFO]: TEFN initialized with the given hyperparameters.
 ├─ Total parameters: 6,836
 ├─ Trainable parameters: 6,836
 └─ Trainable ratio: 100.00%
2026-06-04 09:25:47 [INFO]: Epoch 001 - training loss (MAE): 9.0199, validation MSE: 28.2909
2026-06-04 09:25:49 [INFO]: Epoch 002 - training loss (MAE): 7.7775, validation MSE: 21.9200
2026-06-04 09:25:51 [INFO]: Epoch 003 - training loss (MAE): 6.7724, validation MSE: 16.8745
2026-06-04 09:25:53 [INFO]: Epoch 004 - training loss (MAE): 5.8283, validation MSE: 12.6589
2026-06-04 09:25:55 [INFO]: Epoch 005 - training loss (MAE): 4.9278, validation MSE: 9.4595
2026-06-04 09:25:56 [INFO]: Epoch 006 - training loss (MAE): 4.1283, validation MSE: 7.1568
2026-06-04 09:25:59 [INFO]: Epoch 007 - training loss (MAE): 3.4716, validation MSE: 5.4400
2026-06-04 09:26:00 [INFO]: Epoch 008 - training loss (MAE): 2.9522, validation MSE: 4.1356
2026-06-04 09:26:02 [INFO]: Epoch 009 - training loss (MAE): 2.5341, validation MSE: 3.1389
2026-06-04 09:26:04 [INFO]: Epoch 010 - training loss (MAE): 2.1851, validation MSE: 2.3970
2026-06-04 09:26:06 [INFO]: Epoch 011 - training loss (MAE): 1.8961, validation MSE: 1.8933
2026-06-04 09:26:07 [INFO]: Epoch 012 - training loss (MAE): 1.6709, validation MSE: 1.5519
2026-06-04 09:26:09 [INFO]: Epoch 013 - training loss (MAE): 1.4975, validation MSE: 1.3083
2026-06-04 09:26:11 [INFO]: Epoch 014 - training loss (MAE): 1.3650, validation MSE: 1.1466
2026-06-04 09:26:13 [INFO]: Epoch 015 - training loss (MAE): 1.2687, validation MSE: 1.0395
2026-06-04 09:26:14 [INFO]: Epoch 016 - training loss (MAE): 1.1988, validation MSE: 0.9603
2026-06-04 09:26:17 [INFO]: Epoch 017 - training loss (MAE): 1.1403, validation MSE: 0.8909
2026-06-04 09:26:20 [INFO]: Epoch 018 - training loss (MAE): 1.0872, validation MSE: 0.8353
2026-06-04 09:26:21 [INFO]: Epoch 019 - training loss (MAE): 1.0403, validation MSE: 0.7858
2026-06-04 09:26:23 [INFO]: Epoch 020 - training loss (MAE): 0.9972, validation MSE: 0.7528
2026-06-04 09:26:25 [INFO]: Epoch 021 - training loss (MAE): 0.9600, validation MSE: 0.7218
2026-06-04 09:26:26 [INFO]: Epoch 022 - training loss (MAE): 0.9270, validation MSE: 0.7006
2026-06-04 09:26:28 [INFO]: Epoch 023 - training loss (MAE): 0.8993, validation MSE: 0.6797
2026-06-04 09:26:29 [INFO]: Epoch 024 - training loss (MAE): 0.8749, validation MSE: 0.6701
2026-06-04 09:26:31 [INFO]: Epoch 025 - training loss (MAE): 0.8526, validation MSE: 0.6583
2026-06-04 09:26:33 [INFO]: Epoch 026 - training loss (MAE): 0.8335, validation MSE: 0.6516
2026-06-04 09:26:34 [INFO]: Epoch 027 - training loss (MAE): 0.8172, validation MSE: 0.6447
2026-06-04 09:26:35 [INFO]: Epoch 028 - training loss (MAE): 0.8034, validation MSE: 0.6402
2026-06-04 09:26:37 [INFO]: Epoch 029 - training loss (MAE): 0.7904, validation MSE: 0.6377
2026-06-04 09:26:38 [INFO]: Epoch 030 - training loss (MAE): 0.7796, validation MSE: 0.6387
2026-06-04 09:26:40 [INFO]: Epoch 031 - training loss (MAE): 0.7696, validation MSE: 0.6412
2026-06-04 09:26:41 [INFO]: Epoch 032 - training loss (MAE): 0.7599, validation MSE: 0.6397
2026-06-04 09:26:42 [INFO]: Epoch 033 - training loss (MAE): 0.7529, validation MSE: 0.6440
2026-06-04 09:26:43 [INFO]: Epoch 034 - training loss (MAE): 0.7474, validation MSE: 0.6419
2026-06-04 09:26:45 [INFO]: Epoch 035 - training loss (MAE): 0.7411, validation MSE: 0.6548
2026-06-04 09:26:46 [INFO]: Epoch 036 - training loss (MAE): 0.7362, validation MSE: 0.6550
2026-06-04 09:26:47 [INFO]: Epoch 037 - training loss (MAE): 0.7305, validation MSE: 0.6574
2026-06-04 09:26:49 [INFO]: Epoch 038 - training loss (MAE): 0.7277, validation MSE: 0.6609
2026-06-04 09:26:51 [INFO]: Epoch 039 - training loss (MAE): 0.7240, validation MSE: 0.6619
2026-06-04 09:26:52 [INFO]: Epoch 040 - training loss (MAE): 0.7205, validation MSE: 0.6650
2026-06-04 09:26:53 [INFO]: Epoch 041 - training loss (MAE): 0.7172, validation MSE: 0.6615
2026-06-04 09:26:53 [INFO]: Exceeded the training patience. Terminating the training procedure...
2026-06-04 09:26:53 [INFO]: Finished training. The best model is from epoch#29.
2026-06-04 09:26:53 [INFO]: Saved the model to output/imputation/cuda/paper_campaign/tefn/citylearn_zone5/mr0.1/seed123/TEFN.pypots
[34m
████████╗██╗███╗   ███╗███████╗    ███████╗███████╗██████╗ ██╗███████╗███████╗    █████╗ ██╗
╚══██╔══╝██║████╗ ████║██╔════╝    ██╔════╝██╔════╝██╔══██╗██║██╔════╝██╔════╝   ██╔══██╗██║
   ██║   ██║██╔████╔██║█████╗█████╗███████╗█████╗  ██████╔╝██║█████╗  ███████╗   ███████║██║
   ██║   ██║██║╚██╔╝██║██╔══╝╚════╝╚════██║██╔══╝  ██╔══██╗██║██╔══╝  ╚════██║   ██╔══██║██║
   ██║   ██║██║ ╚═╝ ██║███████╗    ███████║███████╗██║  ██║██║███████╗███████║██╗██║  ██║██║
   ╚═╝   ╚═╝╚═╝     ╚═╝╚══════╝    ╚══════╝╚══════╝╚═╝  ╚═╝╚═╝╚══════╝╚══════╝╚═╝╚═╝  ╚═╝╚═╝
ai4ts v0.0.3 - building AI for unified time-series analysis, https://time-series.ai [0m

Use Train GPT: False
Use Lora: False
Use Profiling: False
🚀 Running imputation pipeline for model: tefn
✅ Dataset 'citylearn_zone5' with missing rate 0.1 loaded at: /home/Aboya_25R9803/projects/lab/SUN/iPyPOTS/datasets/rate_0.1
🚀 Starting TEFN training pipeline...
[TEFN] Testing —— MAE: 0.4814| MSE: 0.4713| RMSE: 0.6865| MRE: 0.5903| 
📊 Metrics saved to: output/imputation/cuda/paper_campaign/tefn/citylearn_zone5/mr0.1/seed123/metrics/tefn_metrics.json
