[34m
████████╗██╗███╗   ███╗███████╗    ███████╗███████╗██████╗ ██╗███████╗███████╗    █████╗ ██╗
╚══██╔══╝██║████╗ ████║██╔════╝    ██╔════╝██╔════╝██╔══██╗██║██╔════╝██╔════╝   ██╔══██╗██║
   ██║   ██║██╔████╔██║█████╗█████╗███████╗█████╗  ██████╔╝██║█████╗  ███████╗   ███████║██║
   ██║   ██║██║╚██╔╝██║██╔══╝╚════╝╚════██║██╔══╝  ██╔══██╗██║██╔══╝  ╚════██║   ██╔══██║██║
   ██║   ██║██║ ╚═╝ ██║███████╗    ███████║███████╗██║  ██║██║███████╗███████║██╗██║  ██║██║
   ╚═╝   ╚═╝╚═╝     ╚═╝╚══════╝    ╚══════╝╚══════╝╚═╝  ╚═╝╚═╝╚══════╝╚══════╝╚═╝╚═╝  ╚═╝╚═╝
ai4ts v0.0.3 - building AI for unified time-series analysis, https://time-series.ai [0m

Use Train GPT: False
Use Lora: False
Use Profiling: False
2026-06-04 13:18:15 [INFO]: Have set the random seed as 123 for numpy and pytorch.
🚀 Running imputation pipeline for model: tefn
2026-06-04 13:18:15 [INFO]: You're using dataset electricity_transformer_temperature, please cite it properly in your work. You can find its reference information at the below link: 
https://github.com/WenjieDu/TSDB/tree/main/dataset_profiles/electricity_transformer_temperature
2026-06-04 13:18:15 [INFO]: Dataset electricity_transformer_temperature has already been downloaded. Processing directly...
2026-06-04 13:18:15 [INFO]: Dataset electricity_transformer_temperature has already been cached. Loading from cache directly...
2026-06-04 13:18:15 [INFO]: Loaded successfully!
2026-06-04 13:18:15 [INFO]: months selected as train set are <PeriodArray>
['2016-07', '2016-08', '2016-09', '2016-10', '2016-11', '2016-12', '2017-01',
 '2017-02', '2017-03', '2017-04', '2017-05', '2017-06', '2017-07', '2017-08']
Length: 14, dtype: period[M]
2026-06-04 13:18:15 [INFO]: months selected as val set are <PeriodArray>
['2017-09', '2017-10', '2017-11', '2017-12', '2018-01']
Length: 5, dtype: period[M]
2026-06-04 13:18:15 [INFO]: months selected as test set are <PeriodArray>
['2018-02', '2018-03', '2018-04', '2018-05', '2018-06']
Length: 5, dtype: period[M]
2026-06-04 13:18:15 [INFO]: Total sample number: 180
2026-06-04 13:18:15 [INFO]: Training set size: 106 (58.89%)
2026-06-04 13:18:15 [INFO]: Validation set size: 38 (21.11%)
2026-06-04 13:18:15 [INFO]: Test set size: 36 (20.00%)
2026-06-04 13:18:15 [INFO]: Number of steps: 96
2026-06-04 13:18:15 [INFO]: Number of features: 7
2026-06-04 13:18:15 [INFO]: Train set missing rate: 49.72%
2026-06-04 13:18:15 [INFO]: Validating set missing rate: 50.37%
2026-06-04 13:18:15 [INFO]: Test set missing rate: 49.99%
✅ Dataset 'etth1' with missing rate 0.5 loaded at: /home/Aboya_25R9803/projects/lab/SUN/iPyPOTS/datasets/rate_0.5
🚀 Starting TEFN training pipeline...
2026-06-04 13:18:15 [INFO]: 🔥🔥🔥🔥🔥🔥🔥🔥🔥🔥Using device list: ['cuda:0']
2026-06-04 13:18:15 [INFO]: 🔥🔥🔥🔥🔥🔥🔥🔥🔥🔥Using the given device: cuda:0
2026-06-04 13:18:15 [INFO]: Model files will be saved to output/imputation/cuda/paper_campaign/tefn/etth1/mr0.5/seed123
2026-06-04 13:18:15 [INFO]: Tensorboard file will be saved to output/imputation/cuda/paper_campaign/tefn/etth1/mr0.5/seed123/tensorboard
2026-06-04 13:18:15 [INFO]: Using customized MAE as the training loss function.
2026-06-04 13:18:15 [INFO]: Using customized MSE as the validation metric function.
2026-06-04 13:18:15 [INFO]: Model placed on cuda:0
2026-06-04 13:18:15 [INFO]: TEFN initialized with the given hyperparameters.
 ├─ Total parameters: 3,401
 ├─ Trainable parameters: 3,401
 └─ Trainable ratio: 100.00%
2026-06-04 13:18:15 [INFO]: Epoch 001 - training loss (MAE): 8.1229, validation MSE: 28.5223
2026-06-04 13:18:15 [INFO]: Epoch 002 - training loss (MAE): 8.0807, validation MSE: 28.1954
2026-06-04 13:18:16 [INFO]: Epoch 003 - training loss (MAE): 8.0835, validation MSE: 27.8729
2026-06-04 13:18:16 [INFO]: Epoch 004 - training loss (MAE): 7.9903, validation MSE: 27.5544
2026-06-04 13:18:16 [INFO]: Epoch 005 - training loss (MAE): 7.9597, validation MSE: 27.2404
2026-06-04 13:18:16 [INFO]: Epoch 006 - training loss (MAE): 7.9254, validation MSE: 26.9305
2026-06-04 13:18:16 [INFO]: Epoch 007 - training loss (MAE): 7.8721, validation MSE: 26.6254
2026-06-04 13:18:16 [INFO]: Epoch 008 - training loss (MAE): 7.8253, validation MSE: 26.3241
2026-06-04 13:18:16 [INFO]: Epoch 009 - training loss (MAE): 7.7922, validation MSE: 26.0271
2026-06-04 13:18:16 [INFO]: Epoch 010 - training loss (MAE): 7.7174, validation MSE: 25.7342
2026-06-04 13:18:16 [INFO]: Epoch 011 - training loss (MAE): 7.6839, validation MSE: 25.4454
2026-06-04 13:18:16 [INFO]: Epoch 012 - training loss (MAE): 7.6847, validation MSE: 25.1606
2026-06-04 13:18:16 [INFO]: Epoch 013 - training loss (MAE): 7.6319, validation MSE: 24.8798
2026-06-04 13:18:16 [INFO]: Epoch 014 - training loss (MAE): 7.5292, validation MSE: 24.6029
2026-06-04 13:18:16 [INFO]: Epoch 015 - training loss (MAE): 7.5561, validation MSE: 24.3298
2026-06-04 13:18:16 [INFO]: Epoch 016 - training loss (MAE): 7.5043, validation MSE: 24.0603
2026-06-04 13:18:16 [INFO]: Epoch 017 - training loss (MAE): 7.3823, validation MSE: 23.7941
2026-06-04 13:18:16 [INFO]: Epoch 018 - training loss (MAE): 7.3823, validation MSE: 23.5321
2026-06-04 13:18:16 [INFO]: Epoch 019 - training loss (MAE): 7.3543, validation MSE: 23.2738
2026-06-04 13:18:16 [INFO]: Epoch 020 - training loss (MAE): 7.3743, validation MSE: 23.0193
2026-06-04 13:18:16 [INFO]: Epoch 021 - training loss (MAE): 7.2969, validation MSE: 22.7686
2026-06-04 13:18:16 [INFO]: Epoch 022 - training loss (MAE): 7.2407, validation MSE: 22.5215
2026-06-04 13:18:16 [INFO]: Epoch 023 - training loss (MAE): 7.1913, validation MSE: 22.2775
2026-06-04 13:18:16 [INFO]: Epoch 024 - training loss (MAE): 7.1537, validation MSE: 22.0368
2026-06-04 13:18:16 [INFO]: Epoch 025 - training loss (MAE): 7.1352, validation MSE: 21.7994
2026-06-04 13:18:16 [INFO]: Epoch 026 - training loss (MAE): 7.0606, validation MSE: 21.5655
2026-06-04 13:18:16 [INFO]: Epoch 027 - training loss (MAE): 7.0152, validation MSE: 21.3350
2026-06-04 13:18:16 [INFO]: Epoch 028 - training loss (MAE): 6.9956, validation MSE: 21.1082
2026-06-04 13:18:16 [INFO]: Epoch 029 - training loss (MAE): 6.9821, validation MSE: 20.8845
2026-06-04 13:18:16 [INFO]: Epoch 030 - training loss (MAE): 6.9330, validation MSE: 20.6640
2026-06-04 13:18:16 [INFO]: Epoch 031 - training loss (MAE): 6.9151, validation MSE: 20.4469
2026-06-04 13:18:16 [INFO]: Epoch 032 - training loss (MAE): 6.8447, validation MSE: 20.2329
2026-06-04 13:18:16 [INFO]: Epoch 033 - training loss (MAE): 6.8556, validation MSE: 20.0219
2026-06-04 13:18:16 [INFO]: Epoch 034 - training loss (MAE): 6.7806, validation MSE: 19.8139
2026-06-04 13:18:16 [INFO]: Epoch 035 - training loss (MAE): 6.7263, validation MSE: 19.6086
2026-06-04 13:18:16 [INFO]: Epoch 036 - training loss (MAE): 6.7176, validation MSE: 19.4065
2026-06-04 13:18:16 [INFO]: Epoch 037 - training loss (MAE): 6.6548, validation MSE: 19.2069
2026-06-04 13:18:16 [INFO]: Epoch 038 - training loss (MAE): 6.6312, validation MSE: 19.0104
2026-06-04 13:18:16 [INFO]: Epoch 039 - training loss (MAE): 6.5884, validation MSE: 18.8167
2026-06-04 13:18:16 [INFO]: Epoch 040 - training loss (MAE): 6.5624, validation MSE: 18.6254
2026-06-04 13:18:16 [INFO]: Epoch 041 - training loss (MAE): 6.4756, validation MSE: 18.4368
2026-06-04 13:18:16 [INFO]: Epoch 042 - training loss (MAE): 6.4551, validation MSE: 18.2509
2026-06-04 13:18:16 [INFO]: Epoch 043 - training loss (MAE): 6.4185, validation MSE: 18.0675
2026-06-04 13:18:16 [INFO]: Epoch 044 - training loss (MAE): 6.4627, validation MSE: 17.8860
2026-06-04 13:18:16 [INFO]: Epoch 045 - training loss (MAE): 6.3522, validation MSE: 17.7071
2026-06-04 13:18:16 [INFO]: Epoch 046 - training loss (MAE): 6.3915, validation MSE: 17.5305
2026-06-04 13:18:16 [INFO]: Epoch 047 - training loss (MAE): 6.3308, validation MSE: 17.3560
2026-06-04 13:18:16 [INFO]: Epoch 048 - training loss (MAE): 6.2915, validation MSE: 17.1836
2026-06-04 13:18:16 [INFO]: Epoch 049 - training loss (MAE): 6.2401, validation MSE: 17.0132
2026-06-04 13:18:16 [INFO]: Epoch 050 - training loss (MAE): 6.2225, validation MSE: 16.8450
2026-06-04 13:18:16 [INFO]: Epoch 051 - training loss (MAE): 6.1512, validation MSE: 16.6790
2026-06-04 13:18:16 [INFO]: Epoch 052 - training loss (MAE): 6.1387, validation MSE: 16.5149
2026-06-04 13:18:16 [INFO]: Epoch 053 - training loss (MAE): 6.1166, validation MSE: 16.3523
2026-06-04 13:18:16 [INFO]: Epoch 054 - training loss (MAE): 6.0839, validation MSE: 16.1916
2026-06-04 13:18:16 [INFO]: Epoch 055 - training loss (MAE): 6.0401, validation MSE: 16.0328
2026-06-04 13:18:16 [INFO]: Epoch 056 - training loss (MAE): 6.0348, validation MSE: 15.8753
2026-06-04 13:18:16 [INFO]: Epoch 057 - training loss (MAE): 6.0142, validation MSE: 15.7193
2026-06-04 13:18:16 [INFO]: Epoch 058 - training loss (MAE): 5.9513, validation MSE: 15.5650
2026-06-04 13:18:16 [INFO]: Epoch 059 - training loss (MAE): 5.9199, validation MSE: 15.4119
2026-06-04 13:18:16 [INFO]: Epoch 060 - training loss (MAE): 5.8818, validation MSE: 15.2605
2026-06-04 13:18:16 [INFO]: Finished training. The best model is from epoch#60.
2026-06-04 13:18:17 [INFO]: Saved the model to output/imputation/cuda/paper_campaign/tefn/etth1/mr0.5/seed123/TEFN.pypots
[TEFN] Testing —— MAE: 3.0451| MSE: 15.5336| RMSE: 3.9413| MRE: 3.5741| 
📊 Metrics saved to: output/imputation/cuda/paper_campaign/tefn/etth1/mr0.5/seed123/metrics/tefn_metrics.json
