2026-06-04 08:03:01 [INFO]: Have set the random seed as 456 for numpy and pytorch.
2026-06-04 08:03:02 [INFO]: 🔥🔥🔥🔥🔥🔥🔥🔥🔥🔥Using device list: ['cuda:0']
2026-06-04 08:03:02 [INFO]: 🔥🔥🔥🔥🔥🔥🔥🔥🔥🔥Using the given device: cuda:0
2026-06-04 08:03:02 [INFO]: Model files will be saved to output/imputation/cuda/paper_campaign/saits/appliances_energy/mr0.5/seed456
2026-06-04 08:03:02 [INFO]: Tensorboard file will be saved to output/imputation/cuda/paper_campaign/saits/appliances_energy/mr0.5/seed456/tensorboard
2026-06-04 08:03:02 [INFO]: Using customized MAE as the training loss function.
2026-06-04 08:03:02 [INFO]: Using customized MSE as the validation metric function.
2026-06-04 08:03:02 [INFO]: SAITS initialized with the given hyperparameters.
 ├─ Total parameters: 149,760
 ├─ Trainable parameters: 149,760
 └─ Trainable ratio: 100.00%
2026-06-04 08:03:02 [INFO]: Model placed on cuda:0
2026-06-04 08:03:04 [INFO]: Epoch 001 - training loss (MAE): 1.4212, validation MSE: 0.6443
2026-06-04 08:03:05 [INFO]: Epoch 002 - training loss (MAE): 1.1507, validation MSE: 0.5034
2026-06-04 08:03:06 [INFO]: Epoch 003 - training loss (MAE): 0.9946, validation MSE: 0.4500
2026-06-04 08:03:07 [INFO]: Epoch 004 - training loss (MAE): 0.8733, validation MSE: 0.4067
2026-06-04 08:03:09 [INFO]: Epoch 005 - training loss (MAE): 0.7734, validation MSE: 0.3488
2026-06-04 08:03:10 [INFO]: Epoch 006 - training loss (MAE): 0.6975, validation MSE: 0.3196
2026-06-04 08:03:12 [INFO]: Epoch 007 - training loss (MAE): 0.6418, validation MSE: 0.2876
2026-06-04 08:03:13 [INFO]: Epoch 008 - training loss (MAE): 0.5984, validation MSE: 0.2663
2026-06-04 08:03:14 [INFO]: Epoch 009 - training loss (MAE): 0.5626, validation MSE: 0.2483
2026-06-04 08:03:15 [INFO]: Epoch 010 - training loss (MAE): 0.5343, validation MSE: 0.2416
2026-06-04 08:03:17 [INFO]: Epoch 011 - training loss (MAE): 0.5099, validation MSE: 0.2320
2026-06-04 08:03:18 [INFO]: Epoch 012 - training loss (MAE): 0.4908, validation MSE: 0.2318
2026-06-04 08:03:19 [INFO]: Epoch 013 - training loss (MAE): 0.4749, validation MSE: 0.2270
2026-06-04 08:03:21 [INFO]: Epoch 014 - training loss (MAE): 0.4621, validation MSE: 0.2139
2026-06-04 08:03:22 [INFO]: Epoch 015 - training loss (MAE): 0.4506, validation MSE: 0.2158
2026-06-04 08:03:23 [INFO]: Epoch 016 - training loss (MAE): 0.4398, validation MSE: 0.2028
2026-06-04 08:03:24 [INFO]: Epoch 017 - training loss (MAE): 0.4307, validation MSE: 0.1974
2026-06-04 08:03:25 [INFO]: Epoch 018 - training loss (MAE): 0.4230, validation MSE: 0.2016
2026-06-04 08:03:26 [INFO]: Epoch 019 - training loss (MAE): 0.4142, validation MSE: 0.1886
2026-06-04 08:03:27 [INFO]: Epoch 020 - training loss (MAE): 0.4077, validation MSE: 0.1899
2026-06-04 08:03:28 [INFO]: Epoch 021 - training loss (MAE): 0.4002, validation MSE: 0.1854
2026-06-04 08:03:29 [INFO]: Epoch 022 - training loss (MAE): 0.3935, validation MSE: 0.1853
2026-06-04 08:03:30 [INFO]: Epoch 023 - training loss (MAE): 0.3871, validation MSE: 0.1793
2026-06-04 08:03:31 [INFO]: Epoch 024 - training loss (MAE): 0.3820, validation MSE: 0.1771
2026-06-04 08:03:32 [INFO]: Epoch 025 - training loss (MAE): 0.3753, validation MSE: 0.1792
2026-06-04 08:03:33 [INFO]: Epoch 026 - training loss (MAE): 0.3687, validation MSE: 0.1748
2026-06-04 08:03:34 [INFO]: Epoch 027 - training loss (MAE): 0.3633, validation MSE: 0.1708
2026-06-04 08:03:34 [INFO]: Epoch 028 - training loss (MAE): 0.3590, validation MSE: 0.1711
2026-06-04 08:03:35 [INFO]: Epoch 029 - training loss (MAE): 0.3539, validation MSE: 0.1700
2026-06-04 08:03:36 [INFO]: Epoch 030 - training loss (MAE): 0.3504, validation MSE: 0.1699
2026-06-04 08:03:37 [INFO]: Epoch 031 - training loss (MAE): 0.3461, validation MSE: 0.1682
2026-06-04 08:03:38 [INFO]: Epoch 032 - training loss (MAE): 0.3431, validation MSE: 0.1676
2026-06-04 08:03:39 [INFO]: Epoch 033 - training loss (MAE): 0.3406, validation MSE: 0.1632
2026-06-04 08:03:40 [INFO]: Epoch 034 - training loss (MAE): 0.3369, validation MSE: 0.1616
2026-06-04 08:03:41 [INFO]: Epoch 035 - training loss (MAE): 0.3345, validation MSE: 0.1606
2026-06-04 08:03:42 [INFO]: Epoch 036 - training loss (MAE): 0.3305, validation MSE: 0.1582
2026-06-04 08:03:43 [INFO]: Epoch 037 - training loss (MAE): 0.3290, validation MSE: 0.1598
2026-06-04 08:03:44 [INFO]: Epoch 038 - training loss (MAE): 0.3269, validation MSE: 0.1599
2026-06-04 08:03:45 [INFO]: Epoch 039 - training loss (MAE): 0.3240, validation MSE: 0.1528
2026-06-04 08:03:46 [INFO]: Epoch 040 - training loss (MAE): 0.3224, validation MSE: 0.1553
2026-06-04 08:03:47 [INFO]: Epoch 041 - training loss (MAE): 0.3200, validation MSE: 0.1543
2026-06-04 08:03:48 [INFO]: Epoch 042 - training loss (MAE): 0.3170, validation MSE: 0.1520
2026-06-04 08:03:49 [INFO]: Epoch 043 - training loss (MAE): 0.3156, validation MSE: 0.1489
2026-06-04 08:03:50 [INFO]: Epoch 044 - training loss (MAE): 0.3142, validation MSE: 0.1485
2026-06-04 08:03:51 [INFO]: Epoch 045 - training loss (MAE): 0.3124, validation MSE: 0.1495
2026-06-04 08:03:52 [INFO]: Epoch 046 - training loss (MAE): 0.3103, validation MSE: 0.1492
2026-06-04 08:03:53 [INFO]: Epoch 047 - training loss (MAE): 0.3093, validation MSE: 0.1460
2026-06-04 08:03:54 [INFO]: Epoch 048 - training loss (MAE): 0.3067, validation MSE: 0.1468
2026-06-04 08:03:55 [INFO]: Epoch 049 - training loss (MAE): 0.3053, validation MSE: 0.1449
2026-06-04 08:03:57 [INFO]: Epoch 050 - training loss (MAE): 0.3036, validation MSE: 0.1445
2026-06-04 08:03:58 [INFO]: Epoch 051 - training loss (MAE): 0.3020, validation MSE: 0.1412
2026-06-04 08:03:59 [INFO]: Epoch 052 - training loss (MAE): 0.3007, validation MSE: 0.1417
2026-06-04 08:04:00 [INFO]: Epoch 053 - training loss (MAE): 0.2984, validation MSE: 0.1419
2026-06-04 08:04:01 [INFO]: Epoch 054 - training loss (MAE): 0.2981, validation MSE: 0.1413
2026-06-04 08:04:03 [INFO]: Epoch 055 - training loss (MAE): 0.2968, validation MSE: 0.1446
2026-06-04 08:04:04 [INFO]: Epoch 056 - training loss (MAE): 0.2968, validation MSE: 0.1389
2026-06-04 08:04:05 [INFO]: Epoch 057 - training loss (MAE): 0.2940, validation MSE: 0.1419
2026-06-04 08:04:07 [INFO]: Epoch 058 - training loss (MAE): 0.2934, validation MSE: 0.1392
2026-06-04 08:04:08 [INFO]: Epoch 059 - training loss (MAE): 0.2915, validation MSE: 0.1377
2026-06-04 08:04:09 [INFO]: Epoch 060 - training loss (MAE): 0.2908, validation MSE: 0.1362
2026-06-04 08:04:09 [INFO]: Finished training. The best model is from epoch#60.
2026-06-04 08:04:09 [INFO]: Saved the model to output/imputation/cuda/paper_campaign/saits/appliances_energy/mr0.5/seed456/SAITS.pypots
[34m
████████╗██╗███╗   ███╗███████╗    ███████╗███████╗██████╗ ██╗███████╗███████╗    █████╗ ██╗
╚══██╔══╝██║████╗ ████║██╔════╝    ██╔════╝██╔════╝██╔══██╗██║██╔════╝██╔════╝   ██╔══██╗██║
   ██║   ██║██╔████╔██║█████╗█████╗███████╗█████╗  ██████╔╝██║█████╗  ███████╗   ███████║██║
   ██║   ██║██║╚██╔╝██║██╔══╝╚════╝╚════██║██╔══╝  ██╔══██╗██║██╔══╝  ╚════██║   ██╔══██║██║
   ██║   ██║██║ ╚═╝ ██║███████╗    ███████║███████╗██║  ██║██║███████╗███████║██╗██║  ██║██║
   ╚═╝   ╚═╝╚═╝     ╚═╝╚══════╝    ╚══════╝╚══════╝╚═╝  ╚═╝╚═╝╚══════╝╚══════╝╚═╝╚═╝  ╚═╝╚═╝
ai4ts v0.0.3 - building AI for unified time-series analysis, https://time-series.ai [0m

Use Train GPT: False
Use Lora: False
Use Profiling: False
🚀 Running imputation pipeline for model: saits
✅ Dataset 'appliances_energy' with missing rate 0.5 loaded at: /home/Aboya_25R9803/projects/lab/SUN/iPyPOTS/datasets/rate_0.5
🚀 Starting SAITS training pipeline...
[SAITS] Testing —— MAE: 0.4064| MSE: 0.3100| RMSE: 0.5568| MRE: 0.4037| 
📊 Metrics saved to: output/imputation/cuda/paper_campaign/saits/appliances_energy/mr0.5/seed456/metrics/saits_metrics.json
