2026-06-04 05:30:45 [INFO]: Have set the random seed as 456 for numpy and pytorch.
2026-06-04 05:30:47 [INFO]: 🔥🔥🔥🔥🔥🔥🔥🔥🔥🔥Using device list: ['cuda:0']
2026-06-04 05:30:47 [INFO]: 🔥🔥🔥🔥🔥🔥🔥🔥🔥🔥Using the given device: cuda:0
2026-06-04 05:30:47 [INFO]: Model files will be saved to output/imputation/cuda/paper_campaign/tefn/opsd_germany/mr0.3/seed456
2026-06-04 05:30:47 [INFO]: Tensorboard file will be saved to output/imputation/cuda/paper_campaign/tefn/opsd_germany/mr0.3/seed456/tensorboard
2026-06-04 05:30:47 [INFO]: Using customized MAE as the training loss function.
2026-06-04 05:30:47 [INFO]: Using customized MSE as the validation metric function.
2026-06-04 05:30:48 [INFO]: Model placed on cuda:0
2026-06-04 05:30:48 [INFO]: TEFN initialized with the given hyperparameters.
 ├─ Total parameters: 5,906
 ├─ Trainable parameters: 5,906
 └─ Trainable ratio: 100.00%
2026-06-04 05:30:50 [INFO]: Epoch 001 - training loss (MAE): 8.5707, validation MSE: 24.4018
2026-06-04 05:30:51 [INFO]: Epoch 002 - training loss (MAE): 6.7997, validation MSE: 17.1208
2026-06-04 05:30:52 [INFO]: Epoch 003 - training loss (MAE): 5.5512, validation MSE: 12.5395
2026-06-04 05:30:54 [INFO]: Epoch 004 - training loss (MAE): 4.5543, validation MSE: 9.2603
2026-06-04 05:30:55 [INFO]: Epoch 005 - training loss (MAE): 3.7102, validation MSE: 6.7483
2026-06-04 05:30:57 [INFO]: Epoch 006 - training loss (MAE): 2.9974, validation MSE: 4.8745
2026-06-04 05:30:58 [INFO]: Epoch 007 - training loss (MAE): 2.4212, validation MSE: 3.5491
2026-06-04 05:30:59 [INFO]: Epoch 008 - training loss (MAE): 1.9837, validation MSE: 2.6363
2026-06-04 05:31:01 [INFO]: Epoch 009 - training loss (MAE): 1.6525, validation MSE: 2.0180
2026-06-04 05:31:02 [INFO]: Epoch 010 - training loss (MAE): 1.4024, validation MSE: 1.6259
2026-06-04 05:31:03 [INFO]: Epoch 011 - training loss (MAE): 1.2265, validation MSE: 1.3800
2026-06-04 05:31:05 [INFO]: Epoch 012 - training loss (MAE): 1.0995, validation MSE: 1.2162
2026-06-04 05:31:06 [INFO]: Epoch 013 - training loss (MAE): 1.0041, validation MSE: 1.1015
2026-06-04 05:31:07 [INFO]: Epoch 014 - training loss (MAE): 0.9353, validation MSE: 1.0255
2026-06-04 05:31:09 [INFO]: Epoch 015 - training loss (MAE): 0.8844, validation MSE: 0.9744
2026-06-04 05:31:10 [INFO]: Epoch 016 - training loss (MAE): 0.8455, validation MSE: 0.9401
2026-06-04 05:31:11 [INFO]: Epoch 017 - training loss (MAE): 0.8146, validation MSE: 0.9131
2026-06-04 05:31:13 [INFO]: Epoch 018 - training loss (MAE): 0.7898, validation MSE: 0.9008
2026-06-04 05:31:14 [INFO]: Epoch 019 - training loss (MAE): 0.7698, validation MSE: 0.8878
2026-06-04 05:31:15 [INFO]: Epoch 020 - training loss (MAE): 0.7547, validation MSE: 0.8776
2026-06-04 05:31:17 [INFO]: Epoch 021 - training loss (MAE): 0.7414, validation MSE: 0.8733
2026-06-04 05:31:19 [INFO]: Epoch 022 - training loss (MAE): 0.7302, validation MSE: 0.8733
2026-06-04 05:31:21 [INFO]: Epoch 023 - training loss (MAE): 0.7202, validation MSE: 0.8685
2026-06-04 05:31:23 [INFO]: Epoch 024 - training loss (MAE): 0.7113, validation MSE: 0.8727
2026-06-04 05:31:25 [INFO]: Epoch 025 - training loss (MAE): 0.7041, validation MSE: 0.8628
2026-06-04 05:31:26 [INFO]: Epoch 026 - training loss (MAE): 0.6980, validation MSE: 0.8647
2026-06-04 05:31:28 [INFO]: Epoch 027 - training loss (MAE): 0.6911, validation MSE: 0.8618
2026-06-04 05:31:30 [INFO]: Epoch 028 - training loss (MAE): 0.6872, validation MSE: 0.8543
2026-06-04 05:31:32 [INFO]: Epoch 029 - training loss (MAE): 0.6828, validation MSE: 0.8556
2026-06-04 05:31:34 [INFO]: Epoch 030 - training loss (MAE): 0.6796, validation MSE: 0.8527
2026-06-04 05:31:36 [INFO]: Epoch 031 - training loss (MAE): 0.6758, validation MSE: 0.8507
2026-06-04 05:31:38 [INFO]: Epoch 032 - training loss (MAE): 0.6727, validation MSE: 0.8449
2026-06-04 05:31:40 [INFO]: Epoch 033 - training loss (MAE): 0.6706, validation MSE: 0.8498
2026-06-04 05:31:41 [INFO]: Epoch 034 - training loss (MAE): 0.6675, validation MSE: 0.8444
2026-06-04 05:31:43 [INFO]: Epoch 035 - training loss (MAE): 0.6659, validation MSE: 0.8449
2026-06-04 05:31:45 [INFO]: Epoch 036 - training loss (MAE): 0.6641, validation MSE: 0.8446
2026-06-04 05:31:47 [INFO]: Epoch 037 - training loss (MAE): 0.6630, validation MSE: 0.8480
2026-06-04 05:31:49 [INFO]: Epoch 038 - training loss (MAE): 0.6616, validation MSE: 0.8451
2026-06-04 05:31:51 [INFO]: Epoch 039 - training loss (MAE): 0.6608, validation MSE: 0.8415
2026-06-04 05:31:53 [INFO]: Epoch 040 - training loss (MAE): 0.6595, validation MSE: 0.8418
2026-06-04 05:31:55 [INFO]: Epoch 041 - training loss (MAE): 0.6589, validation MSE: 0.8429
2026-06-04 05:31:57 [INFO]: Epoch 042 - training loss (MAE): 0.6586, validation MSE: 0.8415
2026-06-04 05:31:59 [INFO]: Epoch 043 - training loss (MAE): 0.6583, validation MSE: 0.8412
2026-06-04 05:32:00 [INFO]: Epoch 044 - training loss (MAE): 0.6584, validation MSE: 0.8413
2026-06-04 05:32:02 [INFO]: Epoch 045 - training loss (MAE): 0.6570, validation MSE: 0.8442
2026-06-04 05:32:04 [INFO]: Epoch 046 - training loss (MAE): 0.6565, validation MSE: 0.8462
2026-06-04 05:32:06 [INFO]: Epoch 047 - training loss (MAE): 0.6566, validation MSE: 0.8444
2026-06-04 05:32:07 [INFO]: Epoch 048 - training loss (MAE): 0.6569, validation MSE: 0.8449
2026-06-04 05:32:09 [INFO]: Epoch 049 - training loss (MAE): 0.6564, validation MSE: 0.8445
2026-06-04 05:32:10 [INFO]: Epoch 050 - training loss (MAE): 0.6569, validation MSE: 0.8446
2026-06-04 05:32:11 [INFO]: Epoch 051 - training loss (MAE): 0.6574, validation MSE: 0.8429
2026-06-04 05:32:13 [INFO]: Epoch 052 - training loss (MAE): 0.6564, validation MSE: 0.8442
2026-06-04 05:32:14 [INFO]: Epoch 053 - training loss (MAE): 0.6562, validation MSE: 0.8448
2026-06-04 05:32:15 [INFO]: Epoch 054 - training loss (MAE): 0.6564, validation MSE: 0.8422
2026-06-04 05:32:17 [INFO]: Epoch 055 - training loss (MAE): 0.6565, validation MSE: 0.8428
2026-06-04 05:32:17 [INFO]: Exceeded the training patience. Terminating the training procedure...
2026-06-04 05:32:17 [INFO]: Finished training. The best model is from epoch#43.
2026-06-04 05:32:17 [INFO]: Saved the model to output/imputation/cuda/paper_campaign/tefn/opsd_germany/mr0.3/seed456/TEFN.pypots
[34m
████████╗██╗███╗   ███╗███████╗    ███████╗███████╗██████╗ ██╗███████╗███████╗    █████╗ ██╗
╚══██╔══╝██║████╗ ████║██╔════╝    ██╔════╝██╔════╝██╔══██╗██║██╔════╝██╔════╝   ██╔══██╗██║
   ██║   ██║██╔████╔██║█████╗█████╗███████╗█████╗  ██████╔╝██║█████╗  ███████╗   ███████║██║
   ██║   ██║██║╚██╔╝██║██╔══╝╚════╝╚════██║██╔══╝  ██╔══██╗██║██╔══╝  ╚════██║   ██╔══██║██║
   ██║   ██║██║ ╚═╝ ██║███████╗    ███████║███████╗██║  ██║██║███████╗███████║██╗██║  ██║██║
   ╚═╝   ╚═╝╚═╝     ╚═╝╚══════╝    ╚══════╝╚══════╝╚═╝  ╚═╝╚═╝╚══════╝╚══════╝╚═╝╚═╝  ╚═╝╚═╝
ai4ts v0.0.3 - building AI for unified time-series analysis, https://time-series.ai [0m

Use Train GPT: False
Use Lora: False
Use Profiling: False
🚀 Running imputation pipeline for model: tefn
✅ Dataset 'opsd_germany' with missing rate 0.3 loaded at: /home/Aboya_25R9803/projects/lab/SUN/iPyPOTS/datasets/rate_0.3
🚀 Starting TEFN training pipeline...
[TEFN] Testing —— MAE: 0.6618| MSE: 0.9258| RMSE: 0.9622| MRE: 0.7292| 
📊 Metrics saved to: output/imputation/cuda/paper_campaign/tefn/opsd_germany/mr0.3/seed456/metrics/tefn_metrics.json
