2026-06-04 05:53:57 [INFO]: Have set the random seed as 42 for numpy and pytorch.
2026-06-04 05:53:59 [INFO]: 🔥🔥🔥🔥🔥🔥🔥🔥🔥🔥Using device list: ['cuda:0']
2026-06-04 05:53:59 [INFO]: 🔥🔥🔥🔥🔥🔥🔥🔥🔥🔥Using the given device: cuda:0
2026-06-04 05:53:59 [INFO]: Model files will be saved to output/imputation/cuda/paper_campaign/tslanet/opsd_germany/mr0.5/seed42
2026-06-04 05:53:59 [INFO]: Tensorboard file will be saved to output/imputation/cuda/paper_campaign/tslanet/opsd_germany/mr0.5/seed42/tensorboard
2026-06-04 05:53:59 [INFO]: Model placed on cuda:0
2026-06-04 05:53:59 [INFO]: TSLANet initialized with the given hyperparameters.
 ├─ Total parameters: 416,106
 ├─ Trainable parameters: 416,106
 └─ Trainable ratio: 100.00%
2026-06-04 05:54:02 [INFO]: Epoch 001 - training loss (default): 0.0800, validation loss: 0.0977
2026-06-04 05:54:04 [INFO]: Epoch 002 - training loss (default): 0.0175, validation loss: 0.0908
2026-06-04 05:54:06 [INFO]: Epoch 003 - training loss (default): 0.0099, validation loss: 0.0884
2026-06-04 05:54:08 [INFO]: Epoch 004 - training loss (default): 0.0070, validation loss: 0.0829
2026-06-04 05:54:10 [INFO]: Epoch 005 - training loss (default): 0.0053, validation loss: 0.0773
2026-06-04 05:54:12 [INFO]: Epoch 006 - training loss (default): 0.0042, validation loss: 0.0721
2026-06-04 05:54:13 [INFO]: Epoch 007 - training loss (default): 0.0034, validation loss: 0.0685
2026-06-04 05:54:15 [INFO]: Epoch 008 - training loss (default): 0.0029, validation loss: 0.0650
2026-06-04 05:54:17 [INFO]: Epoch 009 - training loss (default): 0.0024, validation loss: 0.0621
2026-06-04 05:54:18 [INFO]: Epoch 010 - training loss (default): 0.0021, validation loss: 0.0596
2026-06-04 05:54:20 [INFO]: Epoch 011 - training loss (default): 0.0019, validation loss: 0.0574
2026-06-04 05:54:22 [INFO]: Epoch 012 - training loss (default): 0.0016, validation loss: 0.0560
2026-06-04 05:54:24 [INFO]: Epoch 013 - training loss (default): 0.0014, validation loss: 0.0543
2026-06-04 05:54:26 [INFO]: Epoch 014 - training loss (default): 0.0013, validation loss: 0.0527
2026-06-04 05:54:27 [INFO]: Epoch 015 - training loss (default): 0.0012, validation loss: 0.0514
2026-06-04 05:54:29 [INFO]: Epoch 016 - training loss (default): 0.0011, validation loss: 0.0503
2026-06-04 05:54:31 [INFO]: Epoch 017 - training loss (default): 0.0010, validation loss: 0.0490
2026-06-04 05:54:33 [INFO]: Epoch 018 - training loss (default): 0.0009, validation loss: 0.0478
2026-06-04 05:54:35 [INFO]: Epoch 019 - training loss (default): 0.0008, validation loss: 0.0475
2026-06-04 05:54:37 [INFO]: Epoch 020 - training loss (default): 0.0007, validation loss: 0.0460
2026-06-04 05:54:39 [INFO]: Epoch 021 - training loss (default): 0.0007, validation loss: 0.0450
2026-06-04 05:54:40 [INFO]: Epoch 022 - training loss (default): 0.0006, validation loss: 0.0443
2026-06-04 05:54:42 [INFO]: Epoch 023 - training loss (default): 0.0006, validation loss: 0.0439
2026-06-04 05:54:44 [INFO]: Epoch 024 - training loss (default): 0.0006, validation loss: 0.0428
2026-06-04 05:54:46 [INFO]: Epoch 025 - training loss (default): 0.0005, validation loss: 0.0423
2026-06-04 05:54:48 [INFO]: Epoch 026 - training loss (default): 0.0005, validation loss: 0.0418
2026-06-04 05:54:50 [INFO]: Epoch 027 - training loss (default): 0.0005, validation loss: 0.0411
2026-06-04 05:54:52 [INFO]: Epoch 028 - training loss (default): 0.0004, validation loss: 0.0402
2026-06-04 05:54:54 [INFO]: Epoch 029 - training loss (default): 0.0004, validation loss: 0.0398
2026-06-04 05:54:56 [INFO]: Epoch 030 - training loss (default): 0.0004, validation loss: 0.0391
2026-06-04 05:54:58 [INFO]: Epoch 031 - training loss (default): 0.0004, validation loss: 0.0386
2026-06-04 05:55:01 [INFO]: Epoch 032 - training loss (default): 0.0003, validation loss: 0.0379
2026-06-04 05:55:03 [INFO]: Epoch 033 - training loss (default): 0.0003, validation loss: 0.0372
2026-06-04 05:55:05 [INFO]: Epoch 034 - training loss (default): 0.0003, validation loss: 0.0368
2026-06-04 05:55:07 [INFO]: Epoch 035 - training loss (default): 0.0003, validation loss: 0.0360
2026-06-04 05:55:09 [INFO]: Epoch 036 - training loss (default): 0.0003, validation loss: 0.0356
2026-06-04 05:55:11 [INFO]: Epoch 037 - training loss (default): 0.0003, validation loss: 0.0349
2026-06-04 05:55:14 [INFO]: Epoch 038 - training loss (default): 0.0003, validation loss: 0.0346
2026-06-04 05:55:16 [INFO]: Epoch 039 - training loss (default): 0.0002, validation loss: 0.0338
2026-06-04 05:55:18 [INFO]: Epoch 040 - training loss (default): 0.0002, validation loss: 0.0335
2026-06-04 05:55:20 [INFO]: Epoch 041 - training loss (default): 0.0002, validation loss: 0.0329
2026-06-04 05:55:22 [INFO]: Epoch 042 - training loss (default): 0.0002, validation loss: 0.0322
2026-06-04 05:55:24 [INFO]: Epoch 043 - training loss (default): 0.0002, validation loss: 0.0316
2026-06-04 05:55:26 [INFO]: Epoch 044 - training loss (default): 0.0002, validation loss: 0.0314
2026-06-04 05:55:28 [INFO]: Epoch 045 - training loss (default): 0.0002, validation loss: 0.0311
2026-06-04 05:55:31 [INFO]: Epoch 046 - training loss (default): 0.0002, validation loss: 0.0304
2026-06-04 05:55:33 [INFO]: Epoch 047 - training loss (default): 0.0002, validation loss: 0.0298
2026-06-04 05:55:35 [INFO]: Epoch 048 - training loss (default): 0.0002, validation loss: 0.0296
2026-06-04 05:55:37 [INFO]: Epoch 049 - training loss (default): 0.0002, validation loss: 0.0293
2026-06-04 05:55:39 [INFO]: Epoch 050 - training loss (default): 0.0002, validation loss: 0.0290
2026-06-04 05:55:41 [INFO]: Epoch 051 - training loss (default): 0.0002, validation loss: 0.0285
2026-06-04 05:55:44 [INFO]: Epoch 052 - training loss (default): 0.0001, validation loss: 0.0281
2026-06-04 05:55:46 [INFO]: Epoch 053 - training loss (default): 0.0001, validation loss: 0.0278
2026-06-04 05:55:48 [INFO]: Epoch 054 - training loss (default): 0.0001, validation loss: 0.0275
2026-06-04 05:55:50 [INFO]: Epoch 055 - training loss (default): 0.0001, validation loss: 0.0270
2026-06-04 05:55:52 [INFO]: Epoch 056 - training loss (default): 0.0001, validation loss: 0.0267
2026-06-04 05:55:54 [INFO]: Epoch 057 - training loss (default): 0.0001, validation loss: 0.0265
2026-06-04 05:55:56 [INFO]: Epoch 058 - training loss (default): 0.0001, validation loss: 0.0260
2026-06-04 05:55:58 [INFO]: Epoch 059 - training loss (default): 0.0001, validation loss: 0.0256
2026-06-04 05:56:01 [INFO]: Epoch 060 - training loss (default): 0.0001, validation loss: 0.0256
2026-06-04 05:56:01 [INFO]: Finished training. The best model is from epoch#60.
2026-06-04 05:56:01 [INFO]: Saved the model to output/imputation/cuda/paper_campaign/tslanet/opsd_germany/mr0.5/seed42/TSLANet.pypots
[34m
████████╗██╗███╗   ███╗███████╗    ███████╗███████╗██████╗ ██╗███████╗███████╗    █████╗ ██╗
╚══██╔══╝██║████╗ ████║██╔════╝    ██╔════╝██╔════╝██╔══██╗██║██╔════╝██╔════╝   ██╔══██╗██║
   ██║   ██║██╔████╔██║█████╗█████╗███████╗█████╗  ██████╔╝██║█████╗  ███████╗   ███████║██║
   ██║   ██║██║╚██╔╝██║██╔══╝╚════╝╚════██║██╔══╝  ██╔══██╗██║██╔══╝  ╚════██║   ██╔══██║██║
   ██║   ██║██║ ╚═╝ ██║███████╗    ███████║███████╗██║  ██║██║███████╗███████║██╗██║  ██║██║
   ╚═╝   ╚═╝╚═╝     ╚═╝╚══════╝    ╚══════╝╚══════╝╚═╝  ╚═╝╚═╝╚══════╝╚══════╝╚═╝╚═╝  ╚═╝╚═╝
ai4ts v0.0.3 - building AI for unified time-series analysis, https://time-series.ai [0m

Use Train GPT: False
Use Lora: False
Use Profiling: False
🚀 Running imputation pipeline for model: tslanet
✅ Dataset 'opsd_germany' with missing rate 0.5 loaded at: /home/Aboya_25R9803/projects/lab/SUN/iPyPOTS/datasets/rate_0.5
🚀 Starting TSLANet training pipeline...
[TSLANet] Testing —— MAE: 0.9197| MSE: 1.2431| RMSE: 1.1150| MRE: 1.0126| 
📊 Metrics saved to: output/imputation/cuda/paper_campaign/tslanet/opsd_germany/mr0.5/seed42/metrics/tslanet_metrics.json
