2026-06-04 04:44:33 [INFO]: Have set the random seed as 42 for numpy and pytorch.
2026-06-04 04:44:33 [INFO]: You're using dataset electricity_transformer_temperature, please cite it properly in your work. You can find its reference information at the below link: 
https://github.com/WenjieDu/TSDB/tree/main/dataset_profiles/electricity_transformer_temperature
2026-06-04 04:44:33 [INFO]: Dataset electricity_transformer_temperature has already been downloaded. Processing directly...
2026-06-04 04:44:33 [INFO]: Dataset electricity_transformer_temperature has already been cached. Loading from cache directly...
2026-06-04 04:44:33 [INFO]: Loaded successfully!
2026-06-04 04:44:33 [INFO]: months selected as train set are <PeriodArray>
['2016-07', '2016-08', '2016-09', '2016-10', '2016-11', '2016-12', '2017-01',
 '2017-02', '2017-03', '2017-04', '2017-05', '2017-06', '2017-07', '2017-08']
Length: 14, dtype: period[M]
2026-06-04 04:44:33 [INFO]: months selected as val set are <PeriodArray>
['2017-09', '2017-10', '2017-11', '2017-12', '2018-01']
Length: 5, dtype: period[M]
2026-06-04 04:44:33 [INFO]: months selected as test set are <PeriodArray>
['2018-02', '2018-03', '2018-04', '2018-05', '2018-06']
Length: 5, dtype: period[M]
2026-06-04 04:44:33 [INFO]: Total sample number: 725
2026-06-04 04:44:33 [INFO]: Training set size: 427 (58.90%)
2026-06-04 04:44:33 [INFO]: Validation set size: 153 (21.10%)
2026-06-04 04:44:33 [INFO]: Test set size: 145 (20.00%)
2026-06-04 04:44:33 [INFO]: Number of steps: 96
2026-06-04 04:44:33 [INFO]: Number of features: 7
2026-06-04 04:44:33 [INFO]: Train set missing rate: 10.02%
2026-06-04 04:44:33 [INFO]: Validating set missing rate: 10.06%
2026-06-04 04:44:33 [INFO]: Test set missing rate: 10.03%
2026-06-04 04:44:33 [INFO]: 🔥🔥🔥🔥🔥🔥🔥🔥🔥🔥Using device list: ['cuda:0']
2026-06-04 04:44:33 [INFO]: 🔥🔥🔥🔥🔥🔥🔥🔥🔥🔥Using the given device: cuda:0
2026-06-04 04:44:34 [INFO]: Model files will be saved to output/imputation/cuda/paper_campaign/saits/ettm1/mr0.1/seed42
2026-06-04 04:44:34 [INFO]: Tensorboard file will be saved to output/imputation/cuda/paper_campaign/saits/ettm1/mr0.1/seed42/tensorboard
2026-06-04 04:44:34 [INFO]: Using customized MAE as the training loss function.
2026-06-04 04:44:34 [INFO]: Using customized MSE as the validation metric function.
2026-06-04 04:44:34 [INFO]: SAITS initialized with the given hyperparameters.
 ├─ Total parameters: 136,478
 ├─ Trainable parameters: 136,478
 └─ Trainable ratio: 100.00%
2026-06-04 04:44:34 [INFO]: Model placed on cuda:0
2026-06-04 04:44:35 [INFO]: Epoch 001 - training loss (MAE): 1.5515, validation MSE: 0.9276
2026-06-04 04:44:35 [INFO]: Epoch 002 - training loss (MAE): 1.4539, validation MSE: 0.8862
2026-06-04 04:44:35 [INFO]: Epoch 003 - training loss (MAE): 1.3941, validation MSE: 0.8270
2026-06-04 04:44:35 [INFO]: Epoch 004 - training loss (MAE): 1.3225, validation MSE: 0.7442
2026-06-04 04:44:35 [INFO]: Epoch 005 - training loss (MAE): 1.2527, validation MSE: 0.6750
2026-06-04 04:44:35 [INFO]: Epoch 006 - training loss (MAE): 1.1885, validation MSE: 0.6265
2026-06-04 04:44:35 [INFO]: Epoch 007 - training loss (MAE): 1.1339, validation MSE: 0.5872
2026-06-04 04:44:35 [INFO]: Epoch 008 - training loss (MAE): 1.0809, validation MSE: 0.5487
2026-06-04 04:44:35 [INFO]: Epoch 009 - training loss (MAE): 1.0450, validation MSE: 0.5124
2026-06-04 04:44:35 [INFO]: Epoch 010 - training loss (MAE): 1.0108, validation MSE: 0.4777
2026-06-04 04:44:36 [INFO]: Epoch 011 - training loss (MAE): 0.9690, validation MSE: 0.4362
2026-06-04 04:44:36 [INFO]: Epoch 012 - training loss (MAE): 0.9315, validation MSE: 0.3800
2026-06-04 04:44:36 [INFO]: Epoch 013 - training loss (MAE): 0.9011, validation MSE: 0.3455
2026-06-04 04:44:36 [INFO]: Epoch 014 - training loss (MAE): 0.8760, validation MSE: 0.3215
2026-06-04 04:44:36 [INFO]: Epoch 015 - training loss (MAE): 0.8560, validation MSE: 0.2990
2026-06-04 04:44:36 [INFO]: Epoch 016 - training loss (MAE): 0.8340, validation MSE: 0.2802
2026-06-04 04:44:36 [INFO]: Epoch 017 - training loss (MAE): 0.8180, validation MSE: 0.2655
2026-06-04 04:44:36 [INFO]: Epoch 018 - training loss (MAE): 0.7897, validation MSE: 0.2513
2026-06-04 04:44:36 [INFO]: Epoch 019 - training loss (MAE): 0.7663, validation MSE: 0.2399
2026-06-04 04:44:36 [INFO]: Epoch 020 - training loss (MAE): 0.7516, validation MSE: 0.2321
2026-06-04 04:44:36 [INFO]: Epoch 021 - training loss (MAE): 0.7273, validation MSE: 0.2215
2026-06-04 04:44:36 [INFO]: Epoch 022 - training loss (MAE): 0.7095, validation MSE: 0.2090
2026-06-04 04:44:37 [INFO]: Epoch 023 - training loss (MAE): 0.6954, validation MSE: 0.1978
2026-06-04 04:44:37 [INFO]: Epoch 024 - training loss (MAE): 0.6776, validation MSE: 0.1843
2026-06-04 04:44:37 [INFO]: Epoch 025 - training loss (MAE): 0.6659, validation MSE: 0.1782
2026-06-04 04:44:37 [INFO]: Epoch 026 - training loss (MAE): 0.6533, validation MSE: 0.1684
2026-06-04 04:44:37 [INFO]: Epoch 027 - training loss (MAE): 0.6397, validation MSE: 0.1598
2026-06-04 04:44:37 [INFO]: Epoch 028 - training loss (MAE): 0.6255, validation MSE: 0.1484
2026-06-04 04:44:37 [INFO]: Epoch 029 - training loss (MAE): 0.6118, validation MSE: 0.1412
2026-06-04 04:44:37 [INFO]: Epoch 030 - training loss (MAE): 0.6014, validation MSE: 0.1323
2026-06-04 04:44:37 [INFO]: Epoch 031 - training loss (MAE): 0.5911, validation MSE: 0.1244
2026-06-04 04:44:37 [INFO]: Epoch 032 - training loss (MAE): 0.5820, validation MSE: 0.1208
2026-06-04 04:44:37 [INFO]: Epoch 033 - training loss (MAE): 0.5693, validation MSE: 0.1142
2026-06-04 04:44:38 [INFO]: Epoch 034 - training loss (MAE): 0.5589, validation MSE: 0.1104
2026-06-04 04:44:38 [INFO]: Epoch 035 - training loss (MAE): 0.5497, validation MSE: 0.1031
2026-06-04 04:44:38 [INFO]: Epoch 036 - training loss (MAE): 0.5421, validation MSE: 0.1010
2026-06-04 04:44:38 [INFO]: Epoch 037 - training loss (MAE): 0.5346, validation MSE: 0.0949
2026-06-04 04:44:38 [INFO]: Epoch 038 - training loss (MAE): 0.5272, validation MSE: 0.0924
2026-06-04 04:44:38 [INFO]: Epoch 039 - training loss (MAE): 0.5179, validation MSE: 0.0898
2026-06-04 04:44:39 [INFO]: Epoch 040 - training loss (MAE): 0.5133, validation MSE: 0.0863
2026-06-04 04:44:39 [INFO]: Epoch 041 - training loss (MAE): 0.5080, validation MSE: 0.0847
2026-06-04 04:44:39 [INFO]: Epoch 042 - training loss (MAE): 0.4979, validation MSE: 0.0812
2026-06-04 04:44:39 [INFO]: Epoch 043 - training loss (MAE): 0.4897, validation MSE: 0.0790
2026-06-04 04:44:39 [INFO]: Epoch 044 - training loss (MAE): 0.4821, validation MSE: 0.0772
2026-06-04 04:44:39 [INFO]: Epoch 045 - training loss (MAE): 0.4782, validation MSE: 0.0751
2026-06-04 04:44:39 [INFO]: Epoch 046 - training loss (MAE): 0.4734, validation MSE: 0.0745
2026-06-04 04:44:39 [INFO]: Epoch 047 - training loss (MAE): 0.4661, validation MSE: 0.0731
2026-06-04 04:44:39 [INFO]: Epoch 048 - training loss (MAE): 0.4620, validation MSE: 0.0727
2026-06-04 04:44:39 [INFO]: Epoch 049 - training loss (MAE): 0.4615, validation MSE: 0.0709
2026-06-04 04:44:39 [INFO]: Epoch 050 - training loss (MAE): 0.4549, validation MSE: 0.0716
2026-06-04 04:44:40 [INFO]: Epoch 051 - training loss (MAE): 0.4511, validation MSE: 0.0677
2026-06-04 04:44:40 [INFO]: Epoch 052 - training loss (MAE): 0.4454, validation MSE: 0.0687
2026-06-04 04:44:40 [INFO]: Epoch 053 - training loss (MAE): 0.4411, validation MSE: 0.0651
2026-06-04 04:44:40 [INFO]: Epoch 054 - training loss (MAE): 0.4357, validation MSE: 0.0674
2026-06-04 04:44:40 [INFO]: Epoch 055 - training loss (MAE): 0.4318, validation MSE: 0.0646
2026-06-04 04:44:40 [INFO]: Epoch 056 - training loss (MAE): 0.4280, validation MSE: 0.0630
2026-06-04 04:44:40 [INFO]: Epoch 057 - training loss (MAE): 0.4264, validation MSE: 0.0644
2026-06-04 04:44:40 [INFO]: Epoch 058 - training loss (MAE): 0.4194, validation MSE: 0.0602
2026-06-04 04:44:40 [INFO]: Epoch 059 - training loss (MAE): 0.4181, validation MSE: 0.0616
2026-06-04 04:44:40 [INFO]: Epoch 060 - training loss (MAE): 0.4158, validation MSE: 0.0593
2026-06-04 04:44:40 [INFO]: Finished training. The best model is from epoch#60.
2026-06-04 04:44:40 [INFO]: Saved the model to output/imputation/cuda/paper_campaign/saits/ettm1/mr0.1/seed42/SAITS.pypots
[34m
████████╗██╗███╗   ███╗███████╗    ███████╗███████╗██████╗ ██╗███████╗███████╗    █████╗ ██╗
╚══██╔══╝██║████╗ ████║██╔════╝    ██╔════╝██╔════╝██╔══██╗██║██╔════╝██╔════╝   ██╔══██╗██║
   ██║   ██║██╔████╔██║█████╗█████╗███████╗█████╗  ██████╔╝██║█████╗  ███████╗   ███████║██║
   ██║   ██║██║╚██╔╝██║██╔══╝╚════╝╚════██║██╔══╝  ██╔══██╗██║██╔══╝  ╚════██║   ██╔══██║██║
   ██║   ██║██║ ╚═╝ ██║███████╗    ███████║███████╗██║  ██║██║███████╗███████║██╗██║  ██║██║
   ╚═╝   ╚═╝╚═╝     ╚═╝╚══════╝    ╚══════╝╚══════╝╚═╝  ╚═╝╚═╝╚══════╝╚══════╝╚═╝╚═╝  ╚═╝╚═╝
ai4ts v0.0.3 - building AI for unified time-series analysis, https://time-series.ai [0m

Use Train GPT: False
Use Lora: False
Use Profiling: False
🚀 Running imputation pipeline for model: saits
✅ Dataset 'ettm1' with missing rate 0.1 loaded at: /home/Aboya_25R9803/projects/lab/SUN/iPyPOTS/datasets/rate_0.1
🚀 Starting SAITS training pipeline...
[SAITS] Testing —— MAE: 0.1996| MSE: 0.0859| RMSE: 0.2930| MRE: 0.2375| 
📊 Metrics saved to: output/imputation/cuda/paper_campaign/saits/ettm1/mr0.1/seed42/metrics/saits_metrics.json
