[34m
████████╗██╗███╗   ███╗███████╗    ███████╗███████╗██████╗ ██╗███████╗███████╗    █████╗ ██╗
╚══██╔══╝██║████╗ ████║██╔════╝    ██╔════╝██╔════╝██╔══██╗██║██╔════╝██╔════╝   ██╔══██╗██║
   ██║   ██║██╔████╔██║█████╗█████╗███████╗█████╗  ██████╔╝██║█████╗  ███████╗   ███████║██║
   ██║   ██║██║╚██╔╝██║██╔══╝╚════╝╚════██║██╔══╝  ██╔══██╗██║██╔══╝  ╚════██║   ██╔══██║██║
   ██║   ██║██║ ╚═╝ ██║███████╗    ███████║███████╗██║  ██║██║███████╗███████║██╗██║  ██║██║
   ╚═╝   ╚═╝╚═╝     ╚═╝╚══════╝    ╚══════╝╚══════╝╚═╝  ╚═╝╚═╝╚══════╝╚══════╝╚═╝╚═╝  ╚═╝╚═╝
ai4ts v0.0.3 - building AI for unified time-series analysis, https://time-series.ai [0m

Use Train GPT: False
Use Lora: False
Use Profiling: False
2026-06-04 13:14:40 [INFO]: Have set the random seed as 456 for numpy and pytorch.
🚀 Running imputation pipeline for model: saits
2026-06-04 13:14:40 [INFO]: You're using dataset electricity_transformer_temperature, please cite it properly in your work. You can find its reference information at the below link: 
https://github.com/WenjieDu/TSDB/tree/main/dataset_profiles/electricity_transformer_temperature
2026-06-04 13:14:40 [INFO]: Dataset electricity_transformer_temperature has already been downloaded. Processing directly...
2026-06-04 13:14:40 [INFO]: Dataset electricity_transformer_temperature has already been cached. Loading from cache directly...
2026-06-04 13:14:40 [INFO]: Loaded successfully!
2026-06-04 13:14:40 [INFO]: months selected as train set are <PeriodArray>
['2016-07', '2016-08', '2016-09', '2016-10', '2016-11', '2016-12', '2017-01',
 '2017-02', '2017-03', '2017-04', '2017-05', '2017-06', '2017-07', '2017-08']
Length: 14, dtype: period[M]
2026-06-04 13:14:40 [INFO]: months selected as val set are <PeriodArray>
['2017-09', '2017-10', '2017-11', '2017-12', '2018-01']
Length: 5, dtype: period[M]
2026-06-04 13:14:40 [INFO]: months selected as test set are <PeriodArray>
['2018-02', '2018-03', '2018-04', '2018-05', '2018-06']
Length: 5, dtype: period[M]
2026-06-04 13:14:40 [INFO]: Total sample number: 180
2026-06-04 13:14:40 [INFO]: Training set size: 106 (58.89%)
2026-06-04 13:14:40 [INFO]: Validation set size: 38 (21.11%)
2026-06-04 13:14:40 [INFO]: Test set size: 36 (20.00%)
2026-06-04 13:14:40 [INFO]: Number of steps: 96
2026-06-04 13:14:40 [INFO]: Number of features: 7
2026-06-04 13:14:40 [INFO]: Train set missing rate: 9.98%
2026-06-04 13:14:40 [INFO]: Validating set missing rate: 10.17%
2026-06-04 13:14:40 [INFO]: Test set missing rate: 10.17%
✅ Dataset 'etth1' with missing rate 0.1 loaded at: /home/Aboya_25R9803/projects/lab/SUN/iPyPOTS/datasets/rate_0.1
🚀 Starting SAITS training pipeline...
2026-06-04 13:14:40 [INFO]: 🔥🔥🔥🔥🔥🔥🔥🔥🔥🔥Using device list: ['cuda:0']
2026-06-04 13:14:40 [INFO]: 🔥🔥🔥🔥🔥🔥🔥🔥🔥🔥Using the given device: cuda:0
2026-06-04 13:14:40 [INFO]: Model files will be saved to output/imputation/cuda/paper_campaign/saits/etth1/mr0.1/seed456
2026-06-04 13:14:40 [INFO]: Tensorboard file will be saved to output/imputation/cuda/paper_campaign/saits/etth1/mr0.1/seed456/tensorboard
2026-06-04 13:14:40 [INFO]: Using customized MAE as the training loss function.
2026-06-04 13:14:40 [INFO]: Using customized MSE as the validation metric function.
2026-06-04 13:14:41 [INFO]: SAITS initialized with the given hyperparameters.
 ├─ Total parameters: 136,478
 ├─ Trainable parameters: 136,478
 └─ Trainable ratio: 100.00%
2026-06-04 13:14:41 [INFO]: Model placed on cuda:0
2026-06-04 13:14:41 [INFO]: Epoch 001 - training loss (MAE): 1.7081, validation MSE: 0.9728
2026-06-04 13:14:41 [INFO]: Epoch 002 - training loss (MAE): 1.5954, validation MSE: 0.9051
2026-06-04 13:14:41 [INFO]: Epoch 003 - training loss (MAE): 1.5146, validation MSE: 0.8794
2026-06-04 13:14:41 [INFO]: Epoch 004 - training loss (MAE): 1.4656, validation MSE: 0.8746
2026-06-04 13:14:41 [INFO]: Epoch 005 - training loss (MAE): 1.4279, validation MSE: 0.8761
2026-06-04 13:14:41 [INFO]: Epoch 006 - training loss (MAE): 1.3934, validation MSE: 0.8724
2026-06-04 13:14:42 [INFO]: Epoch 007 - training loss (MAE): 1.3617, validation MSE: 0.8610
2026-06-04 13:14:42 [INFO]: Epoch 008 - training loss (MAE): 1.3183, validation MSE: 0.8426
2026-06-04 13:14:42 [INFO]: Epoch 009 - training loss (MAE): 1.2790, validation MSE: 0.8181
2026-06-04 13:14:42 [INFO]: Epoch 010 - training loss (MAE): 1.2402, validation MSE: 0.7898
2026-06-04 13:14:42 [INFO]: Epoch 011 - training loss (MAE): 1.2132, validation MSE: 0.7597
2026-06-04 13:14:42 [INFO]: Epoch 012 - training loss (MAE): 1.1838, validation MSE: 0.7326
2026-06-04 13:14:42 [INFO]: Epoch 013 - training loss (MAE): 1.1519, validation MSE: 0.7107
2026-06-04 13:14:42 [INFO]: Epoch 014 - training loss (MAE): 1.1376, validation MSE: 0.6928
2026-06-04 13:14:42 [INFO]: Epoch 015 - training loss (MAE): 1.1212, validation MSE: 0.6801
2026-06-04 13:14:42 [INFO]: Epoch 016 - training loss (MAE): 1.1015, validation MSE: 0.6671
2026-06-04 13:14:42 [INFO]: Epoch 017 - training loss (MAE): 1.0904, validation MSE: 0.6519
2026-06-04 13:14:42 [INFO]: Epoch 018 - training loss (MAE): 1.0783, validation MSE: 0.6336
2026-06-04 13:14:42 [INFO]: Epoch 019 - training loss (MAE): 1.0646, validation MSE: 0.6147
2026-06-04 13:14:42 [INFO]: Epoch 020 - training loss (MAE): 1.0497, validation MSE: 0.5986
2026-06-04 13:14:42 [INFO]: Epoch 021 - training loss (MAE): 1.0447, validation MSE: 0.5823
2026-06-04 13:14:42 [INFO]: Epoch 022 - training loss (MAE): 1.0186, validation MSE: 0.5654
2026-06-04 13:14:42 [INFO]: Epoch 023 - training loss (MAE): 1.0070, validation MSE: 0.5449
2026-06-04 13:14:42 [INFO]: Epoch 024 - training loss (MAE): 0.9947, validation MSE: 0.5214
2026-06-04 13:14:42 [INFO]: Epoch 025 - training loss (MAE): 0.9830, validation MSE: 0.4966
2026-06-04 13:14:42 [INFO]: Epoch 026 - training loss (MAE): 0.9681, validation MSE: 0.4728
2026-06-04 13:14:42 [INFO]: Epoch 027 - training loss (MAE): 0.9611, validation MSE: 0.4513
2026-06-04 13:14:42 [INFO]: Epoch 028 - training loss (MAE): 0.9383, validation MSE: 0.4298
2026-06-04 13:14:42 [INFO]: Epoch 029 - training loss (MAE): 0.9211, validation MSE: 0.4095
2026-06-04 13:14:43 [INFO]: Epoch 030 - training loss (MAE): 0.9131, validation MSE: 0.3909
2026-06-04 13:14:43 [INFO]: Epoch 031 - training loss (MAE): 0.9108, validation MSE: 0.3756
2026-06-04 13:14:43 [INFO]: Epoch 032 - training loss (MAE): 0.9035, validation MSE: 0.3645
2026-06-04 13:14:43 [INFO]: Epoch 033 - training loss (MAE): 0.8933, validation MSE: 0.3557
2026-06-04 13:14:43 [INFO]: Epoch 034 - training loss (MAE): 0.8828, validation MSE: 0.3484
2026-06-04 13:14:43 [INFO]: Epoch 035 - training loss (MAE): 0.8751, validation MSE: 0.3404
2026-06-04 13:14:43 [INFO]: Epoch 036 - training loss (MAE): 0.8662, validation MSE: 0.3319
2026-06-04 13:14:43 [INFO]: Epoch 037 - training loss (MAE): 0.8639, validation MSE: 0.3214
2026-06-04 13:14:43 [INFO]: Epoch 038 - training loss (MAE): 0.8578, validation MSE: 0.3149
2026-06-04 13:14:43 [INFO]: Epoch 039 - training loss (MAE): 0.8493, validation MSE: 0.3092
2026-06-04 13:14:43 [INFO]: Epoch 040 - training loss (MAE): 0.8435, validation MSE: 0.3018
2026-06-04 13:14:43 [INFO]: Epoch 041 - training loss (MAE): 0.8346, validation MSE: 0.2962
2026-06-04 13:14:43 [INFO]: Epoch 042 - training loss (MAE): 0.8293, validation MSE: 0.2912
2026-06-04 13:14:43 [INFO]: Epoch 043 - training loss (MAE): 0.8284, validation MSE: 0.2834
2026-06-04 13:14:43 [INFO]: Epoch 044 - training loss (MAE): 0.8188, validation MSE: 0.2772
2026-06-04 13:14:43 [INFO]: Epoch 045 - training loss (MAE): 0.8166, validation MSE: 0.2736
2026-06-04 13:14:43 [INFO]: Epoch 046 - training loss (MAE): 0.8060, validation MSE: 0.2706
2026-06-04 13:14:43 [INFO]: Epoch 047 - training loss (MAE): 0.8012, validation MSE: 0.2640
2026-06-04 13:14:43 [INFO]: Epoch 048 - training loss (MAE): 0.7978, validation MSE: 0.2550
2026-06-04 13:14:43 [INFO]: Epoch 049 - training loss (MAE): 0.7902, validation MSE: 0.2503
2026-06-04 13:14:44 [INFO]: Epoch 050 - training loss (MAE): 0.7917, validation MSE: 0.2490
2026-06-04 13:14:44 [INFO]: Epoch 051 - training loss (MAE): 0.7798, validation MSE: 0.2483
2026-06-04 13:14:44 [INFO]: Epoch 052 - training loss (MAE): 0.7796, validation MSE: 0.2438
2026-06-04 13:14:44 [INFO]: Epoch 053 - training loss (MAE): 0.7723, validation MSE: 0.2370
2026-06-04 13:14:44 [INFO]: Epoch 054 - training loss (MAE): 0.7747, validation MSE: 0.2322
2026-06-04 13:14:44 [INFO]: Epoch 055 - training loss (MAE): 0.7707, validation MSE: 0.2302
2026-06-04 13:14:44 [INFO]: Epoch 056 - training loss (MAE): 0.7593, validation MSE: 0.2281
2026-06-04 13:14:44 [INFO]: Epoch 057 - training loss (MAE): 0.7583, validation MSE: 0.2266
2026-06-04 13:14:44 [INFO]: Epoch 058 - training loss (MAE): 0.7546, validation MSE: 0.2249
2026-06-04 13:14:44 [INFO]: Epoch 059 - training loss (MAE): 0.7481, validation MSE: 0.2248
2026-06-04 13:14:44 [INFO]: Epoch 060 - training loss (MAE): 0.7477, validation MSE: 0.2222
2026-06-04 13:14:44 [INFO]: Finished training. The best model is from epoch#60.
2026-06-04 13:14:44 [INFO]: Saved the model to output/imputation/cuda/paper_campaign/saits/etth1/mr0.1/seed456/SAITS.pypots
[SAITS] Testing —— MAE: 0.3796| MSE: 0.3113| RMSE: 0.5579| MRE: 0.4480| 
📊 Metrics saved to: output/imputation/cuda/paper_campaign/saits/etth1/mr0.1/seed456/metrics/saits_metrics.json
