2026-06-04 05:02:32 [INFO]: Have set the random seed as 456 for numpy and pytorch.
2026-06-04 05:02:34 [INFO]: 🔥🔥🔥🔥🔥🔥🔥🔥🔥🔥Using device list: ['cuda:0']
2026-06-04 05:02:34 [INFO]: 🔥🔥🔥🔥🔥🔥🔥🔥🔥🔥Using the given device: cuda:0
2026-06-04 05:02:34 [INFO]: Model files will be saved to output/imputation/cuda/paper_campaign/saits/opsd_germany/mr0.3/seed456
2026-06-04 05:02:34 [INFO]: Tensorboard file will be saved to output/imputation/cuda/paper_campaign/saits/opsd_germany/mr0.3/seed456/tensorboard
2026-06-04 05:02:34 [INFO]: Using customized MAE as the training loss function.
2026-06-04 05:02:34 [INFO]: Using customized MSE as the validation metric function.
2026-06-04 05:02:34 [INFO]: SAITS initialized with the given hyperparameters.
 ├─ Total parameters: 138,752
 ├─ Trainable parameters: 138,752
 └─ Trainable ratio: 100.00%
2026-06-04 05:02:35 [INFO]: Model placed on cuda:0
2026-06-04 05:02:39 [INFO]: Epoch 001 - training loss (MAE): 1.2688, validation MSE: 0.5206
2026-06-04 05:02:43 [INFO]: Epoch 002 - training loss (MAE): 0.8229, validation MSE: 0.4057
2026-06-04 05:02:48 [INFO]: Epoch 003 - training loss (MAE): 0.6589, validation MSE: 0.3373
2026-06-04 05:02:52 [INFO]: Epoch 004 - training loss (MAE): 0.5585, validation MSE: 0.2995
2026-06-04 05:02:57 [INFO]: Epoch 005 - training loss (MAE): 0.4796, validation MSE: 0.2643
2026-06-04 05:03:02 [INFO]: Epoch 006 - training loss (MAE): 0.4373, validation MSE: 0.2282
2026-06-04 05:03:07 [INFO]: Epoch 007 - training loss (MAE): 0.4023, validation MSE: 0.1778
2026-06-04 05:03:12 [INFO]: Epoch 008 - training loss (MAE): 0.3575, validation MSE: 0.1047
2026-06-04 05:03:16 [INFO]: Epoch 009 - training loss (MAE): 0.3107, validation MSE: 0.0742
2026-06-04 05:03:21 [INFO]: Epoch 010 - training loss (MAE): 0.2826, validation MSE: 0.0590
2026-06-04 05:03:26 [INFO]: Epoch 011 - training loss (MAE): 0.2633, validation MSE: 0.0487
2026-06-04 05:03:32 [INFO]: Epoch 012 - training loss (MAE): 0.2487, validation MSE: 0.0434
2026-06-04 05:03:37 [INFO]: Epoch 013 - training loss (MAE): 0.2368, validation MSE: 0.0371
2026-06-04 05:03:43 [INFO]: Epoch 014 - training loss (MAE): 0.2266, validation MSE: 0.0343
2026-06-04 05:03:48 [INFO]: Epoch 015 - training loss (MAE): 0.2193, validation MSE: 0.0327
2026-06-04 05:03:53 [INFO]: Epoch 016 - training loss (MAE): 0.2130, validation MSE: 0.0303
2026-06-04 05:03:57 [INFO]: Epoch 017 - training loss (MAE): 0.2080, validation MSE: 0.0280
2026-06-04 05:04:02 [INFO]: Epoch 018 - training loss (MAE): 0.2028, validation MSE: 0.0266
2026-06-04 05:04:06 [INFO]: Epoch 019 - training loss (MAE): 0.1994, validation MSE: 0.0250
2026-06-04 05:04:11 [INFO]: Epoch 020 - training loss (MAE): 0.1966, validation MSE: 0.0237
2026-06-04 05:04:15 [INFO]: Epoch 021 - training loss (MAE): 0.1920, validation MSE: 0.0228
2026-06-04 05:04:20 [INFO]: Epoch 022 - training loss (MAE): 0.1900, validation MSE: 0.0219
2026-06-04 05:04:24 [INFO]: Epoch 023 - training loss (MAE): 0.1881, validation MSE: 0.0211
2026-06-04 05:04:29 [INFO]: Epoch 024 - training loss (MAE): 0.1846, validation MSE: 0.0219
2026-06-04 05:04:35 [INFO]: Epoch 025 - training loss (MAE): 0.1841, validation MSE: 0.0201
2026-06-04 05:04:40 [INFO]: Epoch 026 - training loss (MAE): 0.1811, validation MSE: 0.0194
2026-06-04 05:04:46 [INFO]: Epoch 027 - training loss (MAE): 0.1787, validation MSE: 0.0186
2026-06-04 05:04:51 [INFO]: Epoch 028 - training loss (MAE): 0.1770, validation MSE: 0.0188
2026-06-04 05:04:57 [INFO]: Epoch 029 - training loss (MAE): 0.1755, validation MSE: 0.0183
2026-06-04 05:05:03 [INFO]: Epoch 030 - training loss (MAE): 0.1742, validation MSE: 0.0187
2026-06-04 05:05:08 [INFO]: Epoch 031 - training loss (MAE): 0.1729, validation MSE: 0.0177
2026-06-04 05:05:14 [INFO]: Epoch 032 - training loss (MAE): 0.1716, validation MSE: 0.0176
2026-06-04 05:05:20 [INFO]: Epoch 033 - training loss (MAE): 0.1702, validation MSE: 0.0178
2026-06-04 05:05:25 [INFO]: Epoch 034 - training loss (MAE): 0.1685, validation MSE: 0.0169
2026-06-04 05:05:30 [INFO]: Epoch 035 - training loss (MAE): 0.1681, validation MSE: 0.0163
2026-06-04 05:05:34 [INFO]: Epoch 036 - training loss (MAE): 0.1661, validation MSE: 0.0163
2026-06-04 05:05:39 [INFO]: Epoch 037 - training loss (MAE): 0.1652, validation MSE: 0.0161
2026-06-04 05:05:43 [INFO]: Epoch 038 - training loss (MAE): 0.1648, validation MSE: 0.0168
2026-06-04 05:05:48 [INFO]: Epoch 039 - training loss (MAE): 0.1630, validation MSE: 0.0158
2026-06-04 05:05:52 [INFO]: Epoch 040 - training loss (MAE): 0.1624, validation MSE: 0.0156
2026-06-04 05:05:57 [INFO]: Epoch 041 - training loss (MAE): 0.1614, validation MSE: 0.0158
2026-06-04 05:06:02 [INFO]: Epoch 042 - training loss (MAE): 0.1604, validation MSE: 0.0151
2026-06-04 05:06:07 [INFO]: Epoch 043 - training loss (MAE): 0.1597, validation MSE: 0.0156
2026-06-04 05:06:12 [INFO]: Epoch 044 - training loss (MAE): 0.1581, validation MSE: 0.0148
2026-06-04 05:06:17 [INFO]: Epoch 045 - training loss (MAE): 0.1571, validation MSE: 0.0146
2026-06-04 05:06:22 [INFO]: Epoch 046 - training loss (MAE): 0.1570, validation MSE: 0.0150
2026-06-04 05:06:27 [INFO]: Epoch 047 - training loss (MAE): 0.1563, validation MSE: 0.0146
2026-06-04 05:06:32 [INFO]: Epoch 048 - training loss (MAE): 0.1549, validation MSE: 0.0143
2026-06-04 05:06:36 [INFO]: Epoch 049 - training loss (MAE): 0.1542, validation MSE: 0.0140
2026-06-04 05:06:40 [INFO]: Epoch 050 - training loss (MAE): 0.1541, validation MSE: 0.0140
2026-06-04 05:06:45 [INFO]: Epoch 051 - training loss (MAE): 0.1536, validation MSE: 0.0138
2026-06-04 05:06:50 [INFO]: Epoch 052 - training loss (MAE): 0.1517, validation MSE: 0.0139
2026-06-04 05:06:55 [INFO]: Epoch 053 - training loss (MAE): 0.1520, validation MSE: 0.0136
2026-06-04 05:07:00 [INFO]: Epoch 054 - training loss (MAE): 0.1504, validation MSE: 0.0133
2026-06-04 05:07:05 [INFO]: Epoch 055 - training loss (MAE): 0.1513, validation MSE: 0.0134
2026-06-04 05:07:11 [INFO]: Epoch 056 - training loss (MAE): 0.1492, validation MSE: 0.0131
2026-06-04 05:07:16 [INFO]: Epoch 057 - training loss (MAE): 0.1480, validation MSE: 0.0131
2026-06-04 05:07:22 [INFO]: Epoch 058 - training loss (MAE): 0.1477, validation MSE: 0.0131
2026-06-04 05:07:27 [INFO]: Epoch 059 - training loss (MAE): 0.1467, validation MSE: 0.0126
2026-06-04 05:07:33 [INFO]: Epoch 060 - training loss (MAE): 0.1464, validation MSE: 0.0127
2026-06-04 05:07:33 [INFO]: Finished training. The best model is from epoch#59.
2026-06-04 05:07:33 [INFO]: Saved the model to output/imputation/cuda/paper_campaign/saits/opsd_germany/mr0.3/seed456/SAITS.pypots
[34m
████████╗██╗███╗   ███╗███████╗    ███████╗███████╗██████╗ ██╗███████╗███████╗    █████╗ ██╗
╚══██╔══╝██║████╗ ████║██╔════╝    ██╔════╝██╔════╝██╔══██╗██║██╔════╝██╔════╝   ██╔══██╗██║
   ██║   ██║██╔████╔██║█████╗█████╗███████╗█████╗  ██████╔╝██║█████╗  ███████╗   ███████║██║
   ██║   ██║██║╚██╔╝██║██╔══╝╚════╝╚════██║██╔══╝  ██╔══██╗██║██╔══╝  ╚════██║   ██╔══██║██║
   ██║   ██║██║ ╚═╝ ██║███████╗    ███████║███████╗██║  ██║██║███████╗███████║██╗██║  ██║██║
   ╚═╝   ╚═╝╚═╝     ╚═╝╚══════╝    ╚══════╝╚══════╝╚═╝  ╚═╝╚═╝╚══════╝╚══════╝╚═╝╚═╝  ╚═╝╚═╝
ai4ts v0.0.3 - building AI for unified time-series analysis, https://time-series.ai [0m

Use Train GPT: False
Use Lora: False
Use Profiling: False
🚀 Running imputation pipeline for model: saits
✅ Dataset 'opsd_germany' with missing rate 0.3 loaded at: /home/Aboya_25R9803/projects/lab/SUN/iPyPOTS/datasets/rate_0.3
🚀 Starting SAITS training pipeline...
[SAITS] Testing —— MAE: 0.0811| MSE: 0.0170| RMSE: 0.1304| MRE: 0.0894| 
📊 Metrics saved to: output/imputation/cuda/paper_campaign/saits/opsd_germany/mr0.3/seed456/metrics/saits_metrics.json
