2026-06-04 08:21:29 [INFO]: Have set the random seed as 42 for numpy and pytorch.
2026-06-04 08:21:29 [INFO]: 🔥🔥🔥🔥🔥🔥🔥🔥🔥🔥Using device list: ['cuda:0']
2026-06-04 08:21:29 [INFO]: 🔥🔥🔥🔥🔥🔥🔥🔥🔥🔥Using the given device: cuda:0
2026-06-04 08:21:30 [INFO]: Model files will be saved to output/imputation/cuda/paper_campaign/tslanet/appliances_energy/mr0.5/seed42
2026-06-04 08:21:30 [INFO]: Tensorboard file will be saved to output/imputation/cuda/paper_campaign/tslanet/appliances_energy/mr0.5/seed42/tensorboard
2026-06-04 08:21:30 [INFO]: Model placed on cuda:0
2026-06-04 08:21:30 [INFO]: TSLANet initialized with the given hyperparameters.
 ├─ Total parameters: 176,394
 ├─ Trainable parameters: 176,394
 └─ Trainable ratio: 100.00%
2026-06-04 08:21:32 [INFO]: Epoch 001 - training loss (default): 0.1352, validation loss: 0.0752
2026-06-04 08:21:33 [INFO]: Epoch 002 - training loss (default): 0.0535, validation loss: 0.0577
2026-06-04 08:21:34 [INFO]: Epoch 003 - training loss (default): 0.0360, validation loss: 0.0451
2026-06-04 08:21:35 [INFO]: Epoch 004 - training loss (default): 0.0270, validation loss: 0.0351
2026-06-04 08:21:37 [INFO]: Epoch 005 - training loss (default): 0.0211, validation loss: 0.0273
2026-06-04 08:21:38 [INFO]: Epoch 006 - training loss (default): 0.0169, validation loss: 0.0226
2026-06-04 08:21:39 [INFO]: Epoch 007 - training loss (default): 0.0145, validation loss: 0.0197
2026-06-04 08:21:40 [INFO]: Epoch 008 - training loss (default): 0.0128, validation loss: 0.0180
2026-06-04 08:21:41 [INFO]: Epoch 009 - training loss (default): 0.0113, validation loss: 0.0165
2026-06-04 08:21:43 [INFO]: Epoch 010 - training loss (default): 0.0106, validation loss: 0.0153
2026-06-04 08:21:44 [INFO]: Epoch 011 - training loss (default): 0.0095, validation loss: 0.0147
2026-06-04 08:21:45 [INFO]: Epoch 012 - training loss (default): 0.0089, validation loss: 0.0135
2026-06-04 08:21:46 [INFO]: Epoch 013 - training loss (default): 0.0084, validation loss: 0.0133
2026-06-04 08:21:48 [INFO]: Epoch 014 - training loss (default): 0.0078, validation loss: 0.0124
2026-06-04 08:21:49 [INFO]: Epoch 015 - training loss (default): 0.0074, validation loss: 0.0121
2026-06-04 08:21:50 [INFO]: Epoch 016 - training loss (default): 0.0069, validation loss: 0.0113
2026-06-04 08:21:51 [INFO]: Epoch 017 - training loss (default): 0.0067, validation loss: 0.0110
2026-06-04 08:21:52 [INFO]: Epoch 018 - training loss (default): 0.0062, validation loss: 0.0108
2026-06-04 08:21:54 [INFO]: Epoch 019 - training loss (default): 0.0059, validation loss: 0.0103
2026-06-04 08:21:55 [INFO]: Epoch 020 - training loss (default): 0.0057, validation loss: 0.0099
2026-06-04 08:21:56 [INFO]: Epoch 021 - training loss (default): 0.0053, validation loss: 0.0095
2026-06-04 08:21:57 [INFO]: Epoch 022 - training loss (default): 0.0050, validation loss: 0.0088
2026-06-04 08:21:59 [INFO]: Epoch 023 - training loss (default): 0.0048, validation loss: 0.0088
2026-06-04 08:22:00 [INFO]: Epoch 024 - training loss (default): 0.0047, validation loss: 0.0085
2026-06-04 08:22:01 [INFO]: Epoch 025 - training loss (default): 0.0043, validation loss: 0.0079
2026-06-04 08:22:02 [INFO]: Epoch 026 - training loss (default): 0.0042, validation loss: 0.0080
2026-06-04 08:22:04 [INFO]: Epoch 027 - training loss (default): 0.0041, validation loss: 0.0075
2026-06-04 08:22:05 [INFO]: Epoch 028 - training loss (default): 0.0039, validation loss: 0.0074
2026-06-04 08:22:06 [INFO]: Epoch 029 - training loss (default): 0.0038, validation loss: 0.0070
2026-06-04 08:22:07 [INFO]: Epoch 030 - training loss (default): 0.0036, validation loss: 0.0068
2026-06-04 08:22:09 [INFO]: Epoch 031 - training loss (default): 0.0034, validation loss: 0.0065
2026-06-04 08:22:10 [INFO]: Epoch 032 - training loss (default): 0.0034, validation loss: 0.0062
2026-06-04 08:22:11 [INFO]: Epoch 033 - training loss (default): 0.0032, validation loss: 0.0060
2026-06-04 08:22:13 [INFO]: Epoch 034 - training loss (default): 0.0031, validation loss: 0.0057
2026-06-04 08:22:14 [INFO]: Epoch 035 - training loss (default): 0.0030, validation loss: 0.0055
2026-06-04 08:22:15 [INFO]: Epoch 036 - training loss (default): 0.0028, validation loss: 0.0054
2026-06-04 08:22:16 [INFO]: Epoch 037 - training loss (default): 0.0028, validation loss: 0.0051
2026-06-04 08:22:17 [INFO]: Epoch 038 - training loss (default): 0.0027, validation loss: 0.0051
2026-06-04 08:22:18 [INFO]: Epoch 039 - training loss (default): 0.0025, validation loss: 0.0049
2026-06-04 08:22:19 [INFO]: Epoch 040 - training loss (default): 0.0025, validation loss: 0.0048
2026-06-04 08:22:20 [INFO]: Epoch 041 - training loss (default): 0.0024, validation loss: 0.0047
2026-06-04 08:22:21 [INFO]: Epoch 042 - training loss (default): 0.0023, validation loss: 0.0043
2026-06-04 08:22:22 [INFO]: Epoch 043 - training loss (default): 0.0022, validation loss: 0.0042
2026-06-04 08:22:24 [INFO]: Epoch 044 - training loss (default): 0.0021, validation loss: 0.0042
2026-06-04 08:22:25 [INFO]: Epoch 045 - training loss (default): 0.0020, validation loss: 0.0040
2026-06-04 08:22:26 [INFO]: Epoch 046 - training loss (default): 0.0020, validation loss: 0.0039
2026-06-04 08:22:27 [INFO]: Epoch 047 - training loss (default): 0.0019, validation loss: 0.0038
2026-06-04 08:22:28 [INFO]: Epoch 048 - training loss (default): 0.0019, validation loss: 0.0037
2026-06-04 08:22:29 [INFO]: Epoch 049 - training loss (default): 0.0018, validation loss: 0.0036
2026-06-04 08:22:30 [INFO]: Epoch 050 - training loss (default): 0.0017, validation loss: 0.0034
2026-06-04 08:22:31 [INFO]: Epoch 051 - training loss (default): 0.0017, validation loss: 0.0033
2026-06-04 08:22:32 [INFO]: Epoch 052 - training loss (default): 0.0017, validation loss: 0.0031
2026-06-04 08:22:33 [INFO]: Epoch 053 - training loss (default): 0.0016, validation loss: 0.0032
2026-06-04 08:22:34 [INFO]: Epoch 054 - training loss (default): 0.0016, validation loss: 0.0030
2026-06-04 08:22:35 [INFO]: Epoch 055 - training loss (default): 0.0015, validation loss: 0.0030
2026-06-04 08:22:36 [INFO]: Epoch 056 - training loss (default): 0.0014, validation loss: 0.0030
2026-06-04 08:22:38 [INFO]: Epoch 057 - training loss (default): 0.0014, validation loss: 0.0027
2026-06-04 08:22:39 [INFO]: Epoch 058 - training loss (default): 0.0014, validation loss: 0.0028
2026-06-04 08:22:40 [INFO]: Epoch 059 - training loss (default): 0.0014, validation loss: 0.0027
2026-06-04 08:22:41 [INFO]: Epoch 060 - training loss (default): 0.0013, validation loss: 0.0026
2026-06-04 08:22:41 [INFO]: Finished training. The best model is from epoch#60.
2026-06-04 08:22:41 [INFO]: Saved the model to output/imputation/cuda/paper_campaign/tslanet/appliances_energy/mr0.5/seed42/TSLANet.pypots
[34m
████████╗██╗███╗   ███╗███████╗    ███████╗███████╗██████╗ ██╗███████╗███████╗    █████╗ ██╗
╚══██╔══╝██║████╗ ████║██╔════╝    ██╔════╝██╔════╝██╔══██╗██║██╔════╝██╔════╝   ██╔══██╗██║
   ██║   ██║██╔████╔██║█████╗█████╗███████╗█████╗  ██████╔╝██║█████╗  ███████╗   ███████║██║
   ██║   ██║██║╚██╔╝██║██╔══╝╚════╝╚════██║██╔══╝  ██╔══██╗██║██╔══╝  ╚════██║   ██╔══██║██║
   ██║   ██║██║ ╚═╝ ██║███████╗    ███████║███████╗██║  ██║██║███████╗███████║██╗██║  ██║██║
   ╚═╝   ╚═╝╚═╝     ╚═╝╚══════╝    ╚══════╝╚══════╝╚═╝  ╚═╝╚═╝╚══════╝╚══════╝╚═╝╚═╝  ╚═╝╚═╝
ai4ts v0.0.3 - building AI for unified time-series analysis, https://time-series.ai [0m

Use Train GPT: False
Use Lora: False
Use Profiling: False
🚀 Running imputation pipeline for model: tslanet
✅ Dataset 'appliances_energy' with missing rate 0.5 loaded at: /home/Aboya_25R9803/projects/lab/SUN/iPyPOTS/datasets/rate_0.5
🚀 Starting TSLANet training pipeline...
[TSLANet] Testing —— MAE: 1.0160| MSE: 1.5368| RMSE: 1.2397| MRE: 1.0080| 
📊 Metrics saved to: output/imputation/cuda/paper_campaign/tslanet/appliances_energy/mr0.5/seed42/metrics/tslanet_metrics.json
