2026-06-04 08:56:45 [INFO]: Have set the random seed as 456 for numpy and pytorch.
2026-06-04 08:56:47 [INFO]: 🔥🔥🔥🔥🔥🔥🔥🔥🔥🔥Using device list: ['cuda:0']
2026-06-04 08:56:47 [INFO]: 🔥🔥🔥🔥🔥🔥🔥🔥🔥🔥Using the given device: cuda:0
2026-06-04 08:56:47 [INFO]: Model files will be saved to output/imputation/cuda/paper_campaign/saits/citylearn_zone5/mr0.1/seed456
2026-06-04 08:56:47 [INFO]: Tensorboard file will be saved to output/imputation/cuda/paper_campaign/saits/citylearn_zone5/mr0.1/seed456/tensorboard
2026-06-04 08:56:47 [INFO]: Using customized MAE as the training loss function.
2026-06-04 08:56:47 [INFO]: Using customized MSE as the validation metric function.
2026-06-04 08:56:47 [INFO]: SAITS initialized with the given hyperparameters.
 ├─ Total parameters: 144,912
 ├─ Trainable parameters: 144,912
 └─ Trainable ratio: 100.00%
2026-06-04 08:56:47 [INFO]: Model placed on cuda:0
2026-06-04 08:56:52 [INFO]: Epoch 001 - training loss (MAE): 1.3903, validation MSE: 0.6077
2026-06-04 08:56:55 [INFO]: Epoch 002 - training loss (MAE): 0.9666, validation MSE: 0.4298
2026-06-04 08:56:59 [INFO]: Epoch 003 - training loss (MAE): 0.7864, validation MSE: 0.3307
2026-06-04 08:57:03 [INFO]: Epoch 004 - training loss (MAE): 0.6813, validation MSE: 0.2835
2026-06-04 08:57:06 [INFO]: Epoch 005 - training loss (MAE): 0.6163, validation MSE: 0.2523
2026-06-04 08:57:10 [INFO]: Epoch 006 - training loss (MAE): 0.5704, validation MSE: 0.2194
2026-06-04 08:57:13 [INFO]: Epoch 007 - training loss (MAE): 0.5321, validation MSE: 0.1875
2026-06-04 08:57:16 [INFO]: Epoch 008 - training loss (MAE): 0.4996, validation MSE: 0.1665
2026-06-04 08:57:20 [INFO]: Epoch 009 - training loss (MAE): 0.4714, validation MSE: 0.1503
2026-06-04 08:57:24 [INFO]: Epoch 010 - training loss (MAE): 0.4482, validation MSE: 0.1343
2026-06-04 08:57:27 [INFO]: Epoch 011 - training loss (MAE): 0.4272, validation MSE: 0.1211
2026-06-04 08:57:31 [INFO]: Epoch 012 - training loss (MAE): 0.4090, validation MSE: 0.1093
2026-06-04 08:57:34 [INFO]: Epoch 013 - training loss (MAE): 0.3921, validation MSE: 0.1006
2026-06-04 08:57:37 [INFO]: Epoch 014 - training loss (MAE): 0.3782, validation MSE: 0.0938
2026-06-04 08:57:40 [INFO]: Epoch 015 - training loss (MAE): 0.3652, validation MSE: 0.0873
2026-06-04 08:57:43 [INFO]: Epoch 016 - training loss (MAE): 0.3524, validation MSE: 0.0822
2026-06-04 08:57:46 [INFO]: Epoch 017 - training loss (MAE): 0.3425, validation MSE: 0.0782
2026-06-04 08:57:49 [INFO]: Epoch 018 - training loss (MAE): 0.3328, validation MSE: 0.0753
2026-06-04 08:57:52 [INFO]: Epoch 019 - training loss (MAE): 0.3251, validation MSE: 0.0725
2026-06-04 08:57:55 [INFO]: Epoch 020 - training loss (MAE): 0.3175, validation MSE: 0.0694
2026-06-04 08:57:58 [INFO]: Epoch 021 - training loss (MAE): 0.3108, validation MSE: 0.0670
2026-06-04 08:58:01 [INFO]: Epoch 022 - training loss (MAE): 0.3060, validation MSE: 0.0660
2026-06-04 08:58:04 [INFO]: Epoch 023 - training loss (MAE): 0.3012, validation MSE: 0.0640
2026-06-04 08:58:07 [INFO]: Epoch 024 - training loss (MAE): 0.2952, validation MSE: 0.0618
2026-06-04 08:58:10 [INFO]: Epoch 025 - training loss (MAE): 0.2908, validation MSE: 0.0606
2026-06-04 08:58:14 [INFO]: Epoch 026 - training loss (MAE): 0.2865, validation MSE: 0.0591
2026-06-04 08:58:17 [INFO]: Epoch 027 - training loss (MAE): 0.2828, validation MSE: 0.0580
2026-06-04 08:58:21 [INFO]: Epoch 028 - training loss (MAE): 0.2792, validation MSE: 0.0571
2026-06-04 08:58:24 [INFO]: Epoch 029 - training loss (MAE): 0.2759, validation MSE: 0.0555
2026-06-04 08:58:27 [INFO]: Epoch 030 - training loss (MAE): 0.2721, validation MSE: 0.0549
2026-06-04 08:58:30 [INFO]: Epoch 031 - training loss (MAE): 0.2688, validation MSE: 0.0544
2026-06-04 08:58:33 [INFO]: Epoch 032 - training loss (MAE): 0.2667, validation MSE: 0.0533
2026-06-04 08:58:36 [INFO]: Epoch 033 - training loss (MAE): 0.2638, validation MSE: 0.0525
2026-06-04 08:58:39 [INFO]: Epoch 034 - training loss (MAE): 0.2616, validation MSE: 0.0516
2026-06-04 08:58:42 [INFO]: Epoch 035 - training loss (MAE): 0.2590, validation MSE: 0.0507
2026-06-04 08:58:45 [INFO]: Epoch 036 - training loss (MAE): 0.2563, validation MSE: 0.0507
2026-06-04 08:58:48 [INFO]: Epoch 037 - training loss (MAE): 0.2540, validation MSE: 0.0500
2026-06-04 08:58:51 [INFO]: Epoch 038 - training loss (MAE): 0.2515, validation MSE: 0.0492
2026-06-04 08:58:54 [INFO]: Epoch 039 - training loss (MAE): 0.2508, validation MSE: 0.0486
2026-06-04 08:58:57 [INFO]: Epoch 040 - training loss (MAE): 0.2486, validation MSE: 0.0478
2026-06-04 08:59:00 [INFO]: Epoch 041 - training loss (MAE): 0.2459, validation MSE: 0.0476
2026-06-04 08:59:03 [INFO]: Epoch 042 - training loss (MAE): 0.2446, validation MSE: 0.0471
2026-06-04 08:59:06 [INFO]: Epoch 043 - training loss (MAE): 0.2432, validation MSE: 0.0466
2026-06-04 08:59:10 [INFO]: Epoch 044 - training loss (MAE): 0.2409, validation MSE: 0.0462
2026-06-04 08:59:13 [INFO]: Epoch 045 - training loss (MAE): 0.2409, validation MSE: 0.0457
2026-06-04 08:59:17 [INFO]: Epoch 046 - training loss (MAE): 0.2380, validation MSE: 0.0455
2026-06-04 08:59:20 [INFO]: Epoch 047 - training loss (MAE): 0.2367, validation MSE: 0.0453
2026-06-04 08:59:23 [INFO]: Epoch 048 - training loss (MAE): 0.2352, validation MSE: 0.0445
2026-06-04 08:59:27 [INFO]: Epoch 049 - training loss (MAE): 0.2341, validation MSE: 0.0445
2026-06-04 08:59:31 [INFO]: Epoch 050 - training loss (MAE): 0.2327, validation MSE: 0.0443
2026-06-04 08:59:34 [INFO]: Epoch 051 - training loss (MAE): 0.2319, validation MSE: 0.0437
2026-06-04 08:59:37 [INFO]: Epoch 052 - training loss (MAE): 0.2304, validation MSE: 0.0433
2026-06-04 08:59:41 [INFO]: Epoch 053 - training loss (MAE): 0.2288, validation MSE: 0.0435
2026-06-04 08:59:44 [INFO]: Epoch 054 - training loss (MAE): 0.2272, validation MSE: 0.0426
2026-06-04 08:59:48 [INFO]: Epoch 055 - training loss (MAE): 0.2270, validation MSE: 0.0425
2026-06-04 08:59:52 [INFO]: Epoch 056 - training loss (MAE): 0.2260, validation MSE: 0.0421
2026-06-04 08:59:55 [INFO]: Epoch 057 - training loss (MAE): 0.2250, validation MSE: 0.0422
2026-06-04 08:59:59 [INFO]: Epoch 058 - training loss (MAE): 0.2236, validation MSE: 0.0422
2026-06-04 09:00:02 [INFO]: Epoch 059 - training loss (MAE): 0.2234, validation MSE: 0.0417
2026-06-04 09:00:05 [INFO]: Epoch 060 - training loss (MAE): 0.2220, validation MSE: 0.0411
2026-06-04 09:00:05 [INFO]: Finished training. The best model is from epoch#60.
2026-06-04 09:00:05 [INFO]: Saved the model to output/imputation/cuda/paper_campaign/saits/citylearn_zone5/mr0.1/seed456/SAITS.pypots
[34m
████████╗██╗███╗   ███╗███████╗    ███████╗███████╗██████╗ ██╗███████╗███████╗    █████╗ ██╗
╚══██╔══╝██║████╗ ████║██╔════╝    ██╔════╝██╔════╝██╔══██╗██║██╔════╝██╔════╝   ██╔══██╗██║
   ██║   ██║██╔████╔██║█████╗█████╗███████╗█████╗  ██████╔╝██║█████╗  ███████╗   ███████║██║
   ██║   ██║██║╚██╔╝██║██╔══╝╚════╝╚════██║██╔══╝  ██╔══██╗██║██╔══╝  ╚════██║   ██╔══██║██║
   ██║   ██║██║ ╚═╝ ██║███████╗    ███████║███████╗██║  ██║██║███████╗███████║██╗██║  ██║██║
   ╚═╝   ╚═╝╚═╝     ╚═╝╚══════╝    ╚══════╝╚══════╝╚═╝  ╚═╝╚═╝╚══════╝╚══════╝╚═╝╚═╝  ╚═╝╚═╝
ai4ts v0.0.3 - building AI for unified time-series analysis, https://time-series.ai [0m

Use Train GPT: False
Use Lora: False
Use Profiling: False
🚀 Running imputation pipeline for model: saits
✅ Dataset 'citylearn_zone5' with missing rate 0.1 loaded at: /home/Aboya_25R9803/projects/lab/SUN/iPyPOTS/datasets/rate_0.1
🚀 Starting SAITS training pipeline...
[SAITS] Testing —— MAE: 0.0954| MSE: 0.0325| RMSE: 0.1802| MRE: 0.1172| 
📊 Metrics saved to: output/imputation/cuda/paper_campaign/saits/citylearn_zone5/mr0.1/seed456/metrics/saits_metrics.json
