[34m
████████╗██╗███╗   ███╗███████╗    ███████╗███████╗██████╗ ██╗███████╗███████╗    █████╗ ██╗
╚══██╔══╝██║████╗ ████║██╔════╝    ██╔════╝██╔════╝██╔══██╗██║██╔════╝██╔════╝   ██╔══██╗██║
   ██║   ██║██╔████╔██║█████╗█████╗███████╗█████╗  ██████╔╝██║█████╗  ███████╗   ███████║██║
   ██║   ██║██║╚██╔╝██║██╔══╝╚════╝╚════██║██╔══╝  ██╔══██╗██║██╔══╝  ╚════██║   ██╔══██║██║
   ██║   ██║██║ ╚═╝ ██║███████╗    ███████║███████╗██║  ██║██║███████╗███████║██╗██║  ██║██║
   ╚═╝   ╚═╝╚═╝     ╚═╝╚══════╝    ╚══════╝╚══════╝╚═╝  ╚═╝╚═╝╚══════╝╚══════╝╚═╝╚═╝  ╚═╝╚═╝
ai4ts v0.0.3 - building AI for unified time-series analysis, https://time-series.ai [0m

Use Train GPT: False
Use Lora: False
Use Profiling: False
2026-06-04 13:16:00 [INFO]: Have set the random seed as 123 for numpy and pytorch.
🚀 Running imputation pipeline for model: saits
2026-06-04 13:16:00 [INFO]: You're using dataset electricity_transformer_temperature, please cite it properly in your work. You can find its reference information at the below link: 
https://github.com/WenjieDu/TSDB/tree/main/dataset_profiles/electricity_transformer_temperature
2026-06-04 13:16:00 [INFO]: Dataset electricity_transformer_temperature has already been downloaded. Processing directly...
2026-06-04 13:16:00 [INFO]: Dataset electricity_transformer_temperature has already been cached. Loading from cache directly...
2026-06-04 13:16:00 [INFO]: Loaded successfully!
2026-06-04 13:16:00 [INFO]: months selected as train set are <PeriodArray>
['2016-07', '2016-08', '2016-09', '2016-10', '2016-11', '2016-12', '2017-01',
 '2017-02', '2017-03', '2017-04', '2017-05', '2017-06', '2017-07', '2017-08']
Length: 14, dtype: period[M]
2026-06-04 13:16:00 [INFO]: months selected as val set are <PeriodArray>
['2017-09', '2017-10', '2017-11', '2017-12', '2018-01']
Length: 5, dtype: period[M]
2026-06-04 13:16:00 [INFO]: months selected as test set are <PeriodArray>
['2018-02', '2018-03', '2018-04', '2018-05', '2018-06']
Length: 5, dtype: period[M]
2026-06-04 13:16:00 [INFO]: Total sample number: 180
2026-06-04 13:16:00 [INFO]: Training set size: 106 (58.89%)
2026-06-04 13:16:00 [INFO]: Validation set size: 38 (21.11%)
2026-06-04 13:16:00 [INFO]: Test set size: 36 (20.00%)
2026-06-04 13:16:00 [INFO]: Number of steps: 96
2026-06-04 13:16:00 [INFO]: Number of features: 7
2026-06-04 13:16:00 [INFO]: Train set missing rate: 49.72%
2026-06-04 13:16:00 [INFO]: Validating set missing rate: 50.37%
2026-06-04 13:16:00 [INFO]: Test set missing rate: 49.99%
✅ Dataset 'etth1' with missing rate 0.5 loaded at: /home/Aboya_25R9803/projects/lab/SUN/iPyPOTS/datasets/rate_0.5
🚀 Starting SAITS training pipeline...
2026-06-04 13:16:00 [INFO]: 🔥🔥🔥🔥🔥🔥🔥🔥🔥🔥Using device list: ['cuda:0']
2026-06-04 13:16:00 [INFO]: 🔥🔥🔥🔥🔥🔥🔥🔥🔥🔥Using the given device: cuda:0
2026-06-04 13:16:00 [INFO]: Model files will be saved to output/imputation/cuda/paper_campaign/saits/etth1/mr0.5/seed123
2026-06-04 13:16:00 [INFO]: Tensorboard file will be saved to output/imputation/cuda/paper_campaign/saits/etth1/mr0.5/seed123/tensorboard
2026-06-04 13:16:00 [INFO]: Using customized MAE as the training loss function.
2026-06-04 13:16:00 [INFO]: Using customized MSE as the validation metric function.
2026-06-04 13:16:01 [INFO]: SAITS initialized with the given hyperparameters.
 ├─ Total parameters: 136,478
 ├─ Trainable parameters: 136,478
 └─ Trainable ratio: 100.00%
2026-06-04 13:16:01 [INFO]: Model placed on cuda:0
2026-06-04 13:16:01 [INFO]: Epoch 001 - training loss (MAE): 1.6537, validation MSE: 1.1075
2026-06-04 13:16:01 [INFO]: Epoch 002 - training loss (MAE): 1.5617, validation MSE: 1.0875
2026-06-04 13:16:01 [INFO]: Epoch 003 - training loss (MAE): 1.5382, validation MSE: 1.0614
2026-06-04 13:16:01 [INFO]: Epoch 004 - training loss (MAE): 1.5149, validation MSE: 1.0292
2026-06-04 13:16:01 [INFO]: Epoch 005 - training loss (MAE): 1.4824, validation MSE: 0.9979
2026-06-04 13:16:01 [INFO]: Epoch 006 - training loss (MAE): 1.4613, validation MSE: 0.9710
2026-06-04 13:16:01 [INFO]: Epoch 007 - training loss (MAE): 1.4313, validation MSE: 0.9520
2026-06-04 13:16:01 [INFO]: Epoch 008 - training loss (MAE): 1.3844, validation MSE: 0.9422
2026-06-04 13:16:02 [INFO]: Epoch 009 - training loss (MAE): 1.3601, validation MSE: 0.9375
2026-06-04 13:16:02 [INFO]: Epoch 010 - training loss (MAE): 1.3383, validation MSE: 0.9298
2026-06-04 13:16:02 [INFO]: Epoch 011 - training loss (MAE): 1.2967, validation MSE: 0.9108
2026-06-04 13:16:02 [INFO]: Epoch 012 - training loss (MAE): 1.2601, validation MSE: 0.8833
2026-06-04 13:16:02 [INFO]: Epoch 013 - training loss (MAE): 1.2379, validation MSE: 0.8595
2026-06-04 13:16:02 [INFO]: Epoch 014 - training loss (MAE): 1.2111, validation MSE: 0.8418
2026-06-04 13:16:02 [INFO]: Epoch 015 - training loss (MAE): 1.1726, validation MSE: 0.8266
2026-06-04 13:16:02 [INFO]: Epoch 016 - training loss (MAE): 1.1660, validation MSE: 0.8115
2026-06-04 13:16:02 [INFO]: Epoch 017 - training loss (MAE): 1.1587, validation MSE: 0.7951
2026-06-04 13:16:02 [INFO]: Epoch 018 - training loss (MAE): 1.1304, validation MSE: 0.7809
2026-06-04 13:16:02 [INFO]: Epoch 019 - training loss (MAE): 1.1277, validation MSE: 0.7634
2026-06-04 13:16:02 [INFO]: Epoch 020 - training loss (MAE): 1.1056, validation MSE: 0.7503
2026-06-04 13:16:02 [INFO]: Epoch 021 - training loss (MAE): 1.0856, validation MSE: 0.7373
2026-06-04 13:16:02 [INFO]: Epoch 022 - training loss (MAE): 1.0643, validation MSE: 0.7225
2026-06-04 13:16:02 [INFO]: Epoch 023 - training loss (MAE): 1.0689, validation MSE: 0.7087
2026-06-04 13:16:02 [INFO]: Epoch 024 - training loss (MAE): 1.0526, validation MSE: 0.6931
2026-06-04 13:16:02 [INFO]: Epoch 025 - training loss (MAE): 1.0363, validation MSE: 0.6768
2026-06-04 13:16:02 [INFO]: Epoch 026 - training loss (MAE): 1.0212, validation MSE: 0.6640
2026-06-04 13:16:02 [INFO]: Epoch 027 - training loss (MAE): 1.0090, validation MSE: 0.6538
2026-06-04 13:16:02 [INFO]: Epoch 028 - training loss (MAE): 0.9934, validation MSE: 0.6402
2026-06-04 13:16:02 [INFO]: Epoch 029 - training loss (MAE): 0.9901, validation MSE: 0.6237
2026-06-04 13:16:02 [INFO]: Epoch 030 - training loss (MAE): 0.9809, validation MSE: 0.6091
2026-06-04 13:16:02 [INFO]: Epoch 031 - training loss (MAE): 0.9698, validation MSE: 0.5924
2026-06-04 13:16:03 [INFO]: Epoch 032 - training loss (MAE): 0.9594, validation MSE: 0.5772
2026-06-04 13:16:03 [INFO]: Epoch 033 - training loss (MAE): 0.9494, validation MSE: 0.5566
2026-06-04 13:16:03 [INFO]: Epoch 034 - training loss (MAE): 0.9331, validation MSE: 0.5401
2026-06-04 13:16:03 [INFO]: Epoch 035 - training loss (MAE): 0.9308, validation MSE: 0.5352
2026-06-04 13:16:03 [INFO]: Epoch 036 - training loss (MAE): 0.9269, validation MSE: 0.5230
2026-06-04 13:16:03 [INFO]: Epoch 037 - training loss (MAE): 0.9244, validation MSE: 0.5024
2026-06-04 13:16:03 [INFO]: Epoch 038 - training loss (MAE): 0.9026, validation MSE: 0.4875
2026-06-04 13:16:03 [INFO]: Epoch 039 - training loss (MAE): 0.8940, validation MSE: 0.4777
2026-06-04 13:16:03 [INFO]: Epoch 040 - training loss (MAE): 0.8935, validation MSE: 0.4667
2026-06-04 13:16:03 [INFO]: Epoch 041 - training loss (MAE): 0.8851, validation MSE: 0.4580
2026-06-04 13:16:03 [INFO]: Epoch 042 - training loss (MAE): 0.8764, validation MSE: 0.4532
2026-06-04 13:16:03 [INFO]: Epoch 043 - training loss (MAE): 0.8693, validation MSE: 0.4523
2026-06-04 13:16:03 [INFO]: Epoch 044 - training loss (MAE): 0.8653, validation MSE: 0.4512
2026-06-04 13:16:03 [INFO]: Epoch 045 - training loss (MAE): 0.8593, validation MSE: 0.4487
2026-06-04 13:16:03 [INFO]: Epoch 046 - training loss (MAE): 0.8517, validation MSE: 0.4450
2026-06-04 13:16:03 [INFO]: Epoch 047 - training loss (MAE): 0.8446, validation MSE: 0.4450
2026-06-04 13:16:03 [INFO]: Epoch 048 - training loss (MAE): 0.8430, validation MSE: 0.4440
2026-06-04 13:16:03 [INFO]: Epoch 049 - training loss (MAE): 0.8409, validation MSE: 0.4358
2026-06-04 13:16:03 [INFO]: Epoch 050 - training loss (MAE): 0.8414, validation MSE: 0.4262
2026-06-04 13:16:03 [INFO]: Epoch 051 - training loss (MAE): 0.8229, validation MSE: 0.4230
2026-06-04 13:16:03 [INFO]: Epoch 052 - training loss (MAE): 0.8282, validation MSE: 0.4246
2026-06-04 13:16:03 [INFO]: Epoch 053 - training loss (MAE): 0.8136, validation MSE: 0.4191
2026-06-04 13:16:03 [INFO]: Epoch 054 - training loss (MAE): 0.8115, validation MSE: 0.4063
2026-06-04 13:16:04 [INFO]: Epoch 055 - training loss (MAE): 0.8054, validation MSE: 0.3961
2026-06-04 13:16:04 [INFO]: Epoch 056 - training loss (MAE): 0.8020, validation MSE: 0.3956
2026-06-04 13:16:04 [INFO]: Epoch 057 - training loss (MAE): 0.7980, validation MSE: 0.3967
2026-06-04 13:16:04 [INFO]: Epoch 058 - training loss (MAE): 0.7994, validation MSE: 0.3851
2026-06-04 13:16:04 [INFO]: Epoch 059 - training loss (MAE): 0.7886, validation MSE: 0.3765
2026-06-04 13:16:04 [INFO]: Epoch 060 - training loss (MAE): 0.7781, validation MSE: 0.3790
2026-06-04 13:16:04 [INFO]: Finished training. The best model is from epoch#59.
2026-06-04 13:16:04 [INFO]: Saved the model to output/imputation/cuda/paper_campaign/saits/etth1/mr0.5/seed123/SAITS.pypots
[SAITS] Testing —— MAE: 0.4866| MSE: 0.5553| RMSE: 0.7452| MRE: 0.5711| 
📊 Metrics saved to: output/imputation/cuda/paper_campaign/saits/etth1/mr0.5/seed123/metrics/saits_metrics.json
