2026-06-04 04:50:20 [INFO]: Have set the random seed as 42 for numpy and pytorch.
2026-06-04 04:50:20 [INFO]: You're using dataset electricity_load_diagrams, please cite it properly in your work. You can find its reference information at the below link: 
https://github.com/WenjieDu/TSDB/tree/main/dataset_profiles/electricity_load_diagrams
2026-06-04 04:50:20 [INFO]: Dataset electricity_load_diagrams has already been downloaded. Processing directly...
2026-06-04 04:50:20 [INFO]: Dataset electricity_load_diagrams has already been cached. Loading from cache directly...
2026-06-04 04:50:20 [INFO]: Loaded successfully!
2026-06-04 04:50:20 [INFO]: months selected as test set are <PeriodArray>
['2011-01', '2011-02', '2011-03', '2011-04', '2011-05', '2011-06', '2011-07',
 '2011-08', '2011-09', '2011-10']
Length: 10, dtype: period[M]
2026-06-04 04:50:20 [INFO]: months selected as val set are <PeriodArray>
['2011-11', '2011-12', '2012-01', '2012-02', '2012-03', '2012-04', '2012-05',
 '2012-06', '2012-07', '2012-08']
Length: 10, dtype: period[M]
2026-06-04 04:50:20 [INFO]: months selected as train set are <PeriodArray>
['2012-09', '2012-10', '2012-11', '2012-12', '2013-01', '2013-02', '2013-03',
 '2013-04', '2013-05', '2013-06', '2013-07', '2013-08', '2013-09', '2013-10',
 '2013-11', '2013-12', '2014-01', '2014-02', '2014-03', '2014-04', '2014-05',
 '2014-06', '2014-07', '2014-08', '2014-09', '2014-10', '2014-11', '2014-12',
 '2015-01']
Length: 29, dtype: period[M]
2026-06-04 04:50:22 [INFO]: Total sample number: 5843
2026-06-04 04:50:22 [INFO]: Training set size: 3408 (58.33%)
2026-06-04 04:50:22 [INFO]: Validation set size: 1220 (20.88%)
2026-06-04 04:50:22 [INFO]: Test set size: 1215 (20.79%)
2026-06-04 04:50:22 [INFO]: Number of steps: 24
2026-06-04 04:50:22 [INFO]: Number of features: 370
2026-06-04 04:50:22 [INFO]: Train set missing rate: 29.99%
2026-06-04 04:50:22 [INFO]: Validating set missing rate: 29.99%
2026-06-04 04:50:22 [INFO]: Test set missing rate: 30.01%
2026-06-04 04:50:22 [INFO]: 🔥🔥🔥🔥🔥🔥🔥🔥🔥🔥Using device list: ['cuda:0']
2026-06-04 04:50:22 [INFO]: 🔥🔥🔥🔥🔥🔥🔥🔥🔥🔥Using the given device: cuda:0
2026-06-04 04:50:23 [INFO]: Model files will be saved to output/imputation/cuda/paper_campaign/saits/eld/mr0.3/seed42
2026-06-04 04:50:23 [INFO]: Tensorboard file will be saved to output/imputation/cuda/paper_campaign/saits/eld/mr0.3/seed42/tensorboard
2026-06-04 04:50:23 [INFO]: Using customized MAE as the training loss function.
2026-06-04 04:50:23 [INFO]: Using customized MSE as the validation metric function.
2026-06-04 04:50:23 [INFO]: SAITS initialized with the given hyperparameters.
 ├─ Total parameters: 559,232
 ├─ Trainable parameters: 559,232
 └─ Trainable ratio: 100.00%
2026-06-04 04:50:23 [INFO]: Model placed on cuda:0
2026-06-04 04:50:25 [INFO]: Epoch 001 - training loss (MAE): 1.3410, validation MSE: 3.5122
2026-06-04 04:50:26 [INFO]: Epoch 002 - training loss (MAE): 0.9592, validation MSE: 3.2841
2026-06-04 04:50:27 [INFO]: Epoch 003 - training loss (MAE): 0.8211, validation MSE: 3.1983
2026-06-04 04:50:28 [INFO]: Epoch 004 - training loss (MAE): 0.7520, validation MSE: 3.1492
2026-06-04 04:50:30 [INFO]: Epoch 005 - training loss (MAE): 0.7100, validation MSE: 3.0926
2026-06-04 04:50:31 [INFO]: Epoch 006 - training loss (MAE): 0.6798, validation MSE: 3.0555
2026-06-04 04:50:32 [INFO]: Epoch 007 - training loss (MAE): 0.6560, validation MSE: 3.0098
2026-06-04 04:50:33 [INFO]: Epoch 008 - training loss (MAE): 0.6375, validation MSE: 2.9739
2026-06-04 04:50:34 [INFO]: Epoch 009 - training loss (MAE): 0.6229, validation MSE: 2.9404
2026-06-04 04:50:35 [INFO]: Epoch 010 - training loss (MAE): 0.6123, validation MSE: 2.9205
2026-06-04 04:50:37 [INFO]: Epoch 011 - training loss (MAE): 0.6021, validation MSE: 2.9031
2026-06-04 04:50:38 [INFO]: Epoch 012 - training loss (MAE): 0.5924, validation MSE: 2.9047
2026-06-04 04:50:39 [INFO]: Epoch 013 - training loss (MAE): 0.5859, validation MSE: 2.8991
2026-06-04 04:50:40 [INFO]: Epoch 014 - training loss (MAE): 0.5812, validation MSE: 2.8991
2026-06-04 04:50:41 [INFO]: Epoch 015 - training loss (MAE): 0.5755, validation MSE: 2.8941
2026-06-04 04:50:42 [INFO]: Epoch 016 - training loss (MAE): 0.5697, validation MSE: 2.8928
2026-06-04 04:50:43 [INFO]: Epoch 017 - training loss (MAE): 0.5646, validation MSE: 2.8964
2026-06-04 04:50:44 [INFO]: Epoch 018 - training loss (MAE): 0.5603, validation MSE: 2.8853
2026-06-04 04:50:46 [INFO]: Epoch 019 - training loss (MAE): 0.5565, validation MSE: 2.8819
2026-06-04 04:50:47 [INFO]: Epoch 020 - training loss (MAE): 0.5518, validation MSE: 2.8815
2026-06-04 04:50:48 [INFO]: Epoch 021 - training loss (MAE): 0.5482, validation MSE: 2.8782
2026-06-04 04:50:49 [INFO]: Epoch 022 - training loss (MAE): 0.5456, validation MSE: 2.8792
2026-06-04 04:50:50 [INFO]: Epoch 023 - training loss (MAE): 0.5416, validation MSE: 2.8692
2026-06-04 04:50:52 [INFO]: Epoch 024 - training loss (MAE): 0.5379, validation MSE: 2.8704
2026-06-04 04:50:53 [INFO]: Epoch 025 - training loss (MAE): 0.5357, validation MSE: 2.8638
2026-06-04 04:50:54 [INFO]: Epoch 026 - training loss (MAE): 0.5331, validation MSE: 2.8617
2026-06-04 04:50:55 [INFO]: Epoch 027 - training loss (MAE): 0.5307, validation MSE: 2.8552
2026-06-04 04:50:57 [INFO]: Epoch 028 - training loss (MAE): 0.5282, validation MSE: 2.8648
2026-06-04 04:50:58 [INFO]: Epoch 029 - training loss (MAE): 0.5251, validation MSE: 2.8631
2026-06-04 04:50:59 [INFO]: Epoch 030 - training loss (MAE): 0.5237, validation MSE: 2.8576
2026-06-04 04:51:00 [INFO]: Epoch 031 - training loss (MAE): 0.5205, validation MSE: 2.8548
2026-06-04 04:51:01 [INFO]: Epoch 032 - training loss (MAE): 0.5194, validation MSE: 2.8524
2026-06-04 04:51:02 [INFO]: Epoch 033 - training loss (MAE): 0.5170, validation MSE: 2.8480
2026-06-04 04:51:04 [INFO]: Epoch 034 - training loss (MAE): 0.5158, validation MSE: 2.8437
2026-06-04 04:51:05 [INFO]: Epoch 035 - training loss (MAE): 0.5140, validation MSE: 2.8454
2026-06-04 04:51:06 [INFO]: Epoch 036 - training loss (MAE): 0.5143, validation MSE: 2.8516
2026-06-04 04:51:07 [INFO]: Epoch 037 - training loss (MAE): 0.5122, validation MSE: 2.8418
2026-06-04 04:51:08 [INFO]: Epoch 038 - training loss (MAE): 0.5099, validation MSE: 2.8516
2026-06-04 04:51:10 [INFO]: Epoch 039 - training loss (MAE): 0.5099, validation MSE: 2.8485
2026-06-04 04:51:11 [INFO]: Epoch 040 - training loss (MAE): 0.5064, validation MSE: 2.8430
2026-06-04 04:51:12 [INFO]: Epoch 041 - training loss (MAE): 0.5043, validation MSE: 2.8358
2026-06-04 04:51:13 [INFO]: Epoch 042 - training loss (MAE): 0.5032, validation MSE: 2.8461
2026-06-04 04:51:15 [INFO]: Epoch 043 - training loss (MAE): 0.5014, validation MSE: 2.8422
2026-06-04 04:51:16 [INFO]: Epoch 044 - training loss (MAE): 0.5014, validation MSE: 2.8422
2026-06-04 04:51:17 [INFO]: Epoch 045 - training loss (MAE): 0.5006, validation MSE: 2.8355
2026-06-04 04:51:18 [INFO]: Epoch 046 - training loss (MAE): 0.4989, validation MSE: 2.8475
2026-06-04 04:51:20 [INFO]: Epoch 047 - training loss (MAE): 0.4982, validation MSE: 2.8414
2026-06-04 04:51:21 [INFO]: Epoch 048 - training loss (MAE): 0.4962, validation MSE: 2.8479
2026-06-04 04:51:22 [INFO]: Epoch 049 - training loss (MAE): 0.4954, validation MSE: 2.8409
2026-06-04 04:51:23 [INFO]: Epoch 050 - training loss (MAE): 0.4945, validation MSE: 2.8496
2026-06-04 04:51:24 [INFO]: Epoch 051 - training loss (MAE): 0.4925, validation MSE: 2.8468
2026-06-04 04:51:26 [INFO]: Epoch 052 - training loss (MAE): 0.4915, validation MSE: 2.8516
2026-06-04 04:51:27 [INFO]: Epoch 053 - training loss (MAE): 0.4909, validation MSE: 2.8463
2026-06-04 04:51:28 [INFO]: Epoch 054 - training loss (MAE): 0.4912, validation MSE: 2.8552
2026-06-04 04:51:29 [INFO]: Epoch 055 - training loss (MAE): 0.4893, validation MSE: 2.8468
2026-06-04 04:51:30 [INFO]: Epoch 056 - training loss (MAE): 0.4892, validation MSE: 2.8503
2026-06-04 04:51:32 [INFO]: Epoch 057 - training loss (MAE): 0.4878, validation MSE: 2.8514
2026-06-04 04:51:32 [INFO]: Exceeded the training patience. Terminating the training procedure...
2026-06-04 04:51:32 [INFO]: Finished training. The best model is from epoch#45.
2026-06-04 04:51:32 [INFO]: Saved the model to output/imputation/cuda/paper_campaign/saits/eld/mr0.3/seed42/SAITS.pypots
[34m
████████╗██╗███╗   ███╗███████╗    ███████╗███████╗██████╗ ██╗███████╗███████╗    █████╗ ██╗
╚══██╔══╝██║████╗ ████║██╔════╝    ██╔════╝██╔════╝██╔══██╗██║██╔════╝██╔════╝   ██╔══██╗██║
   ██║   ██║██╔████╔██║█████╗█████╗███████╗█████╗  ██████╔╝██║█████╗  ███████╗   ███████║██║
   ██║   ██║██║╚██╔╝██║██╔══╝╚════╝╚════██║██╔══╝  ██╔══██╗██║██╔══╝  ╚════██║   ██╔══██║██║
   ██║   ██║██║ ╚═╝ ██║███████╗    ███████║███████╗██║  ██║██║███████╗███████║██╗██║  ██║██║
   ╚═╝   ╚═╝╚═╝     ╚═╝╚══════╝    ╚══════╝╚══════╝╚═╝  ╚═╝╚═╝╚══════╝╚══════╝╚═╝╚═╝  ╚═╝╚═╝
ai4ts v0.0.3 - building AI for unified time-series analysis, https://time-series.ai [0m

Use Train GPT: False
Use Lora: False
Use Profiling: False
🚀 Running imputation pipeline for model: saits
✅ Dataset 'eld' with missing rate 0.3 loaded at: /home/Aboya_25R9803/projects/lab/SUN/iPyPOTS/datasets/rate_0.3
🚀 Starting SAITS training pipeline...
[SAITS] Testing —— MAE: 1.2794| MSE: 3.6013| RMSE: 1.8977| MRE: 0.6849| 
📊 Metrics saved to: output/imputation/cuda/paper_campaign/saits/eld/mr0.3/seed42/metrics/saits_metrics.json
