2026-06-04 05:56:13 [INFO]: Have set the random seed as 123 for numpy and pytorch.
2026-06-04 05:56:16 [INFO]: 🔥🔥🔥🔥🔥🔥🔥🔥🔥🔥Using device list: ['cuda:0']
2026-06-04 05:56:16 [INFO]: 🔥🔥🔥🔥🔥🔥🔥🔥🔥🔥Using the given device: cuda:0
2026-06-04 05:56:16 [INFO]: Model files will be saved to output/imputation/cuda/paper_campaign/tslanet/opsd_germany/mr0.5/seed123
2026-06-04 05:56:16 [INFO]: Tensorboard file will be saved to output/imputation/cuda/paper_campaign/tslanet/opsd_germany/mr0.5/seed123/tensorboard
2026-06-04 05:56:16 [INFO]: Model placed on cuda:0
2026-06-04 05:56:16 [INFO]: TSLANet initialized with the given hyperparameters.
 ├─ Total parameters: 416,106
 ├─ Trainable parameters: 416,106
 └─ Trainable ratio: 100.00%
2026-06-04 05:56:18 [INFO]: Epoch 001 - training loss (default): 0.0698, validation loss: 0.0955
2026-06-04 05:56:20 [INFO]: Epoch 002 - training loss (default): 0.0146, validation loss: 0.0874
2026-06-04 05:56:22 [INFO]: Epoch 003 - training loss (default): 0.0084, validation loss: 0.0823
2026-06-04 05:56:24 [INFO]: Epoch 004 - training loss (default): 0.0058, validation loss: 0.0786
2026-06-04 05:56:26 [INFO]: Epoch 005 - training loss (default): 0.0044, validation loss: 0.0748
2026-06-04 05:56:27 [INFO]: Epoch 006 - training loss (default): 0.0034, validation loss: 0.0712
2026-06-04 05:56:29 [INFO]: Epoch 007 - training loss (default): 0.0029, validation loss: 0.0683
2026-06-04 05:56:31 [INFO]: Epoch 008 - training loss (default): 0.0024, validation loss: 0.0655
2026-06-04 05:56:33 [INFO]: Epoch 009 - training loss (default): 0.0020, validation loss: 0.0634
2026-06-04 05:56:34 [INFO]: Epoch 010 - training loss (default): 0.0018, validation loss: 0.0614
2026-06-04 05:56:36 [INFO]: Epoch 011 - training loss (default): 0.0015, validation loss: 0.0593
2026-06-04 05:56:38 [INFO]: Epoch 012 - training loss (default): 0.0014, validation loss: 0.0575
2026-06-04 05:56:40 [INFO]: Epoch 013 - training loss (default): 0.0012, validation loss: 0.0562
2026-06-04 05:56:41 [INFO]: Epoch 014 - training loss (default): 0.0011, validation loss: 0.0543
2026-06-04 05:56:43 [INFO]: Epoch 015 - training loss (default): 0.0010, validation loss: 0.0534
2026-06-04 05:56:45 [INFO]: Epoch 016 - training loss (default): 0.0009, validation loss: 0.0516
2026-06-04 05:56:46 [INFO]: Epoch 017 - training loss (default): 0.0008, validation loss: 0.0507
2026-06-04 05:56:48 [INFO]: Epoch 018 - training loss (default): 0.0008, validation loss: 0.0497
2026-06-04 05:56:50 [INFO]: Epoch 019 - training loss (default): 0.0007, validation loss: 0.0490
2026-06-04 05:56:52 [INFO]: Epoch 020 - training loss (default): 0.0007, validation loss: 0.0473
2026-06-04 05:56:54 [INFO]: Epoch 021 - training loss (default): 0.0006, validation loss: 0.0465
2026-06-04 05:56:56 [INFO]: Epoch 022 - training loss (default): 0.0006, validation loss: 0.0458
2026-06-04 05:56:58 [INFO]: Epoch 023 - training loss (default): 0.0005, validation loss: 0.0447
2026-06-04 05:57:00 [INFO]: Epoch 024 - training loss (default): 0.0005, validation loss: 0.0436
2026-06-04 05:57:02 [INFO]: Epoch 025 - training loss (default): 0.0005, validation loss: 0.0426
2026-06-04 05:57:04 [INFO]: Epoch 026 - training loss (default): 0.0004, validation loss: 0.0420
2026-06-04 05:57:06 [INFO]: Epoch 027 - training loss (default): 0.0004, validation loss: 0.0413
2026-06-04 05:57:08 [INFO]: Epoch 028 - training loss (default): 0.0004, validation loss: 0.0404
2026-06-04 05:57:11 [INFO]: Epoch 029 - training loss (default): 0.0004, validation loss: 0.0402
2026-06-04 05:57:12 [INFO]: Epoch 030 - training loss (default): 0.0004, validation loss: 0.0392
2026-06-04 05:57:14 [INFO]: Epoch 031 - training loss (default): 0.0003, validation loss: 0.0386
2026-06-04 05:57:16 [INFO]: Epoch 032 - training loss (default): 0.0003, validation loss: 0.0379
2026-06-04 05:57:18 [INFO]: Epoch 033 - training loss (default): 0.0003, validation loss: 0.0371
2026-06-04 05:57:20 [INFO]: Epoch 034 - training loss (default): 0.0003, validation loss: 0.0370
2026-06-04 05:57:22 [INFO]: Epoch 035 - training loss (default): 0.0003, validation loss: 0.0361
2026-06-04 05:57:23 [INFO]: Epoch 036 - training loss (default): 0.0003, validation loss: 0.0356
2026-06-04 05:57:25 [INFO]: Epoch 037 - training loss (default): 0.0003, validation loss: 0.0353
2026-06-04 05:57:27 [INFO]: Epoch 038 - training loss (default): 0.0003, validation loss: 0.0345
2026-06-04 05:57:28 [INFO]: Epoch 039 - training loss (default): 0.0002, validation loss: 0.0339
2026-06-04 05:57:30 [INFO]: Epoch 040 - training loss (default): 0.0002, validation loss: 0.0335
2026-06-04 05:57:32 [INFO]: Epoch 041 - training loss (default): 0.0002, validation loss: 0.0329
2026-06-04 05:57:34 [INFO]: Epoch 042 - training loss (default): 0.0002, validation loss: 0.0328
2026-06-04 05:57:36 [INFO]: Epoch 043 - training loss (default): 0.0002, validation loss: 0.0324
2026-06-04 05:57:38 [INFO]: Epoch 044 - training loss (default): 0.0002, validation loss: 0.0317
2026-06-04 05:57:39 [INFO]: Epoch 045 - training loss (default): 0.0002, validation loss: 0.0310
2026-06-04 05:57:41 [INFO]: Epoch 046 - training loss (default): 0.0002, validation loss: 0.0307
2026-06-04 05:57:43 [INFO]: Epoch 047 - training loss (default): 0.0002, validation loss: 0.0306
2026-06-04 05:57:44 [INFO]: Epoch 048 - training loss (default): 0.0002, validation loss: 0.0301
2026-06-04 05:57:46 [INFO]: Epoch 049 - training loss (default): 0.0002, validation loss: 0.0297
2026-06-04 05:57:48 [INFO]: Epoch 050 - training loss (default): 0.0002, validation loss: 0.0291
2026-06-04 05:57:50 [INFO]: Epoch 051 - training loss (default): 0.0002, validation loss: 0.0288
2026-06-04 05:57:52 [INFO]: Epoch 052 - training loss (default): 0.0002, validation loss: 0.0284
2026-06-04 05:57:54 [INFO]: Epoch 053 - training loss (default): 0.0001, validation loss: 0.0280
2026-06-04 05:57:56 [INFO]: Epoch 054 - training loss (default): 0.0001, validation loss: 0.0275
2026-06-04 05:57:58 [INFO]: Epoch 055 - training loss (default): 0.0001, validation loss: 0.0272
2026-06-04 05:58:00 [INFO]: Epoch 056 - training loss (default): 0.0001, validation loss: 0.0271
2026-06-04 05:58:02 [INFO]: Epoch 057 - training loss (default): 0.0001, validation loss: 0.0266
2026-06-04 05:58:04 [INFO]: Epoch 058 - training loss (default): 0.0001, validation loss: 0.0262
2026-06-04 05:58:06 [INFO]: Epoch 059 - training loss (default): 0.0001, validation loss: 0.0261
2026-06-04 05:58:08 [INFO]: Epoch 060 - training loss (default): 0.0001, validation loss: 0.0256
2026-06-04 05:58:08 [INFO]: Finished training. The best model is from epoch#60.
2026-06-04 05:58:08 [INFO]: Saved the model to output/imputation/cuda/paper_campaign/tslanet/opsd_germany/mr0.5/seed123/TSLANet.pypots
[34m
████████╗██╗███╗   ███╗███████╗    ███████╗███████╗██████╗ ██╗███████╗███████╗    █████╗ ██╗
╚══██╔══╝██║████╗ ████║██╔════╝    ██╔════╝██╔════╝██╔══██╗██║██╔════╝██╔════╝   ██╔══██╗██║
   ██║   ██║██╔████╔██║█████╗█████╗███████╗█████╗  ██████╔╝██║█████╗  ███████╗   ███████║██║
   ██║   ██║██║╚██╔╝██║██╔══╝╚════╝╚════██║██╔══╝  ██╔══██╗██║██╔══╝  ╚════██║   ██╔══██║██║
   ██║   ██║██║ ╚═╝ ██║███████╗    ███████║███████╗██║  ██║██║███████╗███████║██╗██║  ██║██║
   ╚═╝   ╚═╝╚═╝     ╚═╝╚══════╝    ╚══════╝╚══════╝╚═╝  ╚═╝╚═╝╚══════╝╚══════╝╚═╝╚═╝  ╚═╝╚═╝
ai4ts v0.0.3 - building AI for unified time-series analysis, https://time-series.ai [0m

Use Train GPT: False
Use Lora: False
Use Profiling: False
🚀 Running imputation pipeline for model: tslanet
✅ Dataset 'opsd_germany' with missing rate 0.5 loaded at: /home/Aboya_25R9803/projects/lab/SUN/iPyPOTS/datasets/rate_0.5
🚀 Starting TSLANet training pipeline...
[TSLANet] Testing —— MAE: 0.9185| MSE: 1.2375| RMSE: 1.1124| MRE: 1.0114| 
📊 Metrics saved to: output/imputation/cuda/paper_campaign/tslanet/opsd_germany/mr0.5/seed123/metrics/tslanet_metrics.json
