2026-06-04 07:58:35 [INFO]: Have set the random seed as 456 for numpy and pytorch.
2026-06-04 07:58:35 [INFO]: 🔥🔥🔥🔥🔥🔥🔥🔥🔥🔥Using device list: ['cuda:0']
2026-06-04 07:58:35 [INFO]: 🔥🔥🔥🔥🔥🔥🔥🔥🔥🔥Using the given device: cuda:0
2026-06-04 07:58:36 [INFO]: Model files will be saved to output/imputation/cuda/paper_campaign/saits/appliances_energy/mr0.3/seed456
2026-06-04 07:58:36 [INFO]: Tensorboard file will be saved to output/imputation/cuda/paper_campaign/saits/appliances_energy/mr0.3/seed456/tensorboard
2026-06-04 07:58:36 [INFO]: Using customized MAE as the training loss function.
2026-06-04 07:58:36 [INFO]: Using customized MSE as the validation metric function.
2026-06-04 07:58:36 [INFO]: SAITS initialized with the given hyperparameters.
 ├─ Total parameters: 149,760
 ├─ Trainable parameters: 149,760
 └─ Trainable ratio: 100.00%
2026-06-04 07:58:36 [INFO]: Model placed on cuda:0
2026-06-04 07:58:39 [INFO]: Epoch 001 - training loss (MAE): 1.4212, validation MSE: 0.6101
2026-06-04 07:58:40 [INFO]: Epoch 002 - training loss (MAE): 1.1507, validation MSE: 0.4727
2026-06-04 07:58:42 [INFO]: Epoch 003 - training loss (MAE): 0.9946, validation MSE: 0.4097
2026-06-04 07:58:43 [INFO]: Epoch 004 - training loss (MAE): 0.8733, validation MSE: 0.3502
2026-06-04 07:58:44 [INFO]: Epoch 005 - training loss (MAE): 0.7734, validation MSE: 0.2952
2026-06-04 07:58:46 [INFO]: Epoch 006 - training loss (MAE): 0.6975, validation MSE: 0.2606
2026-06-04 07:58:47 [INFO]: Epoch 007 - training loss (MAE): 0.6418, validation MSE: 0.2380
2026-06-04 07:58:48 [INFO]: Epoch 008 - training loss (MAE): 0.5984, validation MSE: 0.2191
2026-06-04 07:58:49 [INFO]: Epoch 009 - training loss (MAE): 0.5626, validation MSE: 0.2048
2026-06-04 07:58:50 [INFO]: Epoch 010 - training loss (MAE): 0.5343, validation MSE: 0.1939
2026-06-04 07:58:52 [INFO]: Epoch 011 - training loss (MAE): 0.5099, validation MSE: 0.1842
2026-06-04 07:58:53 [INFO]: Epoch 012 - training loss (MAE): 0.4908, validation MSE: 0.1799
2026-06-04 07:58:54 [INFO]: Epoch 013 - training loss (MAE): 0.4749, validation MSE: 0.1736
2026-06-04 07:58:55 [INFO]: Epoch 014 - training loss (MAE): 0.4621, validation MSE: 0.1658
2026-06-04 07:58:56 [INFO]: Epoch 015 - training loss (MAE): 0.4506, validation MSE: 0.1615
2026-06-04 07:58:57 [INFO]: Epoch 016 - training loss (MAE): 0.4398, validation MSE: 0.1545
2026-06-04 07:58:59 [INFO]: Epoch 017 - training loss (MAE): 0.4307, validation MSE: 0.1506
2026-06-04 07:59:00 [INFO]: Epoch 018 - training loss (MAE): 0.4230, validation MSE: 0.1498
2026-06-04 07:59:01 [INFO]: Epoch 019 - training loss (MAE): 0.4142, validation MSE: 0.1438
2026-06-04 07:59:02 [INFO]: Epoch 020 - training loss (MAE): 0.4077, validation MSE: 0.1423
2026-06-04 07:59:03 [INFO]: Epoch 021 - training loss (MAE): 0.4002, validation MSE: 0.1401
2026-06-04 07:59:04 [INFO]: Epoch 022 - training loss (MAE): 0.3935, validation MSE: 0.1377
2026-06-04 07:59:06 [INFO]: Epoch 023 - training loss (MAE): 0.3871, validation MSE: 0.1360
2026-06-04 07:59:07 [INFO]: Epoch 024 - training loss (MAE): 0.3820, validation MSE: 0.1338
2026-06-04 07:59:08 [INFO]: Epoch 025 - training loss (MAE): 0.3753, validation MSE: 0.1323
2026-06-04 07:59:09 [INFO]: Epoch 026 - training loss (MAE): 0.3687, validation MSE: 0.1300
2026-06-04 07:59:11 [INFO]: Epoch 027 - training loss (MAE): 0.3633, validation MSE: 0.1277
2026-06-04 07:59:12 [INFO]: Epoch 028 - training loss (MAE): 0.3590, validation MSE: 0.1272
2026-06-04 07:59:13 [INFO]: Epoch 029 - training loss (MAE): 0.3539, validation MSE: 0.1249
2026-06-04 07:59:14 [INFO]: Epoch 030 - training loss (MAE): 0.3504, validation MSE: 0.1240
2026-06-04 07:59:15 [INFO]: Epoch 031 - training loss (MAE): 0.3461, validation MSE: 0.1227
2026-06-04 07:59:16 [INFO]: Epoch 032 - training loss (MAE): 0.3431, validation MSE: 0.1216
2026-06-04 07:59:17 [INFO]: Epoch 033 - training loss (MAE): 0.3406, validation MSE: 0.1200
2026-06-04 07:59:18 [INFO]: Epoch 034 - training loss (MAE): 0.3369, validation MSE: 0.1183
2026-06-04 07:59:19 [INFO]: Epoch 035 - training loss (MAE): 0.3345, validation MSE: 0.1174
2026-06-04 07:59:21 [INFO]: Epoch 036 - training loss (MAE): 0.3305, validation MSE: 0.1162
2026-06-04 07:59:23 [INFO]: Epoch 037 - training loss (MAE): 0.3290, validation MSE: 0.1167
2026-06-04 07:59:24 [INFO]: Epoch 038 - training loss (MAE): 0.3269, validation MSE: 0.1157
2026-06-04 07:59:26 [INFO]: Epoch 039 - training loss (MAE): 0.3240, validation MSE: 0.1137
2026-06-04 07:59:27 [INFO]: Epoch 040 - training loss (MAE): 0.3224, validation MSE: 0.1127
2026-06-04 07:59:29 [INFO]: Epoch 041 - training loss (MAE): 0.3200, validation MSE: 0.1131
2026-06-04 07:59:30 [INFO]: Epoch 042 - training loss (MAE): 0.3170, validation MSE: 0.1112
2026-06-04 07:59:32 [INFO]: Epoch 043 - training loss (MAE): 0.3156, validation MSE: 0.1090
2026-06-04 07:59:33 [INFO]: Epoch 044 - training loss (MAE): 0.3142, validation MSE: 0.1088
2026-06-04 07:59:35 [INFO]: Epoch 045 - training loss (MAE): 0.3124, validation MSE: 0.1099
2026-06-04 07:59:36 [INFO]: Epoch 046 - training loss (MAE): 0.3103, validation MSE: 0.1091
2026-06-04 07:59:37 [INFO]: Epoch 047 - training loss (MAE): 0.3093, validation MSE: 0.1073
2026-06-04 07:59:39 [INFO]: Epoch 048 - training loss (MAE): 0.3067, validation MSE: 0.1076
2026-06-04 07:59:40 [INFO]: Epoch 049 - training loss (MAE): 0.3053, validation MSE: 0.1065
2026-06-04 07:59:41 [INFO]: Epoch 050 - training loss (MAE): 0.3036, validation MSE: 0.1062
2026-06-04 07:59:42 [INFO]: Epoch 051 - training loss (MAE): 0.3020, validation MSE: 0.1040
2026-06-04 07:59:44 [INFO]: Epoch 052 - training loss (MAE): 0.3007, validation MSE: 0.1042
2026-06-04 07:59:45 [INFO]: Epoch 053 - training loss (MAE): 0.2984, validation MSE: 0.1042
2026-06-04 07:59:46 [INFO]: Epoch 054 - training loss (MAE): 0.2981, validation MSE: 0.1036
2026-06-04 07:59:47 [INFO]: Epoch 055 - training loss (MAE): 0.2968, validation MSE: 0.1040
2026-06-04 07:59:49 [INFO]: Epoch 056 - training loss (MAE): 0.2968, validation MSE: 0.1025
2026-06-04 07:59:50 [INFO]: Epoch 057 - training loss (MAE): 0.2940, validation MSE: 0.1034
2026-06-04 07:59:51 [INFO]: Epoch 058 - training loss (MAE): 0.2934, validation MSE: 0.1023
2026-06-04 07:59:52 [INFO]: Epoch 059 - training loss (MAE): 0.2915, validation MSE: 0.1014
2026-06-04 07:59:53 [INFO]: Epoch 060 - training loss (MAE): 0.2908, validation MSE: 0.1011
2026-06-04 07:59:53 [INFO]: Finished training. The best model is from epoch#60.
2026-06-04 07:59:53 [INFO]: Saved the model to output/imputation/cuda/paper_campaign/saits/appliances_energy/mr0.3/seed456/SAITS.pypots
[34m
████████╗██╗███╗   ███╗███████╗    ███████╗███████╗██████╗ ██╗███████╗███████╗    █████╗ ██╗
╚══██╔══╝██║████╗ ████║██╔════╝    ██╔════╝██╔════╝██╔══██╗██║██╔════╝██╔════╝   ██╔══██╗██║
   ██║   ██║██╔████╔██║█████╗█████╗███████╗█████╗  ██████╔╝██║█████╗  ███████╗   ███████║██║
   ██║   ██║██║╚██╔╝██║██╔══╝╚════╝╚════██║██╔══╝  ██╔══██╗██║██╔══╝  ╚════██║   ██╔══██║██║
   ██║   ██║██║ ╚═╝ ██║███████╗    ███████║███████╗██║  ██║██║███████╗███████║██╗██║  ██║██║
   ╚═╝   ╚═╝╚═╝     ╚═╝╚══════╝    ╚══════╝╚══════╝╚═╝  ╚═╝╚═╝╚══════╝╚══════╝╚═╝╚═╝  ╚═╝╚═╝
ai4ts v0.0.3 - building AI for unified time-series analysis, https://time-series.ai [0m

Use Train GPT: False
Use Lora: False
Use Profiling: False
🚀 Running imputation pipeline for model: saits
✅ Dataset 'appliances_energy' with missing rate 0.3 loaded at: /home/Aboya_25R9803/projects/lab/SUN/iPyPOTS/datasets/rate_0.3
🚀 Starting SAITS training pipeline...
[SAITS] Testing —— MAE: 0.3584| MSE: 0.2513| RMSE: 0.5013| MRE: 0.3556| 
📊 Metrics saved to: output/imputation/cuda/paper_campaign/saits/appliances_energy/mr0.3/seed456/metrics/saits_metrics.json
