2026-06-04 05:51:30 [INFO]: Have set the random seed as 456 for numpy and pytorch.
2026-06-04 05:51:30 [INFO]: You're using dataset electricity_transformer_temperature, please cite it properly in your work. You can find its reference information at the below link: 
https://github.com/WenjieDu/TSDB/tree/main/dataset_profiles/electricity_transformer_temperature
2026-06-04 05:51:30 [INFO]: Dataset electricity_transformer_temperature has already been downloaded. Processing directly...
2026-06-04 05:51:30 [INFO]: Dataset electricity_transformer_temperature has already been cached. Loading from cache directly...
2026-06-04 05:51:30 [INFO]: Loaded successfully!
2026-06-04 05:51:30 [INFO]: months selected as train set are <PeriodArray>
['2016-07', '2016-08', '2016-09', '2016-10', '2016-11', '2016-12', '2017-01',
 '2017-02', '2017-03', '2017-04', '2017-05', '2017-06', '2017-07', '2017-08']
Length: 14, dtype: period[M]
2026-06-04 05:51:30 [INFO]: months selected as val set are <PeriodArray>
['2017-09', '2017-10', '2017-11', '2017-12', '2018-01']
Length: 5, dtype: period[M]
2026-06-04 05:51:30 [INFO]: months selected as test set are <PeriodArray>
['2018-02', '2018-03', '2018-04', '2018-05', '2018-06']
Length: 5, dtype: period[M]
2026-06-04 05:51:30 [INFO]: Total sample number: 725
2026-06-04 05:51:30 [INFO]: Training set size: 427 (58.90%)
2026-06-04 05:51:30 [INFO]: Validation set size: 153 (21.10%)
2026-06-04 05:51:30 [INFO]: Test set size: 145 (20.00%)
2026-06-04 05:51:30 [INFO]: Number of steps: 96
2026-06-04 05:51:30 [INFO]: Number of features: 7
2026-06-04 05:51:30 [INFO]: Train set missing rate: 10.04%
2026-06-04 05:51:30 [INFO]: Validating set missing rate: 10.12%
2026-06-04 05:51:30 [INFO]: Test set missing rate: 9.98%
2026-06-04 05:51:30 [INFO]: 🔥🔥🔥🔥🔥🔥🔥🔥🔥🔥Using device list: ['cuda:0']
2026-06-04 05:51:30 [INFO]: 🔥🔥🔥🔥🔥🔥🔥🔥🔥🔥Using the given device: cuda:0
2026-06-04 05:51:30 [INFO]: Model files will be saved to output/imputation/cuda/paper_campaign/tslanet/ettm1/mr0.1/seed456
2026-06-04 05:51:30 [INFO]: Tensorboard file will be saved to output/imputation/cuda/paper_campaign/tslanet/ettm1/mr0.1/seed456/tensorboard
2026-06-04 05:51:30 [INFO]: Model placed on cuda:0
2026-06-04 05:51:30 [INFO]: TSLANet initialized with the given hyperparameters.
 ├─ Total parameters: 217,890
 ├─ Trainable parameters: 217,890
 └─ Trainable ratio: 100.00%
2026-06-04 05:51:31 [INFO]: Epoch 001 - training loss (default): 0.3950, validation loss: 0.2671
2026-06-04 05:51:31 [INFO]: Epoch 002 - training loss (default): 0.2624, validation loss: 0.1825
2026-06-04 05:51:31 [INFO]: Epoch 003 - training loss (default): 0.1890, validation loss: 0.1529
2026-06-04 05:51:31 [INFO]: Epoch 004 - training loss (default): 0.1608, validation loss: 0.1223
2026-06-04 05:51:31 [INFO]: Epoch 005 - training loss (default): 0.1381, validation loss: 0.1114
2026-06-04 05:51:31 [INFO]: Epoch 006 - training loss (default): 0.1185, validation loss: 0.0979
2026-06-04 05:51:31 [INFO]: Epoch 007 - training loss (default): 0.1043, validation loss: 0.0846
2026-06-04 05:51:31 [INFO]: Epoch 008 - training loss (default): 0.0942, validation loss: 0.0703
2026-06-04 05:51:31 [INFO]: Epoch 009 - training loss (default): 0.0837, validation loss: 0.0698
2026-06-04 05:51:31 [INFO]: Epoch 010 - training loss (default): 0.0753, validation loss: 0.0621
2026-06-04 05:51:32 [INFO]: Epoch 011 - training loss (default): 0.0724, validation loss: 0.0577
2026-06-04 05:51:32 [INFO]: Epoch 012 - training loss (default): 0.0659, validation loss: 0.0520
2026-06-04 05:51:32 [INFO]: Epoch 013 - training loss (default): 0.0605, validation loss: 0.0515
2026-06-04 05:51:32 [INFO]: Epoch 014 - training loss (default): 0.0550, validation loss: 0.0480
2026-06-04 05:51:32 [INFO]: Epoch 015 - training loss (default): 0.0531, validation loss: 0.0434
2026-06-04 05:51:32 [INFO]: Epoch 016 - training loss (default): 0.0544, validation loss: 0.0438
2026-06-04 05:51:32 [INFO]: Epoch 017 - training loss (default): 0.0487, validation loss: 0.0417
2026-06-04 05:51:32 [INFO]: Epoch 018 - training loss (default): 0.0496, validation loss: 0.0407
2026-06-04 05:51:32 [INFO]: Epoch 019 - training loss (default): 0.0450, validation loss: 0.0370
2026-06-04 05:51:32 [INFO]: Epoch 020 - training loss (default): 0.0439, validation loss: 0.0377
2026-06-04 05:51:32 [INFO]: Epoch 021 - training loss (default): 0.0409, validation loss: 0.0360
2026-06-04 05:51:32 [INFO]: Epoch 022 - training loss (default): 0.0404, validation loss: 0.0330
2026-06-04 05:51:32 [INFO]: Epoch 023 - training loss (default): 0.0378, validation loss: 0.0342
2026-06-04 05:51:32 [INFO]: Epoch 024 - training loss (default): 0.0364, validation loss: 0.0305
2026-06-04 05:51:32 [INFO]: Epoch 025 - training loss (default): 0.0377, validation loss: 0.0289
2026-06-04 05:51:32 [INFO]: Epoch 026 - training loss (default): 0.0356, validation loss: 0.0283
2026-06-04 05:51:32 [INFO]: Epoch 027 - training loss (default): 0.0344, validation loss: 0.0277
2026-06-04 05:51:32 [INFO]: Epoch 028 - training loss (default): 0.0329, validation loss: 0.0257
2026-06-04 05:51:32 [INFO]: Epoch 029 - training loss (default): 0.0304, validation loss: 0.0275
2026-06-04 05:51:32 [INFO]: Epoch 030 - training loss (default): 0.0318, validation loss: 0.0247
2026-06-04 05:51:32 [INFO]: Epoch 031 - training loss (default): 0.0296, validation loss: 0.0235
2026-06-04 05:51:33 [INFO]: Epoch 032 - training loss (default): 0.0283, validation loss: 0.0242
2026-06-04 05:51:33 [INFO]: Epoch 033 - training loss (default): 0.0275, validation loss: 0.0238
2026-06-04 05:51:33 [INFO]: Epoch 034 - training loss (default): 0.0268, validation loss: 0.0207
2026-06-04 05:51:33 [INFO]: Epoch 035 - training loss (default): 0.0259, validation loss: 0.0211
2026-06-04 05:51:33 [INFO]: Epoch 036 - training loss (default): 0.0251, validation loss: 0.0206
2026-06-04 05:51:33 [INFO]: Epoch 037 - training loss (default): 0.0256, validation loss: 0.0199
2026-06-04 05:51:33 [INFO]: Epoch 038 - training loss (default): 0.0246, validation loss: 0.0185
2026-06-04 05:51:33 [INFO]: Epoch 039 - training loss (default): 0.0235, validation loss: 0.0180
2026-06-04 05:51:33 [INFO]: Epoch 040 - training loss (default): 0.0238, validation loss: 0.0186
2026-06-04 05:51:33 [INFO]: Epoch 041 - training loss (default): 0.0226, validation loss: 0.0183
2026-06-04 05:51:33 [INFO]: Epoch 042 - training loss (default): 0.0221, validation loss: 0.0175
2026-06-04 05:51:33 [INFO]: Epoch 043 - training loss (default): 0.0228, validation loss: 0.0179
2026-06-04 05:51:33 [INFO]: Epoch 044 - training loss (default): 0.0213, validation loss: 0.0168
2026-06-04 05:51:33 [INFO]: Epoch 045 - training loss (default): 0.0212, validation loss: 0.0157
2026-06-04 05:51:33 [INFO]: Epoch 046 - training loss (default): 0.0207, validation loss: 0.0156
2026-06-04 05:51:33 [INFO]: Epoch 047 - training loss (default): 0.0193, validation loss: 0.0150
2026-06-04 05:51:33 [INFO]: Epoch 048 - training loss (default): 0.0194, validation loss: 0.0151
2026-06-04 05:51:33 [INFO]: Epoch 049 - training loss (default): 0.0192, validation loss: 0.0148
2026-06-04 05:51:33 [INFO]: Epoch 050 - training loss (default): 0.0188, validation loss: 0.0148
2026-06-04 05:51:33 [INFO]: Epoch 051 - training loss (default): 0.0187, validation loss: 0.0168
2026-06-04 05:51:33 [INFO]: Epoch 052 - training loss (default): 0.0177, validation loss: 0.0147
2026-06-04 05:51:34 [INFO]: Epoch 053 - training loss (default): 0.0180, validation loss: 0.0148
2026-06-04 05:51:34 [INFO]: Epoch 054 - training loss (default): 0.0175, validation loss: 0.0136
2026-06-04 05:51:34 [INFO]: Epoch 055 - training loss (default): 0.0173, validation loss: 0.0137
2026-06-04 05:51:34 [INFO]: Epoch 056 - training loss (default): 0.0171, validation loss: 0.0126
2026-06-04 05:51:34 [INFO]: Epoch 057 - training loss (default): 0.0169, validation loss: 0.0133
2026-06-04 05:51:34 [INFO]: Epoch 058 - training loss (default): 0.0169, validation loss: 0.0124
2026-06-04 05:51:34 [INFO]: Epoch 059 - training loss (default): 0.0160, validation loss: 0.0132
2026-06-04 05:51:34 [INFO]: Epoch 060 - training loss (default): 0.0161, validation loss: 0.0124
2026-06-04 05:51:34 [INFO]: Finished training. The best model is from epoch#58.
2026-06-04 05:51:34 [INFO]: Saved the model to output/imputation/cuda/paper_campaign/tslanet/ettm1/mr0.1/seed456/TSLANet.pypots
[34m
████████╗██╗███╗   ███╗███████╗    ███████╗███████╗██████╗ ██╗███████╗███████╗    █████╗ ██╗
╚══██╔══╝██║████╗ ████║██╔════╝    ██╔════╝██╔════╝██╔══██╗██║██╔════╝██╔════╝   ██╔══██╗██║
   ██║   ██║██╔████╔██║█████╗█████╗███████╗█████╗  ██████╔╝██║█████╗  ███████╗   ███████║██║
   ██║   ██║██║╚██╔╝██║██╔══╝╚════╝╚════██║██╔══╝  ██╔══██╗██║██╔══╝  ╚════██║   ██╔══██║██║
   ██║   ██║██║ ╚═╝ ██║███████╗    ███████║███████╗██║  ██║██║███████╗███████║██╗██║  ██║██║
   ╚═╝   ╚═╝╚═╝     ╚═╝╚══════╝    ╚══════╝╚══════╝╚═╝  ╚═╝╚═╝╚══════╝╚══════╝╚═╝╚═╝  ╚═╝╚═╝
ai4ts v0.0.3 - building AI for unified time-series analysis, https://time-series.ai [0m

Use Train GPT: False
Use Lora: False
Use Profiling: False
🚀 Running imputation pipeline for model: tslanet
✅ Dataset 'ettm1' with missing rate 0.1 loaded at: /home/Aboya_25R9803/projects/lab/SUN/iPyPOTS/datasets/rate_0.1
🚀 Starting TSLANet training pipeline...
[TSLANet] Testing —— MAE: 0.9114| MSE: 1.4774| RMSE: 1.2155| MRE: 1.0636| 
📊 Metrics saved to: output/imputation/cuda/paper_campaign/tslanet/ettm1/mr0.1/seed456/metrics/tslanet_metrics.json
