2026-06-04 05:08:12 [INFO]: Have set the random seed as 42 for numpy and pytorch.
2026-06-04 05:08:12 [INFO]: You're using dataset electricity_load_diagrams, please cite it properly in your work. You can find its reference information at the below link: 
https://github.com/WenjieDu/TSDB/tree/main/dataset_profiles/electricity_load_diagrams
2026-06-04 05:08:12 [INFO]: Dataset electricity_load_diagrams has already been downloaded. Processing directly...
2026-06-04 05:08:12 [INFO]: Dataset electricity_load_diagrams has already been cached. Loading from cache directly...
2026-06-04 05:08:12 [INFO]: Loaded successfully!
2026-06-04 05:08:12 [INFO]: months selected as test set are <PeriodArray>
['2011-01', '2011-02', '2011-03', '2011-04', '2011-05', '2011-06', '2011-07',
 '2011-08', '2011-09', '2011-10']
Length: 10, dtype: period[M]
2026-06-04 05:08:12 [INFO]: months selected as val set are <PeriodArray>
['2011-11', '2011-12', '2012-01', '2012-02', '2012-03', '2012-04', '2012-05',
 '2012-06', '2012-07', '2012-08']
Length: 10, dtype: period[M]
2026-06-04 05:08:12 [INFO]: months selected as train set are <PeriodArray>
['2012-09', '2012-10', '2012-11', '2012-12', '2013-01', '2013-02', '2013-03',
 '2013-04', '2013-05', '2013-06', '2013-07', '2013-08', '2013-09', '2013-10',
 '2013-11', '2013-12', '2014-01', '2014-02', '2014-03', '2014-04', '2014-05',
 '2014-06', '2014-07', '2014-08', '2014-09', '2014-10', '2014-11', '2014-12',
 '2015-01']
Length: 29, dtype: period[M]
2026-06-04 05:08:15 [INFO]: Total sample number: 5843
2026-06-04 05:08:15 [INFO]: Training set size: 3408 (58.33%)
2026-06-04 05:08:15 [INFO]: Validation set size: 1220 (20.88%)
2026-06-04 05:08:15 [INFO]: Test set size: 1215 (20.79%)
2026-06-04 05:08:15 [INFO]: Number of steps: 24
2026-06-04 05:08:15 [INFO]: Number of features: 370
2026-06-04 05:08:15 [INFO]: Train set missing rate: 50.00%
2026-06-04 05:08:15 [INFO]: Validating set missing rate: 50.01%
2026-06-04 05:08:15 [INFO]: Test set missing rate: 50.01%
2026-06-04 05:08:15 [INFO]: 🔥🔥🔥🔥🔥🔥🔥🔥🔥🔥Using device list: ['cuda:0']
2026-06-04 05:08:15 [INFO]: 🔥🔥🔥🔥🔥🔥🔥🔥🔥🔥Using the given device: cuda:0
2026-06-04 05:08:15 [INFO]: Model files will be saved to output/imputation/cuda/paper_campaign/tefn/eld/mr0.5/seed42
2026-06-04 05:08:15 [INFO]: Tensorboard file will be saved to output/imputation/cuda/paper_campaign/tefn/eld/mr0.5/seed42/tensorboard
2026-06-04 05:08:15 [INFO]: Using customized MAE as the training loss function.
2026-06-04 05:08:15 [INFO]: Using customized MSE as the validation metric function.
2026-06-04 05:08:15 [INFO]: Model placed on cuda:0
2026-06-04 05:08:15 [INFO]: TEFN initialized with the given hyperparameters.
 ├─ Total parameters: 286,778
 ├─ Trainable parameters: 286,778
 └─ Trainable ratio: 100.00%
2026-06-04 05:08:18 [INFO]: Epoch 001 - training loss (MAE): 8.4306, validation MSE: 36.0585
2026-06-04 05:08:19 [INFO]: Epoch 002 - training loss (MAE): 7.4883, validation MSE: 29.2899
2026-06-04 05:08:21 [INFO]: Epoch 003 - training loss (MAE): 6.7911, validation MSE: 25.3674
2026-06-04 05:08:22 [INFO]: Epoch 004 - training loss (MAE): 6.1528, validation MSE: 21.9569
2026-06-04 05:08:24 [INFO]: Epoch 005 - training loss (MAE): 5.5613, validation MSE: 19.1782
2026-06-04 05:08:25 [INFO]: Epoch 006 - training loss (MAE): 5.0190, validation MSE: 16.9375
2026-06-04 05:08:26 [INFO]: Epoch 007 - training loss (MAE): 4.5201, validation MSE: 14.9932
2026-06-04 05:08:28 [INFO]: Epoch 008 - training loss (MAE): 4.0675, validation MSE: 13.2726
2026-06-04 05:08:30 [INFO]: Epoch 009 - training loss (MAE): 3.6614, validation MSE: 11.9301
2026-06-04 05:08:31 [INFO]: Epoch 010 - training loss (MAE): 3.2938, validation MSE: 10.7923
2026-06-04 05:08:33 [INFO]: Epoch 011 - training loss (MAE): 2.9698, validation MSE: 9.8244
2026-06-04 05:08:35 [INFO]: Epoch 012 - training loss (MAE): 2.6830, validation MSE: 9.0665
2026-06-04 05:08:36 [INFO]: Epoch 013 - training loss (MAE): 2.4366, validation MSE: 8.3745
2026-06-04 05:08:38 [INFO]: Epoch 014 - training loss (MAE): 2.2274, validation MSE: 7.8145
2026-06-04 05:08:39 [INFO]: Epoch 015 - training loss (MAE): 2.0542, validation MSE: 7.4061
2026-06-04 05:08:41 [INFO]: Epoch 016 - training loss (MAE): 1.9059, validation MSE: 6.9177
2026-06-04 05:08:43 [INFO]: Epoch 017 - training loss (MAE): 1.7807, validation MSE: 6.5692
2026-06-04 05:08:45 [INFO]: Epoch 018 - training loss (MAE): 1.6673, validation MSE: 6.1766
2026-06-04 05:08:47 [INFO]: Epoch 019 - training loss (MAE): 1.5685, validation MSE: 5.8961
2026-06-04 05:08:48 [INFO]: Epoch 020 - training loss (MAE): 1.4818, validation MSE: 5.7288
2026-06-04 05:08:50 [INFO]: Epoch 021 - training loss (MAE): 1.4084, validation MSE: 5.4830
2026-06-04 05:08:52 [INFO]: Epoch 022 - training loss (MAE): 1.3435, validation MSE: 5.2504
2026-06-04 05:08:53 [INFO]: Epoch 023 - training loss (MAE): 1.2847, validation MSE: 5.0854
2026-06-04 05:08:54 [INFO]: Epoch 024 - training loss (MAE): 1.2288, validation MSE: 4.9701
2026-06-04 05:08:56 [INFO]: Epoch 025 - training loss (MAE): 1.1798, validation MSE: 4.7835
2026-06-04 05:08:58 [INFO]: Epoch 026 - training loss (MAE): 1.1351, validation MSE: 4.6289
2026-06-04 05:08:59 [INFO]: Epoch 027 - training loss (MAE): 1.0943, validation MSE: 4.5123
2026-06-04 05:09:01 [INFO]: Epoch 028 - training loss (MAE): 1.0577, validation MSE: 4.4411
2026-06-04 05:09:03 [INFO]: Epoch 029 - training loss (MAE): 1.0250, validation MSE: 4.3405
2026-06-04 05:09:04 [INFO]: Epoch 030 - training loss (MAE): 0.9923, validation MSE: 4.2393
2026-06-04 05:09:06 [INFO]: Epoch 031 - training loss (MAE): 0.9695, validation MSE: 4.1728
2026-06-04 05:09:07 [INFO]: Epoch 032 - training loss (MAE): 0.9457, validation MSE: 4.0667
2026-06-04 05:09:09 [INFO]: Epoch 033 - training loss (MAE): 0.9221, validation MSE: 4.0262
2026-06-04 05:09:10 [INFO]: Epoch 034 - training loss (MAE): 0.9046, validation MSE: 3.9725
2026-06-04 05:09:12 [INFO]: Epoch 035 - training loss (MAE): 0.8866, validation MSE: 3.8618
2026-06-04 05:09:13 [INFO]: Epoch 036 - training loss (MAE): 0.8695, validation MSE: 3.8480
2026-06-04 05:09:15 [INFO]: Epoch 037 - training loss (MAE): 0.8545, validation MSE: 3.7520
2026-06-04 05:09:16 [INFO]: Epoch 038 - training loss (MAE): 0.8380, validation MSE: 3.7255
2026-06-04 05:09:17 [INFO]: Epoch 039 - training loss (MAE): 0.8250, validation MSE: 3.6867
2026-06-04 05:09:19 [INFO]: Epoch 040 - training loss (MAE): 0.8106, validation MSE: 3.6791
2026-06-04 05:09:21 [INFO]: Epoch 041 - training loss (MAE): 0.7985, validation MSE: 3.6338
2026-06-04 05:09:23 [INFO]: Epoch 042 - training loss (MAE): 0.7856, validation MSE: 3.6016
2026-06-04 05:09:24 [INFO]: Epoch 043 - training loss (MAE): 0.7737, validation MSE: 3.5702
2026-06-04 05:09:26 [INFO]: Epoch 044 - training loss (MAE): 0.7640, validation MSE: 3.5140
2026-06-04 05:09:28 [INFO]: Epoch 045 - training loss (MAE): 0.7524, validation MSE: 3.4815
2026-06-04 05:09:30 [INFO]: Epoch 046 - training loss (MAE): 0.7426, validation MSE: 3.4574
2026-06-04 05:09:31 [INFO]: Epoch 047 - training loss (MAE): 0.7328, validation MSE: 3.4176
2026-06-04 05:09:33 [INFO]: Epoch 048 - training loss (MAE): 0.7238, validation MSE: 3.4026
2026-06-04 05:09:35 [INFO]: Epoch 049 - training loss (MAE): 0.7146, validation MSE: 3.3702
2026-06-04 05:09:36 [INFO]: Epoch 050 - training loss (MAE): 0.7063, validation MSE: 3.3314
2026-06-04 05:09:38 [INFO]: Epoch 051 - training loss (MAE): 0.6978, validation MSE: 3.3098
2026-06-04 05:09:39 [INFO]: Epoch 052 - training loss (MAE): 0.6889, validation MSE: 3.3093
2026-06-04 05:09:41 [INFO]: Epoch 053 - training loss (MAE): 0.6824, validation MSE: 3.2963
2026-06-04 05:09:43 [INFO]: Epoch 054 - training loss (MAE): 0.6752, validation MSE: 3.2840
2026-06-04 05:09:45 [INFO]: Epoch 055 - training loss (MAE): 0.6682, validation MSE: 3.2417
2026-06-04 05:09:46 [INFO]: Epoch 056 - training loss (MAE): 0.6621, validation MSE: 3.2245
2026-06-04 05:09:48 [INFO]: Epoch 057 - training loss (MAE): 0.6557, validation MSE: 3.2278
2026-06-04 05:09:50 [INFO]: Epoch 058 - training loss (MAE): 0.6513, validation MSE: 3.1887
2026-06-04 05:09:52 [INFO]: Epoch 059 - training loss (MAE): 0.6465, validation MSE: 3.1713
2026-06-04 05:09:54 [INFO]: Epoch 060 - training loss (MAE): 0.6408, validation MSE: 3.1823
2026-06-04 05:09:54 [INFO]: Finished training. The best model is from epoch#59.
2026-06-04 05:09:54 [INFO]: Saved the model to output/imputation/cuda/paper_campaign/tefn/eld/mr0.5/seed42/TEFN.pypots
[34m
████████╗██╗███╗   ███╗███████╗    ███████╗███████╗██████╗ ██╗███████╗███████╗    █████╗ ██╗
╚══██╔══╝██║████╗ ████║██╔════╝    ██╔════╝██╔════╝██╔══██╗██║██╔════╝██╔════╝   ██╔══██╗██║
   ██║   ██║██╔████╔██║█████╗█████╗███████╗█████╗  ██████╔╝██║█████╗  ███████╗   ███████║██║
   ██║   ██║██║╚██╔╝██║██╔══╝╚════╝╚════██║██╔══╝  ██╔══██╗██║██╔══╝  ╚════██║   ██╔══██║██║
   ██║   ██║██║ ╚═╝ ██║███████╗    ███████║███████╗██║  ██║██║███████╗███████║██╗██║  ██║██║
   ╚═╝   ╚═╝╚═╝     ╚═╝╚══════╝    ╚══════╝╚══════╝╚═╝  ╚═╝╚═╝╚══════╝╚══════╝╚═╝╚═╝  ╚═╝╚═╝
ai4ts v0.0.3 - building AI for unified time-series analysis, https://time-series.ai [0m

Use Train GPT: False
Use Lora: False
Use Profiling: False
🚀 Running imputation pipeline for model: tefn
✅ Dataset 'eld' with missing rate 0.5 loaded at: /home/Aboya_25R9803/projects/lab/SUN/iPyPOTS/datasets/rate_0.5
🚀 Starting TEFN training pipeline...
[TEFN] Testing —— MAE: 1.0838| MSE: 2.9581| RMSE: 1.7199| MRE: 0.5804| 
📊 Metrics saved to: output/imputation/cuda/paper_campaign/tefn/eld/mr0.5/seed42/metrics/tefn_metrics.json
