2026-06-04 05:07:44 [INFO]: Have set the random seed as 42 for numpy and pytorch.
2026-06-04 05:07:47 [INFO]: 🔥🔥🔥🔥🔥🔥🔥🔥🔥🔥Using device list: ['cuda:0']
2026-06-04 05:07:47 [INFO]: 🔥🔥🔥🔥🔥🔥🔥🔥🔥🔥Using the given device: cuda:0
2026-06-04 05:07:47 [INFO]: Model files will be saved to output/imputation/cuda/paper_campaign/saits/opsd_germany/mr0.5/seed42
2026-06-04 05:07:47 [INFO]: Tensorboard file will be saved to output/imputation/cuda/paper_campaign/saits/opsd_germany/mr0.5/seed42/tensorboard
2026-06-04 05:07:47 [INFO]: Using customized MAE as the training loss function.
2026-06-04 05:07:47 [INFO]: Using customized MSE as the validation metric function.
2026-06-04 05:07:47 [INFO]: SAITS initialized with the given hyperparameters.
 ├─ Total parameters: 138,752
 ├─ Trainable parameters: 138,752
 └─ Trainable ratio: 100.00%
2026-06-04 05:07:47 [INFO]: Model placed on cuda:0
2026-06-04 05:07:53 [INFO]: Epoch 001 - training loss (MAE): 1.2779, validation MSE: 0.6501
2026-06-04 05:07:57 [INFO]: Epoch 002 - training loss (MAE): 0.8294, validation MSE: 0.5493
2026-06-04 05:08:01 [INFO]: Epoch 003 - training loss (MAE): 0.6873, validation MSE: 0.4967
2026-06-04 05:08:05 [INFO]: Epoch 004 - training loss (MAE): 0.5841, validation MSE: 0.4368
2026-06-04 05:08:09 [INFO]: Epoch 005 - training loss (MAE): 0.5124, validation MSE: 0.4030
2026-06-04 05:08:14 [INFO]: Epoch 006 - training loss (MAE): 0.4705, validation MSE: 0.3550
2026-06-04 05:08:18 [INFO]: Epoch 007 - training loss (MAE): 0.4244, validation MSE: 0.2721
2026-06-04 05:08:21 [INFO]: Epoch 008 - training loss (MAE): 0.3679, validation MSE: 0.1886
2026-06-04 05:08:26 [INFO]: Epoch 009 - training loss (MAE): 0.3226, validation MSE: 0.1433
2026-06-04 05:08:31 [INFO]: Epoch 010 - training loss (MAE): 0.2953, validation MSE: 0.1161
2026-06-04 05:08:36 [INFO]: Epoch 011 - training loss (MAE): 0.2765, validation MSE: 0.1016
2026-06-04 05:08:40 [INFO]: Epoch 012 - training loss (MAE): 0.2616, validation MSE: 0.0895
2026-06-04 05:08:45 [INFO]: Epoch 013 - training loss (MAE): 0.2511, validation MSE: 0.0841
2026-06-04 05:08:50 [INFO]: Epoch 014 - training loss (MAE): 0.2424, validation MSE: 0.0776
2026-06-04 05:08:55 [INFO]: Epoch 015 - training loss (MAE): 0.2334, validation MSE: 0.0743
2026-06-04 05:08:59 [INFO]: Epoch 016 - training loss (MAE): 0.2290, validation MSE: 0.0699
2026-06-04 05:09:04 [INFO]: Epoch 017 - training loss (MAE): 0.2222, validation MSE: 0.0669
2026-06-04 05:09:09 [INFO]: Epoch 018 - training loss (MAE): 0.2166, validation MSE: 0.0641
2026-06-04 05:09:14 [INFO]: Epoch 019 - training loss (MAE): 0.2140, validation MSE: 0.0609
2026-06-04 05:09:18 [INFO]: Epoch 020 - training loss (MAE): 0.2093, validation MSE: 0.0568
2026-06-04 05:09:23 [INFO]: Epoch 021 - training loss (MAE): 0.2054, validation MSE: 0.0548
2026-06-04 05:09:28 [INFO]: Epoch 022 - training loss (MAE): 0.2029, validation MSE: 0.0557
2026-06-04 05:09:32 [INFO]: Epoch 023 - training loss (MAE): 0.2000, validation MSE: 0.0549
2026-06-04 05:09:36 [INFO]: Epoch 024 - training loss (MAE): 0.1975, validation MSE: 0.0506
2026-06-04 05:09:40 [INFO]: Epoch 025 - training loss (MAE): 0.1959, validation MSE: 0.0497
2026-06-04 05:09:44 [INFO]: Epoch 026 - training loss (MAE): 0.1924, validation MSE: 0.0495
2026-06-04 05:09:48 [INFO]: Epoch 027 - training loss (MAE): 0.1904, validation MSE: 0.0500
2026-06-04 05:09:52 [INFO]: Epoch 028 - training loss (MAE): 0.1896, validation MSE: 0.0493
2026-06-04 05:09:56 [INFO]: Epoch 029 - training loss (MAE): 0.1861, validation MSE: 0.0490
2026-06-04 05:10:00 [INFO]: Epoch 030 - training loss (MAE): 0.1838, validation MSE: 0.0481
2026-06-04 05:10:04 [INFO]: Epoch 031 - training loss (MAE): 0.1820, validation MSE: 0.0473
2026-06-04 05:10:09 [INFO]: Epoch 032 - training loss (MAE): 0.1805, validation MSE: 0.0475
2026-06-04 05:10:13 [INFO]: Epoch 033 - training loss (MAE): 0.1787, validation MSE: 0.0468
2026-06-04 05:10:18 [INFO]: Epoch 034 - training loss (MAE): 0.1768, validation MSE: 0.0456
2026-06-04 05:10:22 [INFO]: Epoch 035 - training loss (MAE): 0.1751, validation MSE: 0.0456
2026-06-04 05:10:26 [INFO]: Epoch 036 - training loss (MAE): 0.1753, validation MSE: 0.0458
2026-06-04 05:10:30 [INFO]: Epoch 037 - training loss (MAE): 0.1729, validation MSE: 0.0441
2026-06-04 05:10:34 [INFO]: Epoch 038 - training loss (MAE): 0.1705, validation MSE: 0.0440
2026-06-04 05:10:38 [INFO]: Epoch 039 - training loss (MAE): 0.1693, validation MSE: 0.0440
2026-06-04 05:10:42 [INFO]: Epoch 040 - training loss (MAE): 0.1686, validation MSE: 0.0422
2026-06-04 05:10:46 [INFO]: Epoch 041 - training loss (MAE): 0.1667, validation MSE: 0.0441
2026-06-04 05:10:50 [INFO]: Epoch 042 - training loss (MAE): 0.1661, validation MSE: 0.0436
2026-06-04 05:10:54 [INFO]: Epoch 043 - training loss (MAE): 0.1659, validation MSE: 0.0424
2026-06-04 05:10:59 [INFO]: Epoch 044 - training loss (MAE): 0.1635, validation MSE: 0.0420
2026-06-04 05:11:04 [INFO]: Epoch 045 - training loss (MAE): 0.1620, validation MSE: 0.0412
2026-06-04 05:11:09 [INFO]: Epoch 046 - training loss (MAE): 0.1612, validation MSE: 0.0419
2026-06-04 05:11:14 [INFO]: Epoch 047 - training loss (MAE): 0.1604, validation MSE: 0.0409
2026-06-04 05:11:18 [INFO]: Epoch 048 - training loss (MAE): 0.1592, validation MSE: 0.0391
2026-06-04 05:11:23 [INFO]: Epoch 049 - training loss (MAE): 0.1585, validation MSE: 0.0389
2026-06-04 05:11:28 [INFO]: Epoch 050 - training loss (MAE): 0.1578, validation MSE: 0.0400
2026-06-04 05:11:33 [INFO]: Epoch 051 - training loss (MAE): 0.1570, validation MSE: 0.0397
2026-06-04 05:11:38 [INFO]: Epoch 052 - training loss (MAE): 0.1559, validation MSE: 0.0391
2026-06-04 05:11:42 [INFO]: Epoch 053 - training loss (MAE): 0.1558, validation MSE: 0.0382
2026-06-04 05:11:47 [INFO]: Epoch 054 - training loss (MAE): 0.1542, validation MSE: 0.0370
2026-06-04 05:11:52 [INFO]: Epoch 055 - training loss (MAE): 0.1534, validation MSE: 0.0386
2026-06-04 05:11:57 [INFO]: Epoch 056 - training loss (MAE): 0.1530, validation MSE: 0.0359
2026-06-04 05:12:01 [INFO]: Epoch 057 - training loss (MAE): 0.1525, validation MSE: 0.0373
2026-06-04 05:12:05 [INFO]: Epoch 058 - training loss (MAE): 0.1521, validation MSE: 0.0364
2026-06-04 05:12:09 [INFO]: Epoch 059 - training loss (MAE): 0.1523, validation MSE: 0.0351
2026-06-04 05:12:13 [INFO]: Epoch 060 - training loss (MAE): 0.1511, validation MSE: 0.0366
2026-06-04 05:12:13 [INFO]: Finished training. The best model is from epoch#59.
2026-06-04 05:12:13 [INFO]: Saved the model to output/imputation/cuda/paper_campaign/saits/opsd_germany/mr0.5/seed42/SAITS.pypots
[34m
████████╗██╗███╗   ███╗███████╗    ███████╗███████╗██████╗ ██╗███████╗███████╗    █████╗ ██╗
╚══██╔══╝██║████╗ ████║██╔════╝    ██╔════╝██╔════╝██╔══██╗██║██╔════╝██╔════╝   ██╔══██╗██║
   ██║   ██║██╔████╔██║█████╗█████╗███████╗█████╗  ██████╔╝██║█████╗  ███████╗   ███████║██║
   ██║   ██║██║╚██╔╝██║██╔══╝╚════╝╚════██║██╔══╝  ██╔══██╗██║██╔══╝  ╚════██║   ██╔══██║██║
   ██║   ██║██║ ╚═╝ ██║███████╗    ███████║███████╗██║  ██║██║███████╗███████║██╗██║  ██║██║
   ╚═╝   ╚═╝╚═╝     ╚═╝╚══════╝    ╚══════╝╚══════╝╚═╝  ╚═╝╚═╝╚══════╝╚══════╝╚═╝╚═╝  ╚═╝╚═╝
ai4ts v0.0.3 - building AI for unified time-series analysis, https://time-series.ai [0m

Use Train GPT: False
Use Lora: False
Use Profiling: False
🚀 Running imputation pipeline for model: saits
✅ Dataset 'opsd_germany' with missing rate 0.5 loaded at: /home/Aboya_25R9803/projects/lab/SUN/iPyPOTS/datasets/rate_0.5
🚀 Starting SAITS training pipeline...
[SAITS] Testing —— MAE: 0.1289| MSE: 0.0413| RMSE: 0.2032| MRE: 0.1419| 
📊 Metrics saved to: output/imputation/cuda/paper_campaign/saits/opsd_germany/mr0.5/seed42/metrics/saits_metrics.json
