2026-06-04 05:09:46 [INFO]: Have set the random seed as 42 for numpy and pytorch.
2026-06-04 05:09:46 [INFO]: You're using dataset electricity_transformer_temperature, please cite it properly in your work. You can find its reference information at the below link: 
https://github.com/WenjieDu/TSDB/tree/main/dataset_profiles/electricity_transformer_temperature
2026-06-04 05:09:46 [INFO]: Dataset electricity_transformer_temperature has already been downloaded. Processing directly...
2026-06-04 05:09:46 [INFO]: Dataset electricity_transformer_temperature has already been cached. Loading from cache directly...
2026-06-04 05:09:47 [INFO]: Loaded successfully!
2026-06-04 05:09:47 [INFO]: months selected as train set are <PeriodArray>
['2016-07', '2016-08', '2016-09', '2016-10', '2016-11', '2016-12', '2017-01',
 '2017-02', '2017-03', '2017-04', '2017-05', '2017-06', '2017-07', '2017-08']
Length: 14, dtype: period[M]
2026-06-04 05:09:47 [INFO]: months selected as val set are <PeriodArray>
['2017-09', '2017-10', '2017-11', '2017-12', '2018-01']
Length: 5, dtype: period[M]
2026-06-04 05:09:47 [INFO]: months selected as test set are <PeriodArray>
['2018-02', '2018-03', '2018-04', '2018-05', '2018-06']
Length: 5, dtype: period[M]
2026-06-04 05:09:47 [INFO]: Total sample number: 725
2026-06-04 05:09:47 [INFO]: Training set size: 427 (58.90%)
2026-06-04 05:09:47 [INFO]: Validation set size: 153 (21.10%)
2026-06-04 05:09:47 [INFO]: Test set size: 145 (20.00%)
2026-06-04 05:09:47 [INFO]: Number of steps: 96
2026-06-04 05:09:47 [INFO]: Number of features: 7
2026-06-04 05:09:47 [INFO]: Train set missing rate: 29.91%
2026-06-04 05:09:47 [INFO]: Validating set missing rate: 30.14%
2026-06-04 05:09:47 [INFO]: Test set missing rate: 29.86%
2026-06-04 05:09:47 [INFO]: 🔥🔥🔥🔥🔥🔥🔥🔥🔥🔥Using device list: ['cuda:0']
2026-06-04 05:09:47 [INFO]: 🔥🔥🔥🔥🔥🔥🔥🔥🔥🔥Using the given device: cuda:0
2026-06-04 05:09:47 [INFO]: Model files will be saved to output/imputation/cuda/paper_campaign/timemixerpp/ettm1/mr0.3/seed42
2026-06-04 05:09:47 [INFO]: Tensorboard file will be saved to output/imputation/cuda/paper_campaign/timemixerpp/ettm1/mr0.3/seed42/tensorboard
2026-06-04 05:09:47 [INFO]: Using customized MAE as the training loss function.
2026-06-04 05:09:47 [INFO]: Using customized MSE as the validation metric function.
2026-06-04 05:09:47 [INFO]: Model placed on cuda:0
2026-06-04 05:09:47 [INFO]: TimeMixerPP initialized with the given hyperparameters.
 ├─ Total parameters: 18,837,061
 ├─ Trainable parameters: 18,832,197
 └─ Trainable ratio: 99.97%
2026-06-04 05:10:01 [INFO]: Epoch 001 - training loss (MAE): 0.9472, validation MSE: 1.2788
2026-06-04 05:10:14 [INFO]: Epoch 002 - training loss (MAE): 0.9938, validation MSE: 0.8607
2026-06-04 05:10:26 [INFO]: Epoch 003 - training loss (MAE): 0.6273, validation MSE: 0.8862
2026-06-04 05:10:39 [INFO]: Epoch 004 - training loss (MAE): 0.5594, validation MSE: 0.4652
2026-06-04 05:10:51 [INFO]: Epoch 005 - training loss (MAE): 0.4953, validation MSE: 0.5772
2026-06-04 05:11:03 [INFO]: Epoch 006 - training loss (MAE): 0.5273, validation MSE: 0.4081
2026-06-04 05:11:16 [INFO]: Epoch 007 - training loss (MAE): 0.4439, validation MSE: 0.3285
2026-06-04 05:11:28 [INFO]: Epoch 008 - training loss (MAE): 0.4191, validation MSE: 0.3462
2026-06-04 05:11:41 [INFO]: Epoch 009 - training loss (MAE): 0.4062, validation MSE: 0.2740
2026-06-04 05:11:53 [INFO]: Epoch 010 - training loss (MAE): 0.3831, validation MSE: 0.2700
2026-06-04 05:12:06 [INFO]: Epoch 011 - training loss (MAE): 0.3494, validation MSE: 0.3212
2026-06-04 05:12:18 [INFO]: Epoch 012 - training loss (MAE): 0.3399, validation MSE: 0.4747
2026-06-04 05:12:31 [INFO]: Epoch 013 - training loss (MAE): 0.4164, validation MSE: 0.3213
2026-06-04 05:12:43 [INFO]: Epoch 014 - training loss (MAE): 0.3759, validation MSE: 0.2446
2026-06-04 05:12:56 [INFO]: Epoch 015 - training loss (MAE): 0.3344, validation MSE: 0.2789
2026-06-04 05:13:08 [INFO]: Epoch 016 - training loss (MAE): 0.3212, validation MSE: 0.2415
2026-06-04 05:13:21 [INFO]: Epoch 017 - training loss (MAE): 0.3141, validation MSE: 0.2277
2026-06-04 05:13:34 [INFO]: Epoch 018 - training loss (MAE): 0.3060, validation MSE: 0.2692
2026-06-04 05:13:46 [INFO]: Epoch 019 - training loss (MAE): 0.2887, validation MSE: 0.2018
2026-06-04 05:13:59 [INFO]: Epoch 020 - training loss (MAE): 0.2641, validation MSE: 0.2022
2026-06-04 05:14:11 [INFO]: Epoch 021 - training loss (MAE): 0.2538, validation MSE: 0.2153
2026-06-04 05:14:24 [INFO]: Epoch 022 - training loss (MAE): 0.2561, validation MSE: 0.2286
2026-06-04 05:14:36 [INFO]: Epoch 023 - training loss (MAE): 0.2392, validation MSE: 0.2209
2026-06-04 05:14:49 [INFO]: Epoch 024 - training loss (MAE): 0.2256, validation MSE: 0.2397
2026-06-04 05:15:01 [INFO]: Epoch 025 - training loss (MAE): 0.2119, validation MSE: 0.1954
2026-06-04 05:15:14 [INFO]: Epoch 026 - training loss (MAE): 0.1929, validation MSE: 0.2101
2026-06-04 05:15:26 [INFO]: Epoch 027 - training loss (MAE): 0.1881, validation MSE: 0.2178
2026-06-04 05:15:38 [INFO]: Epoch 028 - training loss (MAE): 0.1825, validation MSE: 0.1949
2026-06-04 05:15:51 [INFO]: Epoch 029 - training loss (MAE): 0.1759, validation MSE: 0.2088
2026-06-04 05:16:03 [INFO]: Epoch 030 - training loss (MAE): 0.1647, validation MSE: 0.2465
2026-06-04 05:16:16 [INFO]: Epoch 031 - training loss (MAE): 0.1622, validation MSE: 0.2440
2026-06-04 05:16:29 [INFO]: Epoch 032 - training loss (MAE): 0.1548, validation MSE: 0.2282
2026-06-04 05:16:41 [INFO]: Epoch 033 - training loss (MAE): 0.1597, validation MSE: 0.2363
2026-06-04 05:16:53 [INFO]: Epoch 034 - training loss (MAE): 0.1641, validation MSE: 0.2586
2026-06-04 05:17:06 [INFO]: Epoch 035 - training loss (MAE): 0.1590, validation MSE: 0.2771
2026-06-04 05:17:18 [INFO]: Epoch 036 - training loss (MAE): 0.1524, validation MSE: 0.3168
2026-06-04 05:17:31 [INFO]: Epoch 037 - training loss (MAE): 0.1525, validation MSE: 0.3188
2026-06-04 05:17:43 [INFO]: Epoch 038 - training loss (MAE): 0.1394, validation MSE: 0.2907
2026-06-04 05:17:56 [INFO]: Epoch 039 - training loss (MAE): 0.1385, validation MSE: 0.2701
2026-06-04 05:18:09 [INFO]: Epoch 040 - training loss (MAE): 0.1432, validation MSE: 0.2948
2026-06-04 05:18:09 [INFO]: Exceeded the training patience. Terminating the training procedure...
2026-06-04 05:18:09 [INFO]: Finished training. The best model is from epoch#28.
2026-06-04 05:18:09 [INFO]: Saved the model to output/imputation/cuda/paper_campaign/timemixerpp/ettm1/mr0.3/seed42/TimeMixerPP.pypots
[34m
████████╗██╗███╗   ███╗███████╗    ███████╗███████╗██████╗ ██╗███████╗███████╗    █████╗ ██╗
╚══██╔══╝██║████╗ ████║██╔════╝    ██╔════╝██╔════╝██╔══██╗██║██╔════╝██╔════╝   ██╔══██╗██║
   ██║   ██║██╔████╔██║█████╗█████╗███████╗█████╗  ██████╔╝██║█████╗  ███████╗   ███████║██║
   ██║   ██║██║╚██╔╝██║██╔══╝╚════╝╚════██║██╔══╝  ██╔══██╗██║██╔══╝  ╚════██║   ██╔══██║██║
   ██║   ██║██║ ╚═╝ ██║███████╗    ███████║███████╗██║  ██║██║███████╗███████║██╗██║  ██║██║
   ╚═╝   ╚═╝╚═╝     ╚═╝╚══════╝    ╚══════╝╚══════╝╚═╝  ╚═╝╚═╝╚══════╝╚══════╝╚═╝╚═╝  ╚═╝╚═╝
ai4ts v0.0.3 - building AI for unified time-series analysis, https://time-series.ai [0m

Use Train GPT: False
Use Lora: False
Use Profiling: False
🚀 Running imputation pipeline for model: timemixerpp
✅ Dataset 'ettm1' with missing rate 0.3 loaded at: /home/Aboya_25R9803/projects/lab/SUN/iPyPOTS/datasets/rate_0.3
🚀 Starting TimeMixer++ training pipeline...
[TimeMixer++] Testing —— MAE: 0.3744| MSE: 0.2810| RMSE: 0.5301| MRE: 0.4422|
📊 Metrics saved to: output/imputation/cuda/paper_campaign/timemixerpp/ettm1/mr0.3/seed42/metrics/timemixerpp_metrics.json
