2026-06-04 07:57:05 [INFO]: Have set the random seed as 123 for numpy and pytorch.
2026-06-04 07:57:06 [INFO]: 🔥🔥🔥🔥🔥🔥🔥🔥🔥🔥Using device list: ['cuda:0']
2026-06-04 07:57:06 [INFO]: 🔥🔥🔥🔥🔥🔥🔥🔥🔥🔥Using the given device: cuda:0
2026-06-04 07:57:06 [INFO]: Model files will be saved to output/imputation/cuda/paper_campaign/saits/appliances_energy/mr0.3/seed123
2026-06-04 07:57:06 [INFO]: Tensorboard file will be saved to output/imputation/cuda/paper_campaign/saits/appliances_energy/mr0.3/seed123/tensorboard
2026-06-04 07:57:06 [INFO]: Using customized MAE as the training loss function.
2026-06-04 07:57:06 [INFO]: Using customized MSE as the validation metric function.
2026-06-04 07:57:06 [INFO]: SAITS initialized with the given hyperparameters.
 ├─ Total parameters: 149,760
 ├─ Trainable parameters: 149,760
 └─ Trainable ratio: 100.00%
2026-06-04 07:57:06 [INFO]: Model placed on cuda:0
2026-06-04 07:57:08 [INFO]: Epoch 001 - training loss (MAE): 1.4151, validation MSE: 0.5843
2026-06-04 07:57:09 [INFO]: Epoch 002 - training loss (MAE): 1.1221, validation MSE: 0.4679
2026-06-04 07:57:11 [INFO]: Epoch 003 - training loss (MAE): 0.9897, validation MSE: 0.4161
2026-06-04 07:57:12 [INFO]: Epoch 004 - training loss (MAE): 0.8832, validation MSE: 0.3595
2026-06-04 07:57:13 [INFO]: Epoch 005 - training loss (MAE): 0.7863, validation MSE: 0.3025
2026-06-04 07:57:14 [INFO]: Epoch 006 - training loss (MAE): 0.7067, validation MSE: 0.2566
2026-06-04 07:57:16 [INFO]: Epoch 007 - training loss (MAE): 0.6422, validation MSE: 0.2326
2026-06-04 07:57:17 [INFO]: Epoch 008 - training loss (MAE): 0.5957, validation MSE: 0.2160
2026-06-04 07:57:18 [INFO]: Epoch 009 - training loss (MAE): 0.5589, validation MSE: 0.2025
2026-06-04 07:57:19 [INFO]: Epoch 010 - training loss (MAE): 0.5322, validation MSE: 0.1927
2026-06-04 07:57:20 [INFO]: Epoch 011 - training loss (MAE): 0.5107, validation MSE: 0.1857
2026-06-04 07:57:21 [INFO]: Epoch 012 - training loss (MAE): 0.4909, validation MSE: 0.1780
2026-06-04 07:57:22 [INFO]: Epoch 013 - training loss (MAE): 0.4762, validation MSE: 0.1720
2026-06-04 07:57:23 [INFO]: Epoch 014 - training loss (MAE): 0.4626, validation MSE: 0.1670
2026-06-04 07:57:24 [INFO]: Epoch 015 - training loss (MAE): 0.4511, validation MSE: 0.1595
2026-06-04 07:57:25 [INFO]: Epoch 016 - training loss (MAE): 0.4401, validation MSE: 0.1549
2026-06-04 07:57:26 [INFO]: Epoch 017 - training loss (MAE): 0.4297, validation MSE: 0.1478
2026-06-04 07:57:27 [INFO]: Epoch 018 - training loss (MAE): 0.4192, validation MSE: 0.1456
2026-06-04 07:57:28 [INFO]: Epoch 019 - training loss (MAE): 0.4111, validation MSE: 0.1424
2026-06-04 07:57:28 [INFO]: Epoch 020 - training loss (MAE): 0.4038, validation MSE: 0.1380
2026-06-04 07:57:29 [INFO]: Epoch 021 - training loss (MAE): 0.3966, validation MSE: 0.1361
2026-06-04 07:57:30 [INFO]: Epoch 022 - training loss (MAE): 0.3907, validation MSE: 0.1351
2026-06-04 07:57:31 [INFO]: Epoch 023 - training loss (MAE): 0.3851, validation MSE: 0.1345
2026-06-04 07:57:32 [INFO]: Epoch 024 - training loss (MAE): 0.3792, validation MSE: 0.1313
2026-06-04 07:57:33 [INFO]: Epoch 025 - training loss (MAE): 0.3751, validation MSE: 0.1297
2026-06-04 07:57:34 [INFO]: Epoch 026 - training loss (MAE): 0.3718, validation MSE: 0.1282
2026-06-04 07:57:35 [INFO]: Epoch 027 - training loss (MAE): 0.3668, validation MSE: 0.1265
2026-06-04 07:57:36 [INFO]: Epoch 028 - training loss (MAE): 0.3614, validation MSE: 0.1240
2026-06-04 07:57:37 [INFO]: Epoch 029 - training loss (MAE): 0.3567, validation MSE: 0.1246
2026-06-04 07:57:38 [INFO]: Epoch 030 - training loss (MAE): 0.3546, validation MSE: 0.1240
2026-06-04 07:57:39 [INFO]: Epoch 031 - training loss (MAE): 0.3503, validation MSE: 0.1212
2026-06-04 07:57:40 [INFO]: Epoch 032 - training loss (MAE): 0.3468, validation MSE: 0.1201
2026-06-04 07:57:41 [INFO]: Epoch 033 - training loss (MAE): 0.3439, validation MSE: 0.1180
2026-06-04 07:57:42 [INFO]: Epoch 034 - training loss (MAE): 0.3414, validation MSE: 0.1170
2026-06-04 07:57:43 [INFO]: Epoch 035 - training loss (MAE): 0.3385, validation MSE: 0.1175
2026-06-04 07:57:44 [INFO]: Epoch 036 - training loss (MAE): 0.3355, validation MSE: 0.1153
2026-06-04 07:57:44 [INFO]: Epoch 037 - training loss (MAE): 0.3326, validation MSE: 0.1146
2026-06-04 07:57:45 [INFO]: Epoch 038 - training loss (MAE): 0.3297, validation MSE: 0.1152
2026-06-04 07:57:46 [INFO]: Epoch 039 - training loss (MAE): 0.3270, validation MSE: 0.1121
2026-06-04 07:57:47 [INFO]: Epoch 040 - training loss (MAE): 0.3260, validation MSE: 0.1116
2026-06-04 07:57:48 [INFO]: Epoch 041 - training loss (MAE): 0.3240, validation MSE: 0.1111
2026-06-04 07:57:50 [INFO]: Epoch 042 - training loss (MAE): 0.3220, validation MSE: 0.1111
2026-06-04 07:57:51 [INFO]: Epoch 043 - training loss (MAE): 0.3198, validation MSE: 0.1092
2026-06-04 07:57:52 [INFO]: Epoch 044 - training loss (MAE): 0.3177, validation MSE: 0.1092
2026-06-04 07:57:54 [INFO]: Epoch 045 - training loss (MAE): 0.3155, validation MSE: 0.1098
2026-06-04 07:57:55 [INFO]: Epoch 046 - training loss (MAE): 0.3129, validation MSE: 0.1094
2026-06-04 07:57:56 [INFO]: Epoch 047 - training loss (MAE): 0.3121, validation MSE: 0.1087
2026-06-04 07:57:58 [INFO]: Epoch 048 - training loss (MAE): 0.3098, validation MSE: 0.1075
2026-06-04 07:57:59 [INFO]: Epoch 049 - training loss (MAE): 0.3082, validation MSE: 0.1076
2026-06-04 07:58:00 [INFO]: Epoch 050 - training loss (MAE): 0.3062, validation MSE: 0.1074
2026-06-04 07:58:01 [INFO]: Epoch 051 - training loss (MAE): 0.3060, validation MSE: 0.1058
2026-06-04 07:58:03 [INFO]: Epoch 052 - training loss (MAE): 0.3054, validation MSE: 0.1081
2026-06-04 07:58:04 [INFO]: Epoch 053 - training loss (MAE): 0.3035, validation MSE: 0.1051
2026-06-04 07:58:05 [INFO]: Epoch 054 - training loss (MAE): 0.3012, validation MSE: 0.1036
2026-06-04 07:58:06 [INFO]: Epoch 055 - training loss (MAE): 0.2994, validation MSE: 0.1056
2026-06-04 07:58:07 [INFO]: Epoch 056 - training loss (MAE): 0.2982, validation MSE: 0.1047
2026-06-04 07:58:09 [INFO]: Epoch 057 - training loss (MAE): 0.2961, validation MSE: 0.1033
2026-06-04 07:58:10 [INFO]: Epoch 058 - training loss (MAE): 0.2945, validation MSE: 0.1036
2026-06-04 07:58:11 [INFO]: Epoch 059 - training loss (MAE): 0.2938, validation MSE: 0.1015
2026-06-04 07:58:12 [INFO]: Epoch 060 - training loss (MAE): 0.2926, validation MSE: 0.1024
2026-06-04 07:58:12 [INFO]: Finished training. The best model is from epoch#59.
2026-06-04 07:58:12 [INFO]: Saved the model to output/imputation/cuda/paper_campaign/saits/appliances_energy/mr0.3/seed123/SAITS.pypots
[34m
████████╗██╗███╗   ███╗███████╗    ███████╗███████╗██████╗ ██╗███████╗███████╗    █████╗ ██╗
╚══██╔══╝██║████╗ ████║██╔════╝    ██╔════╝██╔════╝██╔══██╗██║██╔════╝██╔════╝   ██╔══██╗██║
   ██║   ██║██╔████╔██║█████╗█████╗███████╗█████╗  ██████╔╝██║█████╗  ███████╗   ███████║██║
   ██║   ██║██║╚██╔╝██║██╔══╝╚════╝╚════██║██╔══╝  ██╔══██╗██║██╔══╝  ╚════██║   ██╔══██║██║
   ██║   ██║██║ ╚═╝ ██║███████╗    ███████║███████╗██║  ██║██║███████╗███████║██╗██║  ██║██║
   ╚═╝   ╚═╝╚═╝     ╚═╝╚══════╝    ╚══════╝╚══════╝╚═╝  ╚═╝╚═╝╚══════╝╚══════╝╚═╝╚═╝  ╚═╝╚═╝
ai4ts v0.0.3 - building AI for unified time-series analysis, https://time-series.ai [0m

Use Train GPT: False
Use Lora: False
Use Profiling: False
🚀 Running imputation pipeline for model: saits
✅ Dataset 'appliances_energy' with missing rate 0.3 loaded at: /home/Aboya_25R9803/projects/lab/SUN/iPyPOTS/datasets/rate_0.3
🚀 Starting SAITS training pipeline...
[SAITS] Testing —— MAE: 0.3656| MSE: 0.2638| RMSE: 0.5136| MRE: 0.3627| 
📊 Metrics saved to: output/imputation/cuda/paper_campaign/saits/appliances_energy/mr0.3/seed123/metrics/saits_metrics.json
