2026-06-04 05:25:59 [INFO]: Have set the random seed as 456 for numpy and pytorch.
2026-06-04 05:25:59 [INFO]: You're using dataset electricity_load_diagrams, please cite it properly in your work. You can find its reference information at the below link: 
https://github.com/WenjieDu/TSDB/tree/main/dataset_profiles/electricity_load_diagrams
2026-06-04 05:25:59 [INFO]: Dataset electricity_load_diagrams has already been downloaded. Processing directly...
2026-06-04 05:25:59 [INFO]: Dataset electricity_load_diagrams has already been cached. Loading from cache directly...
2026-06-04 05:25:59 [INFO]: Loaded successfully!
2026-06-04 05:25:59 [INFO]: months selected as test set are <PeriodArray>
['2011-01', '2011-02', '2011-03', '2011-04', '2011-05', '2011-06', '2011-07',
 '2011-08', '2011-09', '2011-10']
Length: 10, dtype: period[M]
2026-06-04 05:25:59 [INFO]: months selected as val set are <PeriodArray>
['2011-11', '2011-12', '2012-01', '2012-02', '2012-03', '2012-04', '2012-05',
 '2012-06', '2012-07', '2012-08']
Length: 10, dtype: period[M]
2026-06-04 05:25:59 [INFO]: months selected as train set are <PeriodArray>
['2012-09', '2012-10', '2012-11', '2012-12', '2013-01', '2013-02', '2013-03',
 '2013-04', '2013-05', '2013-06', '2013-07', '2013-08', '2013-09', '2013-10',
 '2013-11', '2013-12', '2014-01', '2014-02', '2014-03', '2014-04', '2014-05',
 '2014-06', '2014-07', '2014-08', '2014-09', '2014-10', '2014-11', '2014-12',
 '2015-01']
Length: 29, dtype: period[M]
2026-06-04 05:26:01 [INFO]: Total sample number: 5843
2026-06-04 05:26:01 [INFO]: Training set size: 3408 (58.33%)
2026-06-04 05:26:01 [INFO]: Validation set size: 1220 (20.88%)
2026-06-04 05:26:01 [INFO]: Test set size: 1215 (20.79%)
2026-06-04 05:26:01 [INFO]: Number of steps: 24
2026-06-04 05:26:01 [INFO]: Number of features: 370
2026-06-04 05:26:01 [INFO]: Train set missing rate: 10.00%
2026-06-04 05:26:01 [INFO]: Validating set missing rate: 10.00%
2026-06-04 05:26:01 [INFO]: Test set missing rate: 10.00%
2026-06-04 05:26:01 [INFO]: 🔥🔥🔥🔥🔥🔥🔥🔥🔥🔥Using device list: ['cuda:0']
2026-06-04 05:26:01 [INFO]: 🔥🔥🔥🔥🔥🔥🔥🔥🔥🔥Using the given device: cuda:0
2026-06-04 05:26:02 [INFO]: Model files will be saved to output/imputation/cuda/paper_campaign/tslanet/eld/mr0.1/seed456
2026-06-04 05:26:02 [INFO]: Tensorboard file will be saved to output/imputation/cuda/paper_campaign/tslanet/eld/mr0.1/seed456/tensorboard
2026-06-04 05:26:02 [INFO]: Model placed on cuda:0
2026-06-04 05:26:02 [INFO]: TSLANet initialized with the given hyperparameters.
 ├─ Total parameters: 130,266
 ├─ Trainable parameters: 130,266
 └─ Trainable ratio: 100.00%
2026-06-04 05:26:07 [INFO]: Epoch 001 - training loss (default): 0.1971, validation loss: 0.7727
2026-06-04 05:26:13 [INFO]: Epoch 002 - training loss (default): 0.0803, validation loss: 0.5607
2026-06-04 05:26:19 [INFO]: Epoch 003 - training loss (default): 0.0548, validation loss: 0.4957
2026-06-04 05:26:25 [INFO]: Epoch 004 - training loss (default): 0.0428, validation loss: 0.4264
2026-06-04 05:26:31 [INFO]: Epoch 005 - training loss (default): 0.0353, validation loss: 0.3679
2026-06-04 05:26:37 [INFO]: Epoch 006 - training loss (default): 0.0300, validation loss: 0.3360
2026-06-04 05:26:43 [INFO]: Epoch 007 - training loss (default): 0.0265, validation loss: 0.2977
2026-06-04 05:26:49 [INFO]: Epoch 008 - training loss (default): 0.0237, validation loss: 0.2818
2026-06-04 05:26:55 [INFO]: Epoch 009 - training loss (default): 0.0215, validation loss: 0.2289
2026-06-04 05:27:01 [INFO]: Epoch 010 - training loss (default): 0.0195, validation loss: 0.2313
2026-06-04 05:27:07 [INFO]: Epoch 011 - training loss (default): 0.0179, validation loss: 0.2128
2026-06-04 05:27:13 [INFO]: Epoch 012 - training loss (default): 0.0165, validation loss: 0.1954
2026-06-04 05:27:18 [INFO]: Epoch 013 - training loss (default): 0.0152, validation loss: 0.1750
2026-06-04 05:27:24 [INFO]: Epoch 014 - training loss (default): 0.0141, validation loss: 0.1696
2026-06-04 05:27:31 [INFO]: Epoch 015 - training loss (default): 0.0131, validation loss: 0.1553
2026-06-04 05:27:37 [INFO]: Epoch 016 - training loss (default): 0.0122, validation loss: 0.1338
2026-06-04 05:27:43 [INFO]: Epoch 017 - training loss (default): 0.0115, validation loss: 0.1257
2026-06-04 05:27:48 [INFO]: Epoch 018 - training loss (default): 0.0108, validation loss: 0.1252
2026-06-04 05:27:53 [INFO]: Epoch 019 - training loss (default): 0.0100, validation loss: 0.1058
2026-06-04 05:27:59 [INFO]: Epoch 020 - training loss (default): 0.0094, validation loss: 0.1062
2026-06-04 05:28:04 [INFO]: Epoch 021 - training loss (default): 0.0089, validation loss: 0.0899
2026-06-04 05:28:09 [INFO]: Epoch 022 - training loss (default): 0.0084, validation loss: 0.0852
2026-06-04 05:28:13 [INFO]: Epoch 023 - training loss (default): 0.0079, validation loss: 0.0818
2026-06-04 05:28:19 [INFO]: Epoch 024 - training loss (default): 0.0074, validation loss: 0.0770
2026-06-04 05:28:24 [INFO]: Epoch 025 - training loss (default): 0.0070, validation loss: 0.0736
2026-06-04 05:28:28 [INFO]: Epoch 026 - training loss (default): 0.0066, validation loss: 0.0681
2026-06-04 05:28:32 [INFO]: Epoch 027 - training loss (default): 0.0062, validation loss: 0.0626
2026-06-04 05:28:35 [INFO]: Epoch 028 - training loss (default): 0.0059, validation loss: 0.0539
2026-06-04 05:28:40 [INFO]: Epoch 029 - training loss (default): 0.0056, validation loss: 0.0518
2026-06-04 05:28:46 [INFO]: Epoch 030 - training loss (default): 0.0053, validation loss: 0.0493
2026-06-04 05:28:52 [INFO]: Epoch 031 - training loss (default): 0.0050, validation loss: 0.0465
2026-06-04 05:28:58 [INFO]: Epoch 032 - training loss (default): 0.0048, validation loss: 0.0436
2026-06-04 05:29:04 [INFO]: Epoch 033 - training loss (default): 0.0045, validation loss: 0.0414
2026-06-04 05:29:08 [INFO]: Epoch 034 - training loss (default): 0.0043, validation loss: 0.0383
2026-06-04 05:29:14 [INFO]: Epoch 035 - training loss (default): 0.0041, validation loss: 0.0377
2026-06-04 05:29:19 [INFO]: Epoch 036 - training loss (default): 0.0039, validation loss: 0.0335
2026-06-04 05:29:24 [INFO]: Epoch 037 - training loss (default): 0.0037, validation loss: 0.0316
2026-06-04 05:29:29 [INFO]: Epoch 038 - training loss (default): 0.0035, validation loss: 0.0289
2026-06-04 05:29:34 [INFO]: Epoch 039 - training loss (default): 0.0034, validation loss: 0.0282
2026-06-04 05:29:39 [INFO]: Epoch 040 - training loss (default): 0.0032, validation loss: 0.0261
2026-06-04 05:29:44 [INFO]: Epoch 041 - training loss (default): 0.0031, validation loss: 0.0244
2026-06-04 05:29:50 [INFO]: Epoch 042 - training loss (default): 0.0029, validation loss: 0.0244
2026-06-04 05:29:56 [INFO]: Epoch 043 - training loss (default): 0.0028, validation loss: 0.0216
2026-06-04 05:30:02 [INFO]: Epoch 044 - training loss (default): 0.0026, validation loss: 0.0206
2026-06-04 05:30:08 [INFO]: Epoch 045 - training loss (default): 0.0025, validation loss: 0.0203
2026-06-04 05:30:14 [INFO]: Epoch 046 - training loss (default): 0.0024, validation loss: 0.0173
2026-06-04 05:30:20 [INFO]: Epoch 047 - training loss (default): 0.0023, validation loss: 0.0171
2026-06-04 05:30:26 [INFO]: Epoch 048 - training loss (default): 0.0022, validation loss: 0.0168
2026-06-04 05:30:32 [INFO]: Epoch 049 - training loss (default): 0.0021, validation loss: 0.0145
2026-06-04 05:30:38 [INFO]: Epoch 050 - training loss (default): 0.0020, validation loss: 0.0146
2026-06-04 05:30:44 [INFO]: Epoch 051 - training loss (default): 0.0019, validation loss: 0.0140
2026-06-04 05:30:50 [INFO]: Epoch 052 - training loss (default): 0.0018, validation loss: 0.0139
2026-06-04 05:30:56 [INFO]: Epoch 053 - training loss (default): 0.0018, validation loss: 0.0128
2026-06-04 05:31:01 [INFO]: Epoch 054 - training loss (default): 0.0017, validation loss: 0.0123
2026-06-04 05:31:07 [INFO]: Epoch 055 - training loss (default): 0.0016, validation loss: 0.0113
2026-06-04 05:31:13 [INFO]: Epoch 056 - training loss (default): 0.0015, validation loss: 0.0110
2026-06-04 05:31:19 [INFO]: Epoch 057 - training loss (default): 0.0015, validation loss: 0.0091
2026-06-04 05:31:25 [INFO]: Epoch 058 - training loss (default): 0.0014, validation loss: 0.0093
2026-06-04 05:31:30 [INFO]: Epoch 059 - training loss (default): 0.0014, validation loss: 0.0096
2026-06-04 05:31:35 [INFO]: Epoch 060 - training loss (default): 0.0013, validation loss: 0.0088
2026-06-04 05:31:35 [INFO]: Finished training. The best model is from epoch#60.
2026-06-04 05:31:35 [INFO]: Saved the model to output/imputation/cuda/paper_campaign/tslanet/eld/mr0.1/seed456/TSLANet.pypots
[34m
████████╗██╗███╗   ███╗███████╗    ███████╗███████╗██████╗ ██╗███████╗███████╗    █████╗ ██╗
╚══██╔══╝██║████╗ ████║██╔════╝    ██╔════╝██╔════╝██╔══██╗██║██╔════╝██╔════╝   ██╔══██╗██║
   ██║   ██║██╔████╔██║█████╗█████╗███████╗█████╗  ██████╔╝██║█████╗  ███████╗   ███████║██║
   ██║   ██║██║╚██╔╝██║██╔══╝╚════╝╚════██║██╔══╝  ██╔══██╗██║██╔══╝  ╚════██║   ██╔══██║██║
   ██║   ██║██║ ╚═╝ ██║███████╗    ███████║███████╗██║  ██║██║███████╗███████║██╗██║  ██║██║
   ╚═╝   ╚═╝╚═╝     ╚═╝╚══════╝    ╚══════╝╚══════╝╚═╝  ╚═╝╚═╝╚══════╝╚══════╝╚═╝╚═╝  ╚═╝╚═╝
ai4ts v0.0.3 - building AI for unified time-series analysis, https://time-series.ai [0m

Use Train GPT: False
Use Lora: False
Use Profiling: False
🚀 Running imputation pipeline for model: tslanet
✅ Dataset 'eld' with missing rate 0.1 loaded at: /home/Aboya_25R9803/projects/lab/SUN/iPyPOTS/datasets/rate_0.1
🚀 Starting TSLANet training pipeline...
[TSLANet] Testing —— MAE: 1.8783| MSE: 5.9613| RMSE: 2.4416| MRE: 1.0056| 
📊 Metrics saved to: output/imputation/cuda/paper_campaign/tslanet/eld/mr0.1/seed456/metrics/tslanet_metrics.json
