[34m
████████╗██╗███╗   ███╗███████╗    ███████╗███████╗██████╗ ██╗███████╗███████╗    █████╗ ██╗
╚══██╔══╝██║████╗ ████║██╔════╝    ██╔════╝██╔════╝██╔══██╗██║██╔════╝██╔════╝   ██╔══██╗██║
   ██║   ██║██╔████╔██║█████╗█████╗███████╗█████╗  ██████╔╝██║█████╗  ███████╗   ███████║██║
   ██║   ██║██║╚██╔╝██║██╔══╝╚════╝╚════██║██╔══╝  ██╔══██╗██║██╔══╝  ╚════██║   ██╔══██║██║
   ██║   ██║██║ ╚═╝ ██║███████╗    ███████║███████╗██║  ██║██║███████╗███████║██╗██║  ██║██║
   ╚═╝   ╚═╝╚═╝     ╚═╝╚══════╝    ╚══════╝╚══════╝╚═╝  ╚═╝╚═╝╚══════╝╚══════╝╚═╝╚═╝  ╚═╝╚═╝
ai4ts v0.0.3 - building AI for unified time-series analysis, https://time-series.ai [0m

Use Train GPT: False
Use Lora: False
Use Profiling: False
2026-06-04 13:14:59 [INFO]: Have set the random seed as 42 for numpy and pytorch.
🚀 Running imputation pipeline for model: saits
2026-06-04 13:14:59 [INFO]: You're using dataset electricity_transformer_temperature, please cite it properly in your work. You can find its reference information at the below link: 
https://github.com/WenjieDu/TSDB/tree/main/dataset_profiles/electricity_transformer_temperature
2026-06-04 13:14:59 [INFO]: Dataset electricity_transformer_temperature has already been downloaded. Processing directly...
2026-06-04 13:14:59 [INFO]: Dataset electricity_transformer_temperature has already been cached. Loading from cache directly...
2026-06-04 13:14:59 [INFO]: Loaded successfully!
2026-06-04 13:14:59 [INFO]: months selected as train set are <PeriodArray>
['2016-07', '2016-08', '2016-09', '2016-10', '2016-11', '2016-12', '2017-01',
 '2017-02', '2017-03', '2017-04', '2017-05', '2017-06', '2017-07', '2017-08']
Length: 14, dtype: period[M]
2026-06-04 13:14:59 [INFO]: months selected as val set are <PeriodArray>
['2017-09', '2017-10', '2017-11', '2017-12', '2018-01']
Length: 5, dtype: period[M]
2026-06-04 13:14:59 [INFO]: months selected as test set are <PeriodArray>
['2018-02', '2018-03', '2018-04', '2018-05', '2018-06']
Length: 5, dtype: period[M]
2026-06-04 13:14:59 [INFO]: Total sample number: 180
2026-06-04 13:14:59 [INFO]: Training set size: 106 (58.89%)
2026-06-04 13:14:59 [INFO]: Validation set size: 38 (21.11%)
2026-06-04 13:14:59 [INFO]: Test set size: 36 (20.00%)
2026-06-04 13:14:59 [INFO]: Number of steps: 96
2026-06-04 13:14:59 [INFO]: Number of features: 7
2026-06-04 13:14:59 [INFO]: Train set missing rate: 29.94%
2026-06-04 13:14:59 [INFO]: Validating set missing rate: 30.28%
2026-06-04 13:14:59 [INFO]: Test set missing rate: 30.00%
✅ Dataset 'etth1' with missing rate 0.3 loaded at: /home/Aboya_25R9803/projects/lab/SUN/iPyPOTS/datasets/rate_0.3
🚀 Starting SAITS training pipeline...
2026-06-04 13:14:59 [INFO]: 🔥🔥🔥🔥🔥🔥🔥🔥🔥🔥Using device list: ['cuda:0']
2026-06-04 13:14:59 [INFO]: 🔥🔥🔥🔥🔥🔥🔥🔥🔥🔥Using the given device: cuda:0
2026-06-04 13:14:59 [INFO]: Model files will be saved to output/imputation/cuda/paper_campaign/saits/etth1/mr0.3/seed42
2026-06-04 13:14:59 [INFO]: Tensorboard file will be saved to output/imputation/cuda/paper_campaign/saits/etth1/mr0.3/seed42/tensorboard
2026-06-04 13:14:59 [INFO]: Using customized MAE as the training loss function.
2026-06-04 13:14:59 [INFO]: Using customized MSE as the validation metric function.
2026-06-04 13:15:00 [INFO]: SAITS initialized with the given hyperparameters.
 ├─ Total parameters: 136,478
 ├─ Trainable parameters: 136,478
 └─ Trainable ratio: 100.00%
2026-06-04 13:15:00 [INFO]: Model placed on cuda:0
2026-06-04 13:15:00 [INFO]: Epoch 001 - training loss (MAE): 1.5771, validation MSE: 0.9843
2026-06-04 13:15:00 [INFO]: Epoch 002 - training loss (MAE): 1.5230, validation MSE: 0.9717
2026-06-04 13:15:00 [INFO]: Epoch 003 - training loss (MAE): 1.4965, validation MSE: 0.9524
2026-06-04 13:15:00 [INFO]: Epoch 004 - training loss (MAE): 1.4631, validation MSE: 0.9349
2026-06-04 13:15:00 [INFO]: Epoch 005 - training loss (MAE): 1.4333, validation MSE: 0.9126
2026-06-04 13:15:00 [INFO]: Epoch 006 - training loss (MAE): 1.4168, validation MSE: 0.8872
2026-06-04 13:15:00 [INFO]: Epoch 007 - training loss (MAE): 1.3872, validation MSE: 0.8617
2026-06-04 13:15:00 [INFO]: Epoch 008 - training loss (MAE): 1.3588, validation MSE: 0.8362
2026-06-04 13:15:00 [INFO]: Epoch 009 - training loss (MAE): 1.3237, validation MSE: 0.8135
2026-06-04 13:15:01 [INFO]: Epoch 010 - training loss (MAE): 1.3035, validation MSE: 0.7924
2026-06-04 13:15:01 [INFO]: Epoch 011 - training loss (MAE): 1.2682, validation MSE: 0.7746
2026-06-04 13:15:01 [INFO]: Epoch 012 - training loss (MAE): 1.2337, validation MSE: 0.7584
2026-06-04 13:15:01 [INFO]: Epoch 013 - training loss (MAE): 1.2034, validation MSE: 0.7436
2026-06-04 13:15:01 [INFO]: Epoch 014 - training loss (MAE): 1.1640, validation MSE: 0.7265
2026-06-04 13:15:01 [INFO]: Epoch 015 - training loss (MAE): 1.1328, validation MSE: 0.7137
2026-06-04 13:15:01 [INFO]: Epoch 016 - training loss (MAE): 1.1131, validation MSE: 0.7022
2026-06-04 13:15:01 [INFO]: Epoch 017 - training loss (MAE): 1.1059, validation MSE: 0.6883
2026-06-04 13:15:01 [INFO]: Epoch 018 - training loss (MAE): 1.0840, validation MSE: 0.6750
2026-06-04 13:15:01 [INFO]: Epoch 019 - training loss (MAE): 1.0778, validation MSE: 0.6662
2026-06-04 13:15:01 [INFO]: Epoch 020 - training loss (MAE): 1.0536, validation MSE: 0.6553
2026-06-04 13:15:01 [INFO]: Epoch 021 - training loss (MAE): 1.0372, validation MSE: 0.6329
2026-06-04 13:15:01 [INFO]: Epoch 022 - training loss (MAE): 1.0249, validation MSE: 0.6068
2026-06-04 13:15:01 [INFO]: Epoch 023 - training loss (MAE): 1.0071, validation MSE: 0.5798
2026-06-04 13:15:01 [INFO]: Epoch 024 - training loss (MAE): 0.9864, validation MSE: 0.5560
2026-06-04 13:15:01 [INFO]: Epoch 025 - training loss (MAE): 0.9856, validation MSE: 0.5371
2026-06-04 13:15:01 [INFO]: Epoch 026 - training loss (MAE): 0.9649, validation MSE: 0.5248
2026-06-04 13:15:01 [INFO]: Epoch 027 - training loss (MAE): 0.9631, validation MSE: 0.5132
2026-06-04 13:15:01 [INFO]: Epoch 028 - training loss (MAE): 0.9461, validation MSE: 0.5016
2026-06-04 13:15:01 [INFO]: Epoch 029 - training loss (MAE): 0.9359, validation MSE: 0.4917
2026-06-04 13:15:01 [INFO]: Epoch 030 - training loss (MAE): 0.9346, validation MSE: 0.4781
2026-06-04 13:15:01 [INFO]: Epoch 031 - training loss (MAE): 0.9178, validation MSE: 0.4570
2026-06-04 13:15:01 [INFO]: Epoch 032 - training loss (MAE): 0.9166, validation MSE: 0.4424
2026-06-04 13:15:01 [INFO]: Epoch 033 - training loss (MAE): 0.8942, validation MSE: 0.4351
2026-06-04 13:15:02 [INFO]: Epoch 034 - training loss (MAE): 0.8919, validation MSE: 0.4245
2026-06-04 13:15:02 [INFO]: Epoch 035 - training loss (MAE): 0.8912, validation MSE: 0.4115
2026-06-04 13:15:02 [INFO]: Epoch 036 - training loss (MAE): 0.8764, validation MSE: 0.3966
2026-06-04 13:15:02 [INFO]: Epoch 037 - training loss (MAE): 0.8744, validation MSE: 0.3873
2026-06-04 13:15:02 [INFO]: Epoch 038 - training loss (MAE): 0.8645, validation MSE: 0.3795
2026-06-04 13:15:02 [INFO]: Epoch 039 - training loss (MAE): 0.8568, validation MSE: 0.3729
2026-06-04 13:15:02 [INFO]: Epoch 040 - training loss (MAE): 0.8562, validation MSE: 0.3669
2026-06-04 13:15:02 [INFO]: Epoch 041 - training loss (MAE): 0.8362, validation MSE: 0.3651
2026-06-04 13:15:02 [INFO]: Epoch 042 - training loss (MAE): 0.8352, validation MSE: 0.3609
2026-06-04 13:15:02 [INFO]: Epoch 043 - training loss (MAE): 0.8184, validation MSE: 0.3573
2026-06-04 13:15:02 [INFO]: Epoch 044 - training loss (MAE): 0.8152, validation MSE: 0.3512
2026-06-04 13:15:02 [INFO]: Epoch 045 - training loss (MAE): 0.8007, validation MSE: 0.3443
2026-06-04 13:15:02 [INFO]: Epoch 046 - training loss (MAE): 0.7898, validation MSE: 0.3404
2026-06-04 13:15:02 [INFO]: Epoch 047 - training loss (MAE): 0.7936, validation MSE: 0.3386
2026-06-04 13:15:02 [INFO]: Epoch 048 - training loss (MAE): 0.7807, validation MSE: 0.3346
2026-06-04 13:15:02 [INFO]: Epoch 049 - training loss (MAE): 0.7696, validation MSE: 0.3337
2026-06-04 13:15:02 [INFO]: Epoch 050 - training loss (MAE): 0.7659, validation MSE: 0.3276
2026-06-04 13:15:02 [INFO]: Epoch 051 - training loss (MAE): 0.7645, validation MSE: 0.3201
2026-06-04 13:15:02 [INFO]: Epoch 052 - training loss (MAE): 0.7510, validation MSE: 0.3150
2026-06-04 13:15:03 [INFO]: Epoch 053 - training loss (MAE): 0.7426, validation MSE: 0.3138
2026-06-04 13:15:03 [INFO]: Epoch 054 - training loss (MAE): 0.7424, validation MSE: 0.3138
2026-06-04 13:15:03 [INFO]: Epoch 055 - training loss (MAE): 0.7398, validation MSE: 0.3076
2026-06-04 13:15:03 [INFO]: Epoch 056 - training loss (MAE): 0.7395, validation MSE: 0.3086
2026-06-04 13:15:03 [INFO]: Epoch 057 - training loss (MAE): 0.7313, validation MSE: 0.3046
2026-06-04 13:15:03 [INFO]: Epoch 058 - training loss (MAE): 0.7219, validation MSE: 0.2980
2026-06-04 13:15:03 [INFO]: Epoch 059 - training loss (MAE): 0.7242, validation MSE: 0.2954
2026-06-04 13:15:03 [INFO]: Epoch 060 - training loss (MAE): 0.7180, validation MSE: 0.2883
2026-06-04 13:15:03 [INFO]: Finished training. The best model is from epoch#60.
2026-06-04 13:15:03 [INFO]: Saved the model to output/imputation/cuda/paper_campaign/saits/etth1/mr0.3/seed42/SAITS.pypots
[SAITS] Testing —— MAE: 0.4171| MSE: 0.4180| RMSE: 0.6465| MRE: 0.4916| 
📊 Metrics saved to: output/imputation/cuda/paper_campaign/saits/etth1/mr0.3/seed42/metrics/saits_metrics.json
