2026-06-04 05:17:00 [INFO]: Have set the random seed as 456 for numpy and pytorch.
2026-06-04 05:17:03 [INFO]: 🔥🔥🔥🔥🔥🔥🔥🔥🔥🔥Using device list: ['cuda:0']
2026-06-04 05:17:03 [INFO]: 🔥🔥🔥🔥🔥🔥🔥🔥🔥🔥Using the given device: cuda:0
2026-06-04 05:17:03 [INFO]: Model files will be saved to output/imputation/cuda/paper_campaign/saits/opsd_germany/mr0.5/seed456
2026-06-04 05:17:03 [INFO]: Tensorboard file will be saved to output/imputation/cuda/paper_campaign/saits/opsd_germany/mr0.5/seed456/tensorboard
2026-06-04 05:17:03 [INFO]: Using customized MAE as the training loss function.
2026-06-04 05:17:03 [INFO]: Using customized MSE as the validation metric function.
2026-06-04 05:17:03 [INFO]: SAITS initialized with the given hyperparameters.
 ├─ Total parameters: 138,752
 ├─ Trainable parameters: 138,752
 └─ Trainable ratio: 100.00%
2026-06-04 05:17:03 [INFO]: Model placed on cuda:0
2026-06-04 05:17:09 [INFO]: Epoch 001 - training loss (MAE): 1.2688, validation MSE: 0.6220
2026-06-04 05:17:15 [INFO]: Epoch 002 - training loss (MAE): 0.8229, validation MSE: 0.5304
2026-06-04 05:17:20 [INFO]: Epoch 003 - training loss (MAE): 0.6589, validation MSE: 0.4618
2026-06-04 05:17:25 [INFO]: Epoch 004 - training loss (MAE): 0.5585, validation MSE: 0.4206
2026-06-04 05:17:31 [INFO]: Epoch 005 - training loss (MAE): 0.4796, validation MSE: 0.3845
2026-06-04 05:17:36 [INFO]: Epoch 006 - training loss (MAE): 0.4373, validation MSE: 0.3458
2026-06-04 05:17:42 [INFO]: Epoch 007 - training loss (MAE): 0.4023, validation MSE: 0.2914
2026-06-04 05:17:47 [INFO]: Epoch 008 - training loss (MAE): 0.3575, validation MSE: 0.2034
2026-06-04 05:17:51 [INFO]: Epoch 009 - training loss (MAE): 0.3107, validation MSE: 0.1460
2026-06-04 05:17:56 [INFO]: Epoch 010 - training loss (MAE): 0.2826, validation MSE: 0.1143
2026-06-04 05:18:01 [INFO]: Epoch 011 - training loss (MAE): 0.2633, validation MSE: 0.0937
2026-06-04 05:18:06 [INFO]: Epoch 012 - training loss (MAE): 0.2487, validation MSE: 0.0841
2026-06-04 05:18:10 [INFO]: Epoch 013 - training loss (MAE): 0.2368, validation MSE: 0.0712
2026-06-04 05:18:15 [INFO]: Epoch 014 - training loss (MAE): 0.2266, validation MSE: 0.0681
2026-06-04 05:18:20 [INFO]: Epoch 015 - training loss (MAE): 0.2193, validation MSE: 0.0649
2026-06-04 05:18:26 [INFO]: Epoch 016 - training loss (MAE): 0.2130, validation MSE: 0.0625
2026-06-04 05:18:31 [INFO]: Epoch 017 - training loss (MAE): 0.2080, validation MSE: 0.0570
2026-06-04 05:18:37 [INFO]: Epoch 018 - training loss (MAE): 0.2028, validation MSE: 0.0548
2026-06-04 05:18:41 [INFO]: Epoch 019 - training loss (MAE): 0.1994, validation MSE: 0.0526
2026-06-04 05:18:46 [INFO]: Epoch 020 - training loss (MAE): 0.1966, validation MSE: 0.0495
2026-06-04 05:18:51 [INFO]: Epoch 021 - training loss (MAE): 0.1920, validation MSE: 0.0487
2026-06-04 05:18:55 [INFO]: Epoch 022 - training loss (MAE): 0.1900, validation MSE: 0.0463
2026-06-04 05:19:00 [INFO]: Epoch 023 - training loss (MAE): 0.1881, validation MSE: 0.0455
2026-06-04 05:19:04 [INFO]: Epoch 024 - training loss (MAE): 0.1846, validation MSE: 0.0479
2026-06-04 05:19:09 [INFO]: Epoch 025 - training loss (MAE): 0.1841, validation MSE: 0.0435
2026-06-04 05:19:14 [INFO]: Epoch 026 - training loss (MAE): 0.1811, validation MSE: 0.0420
2026-06-04 05:19:19 [INFO]: Epoch 027 - training loss (MAE): 0.1787, validation MSE: 0.0406
2026-06-04 05:19:25 [INFO]: Epoch 028 - training loss (MAE): 0.1770, validation MSE: 0.0410
2026-06-04 05:19:30 [INFO]: Epoch 029 - training loss (MAE): 0.1755, validation MSE: 0.0408
2026-06-04 05:19:36 [INFO]: Epoch 030 - training loss (MAE): 0.1742, validation MSE: 0.0409
2026-06-04 05:19:41 [INFO]: Epoch 031 - training loss (MAE): 0.1729, validation MSE: 0.0377
2026-06-04 05:19:47 [INFO]: Epoch 032 - training loss (MAE): 0.1716, validation MSE: 0.0385
2026-06-04 05:19:52 [INFO]: Epoch 033 - training loss (MAE): 0.1702, validation MSE: 0.0391
2026-06-04 05:19:57 [INFO]: Epoch 034 - training loss (MAE): 0.1685, validation MSE: 0.0367
2026-06-04 05:20:02 [INFO]: Epoch 035 - training loss (MAE): 0.1681, validation MSE: 0.0352
2026-06-04 05:20:08 [INFO]: Epoch 036 - training loss (MAE): 0.1661, validation MSE: 0.0354
2026-06-04 05:20:13 [INFO]: Epoch 037 - training loss (MAE): 0.1652, validation MSE: 0.0342
2026-06-04 05:20:18 [INFO]: Epoch 038 - training loss (MAE): 0.1648, validation MSE: 0.0361
2026-06-04 05:20:22 [INFO]: Epoch 039 - training loss (MAE): 0.1630, validation MSE: 0.0335
2026-06-04 05:20:27 [INFO]: Epoch 040 - training loss (MAE): 0.1624, validation MSE: 0.0331
2026-06-04 05:20:32 [INFO]: Epoch 041 - training loss (MAE): 0.1614, validation MSE: 0.0337
2026-06-04 05:20:36 [INFO]: Epoch 042 - training loss (MAE): 0.1604, validation MSE: 0.0318
2026-06-04 05:20:40 [INFO]: Epoch 043 - training loss (MAE): 0.1597, validation MSE: 0.0326
2026-06-04 05:20:45 [INFO]: Epoch 044 - training loss (MAE): 0.1581, validation MSE: 0.0312
2026-06-04 05:20:50 [INFO]: Epoch 045 - training loss (MAE): 0.1571, validation MSE: 0.0314
2026-06-04 05:20:55 [INFO]: Epoch 046 - training loss (MAE): 0.1570, validation MSE: 0.0312
2026-06-04 05:21:01 [INFO]: Epoch 047 - training loss (MAE): 0.1563, validation MSE: 0.0311
2026-06-04 05:21:06 [INFO]: Epoch 048 - training loss (MAE): 0.1549, validation MSE: 0.0301
2026-06-04 05:21:12 [INFO]: Epoch 049 - training loss (MAE): 0.1542, validation MSE: 0.0299
2026-06-04 05:21:18 [INFO]: Epoch 050 - training loss (MAE): 0.1541, validation MSE: 0.0300
2026-06-04 05:21:23 [INFO]: Epoch 051 - training loss (MAE): 0.1536, validation MSE: 0.0297
2026-06-04 05:21:29 [INFO]: Epoch 052 - training loss (MAE): 0.1517, validation MSE: 0.0296
2026-06-04 05:21:34 [INFO]: Epoch 053 - training loss (MAE): 0.1520, validation MSE: 0.0291
2026-06-04 05:21:40 [INFO]: Epoch 054 - training loss (MAE): 0.1504, validation MSE: 0.0285
2026-06-04 05:21:45 [INFO]: Epoch 055 - training loss (MAE): 0.1513, validation MSE: 0.0288
2026-06-04 05:21:51 [INFO]: Epoch 056 - training loss (MAE): 0.1492, validation MSE: 0.0282
2026-06-04 05:21:56 [INFO]: Epoch 057 - training loss (MAE): 0.1480, validation MSE: 0.0277
2026-06-04 05:22:00 [INFO]: Epoch 058 - training loss (MAE): 0.1477, validation MSE: 0.0285
2026-06-04 05:22:05 [INFO]: Epoch 059 - training loss (MAE): 0.1467, validation MSE: 0.0276
2026-06-04 05:22:10 [INFO]: Epoch 060 - training loss (MAE): 0.1464, validation MSE: 0.0280
2026-06-04 05:22:10 [INFO]: Finished training. The best model is from epoch#59.
2026-06-04 05:22:10 [INFO]: Saved the model to output/imputation/cuda/paper_campaign/saits/opsd_germany/mr0.5/seed456/SAITS.pypots
[34m
████████╗██╗███╗   ███╗███████╗    ███████╗███████╗██████╗ ██╗███████╗███████╗    █████╗ ██╗
╚══██╔══╝██║████╗ ████║██╔════╝    ██╔════╝██╔════╝██╔══██╗██║██╔════╝██╔════╝   ██╔══██╗██║
   ██║   ██║██╔████╔██║█████╗█████╗███████╗█████╗  ██████╔╝██║█████╗  ███████╗   ███████║██║
   ██║   ██║██║╚██╔╝██║██╔══╝╚════╝╚════██║██╔══╝  ██╔══██╗██║██╔══╝  ╚════██║   ██╔══██║██║
   ██║   ██║██║ ╚═╝ ██║███████╗    ███████║███████╗██║  ██║██║███████╗███████║██╗██║  ██║██║
   ╚═╝   ╚═╝╚═╝     ╚═╝╚══════╝    ╚══════╝╚══════╝╚═╝  ╚═╝╚═╝╚══════╝╚══════╝╚═╝╚═╝  ╚═╝╚═╝
ai4ts v0.0.3 - building AI for unified time-series analysis, https://time-series.ai [0m

Use Train GPT: False
Use Lora: False
Use Profiling: False
🚀 Running imputation pipeline for model: saits
✅ Dataset 'opsd_germany' with missing rate 0.5 loaded at: /home/Aboya_25R9803/projects/lab/SUN/iPyPOTS/datasets/rate_0.5
🚀 Starting SAITS training pipeline...
[SAITS] Testing —— MAE: 0.1185| MSE: 0.0348| RMSE: 0.1865| MRE: 0.1305| 
📊 Metrics saved to: output/imputation/cuda/paper_campaign/saits/opsd_germany/mr0.5/seed456/metrics/saits_metrics.json
