2026-06-04 05:25:27 [INFO]: Have set the random seed as 123 for numpy and pytorch.
2026-06-04 05:25:35 [INFO]: 🔥🔥🔥🔥🔥🔥🔥🔥🔥🔥Using device list: ['cuda:0']
2026-06-04 05:25:35 [INFO]: 🔥🔥🔥🔥🔥🔥🔥🔥🔥🔥Using the given device: cuda:0
2026-06-04 05:25:36 [INFO]: Model files will be saved to output/imputation/cuda/paper_campaign/tefn/household_power/mr0.5/seed123
2026-06-04 05:25:36 [INFO]: Tensorboard file will be saved to output/imputation/cuda/paper_campaign/tefn/household_power/mr0.5/seed123/tensorboard
2026-06-04 05:25:36 [INFO]: Using customized MAE as the training loss function.
2026-06-04 05:25:36 [INFO]: Using customized MSE as the validation metric function.
2026-06-04 05:25:36 [INFO]: Model placed on cuda:0
2026-06-04 05:25:36 [INFO]: TEFN initialized with the given hyperparameters.
 ├─ Total parameters: 5,981
 ├─ Trainable parameters: 5,981
 └─ Trainable ratio: 100.00%
2026-06-04 05:25:38 [INFO]: Epoch 001 - training loss (MAE): 9.3528, validation MSE: 32.0327
2026-06-04 05:25:39 [INFO]: Epoch 002 - training loss (MAE): 8.0742, validation MSE: 25.1826
2026-06-04 05:25:42 [INFO]: Epoch 003 - training loss (MAE): 6.9765, validation MSE: 19.9397
2026-06-04 05:25:43 [INFO]: Epoch 004 - training loss (MAE): 5.9208, validation MSE: 15.7500
2026-06-04 05:25:44 [INFO]: Epoch 005 - training loss (MAE): 4.9728, validation MSE: 12.6552
2026-06-04 05:25:45 [INFO]: Epoch 006 - training loss (MAE): 4.1743, validation MSE: 10.3854
2026-06-04 05:25:46 [INFO]: Epoch 007 - training loss (MAE): 3.5456, validation MSE: 8.6396
2026-06-04 05:25:48 [INFO]: Epoch 008 - training loss (MAE): 3.0567, validation MSE: 7.2818
2026-06-04 05:25:49 [INFO]: Epoch 009 - training loss (MAE): 2.6726, validation MSE: 6.1924
2026-06-04 05:25:50 [INFO]: Epoch 010 - training loss (MAE): 2.3654, validation MSE: 5.3125
2026-06-04 05:25:52 [INFO]: Epoch 011 - training loss (MAE): 2.1145, validation MSE: 4.5975
2026-06-04 05:25:53 [INFO]: Epoch 012 - training loss (MAE): 1.9041, validation MSE: 3.9925
2026-06-04 05:25:54 [INFO]: Epoch 013 - training loss (MAE): 1.7198, validation MSE: 3.4995
2026-06-04 05:25:55 [INFO]: Epoch 014 - training loss (MAE): 1.5588, validation MSE: 3.1107
2026-06-04 05:25:56 [INFO]: Epoch 015 - training loss (MAE): 1.4531, validation MSE: 2.8386
2026-06-04 05:25:57 [INFO]: Epoch 016 - training loss (MAE): 1.3739, validation MSE: 2.5857
2026-06-04 05:25:59 [INFO]: Epoch 017 - training loss (MAE): 1.3045, validation MSE: 2.3798
2026-06-04 05:26:00 [INFO]: Epoch 018 - training loss (MAE): 1.2430, validation MSE: 2.1892
2026-06-04 05:26:01 [INFO]: Epoch 019 - training loss (MAE): 1.1844, validation MSE: 2.0222
2026-06-04 05:26:03 [INFO]: Epoch 020 - training loss (MAE): 1.1281, validation MSE: 1.8693
2026-06-04 05:26:04 [INFO]: Epoch 021 - training loss (MAE): 1.0747, validation MSE: 1.7376
2026-06-04 05:26:05 [INFO]: Epoch 022 - training loss (MAE): 1.0227, validation MSE: 1.6288
2026-06-04 05:26:06 [INFO]: Epoch 023 - training loss (MAE): 0.9738, validation MSE: 1.5354
2026-06-04 05:26:07 [INFO]: Epoch 024 - training loss (MAE): 0.9327, validation MSE: 1.4627
2026-06-04 05:26:08 [INFO]: Epoch 025 - training loss (MAE): 0.8982, validation MSE: 1.4059
2026-06-04 05:26:10 [INFO]: Epoch 026 - training loss (MAE): 0.8696, validation MSE: 1.3584
2026-06-04 05:26:11 [INFO]: Epoch 027 - training loss (MAE): 0.8421, validation MSE: 1.3160
2026-06-04 05:26:12 [INFO]: Epoch 028 - training loss (MAE): 0.8172, validation MSE: 1.2814
2026-06-04 05:26:13 [INFO]: Epoch 029 - training loss (MAE): 0.7971, validation MSE: 1.2490
2026-06-04 05:26:15 [INFO]: Epoch 030 - training loss (MAE): 0.7812, validation MSE: 1.2281
2026-06-04 05:26:16 [INFO]: Epoch 031 - training loss (MAE): 0.7660, validation MSE: 1.2121
2026-06-04 05:26:17 [INFO]: Epoch 032 - training loss (MAE): 0.7542, validation MSE: 1.1942
2026-06-04 05:26:18 [INFO]: Epoch 033 - training loss (MAE): 0.7439, validation MSE: 1.1835
2026-06-04 05:26:19 [INFO]: Epoch 034 - training loss (MAE): 0.7357, validation MSE: 1.1727
2026-06-04 05:26:20 [INFO]: Epoch 035 - training loss (MAE): 0.7263, validation MSE: 1.1644
2026-06-04 05:26:21 [INFO]: Epoch 036 - training loss (MAE): 0.7181, validation MSE: 1.1595
2026-06-04 05:26:22 [INFO]: Epoch 037 - training loss (MAE): 0.7131, validation MSE: 1.1562
2026-06-04 05:26:23 [INFO]: Epoch 038 - training loss (MAE): 0.7057, validation MSE: 1.1539
2026-06-04 05:26:24 [INFO]: Epoch 039 - training loss (MAE): 0.7024, validation MSE: 1.1514
2026-06-04 05:26:25 [INFO]: Epoch 040 - training loss (MAE): 0.6959, validation MSE: 1.1514
2026-06-04 05:26:26 [INFO]: Epoch 041 - training loss (MAE): 0.6915, validation MSE: 1.1486
2026-06-04 05:26:27 [INFO]: Epoch 042 - training loss (MAE): 0.6892, validation MSE: 1.1439
2026-06-04 05:26:28 [INFO]: Epoch 043 - training loss (MAE): 0.6863, validation MSE: 1.1397
2026-06-04 05:26:29 [INFO]: Epoch 044 - training loss (MAE): 0.6826, validation MSE: 1.1398
2026-06-04 05:26:30 [INFO]: Epoch 045 - training loss (MAE): 0.6819, validation MSE: 1.1352
2026-06-04 05:26:31 [INFO]: Epoch 046 - training loss (MAE): 0.6798, validation MSE: 1.1333
2026-06-04 05:26:31 [INFO]: Epoch 047 - training loss (MAE): 0.6761, validation MSE: 1.1321
2026-06-04 05:26:32 [INFO]: Epoch 048 - training loss (MAE): 0.6740, validation MSE: 1.1307
2026-06-04 05:26:33 [INFO]: Epoch 049 - training loss (MAE): 0.6723, validation MSE: 1.1273
2026-06-04 05:26:34 [INFO]: Epoch 050 - training loss (MAE): 0.6713, validation MSE: 1.1254
2026-06-04 05:26:35 [INFO]: Epoch 051 - training loss (MAE): 0.6685, validation MSE: 1.1258
2026-06-04 05:26:36 [INFO]: Epoch 052 - training loss (MAE): 0.6671, validation MSE: 1.1220
2026-06-04 05:26:37 [INFO]: Epoch 053 - training loss (MAE): 0.6660, validation MSE: 1.1205
2026-06-04 05:26:38 [INFO]: Epoch 054 - training loss (MAE): 0.6638, validation MSE: 1.1210
2026-06-04 05:26:39 [INFO]: Epoch 055 - training loss (MAE): 0.6623, validation MSE: 1.1192
2026-06-04 05:26:40 [INFO]: Epoch 056 - training loss (MAE): 0.6599, validation MSE: 1.1179
2026-06-04 05:26:41 [INFO]: Epoch 057 - training loss (MAE): 0.6610, validation MSE: 1.1176
2026-06-04 05:26:42 [INFO]: Epoch 058 - training loss (MAE): 0.6582, validation MSE: 1.1148
2026-06-04 05:26:43 [INFO]: Epoch 059 - training loss (MAE): 0.6561, validation MSE: 1.1135
2026-06-04 05:26:44 [INFO]: Epoch 060 - training loss (MAE): 0.6539, validation MSE: 1.1148
2026-06-04 05:26:44 [INFO]: Finished training. The best model is from epoch#59.
2026-06-04 05:26:44 [INFO]: Saved the model to output/imputation/cuda/paper_campaign/tefn/household_power/mr0.5/seed123/TEFN.pypots
[34m
████████╗██╗███╗   ███╗███████╗    ███████╗███████╗██████╗ ██╗███████╗███████╗    █████╗ ██╗
╚══██╔══╝██║████╗ ████║██╔════╝    ██╔════╝██╔════╝██╔══██╗██║██╔════╝██╔════╝   ██╔══██╗██║
   ██║   ██║██╔████╔██║█████╗█████╗███████╗█████╗  ██████╔╝██║█████╗  ███████╗   ███████║██║
   ██║   ██║██║╚██╔╝██║██╔══╝╚════╝╚════██║██╔══╝  ██╔══██╗██║██╔══╝  ╚════██║   ██╔══██║██║
   ██║   ██║██║ ╚═╝ ██║███████╗    ███████║███████╗██║  ██║██║███████╗███████║██╗██║  ██║██║
   ╚═╝   ╚═╝╚═╝     ╚═╝╚══════╝    ╚══════╝╚══════╝╚═╝  ╚═╝╚═╝╚══════╝╚══════╝╚═╝╚═╝  ╚═╝╚═╝
ai4ts v0.0.3 - building AI for unified time-series analysis, https://time-series.ai [0m

Use Train GPT: False
Use Lora: False
Use Profiling: False
🚀 Running imputation pipeline for model: tefn
✅ Dataset 'household_power' with missing rate 0.5 loaded at: /home/Aboya_25R9803/projects/lab/SUN/iPyPOTS/datasets/rate_0.5
🚀 Starting TEFN training pipeline...
[TEFN] Testing —— MAE: 0.6123| MSE: 0.8417| RMSE: 0.9175| MRE: 0.8430| 
📊 Metrics saved to: output/imputation/cuda/paper_campaign/tefn/household_power/mr0.5/seed123/metrics/tefn_metrics.json
