2026-06-04 09:16:22 [INFO]: Have set the random seed as 123 for numpy and pytorch.
2026-06-04 09:16:24 [INFO]: 🔥🔥🔥🔥🔥🔥🔥🔥🔥🔥Using device list: ['cuda:0']
2026-06-04 09:16:24 [INFO]: 🔥🔥🔥🔥🔥🔥🔥🔥🔥🔥Using the given device: cuda:0
2026-06-04 09:16:24 [INFO]: Model files will be saved to output/imputation/cuda/paper_campaign/saits/citylearn_zone5/mr0.5/seed123
2026-06-04 09:16:24 [INFO]: Tensorboard file will be saved to output/imputation/cuda/paper_campaign/saits/citylearn_zone5/mr0.5/seed123/tensorboard
2026-06-04 09:16:24 [INFO]: Using customized MAE as the training loss function.
2026-06-04 09:16:24 [INFO]: Using customized MSE as the validation metric function.
2026-06-04 09:16:24 [INFO]: SAITS initialized with the given hyperparameters.
 ├─ Total parameters: 144,912
 ├─ Trainable parameters: 144,912
 └─ Trainable ratio: 100.00%
2026-06-04 09:16:25 [INFO]: Model placed on cuda:0
2026-06-04 09:16:29 [INFO]: Epoch 001 - training loss (MAE): 1.3752, validation MSE: 0.6977
2026-06-04 09:16:33 [INFO]: Epoch 002 - training loss (MAE): 0.9549, validation MSE: 0.5600
2026-06-04 09:16:37 [INFO]: Epoch 003 - training loss (MAE): 0.7857, validation MSE: 0.4829
2026-06-04 09:16:41 [INFO]: Epoch 004 - training loss (MAE): 0.6866, validation MSE: 0.4247
2026-06-04 09:16:45 [INFO]: Epoch 005 - training loss (MAE): 0.6225, validation MSE: 0.3767
2026-06-04 09:16:49 [INFO]: Epoch 006 - training loss (MAE): 0.5775, validation MSE: 0.3407
2026-06-04 09:16:52 [INFO]: Epoch 007 - training loss (MAE): 0.5378, validation MSE: 0.3076
2026-06-04 09:16:56 [INFO]: Epoch 008 - training loss (MAE): 0.5020, validation MSE: 0.2870
2026-06-04 09:17:00 [INFO]: Epoch 009 - training loss (MAE): 0.4728, validation MSE: 0.2600
2026-06-04 09:17:03 [INFO]: Epoch 010 - training loss (MAE): 0.4499, validation MSE: 0.2538
2026-06-04 09:17:07 [INFO]: Epoch 011 - training loss (MAE): 0.4284, validation MSE: 0.2405
2026-06-04 09:17:11 [INFO]: Epoch 012 - training loss (MAE): 0.4117, validation MSE: 0.2303
2026-06-04 09:17:14 [INFO]: Epoch 013 - training loss (MAE): 0.3964, validation MSE: 0.2168
2026-06-04 09:17:17 [INFO]: Epoch 014 - training loss (MAE): 0.3829, validation MSE: 0.2096
2026-06-04 09:17:20 [INFO]: Epoch 015 - training loss (MAE): 0.3711, validation MSE: 0.1977
2026-06-04 09:17:23 [INFO]: Epoch 016 - training loss (MAE): 0.3605, validation MSE: 0.1907
2026-06-04 09:17:26 [INFO]: Epoch 017 - training loss (MAE): 0.3515, validation MSE: 0.1845
2026-06-04 09:17:29 [INFO]: Epoch 018 - training loss (MAE): 0.3427, validation MSE: 0.1741
2026-06-04 09:17:33 [INFO]: Epoch 019 - training loss (MAE): 0.3360, validation MSE: 0.1686
2026-06-04 09:17:36 [INFO]: Epoch 020 - training loss (MAE): 0.3285, validation MSE: 0.1585
2026-06-04 09:17:39 [INFO]: Epoch 021 - training loss (MAE): 0.3221, validation MSE: 0.1518
2026-06-04 09:17:42 [INFO]: Epoch 022 - training loss (MAE): 0.3168, validation MSE: 0.1416
2026-06-04 09:17:45 [INFO]: Epoch 023 - training loss (MAE): 0.3105, validation MSE: 0.1357
2026-06-04 09:17:49 [INFO]: Epoch 024 - training loss (MAE): 0.3059, validation MSE: 0.1315
2026-06-04 09:17:53 [INFO]: Epoch 025 - training loss (MAE): 0.3011, validation MSE: 0.1245
2026-06-04 09:17:56 [INFO]: Epoch 026 - training loss (MAE): 0.2971, validation MSE: 0.1207
2026-06-04 09:18:00 [INFO]: Epoch 027 - training loss (MAE): 0.2933, validation MSE: 0.1196
2026-06-04 09:18:04 [INFO]: Epoch 028 - training loss (MAE): 0.2905, validation MSE: 0.1156
2026-06-04 09:18:07 [INFO]: Epoch 029 - training loss (MAE): 0.2865, validation MSE: 0.1129
2026-06-04 09:18:11 [INFO]: Epoch 030 - training loss (MAE): 0.2834, validation MSE: 0.1107
2026-06-04 09:18:15 [INFO]: Epoch 031 - training loss (MAE): 0.2802, validation MSE: 0.1095
2026-06-04 09:18:18 [INFO]: Epoch 032 - training loss (MAE): 0.2778, validation MSE: 0.1038
2026-06-04 09:18:22 [INFO]: Epoch 033 - training loss (MAE): 0.2753, validation MSE: 0.1043
2026-06-04 09:18:26 [INFO]: Epoch 034 - training loss (MAE): 0.2729, validation MSE: 0.1026
2026-06-04 09:18:29 [INFO]: Epoch 035 - training loss (MAE): 0.2707, validation MSE: 0.1004
2026-06-04 09:18:33 [INFO]: Epoch 036 - training loss (MAE): 0.2681, validation MSE: 0.0990
2026-06-04 09:18:37 [INFO]: Epoch 037 - training loss (MAE): 0.2655, validation MSE: 0.0975
2026-06-04 09:18:40 [INFO]: Epoch 038 - training loss (MAE): 0.2636, validation MSE: 0.0957
2026-06-04 09:18:44 [INFO]: Epoch 039 - training loss (MAE): 0.2620, validation MSE: 0.0949
2026-06-04 09:18:48 [INFO]: Epoch 040 - training loss (MAE): 0.2593, validation MSE: 0.0941
2026-06-04 09:18:51 [INFO]: Epoch 041 - training loss (MAE): 0.2579, validation MSE: 0.0940
2026-06-04 09:18:54 [INFO]: Epoch 042 - training loss (MAE): 0.2555, validation MSE: 0.0902
2026-06-04 09:18:57 [INFO]: Epoch 043 - training loss (MAE): 0.2540, validation MSE: 0.0905
2026-06-04 09:19:01 [INFO]: Epoch 044 - training loss (MAE): 0.2517, validation MSE: 0.0884
2026-06-04 09:19:04 [INFO]: Epoch 045 - training loss (MAE): 0.2502, validation MSE: 0.0875
2026-06-04 09:19:07 [INFO]: Epoch 046 - training loss (MAE): 0.2485, validation MSE: 0.0878
2026-06-04 09:19:10 [INFO]: Epoch 047 - training loss (MAE): 0.2466, validation MSE: 0.0882
2026-06-04 09:19:13 [INFO]: Epoch 048 - training loss (MAE): 0.2457, validation MSE: 0.0862
2026-06-04 09:19:16 [INFO]: Epoch 049 - training loss (MAE): 0.2444, validation MSE: 0.0853
2026-06-04 09:19:20 [INFO]: Epoch 050 - training loss (MAE): 0.2415, validation MSE: 0.0844
2026-06-04 09:19:22 [INFO]: Epoch 051 - training loss (MAE): 0.2410, validation MSE: 0.0830
2026-06-04 09:19:25 [INFO]: Epoch 052 - training loss (MAE): 0.2408, validation MSE: 0.0830
2026-06-04 09:19:29 [INFO]: Epoch 053 - training loss (MAE): 0.2378, validation MSE: 0.0831
2026-06-04 09:19:33 [INFO]: Epoch 054 - training loss (MAE): 0.2359, validation MSE: 0.0817
2026-06-04 09:19:36 [INFO]: Epoch 055 - training loss (MAE): 0.2344, validation MSE: 0.0841
2026-06-04 09:19:40 [INFO]: Epoch 056 - training loss (MAE): 0.2340, validation MSE: 0.0812
2026-06-04 09:19:43 [INFO]: Epoch 057 - training loss (MAE): 0.2324, validation MSE: 0.0799
2026-06-04 09:19:46 [INFO]: Epoch 058 - training loss (MAE): 0.2308, validation MSE: 0.0797
2026-06-04 09:19:49 [INFO]: Epoch 059 - training loss (MAE): 0.2301, validation MSE: 0.0800
2026-06-04 09:19:52 [INFO]: Epoch 060 - training loss (MAE): 0.2286, validation MSE: 0.0780
2026-06-04 09:19:52 [INFO]: Finished training. The best model is from epoch#60.
2026-06-04 09:19:53 [INFO]: Saved the model to output/imputation/cuda/paper_campaign/saits/citylearn_zone5/mr0.5/seed123/SAITS.pypots
[34m
████████╗██╗███╗   ███╗███████╗    ███████╗███████╗██████╗ ██╗███████╗███████╗    █████╗ ██╗
╚══██╔══╝██║████╗ ████║██╔════╝    ██╔════╝██╔════╝██╔══██╗██║██╔════╝██╔════╝   ██╔══██╗██║
   ██║   ██║██╔████╔██║█████╗█████╗███████╗█████╗  ██████╔╝██║█████╗  ███████╗   ███████║██║
   ██║   ██║██║╚██╔╝██║██╔══╝╚════╝╚════██║██╔══╝  ██╔══██╗██║██╔══╝  ╚════██║   ██╔══██║██║
   ██║   ██║██║ ╚═╝ ██║███████╗    ███████║███████╗██║  ██║██║███████╗███████║██╗██║  ██║██║
   ╚═╝   ╚═╝╚═╝     ╚═╝╚══════╝    ╚══════╝╚══════╝╚═╝  ╚═╝╚═╝╚══════╝╚══════╝╚═╝╚═╝  ╚═╝╚═╝
ai4ts v0.0.3 - building AI for unified time-series analysis, https://time-series.ai [0m

Use Train GPT: False
Use Lora: False
Use Profiling: False
🚀 Running imputation pipeline for model: saits
✅ Dataset 'citylearn_zone5' with missing rate 0.5 loaded at: /home/Aboya_25R9803/projects/lab/SUN/iPyPOTS/datasets/rate_0.5
🚀 Starting SAITS training pipeline...
[SAITS] Testing —— MAE: 0.1458| MSE: 0.0624| RMSE: 0.2498| MRE: 0.1790| 
📊 Metrics saved to: output/imputation/cuda/paper_campaign/saits/citylearn_zone5/mr0.5/seed123/metrics/saits_metrics.json
