2026-06-04 04:46:35 [INFO]: Have set the random seed as 42 for numpy and pytorch.
2026-06-04 04:46:35 [INFO]: You're using dataset electricity_load_diagrams, please cite it properly in your work. You can find its reference information at the below link: 
https://github.com/WenjieDu/TSDB/tree/main/dataset_profiles/electricity_load_diagrams
2026-06-04 04:46:35 [INFO]: Dataset electricity_load_diagrams has already been downloaded. Processing directly...
2026-06-04 04:46:35 [INFO]: Dataset electricity_load_diagrams has already been cached. Loading from cache directly...
2026-06-04 04:46:35 [INFO]: Loaded successfully!
2026-06-04 04:46:35 [INFO]: months selected as test set are <PeriodArray>
['2011-01', '2011-02', '2011-03', '2011-04', '2011-05', '2011-06', '2011-07',
 '2011-08', '2011-09', '2011-10']
Length: 10, dtype: period[M]
2026-06-04 04:46:35 [INFO]: months selected as val set are <PeriodArray>
['2011-11', '2011-12', '2012-01', '2012-02', '2012-03', '2012-04', '2012-05',
 '2012-06', '2012-07', '2012-08']
Length: 10, dtype: period[M]
2026-06-04 04:46:35 [INFO]: months selected as train set are <PeriodArray>
['2012-09', '2012-10', '2012-11', '2012-12', '2013-01', '2013-02', '2013-03',
 '2013-04', '2013-05', '2013-06', '2013-07', '2013-08', '2013-09', '2013-10',
 '2013-11', '2013-12', '2014-01', '2014-02', '2014-03', '2014-04', '2014-05',
 '2014-06', '2014-07', '2014-08', '2014-09', '2014-10', '2014-11', '2014-12',
 '2015-01']
Length: 29, dtype: period[M]
2026-06-04 04:46:37 [INFO]: Total sample number: 5843
2026-06-04 04:46:37 [INFO]: Training set size: 3408 (58.33%)
2026-06-04 04:46:37 [INFO]: Validation set size: 1220 (20.88%)
2026-06-04 04:46:37 [INFO]: Test set size: 1215 (20.79%)
2026-06-04 04:46:37 [INFO]: Number of steps: 24
2026-06-04 04:46:37 [INFO]: Number of features: 370
2026-06-04 04:46:37 [INFO]: Train set missing rate: 10.00%
2026-06-04 04:46:37 [INFO]: Validating set missing rate: 9.99%
2026-06-04 04:46:37 [INFO]: Test set missing rate: 10.01%
2026-06-04 04:46:37 [INFO]: 🔥🔥🔥🔥🔥🔥🔥🔥🔥🔥Using device list: ['cuda:0']
2026-06-04 04:46:37 [INFO]: 🔥🔥🔥🔥🔥🔥🔥🔥🔥🔥Using the given device: cuda:0
2026-06-04 04:46:37 [INFO]: Model files will be saved to output/imputation/cuda/paper_campaign/saits/eld/mr0.1/seed42
2026-06-04 04:46:37 [INFO]: Tensorboard file will be saved to output/imputation/cuda/paper_campaign/saits/eld/mr0.1/seed42/tensorboard
2026-06-04 04:46:37 [INFO]: Using customized MAE as the training loss function.
2026-06-04 04:46:37 [INFO]: Using customized MSE as the validation metric function.
2026-06-04 04:46:37 [INFO]: SAITS initialized with the given hyperparameters.
 ├─ Total parameters: 559,232
 ├─ Trainable parameters: 559,232
 └─ Trainable ratio: 100.00%
2026-06-04 04:46:38 [INFO]: Model placed on cuda:0
2026-06-04 04:46:39 [INFO]: Epoch 001 - training loss (MAE): 1.3204, validation MSE: 3.4600
2026-06-04 04:46:41 [INFO]: Epoch 002 - training loss (MAE): 0.9336, validation MSE: 3.2481
2026-06-04 04:46:42 [INFO]: Epoch 003 - training loss (MAE): 0.8016, validation MSE: 3.1572
2026-06-04 04:46:43 [INFO]: Epoch 004 - training loss (MAE): 0.7377, validation MSE: 3.0967
2026-06-04 04:46:44 [INFO]: Epoch 005 - training loss (MAE): 0.6952, validation MSE: 3.0454
2026-06-04 04:46:46 [INFO]: Epoch 006 - training loss (MAE): 0.6659, validation MSE: 3.0045
2026-06-04 04:46:47 [INFO]: Epoch 007 - training loss (MAE): 0.6432, validation MSE: 2.9485
2026-06-04 04:46:48 [INFO]: Epoch 008 - training loss (MAE): 0.6246, validation MSE: 2.9125
2026-06-04 04:46:49 [INFO]: Epoch 009 - training loss (MAE): 0.6102, validation MSE: 2.8919
2026-06-04 04:46:51 [INFO]: Epoch 010 - training loss (MAE): 0.6009, validation MSE: 2.8873
2026-06-04 04:46:52 [INFO]: Epoch 011 - training loss (MAE): 0.5910, validation MSE: 2.8740
2026-06-04 04:46:53 [INFO]: Epoch 012 - training loss (MAE): 0.5822, validation MSE: 2.8749
2026-06-04 04:46:54 [INFO]: Epoch 013 - training loss (MAE): 0.5756, validation MSE: 2.8736
2026-06-04 04:46:56 [INFO]: Epoch 014 - training loss (MAE): 0.5713, validation MSE: 2.8740
2026-06-04 04:46:57 [INFO]: Epoch 015 - training loss (MAE): 0.5654, validation MSE: 2.8685
2026-06-04 04:46:58 [INFO]: Epoch 016 - training loss (MAE): 0.5592, validation MSE: 2.8653
2026-06-04 04:46:59 [INFO]: Epoch 017 - training loss (MAE): 0.5540, validation MSE: 2.8597
2026-06-04 04:47:00 [INFO]: Epoch 018 - training loss (MAE): 0.5496, validation MSE: 2.8549
2026-06-04 04:47:01 [INFO]: Epoch 019 - training loss (MAE): 0.5463, validation MSE: 2.8477
2026-06-04 04:47:03 [INFO]: Epoch 020 - training loss (MAE): 0.5417, validation MSE: 2.8470
2026-06-04 04:47:04 [INFO]: Epoch 021 - training loss (MAE): 0.5384, validation MSE: 2.8452
2026-06-04 04:47:05 [INFO]: Epoch 022 - training loss (MAE): 0.5358, validation MSE: 2.8363
2026-06-04 04:47:06 [INFO]: Epoch 023 - training loss (MAE): 0.5320, validation MSE: 2.8303
2026-06-04 04:47:07 [INFO]: Epoch 024 - training loss (MAE): 0.5290, validation MSE: 2.8290
2026-06-04 04:47:08 [INFO]: Epoch 025 - training loss (MAE): 0.5272, validation MSE: 2.8303
2026-06-04 04:47:10 [INFO]: Epoch 026 - training loss (MAE): 0.5252, validation MSE: 2.8256
2026-06-04 04:47:11 [INFO]: Epoch 027 - training loss (MAE): 0.5220, validation MSE: 2.8215
2026-06-04 04:47:12 [INFO]: Epoch 028 - training loss (MAE): 0.5204, validation MSE: 2.8264
2026-06-04 04:47:14 [INFO]: Epoch 029 - training loss (MAE): 0.5172, validation MSE: 2.8268
2026-06-04 04:47:15 [INFO]: Epoch 030 - training loss (MAE): 0.5158, validation MSE: 2.8226
2026-06-04 04:47:16 [INFO]: Epoch 031 - training loss (MAE): 0.5133, validation MSE: 2.8222
2026-06-04 04:47:17 [INFO]: Epoch 032 - training loss (MAE): 0.5125, validation MSE: 2.8216
2026-06-04 04:47:18 [INFO]: Epoch 033 - training loss (MAE): 0.5103, validation MSE: 2.8209
2026-06-04 04:47:19 [INFO]: Epoch 034 - training loss (MAE): 0.5090, validation MSE: 2.8171
2026-06-04 04:47:21 [INFO]: Epoch 035 - training loss (MAE): 0.5067, validation MSE: 2.8164
2026-06-04 04:47:22 [INFO]: Epoch 036 - training loss (MAE): 0.5050, validation MSE: 2.8142
2026-06-04 04:47:23 [INFO]: Epoch 037 - training loss (MAE): 0.5040, validation MSE: 2.8166
2026-06-04 04:47:24 [INFO]: Epoch 038 - training loss (MAE): 0.5021, validation MSE: 2.8171
2026-06-04 04:47:26 [INFO]: Epoch 039 - training loss (MAE): 0.5022, validation MSE: 2.8167
2026-06-04 04:47:27 [INFO]: Epoch 040 - training loss (MAE): 0.4990, validation MSE: 2.8136
2026-06-04 04:47:28 [INFO]: Epoch 041 - training loss (MAE): 0.4983, validation MSE: 2.8144
2026-06-04 04:47:29 [INFO]: Epoch 042 - training loss (MAE): 0.4969, validation MSE: 2.8243
2026-06-04 04:47:31 [INFO]: Epoch 043 - training loss (MAE): 0.4949, validation MSE: 2.8234
2026-06-04 04:47:32 [INFO]: Epoch 044 - training loss (MAE): 0.4950, validation MSE: 2.8242
2026-06-04 04:47:33 [INFO]: Epoch 045 - training loss (MAE): 0.4939, validation MSE: 2.8206
2026-06-04 04:47:34 [INFO]: Epoch 046 - training loss (MAE): 0.4922, validation MSE: 2.8320
2026-06-04 04:47:35 [INFO]: Epoch 047 - training loss (MAE): 0.4918, validation MSE: 2.8307
2026-06-04 04:47:37 [INFO]: Epoch 048 - training loss (MAE): 0.4894, validation MSE: 2.8289
2026-06-04 04:47:38 [INFO]: Epoch 049 - training loss (MAE): 0.4885, validation MSE: 2.8246
2026-06-04 04:47:39 [INFO]: Epoch 050 - training loss (MAE): 0.4880, validation MSE: 2.8395
2026-06-04 04:47:40 [INFO]: Epoch 051 - training loss (MAE): 0.4878, validation MSE: 2.8321
2026-06-04 04:47:41 [INFO]: Epoch 052 - training loss (MAE): 0.4868, validation MSE: 2.8345
2026-06-04 04:47:41 [INFO]: Exceeded the training patience. Terminating the training procedure...
2026-06-04 04:47:41 [INFO]: Finished training. The best model is from epoch#40.
2026-06-04 04:47:41 [INFO]: Saved the model to output/imputation/cuda/paper_campaign/saits/eld/mr0.1/seed42/SAITS.pypots
[34m
████████╗██╗███╗   ███╗███████╗    ███████╗███████╗██████╗ ██╗███████╗███████╗    █████╗ ██╗
╚══██╔══╝██║████╗ ████║██╔════╝    ██╔════╝██╔════╝██╔══██╗██║██╔════╝██╔════╝   ██╔══██╗██║
   ██║   ██║██╔████╔██║█████╗█████╗███████╗█████╗  ██████╔╝██║█████╗  ███████╗   ███████║██║
   ██║   ██║██║╚██╔╝██║██╔══╝╚════╝╚════██║██╔══╝  ██╔══██╗██║██╔══╝  ╚════██║   ██╔══██║██║
   ██║   ██║██║ ╚═╝ ██║███████╗    ███████║███████╗██║  ██║██║███████╗███████║██╗██║  ██║██║
   ╚═╝   ╚═╝╚═╝     ╚═╝╚══════╝    ╚══════╝╚══════╝╚═╝  ╚═╝╚═╝╚══════╝╚══════╝╚═╝╚═╝  ╚═╝╚═╝
ai4ts v0.0.3 - building AI for unified time-series analysis, https://time-series.ai [0m

Use Train GPT: False
Use Lora: False
Use Profiling: False
🚀 Running imputation pipeline for model: saits
✅ Dataset 'eld' with missing rate 0.1 loaded at: /home/Aboya_25R9803/projects/lab/SUN/iPyPOTS/datasets/rate_0.1
🚀 Starting SAITS training pipeline...
[SAITS] Testing —— MAE: 1.2740| MSE: 3.5882| RMSE: 1.8943| MRE: 0.6821| 
📊 Metrics saved to: output/imputation/cuda/paper_campaign/saits/eld/mr0.1/seed42/metrics/saits_metrics.json
