2026-06-04 08:09:29 [INFO]: Have set the random seed as 42 for numpy and pytorch.
2026-06-04 08:09:29 [INFO]: 🔥🔥🔥🔥🔥🔥🔥🔥🔥🔥Using device list: ['cuda:0']
2026-06-04 08:09:29 [INFO]: 🔥🔥🔥🔥🔥🔥🔥🔥🔥🔥Using the given device: cuda:0
2026-06-04 08:09:29 [INFO]: Model files will be saved to output/imputation/cuda/paper_campaign/tefn/appliances_energy/mr0.5/seed42
2026-06-04 08:09:29 [INFO]: Tensorboard file will be saved to output/imputation/cuda/paper_campaign/tefn/appliances_energy/mr0.5/seed42/tensorboard
2026-06-04 08:09:29 [INFO]: Using customized MAE as the training loss function.
2026-06-04 08:09:29 [INFO]: Using customized MSE as the validation metric function.
2026-06-04 08:09:30 [INFO]: Model placed on cuda:0
2026-06-04 08:09:30 [INFO]: TEFN initialized with the given hyperparameters.
 ├─ Total parameters: 5,408
 ├─ Trainable parameters: 5,408
 └─ Trainable ratio: 100.00%
2026-06-04 08:09:31 [INFO]: Epoch 001 - training loss (MAE): 10.0110, validation MSE: 35.9534
2026-06-04 08:09:32 [INFO]: Epoch 002 - training loss (MAE): 8.7822, validation MSE: 30.5766
2026-06-04 08:09:33 [INFO]: Epoch 003 - training loss (MAE): 7.9513, validation MSE: 26.3590
2026-06-04 08:09:34 [INFO]: Epoch 004 - training loss (MAE): 7.2844, validation MSE: 23.0032
2026-06-04 08:09:34 [INFO]: Epoch 005 - training loss (MAE): 6.6670, validation MSE: 20.0843
2026-06-04 08:09:35 [INFO]: Epoch 006 - training loss (MAE): 6.0774, validation MSE: 17.4651
2026-06-04 08:09:36 [INFO]: Epoch 007 - training loss (MAE): 5.5162, validation MSE: 15.1259
2026-06-04 08:09:36 [INFO]: Epoch 008 - training loss (MAE): 4.9988, validation MSE: 13.1556
2026-06-04 08:09:37 [INFO]: Epoch 009 - training loss (MAE): 4.5369, validation MSE: 11.5278
2026-06-04 08:09:38 [INFO]: Epoch 010 - training loss (MAE): 4.1217, validation MSE: 10.1567
2026-06-04 08:09:39 [INFO]: Epoch 011 - training loss (MAE): 3.7591, validation MSE: 8.9991
2026-06-04 08:09:39 [INFO]: Epoch 012 - training loss (MAE): 3.4191, validation MSE: 7.9966
2026-06-04 08:09:40 [INFO]: Epoch 013 - training loss (MAE): 3.1136, validation MSE: 7.1499
2026-06-04 08:09:41 [INFO]: Epoch 014 - training loss (MAE): 2.8313, validation MSE: 6.4236
2026-06-04 08:09:42 [INFO]: Epoch 015 - training loss (MAE): 2.5780, validation MSE: 5.8007
2026-06-04 08:09:43 [INFO]: Epoch 016 - training loss (MAE): 2.3507, validation MSE: 5.2768
2026-06-04 08:09:43 [INFO]: Epoch 017 - training loss (MAE): 2.1474, validation MSE: 4.8296
2026-06-04 08:09:44 [INFO]: Epoch 018 - training loss (MAE): 1.9723, validation MSE: 4.4486
2026-06-04 08:09:45 [INFO]: Epoch 019 - training loss (MAE): 1.8267, validation MSE: 4.1087
2026-06-04 08:09:45 [INFO]: Epoch 020 - training loss (MAE): 1.7040, validation MSE: 3.8323
2026-06-04 08:09:46 [INFO]: Epoch 021 - training loss (MAE): 1.5978, validation MSE: 3.5751
2026-06-04 08:09:46 [INFO]: Epoch 022 - training loss (MAE): 1.5043, validation MSE: 3.3493
2026-06-04 08:09:47 [INFO]: Epoch 023 - training loss (MAE): 1.4257, validation MSE: 3.1530
2026-06-04 08:09:47 [INFO]: Epoch 024 - training loss (MAE): 1.3536, validation MSE: 2.9594
2026-06-04 08:09:48 [INFO]: Epoch 025 - training loss (MAE): 1.2919, validation MSE: 2.7930
2026-06-04 08:09:48 [INFO]: Epoch 026 - training loss (MAE): 1.2358, validation MSE: 2.6357
2026-06-04 08:09:49 [INFO]: Epoch 027 - training loss (MAE): 1.1815, validation MSE: 2.4902
2026-06-04 08:09:49 [INFO]: Epoch 028 - training loss (MAE): 1.1347, validation MSE: 2.3519
2026-06-04 08:09:50 [INFO]: Epoch 029 - training loss (MAE): 1.0914, validation MSE: 2.2387
2026-06-04 08:09:51 [INFO]: Epoch 030 - training loss (MAE): 1.0523, validation MSE: 2.1295
2026-06-04 08:09:51 [INFO]: Epoch 031 - training loss (MAE): 1.0148, validation MSE: 2.0119
2026-06-04 08:09:52 [INFO]: Epoch 032 - training loss (MAE): 0.9798, validation MSE: 1.9247
2026-06-04 08:09:52 [INFO]: Epoch 033 - training loss (MAE): 0.9523, validation MSE: 1.8370
2026-06-04 08:09:53 [INFO]: Epoch 034 - training loss (MAE): 0.9262, validation MSE: 1.7554
2026-06-04 08:09:53 [INFO]: Epoch 035 - training loss (MAE): 0.9040, validation MSE: 1.6815
2026-06-04 08:09:54 [INFO]: Epoch 036 - training loss (MAE): 0.8795, validation MSE: 1.5902
2026-06-04 08:09:54 [INFO]: Epoch 037 - training loss (MAE): 0.8604, validation MSE: 1.5248
2026-06-04 08:09:55 [INFO]: Epoch 038 - training loss (MAE): 0.8408, validation MSE: 1.4511
2026-06-04 08:09:55 [INFO]: Epoch 039 - training loss (MAE): 0.8217, validation MSE: 1.3871
2026-06-04 08:09:56 [INFO]: Epoch 040 - training loss (MAE): 0.8038, validation MSE: 1.3311
2026-06-04 08:09:56 [INFO]: Epoch 041 - training loss (MAE): 0.7859, validation MSE: 1.2709
2026-06-04 08:09:57 [INFO]: Epoch 042 - training loss (MAE): 0.7675, validation MSE: 1.2112
2026-06-04 08:09:58 [INFO]: Epoch 043 - training loss (MAE): 0.7519, validation MSE: 1.1594
2026-06-04 08:09:58 [INFO]: Epoch 044 - training loss (MAE): 0.7373, validation MSE: 1.1184
2026-06-04 08:09:59 [INFO]: Epoch 045 - training loss (MAE): 0.7245, validation MSE: 1.0571
2026-06-04 08:09:59 [INFO]: Epoch 046 - training loss (MAE): 0.7116, validation MSE: 1.0215
2026-06-04 08:10:00 [INFO]: Epoch 047 - training loss (MAE): 0.7009, validation MSE: 0.9798
2026-06-04 08:10:01 [INFO]: Epoch 048 - training loss (MAE): 0.6893, validation MSE: 0.9394
2026-06-04 08:10:01 [INFO]: Epoch 049 - training loss (MAE): 0.6805, validation MSE: 0.9065
2026-06-04 08:10:02 [INFO]: Epoch 050 - training loss (MAE): 0.6727, validation MSE: 0.8715
2026-06-04 08:10:02 [INFO]: Epoch 051 - training loss (MAE): 0.6632, validation MSE: 0.8363
2026-06-04 08:10:03 [INFO]: Epoch 052 - training loss (MAE): 0.6560, validation MSE: 0.8142
2026-06-04 08:10:03 [INFO]: Epoch 053 - training loss (MAE): 0.6495, validation MSE: 0.7867
2026-06-04 08:10:04 [INFO]: Epoch 054 - training loss (MAE): 0.6428, validation MSE: 0.7663
2026-06-04 08:10:05 [INFO]: Epoch 055 - training loss (MAE): 0.6379, validation MSE: 0.7475
2026-06-04 08:10:05 [INFO]: Epoch 056 - training loss (MAE): 0.6318, validation MSE: 0.7264
2026-06-04 08:10:06 [INFO]: Epoch 057 - training loss (MAE): 0.6276, validation MSE: 0.7105
2026-06-04 08:10:06 [INFO]: Epoch 058 - training loss (MAE): 0.6218, validation MSE: 0.6867
2026-06-04 08:10:07 [INFO]: Epoch 059 - training loss (MAE): 0.6176, validation MSE: 0.6777
2026-06-04 08:10:08 [INFO]: Epoch 060 - training loss (MAE): 0.6143, validation MSE: 0.6641
2026-06-04 08:10:08 [INFO]: Finished training. The best model is from epoch#60.
2026-06-04 08:10:08 [INFO]: Saved the model to output/imputation/cuda/paper_campaign/tefn/appliances_energy/mr0.5/seed42/TEFN.pypots
[34m
████████╗██╗███╗   ███╗███████╗    ███████╗███████╗██████╗ ██╗███████╗███████╗    █████╗ ██╗
╚══██╔══╝██║████╗ ████║██╔════╝    ██╔════╝██╔════╝██╔══██╗██║██╔════╝██╔════╝   ██╔══██╗██║
   ██║   ██║██╔████╔██║█████╗█████╗███████╗█████╗  ██████╔╝██║█████╗  ███████╗   ███████║██║
   ██║   ██║██║╚██╔╝██║██╔══╝╚════╝╚════██║██╔══╝  ██╔══██╗██║██╔══╝  ╚════██║   ██╔══██║██║
   ██║   ██║██║ ╚═╝ ██║███████╗    ███████║███████╗██║  ██║██║███████╗███████║██╗██║  ██║██║
   ╚═╝   ╚═╝╚═╝     ╚═╝╚══════╝    ╚══════╝╚══════╝╚═╝  ╚═╝╚═╝╚══════╝╚══════╝╚═╝╚═╝  ╚═╝╚═╝
ai4ts v0.0.3 - building AI for unified time-series analysis, https://time-series.ai [0m

Use Train GPT: False
Use Lora: False
Use Profiling: False
🚀 Running imputation pipeline for model: tefn
✅ Dataset 'appliances_energy' with missing rate 0.5 loaded at: /home/Aboya_25R9803/projects/lab/SUN/iPyPOTS/datasets/rate_0.5
🚀 Starting TEFN training pipeline...
[TEFN] Testing —— MAE: 0.7602| MSE: 1.0201| RMSE: 1.0100| MRE: 0.7542| 
📊 Metrics saved to: output/imputation/cuda/paper_campaign/tefn/appliances_energy/mr0.5/seed42/metrics/tefn_metrics.json
