2026-06-04 05:49:13 [INFO]: Have set the random seed as 42 for numpy and pytorch.
2026-06-04 05:49:13 [INFO]: You're using dataset electricity_load_diagrams, please cite it properly in your work. You can find its reference information at the below link: 
https://github.com/WenjieDu/TSDB/tree/main/dataset_profiles/electricity_load_diagrams
2026-06-04 05:49:13 [INFO]: Dataset electricity_load_diagrams has already been downloaded. Processing directly...
2026-06-04 05:49:13 [INFO]: Dataset electricity_load_diagrams has already been cached. Loading from cache directly...
2026-06-04 05:49:13 [INFO]: Loaded successfully!
2026-06-04 05:49:13 [INFO]: months selected as test set are <PeriodArray>
['2011-01', '2011-02', '2011-03', '2011-04', '2011-05', '2011-06', '2011-07',
 '2011-08', '2011-09', '2011-10']
Length: 10, dtype: period[M]
2026-06-04 05:49:13 [INFO]: months selected as val set are <PeriodArray>
['2011-11', '2011-12', '2012-01', '2012-02', '2012-03', '2012-04', '2012-05',
 '2012-06', '2012-07', '2012-08']
Length: 10, dtype: period[M]
2026-06-04 05:49:13 [INFO]: months selected as train set are <PeriodArray>
['2012-09', '2012-10', '2012-11', '2012-12', '2013-01', '2013-02', '2013-03',
 '2013-04', '2013-05', '2013-06', '2013-07', '2013-08', '2013-09', '2013-10',
 '2013-11', '2013-12', '2014-01', '2014-02', '2014-03', '2014-04', '2014-05',
 '2014-06', '2014-07', '2014-08', '2014-09', '2014-10', '2014-11', '2014-12',
 '2015-01']
Length: 29, dtype: period[M]
2026-06-04 05:49:15 [INFO]: Total sample number: 5843
2026-06-04 05:49:15 [INFO]: Training set size: 3408 (58.33%)
2026-06-04 05:49:15 [INFO]: Validation set size: 1220 (20.88%)
2026-06-04 05:49:15 [INFO]: Test set size: 1215 (20.79%)
2026-06-04 05:49:15 [INFO]: Number of steps: 24
2026-06-04 05:49:15 [INFO]: Number of features: 370
2026-06-04 05:49:15 [INFO]: Train set missing rate: 50.00%
2026-06-04 05:49:15 [INFO]: Validating set missing rate: 50.01%
2026-06-04 05:49:15 [INFO]: Test set missing rate: 50.01%
2026-06-04 05:49:15 [INFO]: 🔥🔥🔥🔥🔥🔥🔥🔥🔥🔥Using device list: ['cuda:0']
2026-06-04 05:49:15 [INFO]: 🔥🔥🔥🔥🔥🔥🔥🔥🔥🔥Using the given device: cuda:0
2026-06-04 05:49:15 [INFO]: Model files will be saved to output/imputation/cuda/paper_campaign/tslanet/eld/mr0.5/seed42
2026-06-04 05:49:15 [INFO]: Tensorboard file will be saved to output/imputation/cuda/paper_campaign/tslanet/eld/mr0.5/seed42/tensorboard
2026-06-04 05:49:15 [INFO]: Model placed on cuda:0
2026-06-04 05:49:15 [INFO]: TSLANet initialized with the given hyperparameters.
 ├─ Total parameters: 130,266
 ├─ Trainable parameters: 130,266
 └─ Trainable ratio: 100.00%
2026-06-04 05:49:22 [INFO]: Epoch 001 - training loss (default): 0.1232, validation loss: 0.4208
2026-06-04 05:49:28 [INFO]: Epoch 002 - training loss (default): 0.0617, validation loss: 0.3246
2026-06-04 05:49:34 [INFO]: Epoch 003 - training loss (default): 0.0415, validation loss: 0.2715
2026-06-04 05:49:39 [INFO]: Epoch 004 - training loss (default): 0.0329, validation loss: 0.2382
2026-06-04 05:49:45 [INFO]: Epoch 005 - training loss (default): 0.0281, validation loss: 0.2022
2026-06-04 05:49:51 [INFO]: Epoch 006 - training loss (default): 0.0245, validation loss: 0.1881
2026-06-04 05:49:57 [INFO]: Epoch 007 - training loss (default): 0.0217, validation loss: 0.1639
2026-06-04 05:50:03 [INFO]: Epoch 008 - training loss (default): 0.0192, validation loss: 0.1456
2026-06-04 05:50:09 [INFO]: Epoch 009 - training loss (default): 0.0171, validation loss: 0.1344
2026-06-04 05:50:15 [INFO]: Epoch 010 - training loss (default): 0.0153, validation loss: 0.1251
2026-06-04 05:50:21 [INFO]: Epoch 011 - training loss (default): 0.0137, validation loss: 0.1068
2026-06-04 05:50:27 [INFO]: Epoch 012 - training loss (default): 0.0123, validation loss: 0.0959
2026-06-04 05:50:33 [INFO]: Epoch 013 - training loss (default): 0.0110, validation loss: 0.0903
2026-06-04 05:50:39 [INFO]: Epoch 014 - training loss (default): 0.0098, validation loss: 0.0799
2026-06-04 05:50:45 [INFO]: Epoch 015 - training loss (default): 0.0088, validation loss: 0.0742
2026-06-04 05:50:51 [INFO]: Epoch 016 - training loss (default): 0.0079, validation loss: 0.0619
2026-06-04 05:50:56 [INFO]: Epoch 017 - training loss (default): 0.0071, validation loss: 0.0534
2026-06-04 05:51:01 [INFO]: Epoch 018 - training loss (default): 0.0063, validation loss: 0.0514
2026-06-04 05:51:05 [INFO]: Epoch 019 - training loss (default): 0.0056, validation loss: 0.0470
2026-06-04 05:51:11 [INFO]: Epoch 020 - training loss (default): 0.0050, validation loss: 0.0401
2026-06-04 05:51:15 [INFO]: Epoch 021 - training loss (default): 0.0045, validation loss: 0.0370
2026-06-04 05:51:20 [INFO]: Epoch 022 - training loss (default): 0.0040, validation loss: 0.0319
2026-06-04 05:51:25 [INFO]: Epoch 023 - training loss (default): 0.0036, validation loss: 0.0280
2026-06-04 05:51:30 [INFO]: Epoch 024 - training loss (default): 0.0032, validation loss: 0.0257
2026-06-04 05:51:35 [INFO]: Epoch 025 - training loss (default): 0.0028, validation loss: 0.0221
2026-06-04 05:51:38 [INFO]: Epoch 026 - training loss (default): 0.0025, validation loss: 0.0195
2026-06-04 05:51:43 [INFO]: Epoch 027 - training loss (default): 0.0022, validation loss: 0.0168
2026-06-04 05:51:49 [INFO]: Epoch 028 - training loss (default): 0.0020, validation loss: 0.0145
2026-06-04 05:51:55 [INFO]: Epoch 029 - training loss (default): 0.0017, validation loss: 0.0131
2026-06-04 05:52:01 [INFO]: Epoch 030 - training loss (default): 0.0016, validation loss: 0.0117
2026-06-04 05:52:07 [INFO]: Epoch 031 - training loss (default): 0.0014, validation loss: 0.0106
2026-06-04 05:52:12 [INFO]: Epoch 032 - training loss (default): 0.0012, validation loss: 0.0094
2026-06-04 05:52:17 [INFO]: Epoch 033 - training loss (default): 0.0011, validation loss: 0.0077
2026-06-04 05:52:23 [INFO]: Epoch 034 - training loss (default): 0.0010, validation loss: 0.0073
2026-06-04 05:52:28 [INFO]: Epoch 035 - training loss (default): 0.0008, validation loss: 0.0060
2026-06-04 05:52:33 [INFO]: Epoch 036 - training loss (default): 0.0007, validation loss: 0.0051
2026-06-04 05:52:39 [INFO]: Epoch 037 - training loss (default): 0.0007, validation loss: 0.0045
2026-06-04 05:52:44 [INFO]: Epoch 038 - training loss (default): 0.0006, validation loss: 0.0041
2026-06-04 05:52:49 [INFO]: Epoch 039 - training loss (default): 0.0005, validation loss: 0.0032
2026-06-04 05:52:54 [INFO]: Epoch 040 - training loss (default): 0.0004, validation loss: 0.0028
2026-06-04 05:53:00 [INFO]: Epoch 041 - training loss (default): 0.0004, validation loss: 0.0026
2026-06-04 05:53:06 [INFO]: Epoch 042 - training loss (default): 0.0003, validation loss: 0.0022
2026-06-04 05:53:12 [INFO]: Epoch 043 - training loss (default): 0.0003, validation loss: 0.0020
2026-06-04 05:53:18 [INFO]: Epoch 044 - training loss (default): 0.0003, validation loss: 0.0017
2026-06-04 05:53:24 [INFO]: Epoch 045 - training loss (default): 0.0002, validation loss: 0.0014
2026-06-04 05:53:30 [INFO]: Epoch 046 - training loss (default): 0.0002, validation loss: 0.0013
2026-06-04 05:53:36 [INFO]: Epoch 047 - training loss (default): 0.0002, validation loss: 0.0010
2026-06-04 05:53:42 [INFO]: Epoch 048 - training loss (default): 0.0002, validation loss: 0.0009
2026-06-04 05:53:48 [INFO]: Epoch 049 - training loss (default): 0.0001, validation loss: 0.0008
2026-06-04 05:53:54 [INFO]: Epoch 050 - training loss (default): 0.0001, validation loss: 0.0007
2026-06-04 05:54:00 [INFO]: Epoch 051 - training loss (default): 0.0001, validation loss: 0.0006
2026-06-04 05:54:06 [INFO]: Epoch 052 - training loss (default): 0.0001, validation loss: 0.0005
2026-06-04 05:54:12 [INFO]: Epoch 053 - training loss (default): 0.0001, validation loss: 0.0004
2026-06-04 05:54:18 [INFO]: Epoch 054 - training loss (default): 0.0001, validation loss: 0.0003
2026-06-04 05:54:24 [INFO]: Epoch 055 - training loss (default): 0.0001, validation loss: 0.0003
2026-06-04 05:54:29 [INFO]: Epoch 056 - training loss (default): 0.0001, validation loss: 0.0002
2026-06-04 05:54:34 [INFO]: Epoch 057 - training loss (default): 0.0001, validation loss: 0.0002
2026-06-04 05:54:39 [INFO]: Epoch 058 - training loss (default): 0.0000, validation loss: 0.0002
2026-06-04 05:54:44 [INFO]: Epoch 059 - training loss (default): 0.0000, validation loss: 0.0002
2026-06-04 05:54:50 [INFO]: Epoch 060 - training loss (default): 0.0000, validation loss: 0.0001
2026-06-04 05:54:50 [INFO]: Finished training. The best model is from epoch#60.
2026-06-04 05:54:50 [INFO]: Saved the model to output/imputation/cuda/paper_campaign/tslanet/eld/mr0.5/seed42/TSLANet.pypots
[34m
████████╗██╗███╗   ███╗███████╗    ███████╗███████╗██████╗ ██╗███████╗███████╗    █████╗ ██╗
╚══██╔══╝██║████╗ ████║██╔════╝    ██╔════╝██╔════╝██╔══██╗██║██╔════╝██╔════╝   ██╔══██╗██║
   ██║   ██║██╔████╔██║█████╗█████╗███████╗█████╗  ██████╔╝██║█████╗  ███████╗   ███████║██║
   ██║   ██║██║╚██╔╝██║██╔══╝╚════╝╚════██║██╔══╝  ██╔══██╗██║██╔══╝  ╚════██║   ██╔══██║██║
   ██║   ██║██║ ╚═╝ ██║███████╗    ███████║███████╗██║  ██║██║███████╗███████║██╗██║  ██║██║
   ╚═╝   ╚═╝╚═╝     ╚═╝╚══════╝    ╚══════╝╚══════╝╚═╝  ╚═╝╚═╝╚══════╝╚══════╝╚═╝╚═╝  ╚═╝╚═╝
ai4ts v0.0.3 - building AI for unified time-series analysis, https://time-series.ai [0m

Use Train GPT: False
Use Lora: False
Use Profiling: False
🚀 Running imputation pipeline for model: tslanet
✅ Dataset 'eld' with missing rate 0.5 loaded at: /home/Aboya_25R9803/projects/lab/SUN/iPyPOTS/datasets/rate_0.5
🚀 Starting TSLANet training pipeline...
[TSLANet] Testing —— MAE: 1.8697| MSE: 5.8943| RMSE: 2.4278| MRE: 1.0012| 
📊 Metrics saved to: output/imputation/cuda/paper_campaign/tslanet/eld/mr0.5/seed42/metrics/tslanet_metrics.json
