2026-06-04 08:17:59 [INFO]: Have set the random seed as 42 for numpy and pytorch.
2026-06-04 08:18:00 [INFO]: 🔥🔥🔥🔥🔥🔥🔥🔥🔥🔥Using device list: ['cuda:0']
2026-06-04 08:18:00 [INFO]: 🔥🔥🔥🔥🔥🔥🔥🔥🔥🔥Using the given device: cuda:0
2026-06-04 08:18:00 [INFO]: Model files will be saved to output/imputation/cuda/paper_campaign/tslanet/appliances_energy/mr0.3/seed42
2026-06-04 08:18:00 [INFO]: Tensorboard file will be saved to output/imputation/cuda/paper_campaign/tslanet/appliances_energy/mr0.3/seed42/tensorboard
2026-06-04 08:18:00 [INFO]: Model placed on cuda:0
2026-06-04 08:18:00 [INFO]: TSLANet initialized with the given hyperparameters.
 ├─ Total parameters: 176,394
 ├─ Trainable parameters: 176,394
 └─ Trainable ratio: 100.00%
2026-06-04 08:18:02 [INFO]: Epoch 001 - training loss (default): 0.1352, validation loss: 0.0758
2026-06-04 08:18:03 [INFO]: Epoch 002 - training loss (default): 0.0535, validation loss: 0.0568
2026-06-04 08:18:04 [INFO]: Epoch 003 - training loss (default): 0.0360, validation loss: 0.0447
2026-06-04 08:18:05 [INFO]: Epoch 004 - training loss (default): 0.0270, validation loss: 0.0345
2026-06-04 08:18:06 [INFO]: Epoch 005 - training loss (default): 0.0211, validation loss: 0.0269
2026-06-04 08:18:07 [INFO]: Epoch 006 - training loss (default): 0.0169, validation loss: 0.0223
2026-06-04 08:18:08 [INFO]: Epoch 007 - training loss (default): 0.0145, validation loss: 0.0194
2026-06-04 08:18:09 [INFO]: Epoch 008 - training loss (default): 0.0128, validation loss: 0.0178
2026-06-04 08:18:10 [INFO]: Epoch 009 - training loss (default): 0.0113, validation loss: 0.0162
2026-06-04 08:18:11 [INFO]: Epoch 010 - training loss (default): 0.0106, validation loss: 0.0150
2026-06-04 08:18:12 [INFO]: Epoch 011 - training loss (default): 0.0095, validation loss: 0.0144
2026-06-04 08:18:13 [INFO]: Epoch 012 - training loss (default): 0.0089, validation loss: 0.0132
2026-06-04 08:18:14 [INFO]: Epoch 013 - training loss (default): 0.0084, validation loss: 0.0131
2026-06-04 08:18:15 [INFO]: Epoch 014 - training loss (default): 0.0078, validation loss: 0.0121
2026-06-04 08:18:17 [INFO]: Epoch 015 - training loss (default): 0.0074, validation loss: 0.0118
2026-06-04 08:18:18 [INFO]: Epoch 016 - training loss (default): 0.0069, validation loss: 0.0109
2026-06-04 08:18:19 [INFO]: Epoch 017 - training loss (default): 0.0068, validation loss: 0.0106
2026-06-04 08:18:20 [INFO]: Epoch 018 - training loss (default): 0.0062, validation loss: 0.0106
2026-06-04 08:18:21 [INFO]: Epoch 019 - training loss (default): 0.0058, validation loss: 0.0097
2026-06-04 08:18:22 [INFO]: Epoch 020 - training loss (default): 0.0057, validation loss: 0.0096
2026-06-04 08:18:23 [INFO]: Epoch 021 - training loss (default): 0.0053, validation loss: 0.0091
2026-06-04 08:18:24 [INFO]: Epoch 022 - training loss (default): 0.0050, validation loss: 0.0086
2026-06-04 08:18:25 [INFO]: Epoch 023 - training loss (default): 0.0048, validation loss: 0.0084
2026-06-04 08:18:26 [INFO]: Epoch 024 - training loss (default): 0.0048, validation loss: 0.0083
2026-06-04 08:18:27 [INFO]: Epoch 025 - training loss (default): 0.0043, validation loss: 0.0076
2026-06-04 08:18:29 [INFO]: Epoch 026 - training loss (default): 0.0042, validation loss: 0.0075
2026-06-04 08:18:30 [INFO]: Epoch 027 - training loss (default): 0.0041, validation loss: 0.0072
2026-06-04 08:18:31 [INFO]: Epoch 028 - training loss (default): 0.0039, validation loss: 0.0071
2026-06-04 08:18:32 [INFO]: Epoch 029 - training loss (default): 0.0038, validation loss: 0.0067
2026-06-04 08:18:33 [INFO]: Epoch 030 - training loss (default): 0.0036, validation loss: 0.0065
2026-06-04 08:18:34 [INFO]: Epoch 031 - training loss (default): 0.0034, validation loss: 0.0062
2026-06-04 08:18:35 [INFO]: Epoch 032 - training loss (default): 0.0034, validation loss: 0.0060
2026-06-04 08:18:36 [INFO]: Epoch 033 - training loss (default): 0.0032, validation loss: 0.0057
2026-06-04 08:18:37 [INFO]: Epoch 034 - training loss (default): 0.0031, validation loss: 0.0055
2026-06-04 08:18:38 [INFO]: Epoch 035 - training loss (default): 0.0030, validation loss: 0.0053
2026-06-04 08:18:39 [INFO]: Epoch 036 - training loss (default): 0.0028, validation loss: 0.0052
2026-06-04 08:18:40 [INFO]: Epoch 037 - training loss (default): 0.0028, validation loss: 0.0049
2026-06-04 08:18:42 [INFO]: Epoch 038 - training loss (default): 0.0027, validation loss: 0.0049
2026-06-04 08:18:43 [INFO]: Epoch 039 - training loss (default): 0.0025, validation loss: 0.0047
2026-06-04 08:18:44 [INFO]: Epoch 040 - training loss (default): 0.0025, validation loss: 0.0045
2026-06-04 08:18:46 [INFO]: Epoch 041 - training loss (default): 0.0024, validation loss: 0.0045
2026-06-04 08:18:47 [INFO]: Epoch 042 - training loss (default): 0.0023, validation loss: 0.0042
2026-06-04 08:18:48 [INFO]: Epoch 043 - training loss (default): 0.0022, validation loss: 0.0040
2026-06-04 08:18:49 [INFO]: Epoch 044 - training loss (default): 0.0021, validation loss: 0.0040
2026-06-04 08:18:50 [INFO]: Epoch 045 - training loss (default): 0.0020, validation loss: 0.0039
2026-06-04 08:18:51 [INFO]: Epoch 046 - training loss (default): 0.0020, validation loss: 0.0037
2026-06-04 08:18:53 [INFO]: Epoch 047 - training loss (default): 0.0019, validation loss: 0.0036
2026-06-04 08:18:54 [INFO]: Epoch 048 - training loss (default): 0.0019, validation loss: 0.0036
2026-06-04 08:18:55 [INFO]: Epoch 049 - training loss (default): 0.0018, validation loss: 0.0034
2026-06-04 08:18:56 [INFO]: Epoch 050 - training loss (default): 0.0017, validation loss: 0.0032
2026-06-04 08:18:57 [INFO]: Epoch 051 - training loss (default): 0.0017, validation loss: 0.0032
2026-06-04 08:18:59 [INFO]: Epoch 052 - training loss (default): 0.0017, validation loss: 0.0030
2026-06-04 08:19:00 [INFO]: Epoch 053 - training loss (default): 0.0016, validation loss: 0.0030
2026-06-04 08:19:01 [INFO]: Epoch 054 - training loss (default): 0.0016, validation loss: 0.0029
2026-06-04 08:19:02 [INFO]: Epoch 055 - training loss (default): 0.0015, validation loss: 0.0029
2026-06-04 08:19:03 [INFO]: Epoch 056 - training loss (default): 0.0014, validation loss: 0.0028
2026-06-04 08:19:04 [INFO]: Epoch 057 - training loss (default): 0.0014, validation loss: 0.0027
2026-06-04 08:19:05 [INFO]: Epoch 058 - training loss (default): 0.0014, validation loss: 0.0027
2026-06-04 08:19:06 [INFO]: Epoch 059 - training loss (default): 0.0014, validation loss: 0.0025
2026-06-04 08:19:08 [INFO]: Epoch 060 - training loss (default): 0.0013, validation loss: 0.0025
2026-06-04 08:19:08 [INFO]: Finished training. The best model is from epoch#60.
2026-06-04 08:19:08 [INFO]: Saved the model to output/imputation/cuda/paper_campaign/tslanet/appliances_energy/mr0.3/seed42/TSLANet.pypots
[34m
████████╗██╗███╗   ███╗███████╗    ███████╗███████╗██████╗ ██╗███████╗███████╗    █████╗ ██╗
╚══██╔══╝██║████╗ ████║██╔════╝    ██╔════╝██╔════╝██╔══██╗██║██╔════╝██╔════╝   ██╔══██╗██║
   ██║   ██║██╔████╔██║█████╗█████╗███████╗█████╗  ██████╔╝██║█████╗  ███████╗   ███████║██║
   ██║   ██║██║╚██╔╝██║██╔══╝╚════╝╚════██║██╔══╝  ██╔══██╗██║██╔══╝  ╚════██║   ██╔══██║██║
   ██║   ██║██║ ╚═╝ ██║███████╗    ███████║███████╗██║  ██║██║███████╗███████║██╗██║  ██║██║
   ╚═╝   ╚═╝╚═╝     ╚═╝╚══════╝    ╚══════╝╚══════╝╚═╝  ╚═╝╚═╝╚══════╝╚══════╝╚═╝╚═╝  ╚═╝╚═╝
ai4ts v0.0.3 - building AI for unified time-series analysis, https://time-series.ai [0m

Use Train GPT: False
Use Lora: False
Use Profiling: False
🚀 Running imputation pipeline for model: tslanet
✅ Dataset 'appliances_energy' with missing rate 0.3 loaded at: /home/Aboya_25R9803/projects/lab/SUN/iPyPOTS/datasets/rate_0.3
🚀 Starting TSLANet training pipeline...
[TSLANet] Testing —— MAE: 1.0169| MSE: 1.5364| RMSE: 1.2395| MRE: 1.0089| 
📊 Metrics saved to: output/imputation/cuda/paper_campaign/tslanet/appliances_energy/mr0.3/seed42/metrics/tslanet_metrics.json
