2026-06-04 08:10:17 [INFO]: Have set the random seed as 123 for numpy and pytorch.
2026-06-04 08:10:17 [INFO]: 🔥🔥🔥🔥🔥🔥🔥🔥🔥🔥Using device list: ['cuda:0']
2026-06-04 08:10:17 [INFO]: 🔥🔥🔥🔥🔥🔥🔥🔥🔥🔥Using the given device: cuda:0
2026-06-04 08:10:18 [INFO]: Model files will be saved to output/imputation/cuda/paper_campaign/tefn/appliances_energy/mr0.5/seed123
2026-06-04 08:10:18 [INFO]: Tensorboard file will be saved to output/imputation/cuda/paper_campaign/tefn/appliances_energy/mr0.5/seed123/tensorboard
2026-06-04 08:10:18 [INFO]: Using customized MAE as the training loss function.
2026-06-04 08:10:18 [INFO]: Using customized MSE as the validation metric function.
2026-06-04 08:10:18 [INFO]: Model placed on cuda:0
2026-06-04 08:10:18 [INFO]: TEFN initialized with the given hyperparameters.
 ├─ Total parameters: 5,408
 ├─ Trainable parameters: 5,408
 └─ Trainable ratio: 100.00%
2026-06-04 08:10:19 [INFO]: Epoch 001 - training loss (MAE): 10.2250, validation MSE: 36.8022
2026-06-04 08:10:20 [INFO]: Epoch 002 - training loss (MAE): 8.8995, validation MSE: 30.8585
2026-06-04 08:10:21 [INFO]: Epoch 003 - training loss (MAE): 8.0381, validation MSE: 26.4643
2026-06-04 08:10:21 [INFO]: Epoch 004 - training loss (MAE): 7.3934, validation MSE: 23.1692
2026-06-04 08:10:22 [INFO]: Epoch 005 - training loss (MAE): 6.8256, validation MSE: 20.5292
2026-06-04 08:10:23 [INFO]: Epoch 006 - training loss (MAE): 6.2991, validation MSE: 18.2355
2026-06-04 08:10:23 [INFO]: Epoch 007 - training loss (MAE): 5.8073, validation MSE: 16.2072
2026-06-04 08:10:24 [INFO]: Epoch 008 - training loss (MAE): 5.3498, validation MSE: 14.4544
2026-06-04 08:10:25 [INFO]: Epoch 009 - training loss (MAE): 4.9217, validation MSE: 12.9252
2026-06-04 08:10:26 [INFO]: Epoch 010 - training loss (MAE): 4.5233, validation MSE: 11.5732
2026-06-04 08:10:26 [INFO]: Epoch 011 - training loss (MAE): 4.1474, validation MSE: 10.3740
2026-06-04 08:10:27 [INFO]: Epoch 012 - training loss (MAE): 3.7862, validation MSE: 9.2983
2026-06-04 08:10:28 [INFO]: Epoch 013 - training loss (MAE): 3.4471, validation MSE: 8.3084
2026-06-04 08:10:29 [INFO]: Epoch 014 - training loss (MAE): 3.1328, validation MSE: 7.4576
2026-06-04 08:10:29 [INFO]: Epoch 015 - training loss (MAE): 2.8415, validation MSE: 6.6914
2026-06-04 08:10:30 [INFO]: Epoch 016 - training loss (MAE): 2.5781, validation MSE: 6.0442
2026-06-04 08:10:31 [INFO]: Epoch 017 - training loss (MAE): 2.3493, validation MSE: 5.4760
2026-06-04 08:10:31 [INFO]: Epoch 018 - training loss (MAE): 2.1503, validation MSE: 4.9990
2026-06-04 08:10:32 [INFO]: Epoch 019 - training loss (MAE): 1.9727, validation MSE: 4.5718
2026-06-04 08:10:33 [INFO]: Epoch 020 - training loss (MAE): 1.8164, validation MSE: 4.2170
2026-06-04 08:10:33 [INFO]: Epoch 021 - training loss (MAE): 1.6779, validation MSE: 3.8983
2026-06-04 08:10:34 [INFO]: Epoch 022 - training loss (MAE): 1.5630, validation MSE: 3.6416
2026-06-04 08:10:34 [INFO]: Epoch 023 - training loss (MAE): 1.4649, validation MSE: 3.4145
2026-06-04 08:10:35 [INFO]: Epoch 024 - training loss (MAE): 1.3871, validation MSE: 3.2376
2026-06-04 08:10:36 [INFO]: Epoch 025 - training loss (MAE): 1.3252, validation MSE: 3.0630
2026-06-04 08:10:36 [INFO]: Epoch 026 - training loss (MAE): 1.2741, validation MSE: 2.9016
2026-06-04 08:10:37 [INFO]: Epoch 027 - training loss (MAE): 1.2279, validation MSE: 2.7516
2026-06-04 08:10:37 [INFO]: Epoch 028 - training loss (MAE): 1.1866, validation MSE: 2.6064
2026-06-04 08:10:38 [INFO]: Epoch 029 - training loss (MAE): 1.1504, validation MSE: 2.4784
2026-06-04 08:10:38 [INFO]: Epoch 030 - training loss (MAE): 1.1147, validation MSE: 2.3587
2026-06-04 08:10:39 [INFO]: Epoch 031 - training loss (MAE): 1.0842, validation MSE: 2.2339
2026-06-04 08:10:39 [INFO]: Epoch 032 - training loss (MAE): 1.0551, validation MSE: 2.1224
2026-06-04 08:10:40 [INFO]: Epoch 033 - training loss (MAE): 1.0270, validation MSE: 2.0147
2026-06-04 08:10:41 [INFO]: Epoch 034 - training loss (MAE): 1.0008, validation MSE: 1.9135
2026-06-04 08:10:41 [INFO]: Epoch 035 - training loss (MAE): 0.9749, validation MSE: 1.8105
2026-06-04 08:10:42 [INFO]: Epoch 036 - training loss (MAE): 0.9507, validation MSE: 1.7232
2026-06-04 08:10:42 [INFO]: Epoch 037 - training loss (MAE): 0.9280, validation MSE: 1.6276
2026-06-04 08:10:43 [INFO]: Epoch 038 - training loss (MAE): 0.9056, validation MSE: 1.5573
2026-06-04 08:10:43 [INFO]: Epoch 039 - training loss (MAE): 0.8833, validation MSE: 1.4758
2026-06-04 08:10:44 [INFO]: Epoch 040 - training loss (MAE): 0.8645, validation MSE: 1.3968
2026-06-04 08:10:45 [INFO]: Epoch 041 - training loss (MAE): 0.8421, validation MSE: 1.3219
2026-06-04 08:10:45 [INFO]: Epoch 042 - training loss (MAE): 0.8216, validation MSE: 1.2511
2026-06-04 08:10:46 [INFO]: Epoch 043 - training loss (MAE): 0.8019, validation MSE: 1.1892
2026-06-04 08:10:46 [INFO]: Epoch 044 - training loss (MAE): 0.7833, validation MSE: 1.1266
2026-06-04 08:10:47 [INFO]: Epoch 045 - training loss (MAE): 0.7653, validation MSE: 1.0691
2026-06-04 08:10:48 [INFO]: Epoch 046 - training loss (MAE): 0.7479, validation MSE: 1.0138
2026-06-04 08:10:48 [INFO]: Epoch 047 - training loss (MAE): 0.7315, validation MSE: 0.9682
2026-06-04 08:10:49 [INFO]: Epoch 048 - training loss (MAE): 0.7155, validation MSE: 0.9198
2026-06-04 08:10:49 [INFO]: Epoch 049 - training loss (MAE): 0.7012, validation MSE: 0.8803
2026-06-04 08:10:50 [INFO]: Epoch 050 - training loss (MAE): 0.6897, validation MSE: 0.8493
2026-06-04 08:10:50 [INFO]: Epoch 051 - training loss (MAE): 0.6761, validation MSE: 0.8065
2026-06-04 08:10:51 [INFO]: Epoch 052 - training loss (MAE): 0.6662, validation MSE: 0.7791
2026-06-04 08:10:51 [INFO]: Epoch 053 - training loss (MAE): 0.6551, validation MSE: 0.7489
2026-06-04 08:10:52 [INFO]: Epoch 054 - training loss (MAE): 0.6471, validation MSE: 0.7218
2026-06-04 08:10:53 [INFO]: Epoch 055 - training loss (MAE): 0.6399, validation MSE: 0.7047
2026-06-04 08:10:53 [INFO]: Epoch 056 - training loss (MAE): 0.6335, validation MSE: 0.6843
2026-06-04 08:10:54 [INFO]: Epoch 057 - training loss (MAE): 0.6273, validation MSE: 0.6663
2026-06-04 08:10:54 [INFO]: Epoch 058 - training loss (MAE): 0.6233, validation MSE: 0.6488
2026-06-04 08:10:55 [INFO]: Epoch 059 - training loss (MAE): 0.6193, validation MSE: 0.6335
2026-06-04 08:10:55 [INFO]: Epoch 060 - training loss (MAE): 0.6135, validation MSE: 0.6206
2026-06-04 08:10:55 [INFO]: Finished training. The best model is from epoch#60.
2026-06-04 08:10:55 [INFO]: Saved the model to output/imputation/cuda/paper_campaign/tefn/appliances_energy/mr0.5/seed123/TEFN.pypots
[34m
████████╗██╗███╗   ███╗███████╗    ███████╗███████╗██████╗ ██╗███████╗███████╗    █████╗ ██╗
╚══██╔══╝██║████╗ ████║██╔════╝    ██╔════╝██╔════╝██╔══██╗██║██╔════╝██╔════╝   ██╔══██╗██║
   ██║   ██║██╔████╔██║█████╗█████╗███████╗█████╗  ██████╔╝██║█████╗  ███████╗   ███████║██║
   ██║   ██║██║╚██╔╝██║██╔══╝╚════╝╚════██║██╔══╝  ██╔══██╗██║██╔══╝  ╚════██║   ██╔══██║██║
   ██║   ██║██║ ╚═╝ ██║███████╗    ███████║███████╗██║  ██║██║███████╗███████║██╗██║  ██║██║
   ╚═╝   ╚═╝╚═╝     ╚═╝╚══════╝    ╚══════╝╚══════╝╚═╝  ╚═╝╚═╝╚══════╝╚══════╝╚═╝╚═╝  ╚═╝╚═╝
ai4ts v0.0.3 - building AI for unified time-series analysis, https://time-series.ai [0m

Use Train GPT: False
Use Lora: False
Use Profiling: False
🚀 Running imputation pipeline for model: tefn
✅ Dataset 'appliances_energy' with missing rate 0.5 loaded at: /home/Aboya_25R9803/projects/lab/SUN/iPyPOTS/datasets/rate_0.5
🚀 Starting TEFN training pipeline...
[TEFN] Testing —— MAE: 0.8165| MSE: 1.1385| RMSE: 1.0670| MRE: 0.8104| 
📊 Metrics saved to: output/imputation/cuda/paper_campaign/tefn/appliances_energy/mr0.5/seed123/metrics/tefn_metrics.json
