2026-06-04 09:37:12 [INFO]: Have set the random seed as 42 for numpy and pytorch.
2026-06-04 09:37:14 [INFO]: 🔥🔥🔥🔥🔥🔥🔥🔥🔥🔥Using device list: ['cuda:0']
2026-06-04 09:37:14 [INFO]: 🔥🔥🔥🔥🔥🔥🔥🔥🔥🔥Using the given device: cuda:0
2026-06-04 09:37:14 [INFO]: Model files will be saved to output/imputation/cuda/paper_campaign/tefn/citylearn_zone5/mr0.5/seed42
2026-06-04 09:37:14 [INFO]: Tensorboard file will be saved to output/imputation/cuda/paper_campaign/tefn/citylearn_zone5/mr0.5/seed42/tensorboard
2026-06-04 09:37:14 [INFO]: Using customized MAE as the training loss function.
2026-06-04 09:37:14 [INFO]: Using customized MSE as the validation metric function.
2026-06-04 09:37:14 [INFO]: Model placed on cuda:0
2026-06-04 09:37:14 [INFO]: TEFN initialized with the given hyperparameters.
 ├─ Total parameters: 6,836
 ├─ Trainable parameters: 6,836
 └─ Trainable ratio: 100.00%
2026-06-04 09:37:16 [INFO]: Epoch 001 - training loss (MAE): 8.9238, validation MSE: 27.6574
2026-06-04 09:37:18 [INFO]: Epoch 002 - training loss (MAE): 7.3246, validation MSE: 21.1480
2026-06-04 09:37:19 [INFO]: Epoch 003 - training loss (MAE): 6.2496, validation MSE: 16.6268
2026-06-04 09:37:20 [INFO]: Epoch 004 - training loss (MAE): 5.3972, validation MSE: 13.3031
2026-06-04 09:37:21 [INFO]: Epoch 005 - training loss (MAE): 4.6384, validation MSE: 10.7670
2026-06-04 09:37:22 [INFO]: Epoch 006 - training loss (MAE): 3.9592, validation MSE: 8.7830
2026-06-04 09:37:24 [INFO]: Epoch 007 - training loss (MAE): 3.3645, validation MSE: 7.2566
2026-06-04 09:37:25 [INFO]: Epoch 008 - training loss (MAE): 2.8699, validation MSE: 6.1073
2026-06-04 09:37:26 [INFO]: Epoch 009 - training loss (MAE): 2.4854, validation MSE: 5.2384
2026-06-04 09:37:27 [INFO]: Epoch 010 - training loss (MAE): 2.1879, validation MSE: 4.5513
2026-06-04 09:37:28 [INFO]: Epoch 011 - training loss (MAE): 1.9470, validation MSE: 3.9961
2026-06-04 09:37:30 [INFO]: Epoch 012 - training loss (MAE): 1.7447, validation MSE: 3.5383
2026-06-04 09:37:31 [INFO]: Epoch 013 - training loss (MAE): 1.5820, validation MSE: 3.1795
2026-06-04 09:37:32 [INFO]: Epoch 014 - training loss (MAE): 1.4512, validation MSE: 2.8708
2026-06-04 09:37:33 [INFO]: Epoch 015 - training loss (MAE): 1.3447, validation MSE: 2.6124
2026-06-04 09:37:38 [INFO]: Epoch 016 - training loss (MAE): 1.2519, validation MSE: 2.3896
2026-06-04 09:37:39 [INFO]: Epoch 017 - training loss (MAE): 1.1733, validation MSE: 2.2107
2026-06-04 09:37:40 [INFO]: Epoch 018 - training loss (MAE): 1.1078, validation MSE: 2.0391
2026-06-04 09:37:41 [INFO]: Epoch 019 - training loss (MAE): 1.0522, validation MSE: 1.9011
2026-06-04 09:37:43 [INFO]: Epoch 020 - training loss (MAE): 1.0036, validation MSE: 1.7702
2026-06-04 09:37:44 [INFO]: Epoch 021 - training loss (MAE): 0.9628, validation MSE: 1.6697
2026-06-04 09:37:46 [INFO]: Epoch 022 - training loss (MAE): 0.9259, validation MSE: 1.5721
2026-06-04 09:37:47 [INFO]: Epoch 023 - training loss (MAE): 0.8945, validation MSE: 1.4907
2026-06-04 09:37:48 [INFO]: Epoch 024 - training loss (MAE): 0.8676, validation MSE: 1.4260
2026-06-04 09:37:52 [INFO]: Epoch 025 - training loss (MAE): 0.8438, validation MSE: 1.3615
2026-06-04 09:37:53 [INFO]: Epoch 026 - training loss (MAE): 0.8237, validation MSE: 1.3062
2026-06-04 09:37:55 [INFO]: Epoch 027 - training loss (MAE): 0.8059, validation MSE: 1.2564
2026-06-04 09:37:56 [INFO]: Epoch 028 - training loss (MAE): 0.7897, validation MSE: 1.2222
2026-06-04 09:37:58 [INFO]: Epoch 029 - training loss (MAE): 0.7761, validation MSE: 1.1782
2026-06-04 09:37:59 [INFO]: Epoch 030 - training loss (MAE): 0.7643, validation MSE: 1.1402
2026-06-04 09:38:00 [INFO]: Epoch 031 - training loss (MAE): 0.7533, validation MSE: 1.1114
2026-06-04 09:38:02 [INFO]: Epoch 032 - training loss (MAE): 0.7442, validation MSE: 1.0818
2026-06-04 09:38:03 [INFO]: Epoch 033 - training loss (MAE): 0.7357, validation MSE: 1.0601
2026-06-04 09:38:04 [INFO]: Epoch 034 - training loss (MAE): 0.7292, validation MSE: 1.0404
2026-06-04 09:38:06 [INFO]: Epoch 035 - training loss (MAE): 0.7235, validation MSE: 1.0117
2026-06-04 09:38:07 [INFO]: Epoch 036 - training loss (MAE): 0.7179, validation MSE: 1.0070
2026-06-04 09:38:08 [INFO]: Epoch 037 - training loss (MAE): 0.7139, validation MSE: 0.9839
2026-06-04 09:38:09 [INFO]: Epoch 038 - training loss (MAE): 0.7115, validation MSE: 0.9722
2026-06-04 09:38:11 [INFO]: Epoch 039 - training loss (MAE): 0.7081, validation MSE: 0.9615
2026-06-04 09:38:12 [INFO]: Epoch 040 - training loss (MAE): 0.7055, validation MSE: 0.9532
2026-06-04 09:38:13 [INFO]: Epoch 041 - training loss (MAE): 0.7031, validation MSE: 0.9493
2026-06-04 09:38:14 [INFO]: Epoch 042 - training loss (MAE): 0.7022, validation MSE: 0.9416
2026-06-04 09:38:15 [INFO]: Epoch 043 - training loss (MAE): 0.7008, validation MSE: 0.9332
2026-06-04 09:38:17 [INFO]: Epoch 044 - training loss (MAE): 0.6997, validation MSE: 0.9283
2026-06-04 09:38:18 [INFO]: Epoch 045 - training loss (MAE): 0.6983, validation MSE: 0.9301
2026-06-04 09:38:19 [INFO]: Epoch 046 - training loss (MAE): 0.6983, validation MSE: 0.9246
2026-06-04 09:38:20 [INFO]: Epoch 047 - training loss (MAE): 0.6976, validation MSE: 0.9197
2026-06-04 09:38:22 [INFO]: Epoch 048 - training loss (MAE): 0.6967, validation MSE: 0.9214
2026-06-04 09:38:23 [INFO]: Epoch 049 - training loss (MAE): 0.6962, validation MSE: 0.9181
2026-06-04 09:38:24 [INFO]: Epoch 050 - training loss (MAE): 0.6956, validation MSE: 0.9113
2026-06-04 09:38:25 [INFO]: Epoch 051 - training loss (MAE): 0.6948, validation MSE: 0.9167
2026-06-04 09:38:27 [INFO]: Epoch 052 - training loss (MAE): 0.6948, validation MSE: 0.9123
2026-06-04 09:38:28 [INFO]: Epoch 053 - training loss (MAE): 0.6945, validation MSE: 0.9091
2026-06-04 09:38:29 [INFO]: Epoch 054 - training loss (MAE): 0.6940, validation MSE: 0.9120
2026-06-04 09:38:30 [INFO]: Epoch 055 - training loss (MAE): 0.6940, validation MSE: 0.9111
2026-06-04 09:38:32 [INFO]: Epoch 056 - training loss (MAE): 0.6937, validation MSE: 0.9119
2026-06-04 09:38:33 [INFO]: Epoch 057 - training loss (MAE): 0.6944, validation MSE: 0.9040
2026-06-04 09:38:35 [INFO]: Epoch 058 - training loss (MAE): 0.6937, validation MSE: 0.9099
2026-06-04 09:38:38 [INFO]: Epoch 059 - training loss (MAE): 0.6943, validation MSE: 0.9083
2026-06-04 09:38:39 [INFO]: Epoch 060 - training loss (MAE): 0.6941, validation MSE: 0.9045
2026-06-04 09:38:39 [INFO]: Finished training. The best model is from epoch#57.
2026-06-04 09:38:40 [INFO]: Saved the model to output/imputation/cuda/paper_campaign/tefn/citylearn_zone5/mr0.5/seed42/TEFN.pypots
[34m
████████╗██╗███╗   ███╗███████╗    ███████╗███████╗██████╗ ██╗███████╗███████╗    █████╗ ██╗
╚══██╔══╝██║████╗ ████║██╔════╝    ██╔════╝██╔════╝██╔══██╗██║██╔════╝██╔════╝   ██╔══██╗██║
   ██║   ██║██╔████╔██║█████╗█████╗███████╗█████╗  ██████╔╝██║█████╗  ███████╗   ███████║██║
   ██║   ██║██║╚██╔╝██║██╔══╝╚════╝╚════██║██╔══╝  ██╔══██╗██║██╔══╝  ╚════██║   ██╔══██║██║
   ██║   ██║██║ ╚═╝ ██║███████╗    ███████║███████╗██║  ██║██║███████╗███████║██╗██║  ██║██║
   ╚═╝   ╚═╝╚═╝     ╚═╝╚══════╝    ╚══════╝╚══════╝╚═╝  ╚═╝╚═╝╚══════╝╚══════╝╚═╝╚═╝  ╚═╝╚═╝
ai4ts v0.0.3 - building AI for unified time-series analysis, https://time-series.ai [0m

Use Train GPT: False
Use Lora: False
Use Profiling: False
🚀 Running imputation pipeline for model: tefn
✅ Dataset 'citylearn_zone5' with missing rate 0.5 loaded at: /home/Aboya_25R9803/projects/lab/SUN/iPyPOTS/datasets/rate_0.5
🚀 Starting TEFN training pipeline...
[TEFN] Testing —— MAE: 0.5915| MSE: 0.6643| RMSE: 0.8150| MRE: 0.7263| 
📊 Metrics saved to: output/imputation/cuda/paper_campaign/tefn/citylearn_zone5/mr0.5/seed42/metrics/tefn_metrics.json
