2026-06-04 04:39:45 [INFO]: Have set the random seed as 42 for numpy and pytorch.
2026-06-04 04:39:56 [INFO]: 🔥🔥🔥🔥🔥🔥🔥🔥🔥🔥Using device list: None
2026-06-04 04:39:57 [INFO]: 🔥🔥🔥🔥🔥🔥🔥🔥🔥🔥No given device, using default device: cuda
[34m
████████╗██╗███╗   ███╗███████╗    ███████╗███████╗██████╗ ██╗███████╗███████╗    █████╗ ██╗
╚══██╔══╝██║████╗ ████║██╔════╝    ██╔════╝██╔════╝██╔══██╗██║██╔════╝██╔════╝   ██╔══██╗██║
   ██║   ██║██╔████╔██║█████╗█████╗███████╗█████╗  ██████╔╝██║█████╗  ███████╗   ███████║██║
   ██║   ██║██║╚██╔╝██║██╔══╝╚════╝╚════██║██╔══╝  ██╔══██╗██║██╔══╝  ╚════██║   ██╔══██║██║
   ██║   ██║██║ ╚═╝ ██║███████╗    ███████║███████╗██║  ██║██║███████╗███████║██╗██║  ██║██║
   ╚═╝   ╚═╝╚═╝     ╚═╝╚══════╝    ╚══════╝╚══════╝╚═╝  ╚═╝╚═╝╚══════╝╚══════╝╚═╝╚═╝  ╚═╝╚═╝
ai4ts v0.0.3 - building AI for unified time-series analysis, https://time-series.ai [0m

Use Train GPT: False
Use Lora: False
Use Profiling: False
🚀 Running imputation pipeline for model: mean
Downloading https://d396qusza40orc.cloudfront.net/exdata%2Fdata%2Fhousehold_power_consumption.zip -> /home/Aboya_25R9803/projects/lab/SUN/iPyPOTS/datasets/household_power/household_power.zip
✅ Dataset 'household_power' with missing rate 0.1 loaded at: /home/Aboya_25R9803/projects/lab/SUN/iPyPOTS/datasets/rate_0.1
🚀 Starting Mean imputation baseline...
[Mean] Testing —— MAE: 0.7154| MSE: 0.8450| RMSE: 0.9193| MRE: 0.9849| 
📊 Metrics saved to: output/imputation/cuda/paper_campaign/mean/household_power/mr0.1/seed42/metrics/mean_metrics.json
