2026-06-04 05:58:18 [INFO]: Have set the random seed as 456 for numpy and pytorch.
2026-06-04 05:58:20 [INFO]: 🔥🔥🔥🔥🔥🔥🔥🔥🔥🔥Using device list: ['cuda:0']
2026-06-04 05:58:20 [INFO]: 🔥🔥🔥🔥🔥🔥🔥🔥🔥🔥Using the given device: cuda:0
2026-06-04 05:58:20 [INFO]: Model files will be saved to output/imputation/cuda/paper_campaign/tslanet/opsd_germany/mr0.5/seed456
2026-06-04 05:58:20 [INFO]: Tensorboard file will be saved to output/imputation/cuda/paper_campaign/tslanet/opsd_germany/mr0.5/seed456/tensorboard
2026-06-04 05:58:20 [INFO]: Model placed on cuda:0
2026-06-04 05:58:20 [INFO]: TSLANet initialized with the given hyperparameters.
 ├─ Total parameters: 416,106
 ├─ Trainable parameters: 416,106
 └─ Trainable ratio: 100.00%
2026-06-04 05:58:23 [INFO]: Epoch 001 - training loss (default): 0.0991, validation loss: 0.1111
2026-06-04 05:58:25 [INFO]: Epoch 002 - training loss (default): 0.0200, validation loss: 0.1113
2026-06-04 05:58:28 [INFO]: Epoch 003 - training loss (default): 0.0116, validation loss: 0.1061
2026-06-04 05:58:30 [INFO]: Epoch 004 - training loss (default): 0.0084, validation loss: 0.0999
2026-06-04 05:58:32 [INFO]: Epoch 005 - training loss (default): 0.0065, validation loss: 0.0945
2026-06-04 05:58:34 [INFO]: Epoch 006 - training loss (default): 0.0052, validation loss: 0.0888
2026-06-04 05:58:36 [INFO]: Epoch 007 - training loss (default): 0.0043, validation loss: 0.0837
2026-06-04 05:58:38 [INFO]: Epoch 008 - training loss (default): 0.0036, validation loss: 0.0792
2026-06-04 05:58:41 [INFO]: Epoch 009 - training loss (default): 0.0031, validation loss: 0.0752
2026-06-04 05:58:43 [INFO]: Epoch 010 - training loss (default): 0.0027, validation loss: 0.0723
2026-06-04 05:58:45 [INFO]: Epoch 011 - training loss (default): 0.0023, validation loss: 0.0691
2026-06-04 05:58:47 [INFO]: Epoch 012 - training loss (default): 0.0020, validation loss: 0.0661
2026-06-04 05:58:49 [INFO]: Epoch 013 - training loss (default): 0.0018, validation loss: 0.0640
2026-06-04 05:58:51 [INFO]: Epoch 014 - training loss (default): 0.0016, validation loss: 0.0615
2026-06-04 05:58:53 [INFO]: Epoch 015 - training loss (default): 0.0014, validation loss: 0.0599
2026-06-04 05:58:55 [INFO]: Epoch 016 - training loss (default): 0.0012, validation loss: 0.0579
2026-06-04 05:58:57 [INFO]: Epoch 017 - training loss (default): 0.0011, validation loss: 0.0561
2026-06-04 05:58:59 [INFO]: Epoch 018 - training loss (default): 0.0010, validation loss: 0.0547
2026-06-04 05:59:01 [INFO]: Epoch 019 - training loss (default): 0.0009, validation loss: 0.0533
2026-06-04 05:59:03 [INFO]: Epoch 020 - training loss (default): 0.0008, validation loss: 0.0527
2026-06-04 05:59:05 [INFO]: Epoch 021 - training loss (default): 0.0008, validation loss: 0.0510
2026-06-04 05:59:07 [INFO]: Epoch 022 - training loss (default): 0.0007, validation loss: 0.0496
2026-06-04 05:59:08 [INFO]: Epoch 023 - training loss (default): 0.0007, validation loss: 0.0486
2026-06-04 05:59:10 [INFO]: Epoch 024 - training loss (default): 0.0006, validation loss: 0.0479
2026-06-04 05:59:11 [INFO]: Epoch 025 - training loss (default): 0.0006, validation loss: 0.0467
2026-06-04 05:59:13 [INFO]: Epoch 026 - training loss (default): 0.0005, validation loss: 0.0460
2026-06-04 05:59:14 [INFO]: Epoch 027 - training loss (default): 0.0005, validation loss: 0.0447
2026-06-04 05:59:16 [INFO]: Epoch 028 - training loss (default): 0.0005, validation loss: 0.0442
2026-06-04 05:59:18 [INFO]: Epoch 029 - training loss (default): 0.0004, validation loss: 0.0434
2026-06-04 05:59:20 [INFO]: Epoch 030 - training loss (default): 0.0004, validation loss: 0.0428
2026-06-04 05:59:22 [INFO]: Epoch 031 - training loss (default): 0.0004, validation loss: 0.0420
2026-06-04 05:59:23 [INFO]: Epoch 032 - training loss (default): 0.0004, validation loss: 0.0414
2026-06-04 05:59:25 [INFO]: Epoch 033 - training loss (default): 0.0004, validation loss: 0.0407
2026-06-04 05:59:27 [INFO]: Epoch 034 - training loss (default): 0.0003, validation loss: 0.0402
2026-06-04 05:59:29 [INFO]: Epoch 035 - training loss (default): 0.0003, validation loss: 0.0392
2026-06-04 05:59:30 [INFO]: Epoch 036 - training loss (default): 0.0003, validation loss: 0.0387
2026-06-04 05:59:32 [INFO]: Epoch 037 - training loss (default): 0.0003, validation loss: 0.0382
2026-06-04 05:59:34 [INFO]: Epoch 038 - training loss (default): 0.0003, validation loss: 0.0376
2026-06-04 05:59:36 [INFO]: Epoch 039 - training loss (default): 0.0003, validation loss: 0.0375
2026-06-04 05:59:38 [INFO]: Epoch 040 - training loss (default): 0.0003, validation loss: 0.0367
2026-06-04 05:59:39 [INFO]: Epoch 041 - training loss (default): 0.0002, validation loss: 0.0362
2026-06-04 05:59:41 [INFO]: Epoch 042 - training loss (default): 0.0002, validation loss: 0.0356
2026-06-04 05:59:43 [INFO]: Epoch 043 - training loss (default): 0.0002, validation loss: 0.0355
2026-06-04 05:59:45 [INFO]: Epoch 044 - training loss (default): 0.0002, validation loss: 0.0349
2026-06-04 05:59:47 [INFO]: Epoch 045 - training loss (default): 0.0002, validation loss: 0.0345
2026-06-04 05:59:49 [INFO]: Epoch 046 - training loss (default): 0.0002, validation loss: 0.0339
2026-06-04 05:59:51 [INFO]: Epoch 047 - training loss (default): 0.0002, validation loss: 0.0336
2026-06-04 05:59:53 [INFO]: Epoch 048 - training loss (default): 0.0002, validation loss: 0.0332
2026-06-04 05:59:55 [INFO]: Epoch 049 - training loss (default): 0.0002, validation loss: 0.0332
2026-06-04 05:59:58 [INFO]: Epoch 050 - training loss (default): 0.0002, validation loss: 0.0327
2026-06-04 06:00:00 [INFO]: Epoch 051 - training loss (default): 0.0002, validation loss: 0.0321
2026-06-04 06:00:02 [INFO]: Epoch 052 - training loss (default): 0.0002, validation loss: 0.0319
2026-06-04 06:00:04 [INFO]: Epoch 053 - training loss (default): 0.0002, validation loss: 0.0314
2026-06-04 06:00:06 [INFO]: Epoch 054 - training loss (default): 0.0002, validation loss: 0.0314
2026-06-04 06:00:08 [INFO]: Epoch 055 - training loss (default): 0.0002, validation loss: 0.0310
2026-06-04 06:00:10 [INFO]: Epoch 056 - training loss (default): 0.0001, validation loss: 0.0307
2026-06-04 06:00:13 [INFO]: Epoch 057 - training loss (default): 0.0001, validation loss: 0.0302
2026-06-04 06:00:15 [INFO]: Epoch 058 - training loss (default): 0.0001, validation loss: 0.0303
2026-06-04 06:00:17 [INFO]: Epoch 059 - training loss (default): 0.0001, validation loss: 0.0297
2026-06-04 06:00:19 [INFO]: Epoch 060 - training loss (default): 0.0001, validation loss: 0.0295
2026-06-04 06:00:19 [INFO]: Finished training. The best model is from epoch#60.
2026-06-04 06:00:19 [INFO]: Saved the model to output/imputation/cuda/paper_campaign/tslanet/opsd_germany/mr0.5/seed456/TSLANet.pypots
[34m
████████╗██╗███╗   ███╗███████╗    ███████╗███████╗██████╗ ██╗███████╗███████╗    █████╗ ██╗
╚══██╔══╝██║████╗ ████║██╔════╝    ██╔════╝██╔════╝██╔══██╗██║██╔════╝██╔════╝   ██╔══██╗██║
   ██║   ██║██╔████╔██║█████╗█████╗███████╗█████╗  ██████╔╝██║█████╗  ███████╗   ███████║██║
   ██║   ██║██║╚██╔╝██║██╔══╝╚════╝╚════██║██╔══╝  ██╔══██╗██║██╔══╝  ╚════██║   ██╔══██║██║
   ██║   ██║██║ ╚═╝ ██║███████╗    ███████║███████╗██║  ██║██║███████╗███████║██╗██║  ██║██║
   ╚═╝   ╚═╝╚═╝     ╚═╝╚══════╝    ╚══════╝╚══════╝╚═╝  ╚═╝╚═╝╚══════╝╚══════╝╚═╝╚═╝  ╚═╝╚═╝
ai4ts v0.0.3 - building AI for unified time-series analysis, https://time-series.ai [0m

Use Train GPT: False
Use Lora: False
Use Profiling: False
🚀 Running imputation pipeline for model: tslanet
✅ Dataset 'opsd_germany' with missing rate 0.5 loaded at: /home/Aboya_25R9803/projects/lab/SUN/iPyPOTS/datasets/rate_0.5
🚀 Starting TSLANet training pipeline...
[TSLANet] Testing —— MAE: 0.9199| MSE: 1.2410| RMSE: 1.1140| MRE: 1.0130| 
📊 Metrics saved to: output/imputation/cuda/paper_campaign/tslanet/opsd_germany/mr0.5/seed456/metrics/tslanet_metrics.json
