2026-06-04 05:51:45 [INFO]: Have set the random seed as 456 for numpy and pytorch.
2026-06-04 05:51:47 [INFO]: 🔥🔥🔥🔥🔥🔥🔥🔥🔥🔥Using device list: ['cuda:0']
2026-06-04 05:51:47 [INFO]: 🔥🔥🔥🔥🔥🔥🔥🔥🔥🔥Using the given device: cuda:0
2026-06-04 05:51:47 [INFO]: Model files will be saved to output/imputation/cuda/paper_campaign/tslanet/opsd_germany/mr0.3/seed456
2026-06-04 05:51:47 [INFO]: Tensorboard file will be saved to output/imputation/cuda/paper_campaign/tslanet/opsd_germany/mr0.3/seed456/tensorboard
2026-06-04 05:51:48 [INFO]: Model placed on cuda:0
2026-06-04 05:51:48 [INFO]: TSLANet initialized with the given hyperparameters.
 ├─ Total parameters: 416,106
 ├─ Trainable parameters: 416,106
 └─ Trainable ratio: 100.00%
2026-06-04 05:51:49 [INFO]: Epoch 001 - training loss (default): 0.0991, validation loss: 0.0962
2026-06-04 05:51:51 [INFO]: Epoch 002 - training loss (default): 0.0200, validation loss: 0.0927
2026-06-04 05:51:53 [INFO]: Epoch 003 - training loss (default): 0.0116, validation loss: 0.0885
2026-06-04 05:51:56 [INFO]: Epoch 004 - training loss (default): 0.0084, validation loss: 0.0836
2026-06-04 05:51:58 [INFO]: Epoch 005 - training loss (default): 0.0065, validation loss: 0.0798
2026-06-04 05:52:00 [INFO]: Epoch 006 - training loss (default): 0.0052, validation loss: 0.0748
2026-06-04 05:52:02 [INFO]: Epoch 007 - training loss (default): 0.0043, validation loss: 0.0707
2026-06-04 05:52:04 [INFO]: Epoch 008 - training loss (default): 0.0036, validation loss: 0.0671
2026-06-04 05:52:06 [INFO]: Epoch 009 - training loss (default): 0.0031, validation loss: 0.0638
2026-06-04 05:52:08 [INFO]: Epoch 010 - training loss (default): 0.0027, validation loss: 0.0611
2026-06-04 05:52:10 [INFO]: Epoch 011 - training loss (default): 0.0023, validation loss: 0.0588
2026-06-04 05:52:12 [INFO]: Epoch 012 - training loss (default): 0.0020, validation loss: 0.0560
2026-06-04 05:52:14 [INFO]: Epoch 013 - training loss (default): 0.0018, validation loss: 0.0544
2026-06-04 05:52:16 [INFO]: Epoch 014 - training loss (default): 0.0016, validation loss: 0.0521
2026-06-04 05:52:17 [INFO]: Epoch 015 - training loss (default): 0.0014, validation loss: 0.0508
2026-06-04 05:52:19 [INFO]: Epoch 016 - training loss (default): 0.0012, validation loss: 0.0489
2026-06-04 05:52:21 [INFO]: Epoch 017 - training loss (default): 0.0011, validation loss: 0.0473
2026-06-04 05:52:23 [INFO]: Epoch 018 - training loss (default): 0.0010, validation loss: 0.0461
2026-06-04 05:52:24 [INFO]: Epoch 019 - training loss (default): 0.0009, validation loss: 0.0449
2026-06-04 05:52:26 [INFO]: Epoch 020 - training loss (default): 0.0008, validation loss: 0.0444
2026-06-04 05:52:28 [INFO]: Epoch 021 - training loss (default): 0.0008, validation loss: 0.0428
2026-06-04 05:52:30 [INFO]: Epoch 022 - training loss (default): 0.0007, validation loss: 0.0418
2026-06-04 05:52:32 [INFO]: Epoch 023 - training loss (default): 0.0007, validation loss: 0.0409
2026-06-04 05:52:34 [INFO]: Epoch 024 - training loss (default): 0.0006, validation loss: 0.0402
2026-06-04 05:52:36 [INFO]: Epoch 025 - training loss (default): 0.0006, validation loss: 0.0393
2026-06-04 05:52:38 [INFO]: Epoch 026 - training loss (default): 0.0005, validation loss: 0.0385
2026-06-04 05:52:39 [INFO]: Epoch 027 - training loss (default): 0.0005, validation loss: 0.0375
2026-06-04 05:52:41 [INFO]: Epoch 028 - training loss (default): 0.0005, validation loss: 0.0371
2026-06-04 05:52:43 [INFO]: Epoch 029 - training loss (default): 0.0004, validation loss: 0.0363
2026-06-04 05:52:45 [INFO]: Epoch 030 - training loss (default): 0.0004, validation loss: 0.0360
2026-06-04 05:52:46 [INFO]: Epoch 031 - training loss (default): 0.0004, validation loss: 0.0350
2026-06-04 05:52:48 [INFO]: Epoch 032 - training loss (default): 0.0004, validation loss: 0.0347
2026-06-04 05:52:50 [INFO]: Epoch 033 - training loss (default): 0.0004, validation loss: 0.0339
2026-06-04 05:52:52 [INFO]: Epoch 034 - training loss (default): 0.0003, validation loss: 0.0335
2026-06-04 05:52:54 [INFO]: Epoch 035 - training loss (default): 0.0003, validation loss: 0.0328
2026-06-04 05:52:56 [INFO]: Epoch 036 - training loss (default): 0.0003, validation loss: 0.0322
2026-06-04 05:52:58 [INFO]: Epoch 037 - training loss (default): 0.0003, validation loss: 0.0320
2026-06-04 05:53:00 [INFO]: Epoch 038 - training loss (default): 0.0003, validation loss: 0.0313
2026-06-04 05:53:02 [INFO]: Epoch 039 - training loss (default): 0.0003, validation loss: 0.0314
2026-06-04 05:53:04 [INFO]: Epoch 040 - training loss (default): 0.0003, validation loss: 0.0304
2026-06-04 05:53:06 [INFO]: Epoch 041 - training loss (default): 0.0002, validation loss: 0.0300
2026-06-04 05:53:09 [INFO]: Epoch 042 - training loss (default): 0.0002, validation loss: 0.0296
2026-06-04 05:53:11 [INFO]: Epoch 043 - training loss (default): 0.0002, validation loss: 0.0294
2026-06-04 05:53:13 [INFO]: Epoch 044 - training loss (default): 0.0002, validation loss: 0.0291
2026-06-04 05:53:15 [INFO]: Epoch 045 - training loss (default): 0.0002, validation loss: 0.0286
2026-06-04 05:53:17 [INFO]: Epoch 046 - training loss (default): 0.0002, validation loss: 0.0281
2026-06-04 05:53:19 [INFO]: Epoch 047 - training loss (default): 0.0002, validation loss: 0.0279
2026-06-04 05:53:21 [INFO]: Epoch 048 - training loss (default): 0.0002, validation loss: 0.0275
2026-06-04 05:53:23 [INFO]: Epoch 049 - training loss (default): 0.0002, validation loss: 0.0275
2026-06-04 05:53:25 [INFO]: Epoch 050 - training loss (default): 0.0002, validation loss: 0.0271
2026-06-04 05:53:27 [INFO]: Epoch 051 - training loss (default): 0.0002, validation loss: 0.0264
2026-06-04 05:53:30 [INFO]: Epoch 052 - training loss (default): 0.0002, validation loss: 0.0264
2026-06-04 05:53:32 [INFO]: Epoch 053 - training loss (default): 0.0002, validation loss: 0.0260
2026-06-04 05:53:34 [INFO]: Epoch 054 - training loss (default): 0.0002, validation loss: 0.0259
2026-06-04 05:53:36 [INFO]: Epoch 055 - training loss (default): 0.0002, validation loss: 0.0257
2026-06-04 05:53:38 [INFO]: Epoch 056 - training loss (default): 0.0001, validation loss: 0.0255
2026-06-04 05:53:40 [INFO]: Epoch 057 - training loss (default): 0.0001, validation loss: 0.0250
2026-06-04 05:53:43 [INFO]: Epoch 058 - training loss (default): 0.0001, validation loss: 0.0251
2026-06-04 05:53:45 [INFO]: Epoch 059 - training loss (default): 0.0001, validation loss: 0.0247
2026-06-04 05:53:47 [INFO]: Epoch 060 - training loss (default): 0.0001, validation loss: 0.0243
2026-06-04 05:53:47 [INFO]: Finished training. The best model is from epoch#60.
2026-06-04 05:53:47 [INFO]: Saved the model to output/imputation/cuda/paper_campaign/tslanet/opsd_germany/mr0.3/seed456/TSLANet.pypots
[34m
████████╗██╗███╗   ███╗███████╗    ███████╗███████╗██████╗ ██╗███████╗███████╗    █████╗ ██╗
╚══██╔══╝██║████╗ ████║██╔════╝    ██╔════╝██╔════╝██╔══██╗██║██╔════╝██╔════╝   ██╔══██╗██║
   ██║   ██║██╔████╔██║█████╗█████╗███████╗█████╗  ██████╔╝██║█████╗  ███████╗   ███████║██║
   ██║   ██║██║╚██╔╝██║██╔══╝╚════╝╚════██║██╔══╝  ██╔══██╗██║██╔══╝  ╚════██║   ██╔══██║██║
   ██║   ██║██║ ╚═╝ ██║███████╗    ███████║███████╗██║  ██║██║███████╗███████║██╗██║  ██║██║
   ╚═╝   ╚═╝╚═╝     ╚═╝╚══════╝    ╚══════╝╚══════╝╚═╝  ╚═╝╚═╝╚══════╝╚══════╝╚═╝╚═╝  ╚═╝╚═╝
ai4ts v0.0.3 - building AI for unified time-series analysis, https://time-series.ai [0m

Use Train GPT: False
Use Lora: False
Use Profiling: False
🚀 Running imputation pipeline for model: tslanet
✅ Dataset 'opsd_germany' with missing rate 0.3 loaded at: /home/Aboya_25R9803/projects/lab/SUN/iPyPOTS/datasets/rate_0.3
🚀 Starting TSLANet training pipeline...
[TSLANet] Testing —— MAE: 0.9183| MSE: 1.2346| RMSE: 1.1111| MRE: 1.0118| 
📊 Metrics saved to: output/imputation/cuda/paper_campaign/tslanet/opsd_germany/mr0.3/seed456/metrics/tslanet_metrics.json
