2026-06-04 04:46:33 [INFO]: Have set the random seed as 456 for numpy and pytorch.
2026-06-04 04:46:33 [INFO]: You're using dataset electricity_transformer_temperature, please cite it properly in your work. You can find its reference information at the below link: 
https://github.com/WenjieDu/TSDB/tree/main/dataset_profiles/electricity_transformer_temperature
2026-06-04 04:46:33 [INFO]: Dataset electricity_transformer_temperature has already been downloaded. Processing directly...
2026-06-04 04:46:33 [INFO]: Dataset electricity_transformer_temperature has already been cached. Loading from cache directly...
2026-06-04 04:46:33 [INFO]: Loaded successfully!
2026-06-04 04:46:33 [INFO]: months selected as train set are <PeriodArray>
['2016-07', '2016-08', '2016-09', '2016-10', '2016-11', '2016-12', '2017-01',
 '2017-02', '2017-03', '2017-04', '2017-05', '2017-06', '2017-07', '2017-08']
Length: 14, dtype: period[M]
2026-06-04 04:46:33 [INFO]: months selected as val set are <PeriodArray>
['2017-09', '2017-10', '2017-11', '2017-12', '2018-01']
Length: 5, dtype: period[M]
2026-06-04 04:46:33 [INFO]: months selected as test set are <PeriodArray>
['2018-02', '2018-03', '2018-04', '2018-05', '2018-06']
Length: 5, dtype: period[M]
2026-06-04 04:46:33 [INFO]: Total sample number: 725
2026-06-04 04:46:33 [INFO]: Training set size: 427 (58.90%)
2026-06-04 04:46:33 [INFO]: Validation set size: 153 (21.10%)
2026-06-04 04:46:33 [INFO]: Test set size: 145 (20.00%)
2026-06-04 04:46:33 [INFO]: Number of steps: 96
2026-06-04 04:46:33 [INFO]: Number of features: 7
2026-06-04 04:46:33 [INFO]: Train set missing rate: 49.94%
2026-06-04 04:46:33 [INFO]: Validating set missing rate: 49.82%
2026-06-04 04:46:33 [INFO]: Test set missing rate: 49.71%
2026-06-04 04:46:33 [INFO]: 🔥🔥🔥🔥🔥🔥🔥🔥🔥🔥Using device list: ['cuda:0']
2026-06-04 04:46:33 [INFO]: 🔥🔥🔥🔥🔥🔥🔥🔥🔥🔥Using the given device: cuda:0
2026-06-04 04:46:33 [INFO]: Model files will be saved to output/imputation/cuda/paper_campaign/saits/ettm1/mr0.5/seed456
2026-06-04 04:46:33 [INFO]: Tensorboard file will be saved to output/imputation/cuda/paper_campaign/saits/ettm1/mr0.5/seed456/tensorboard
2026-06-04 04:46:33 [INFO]: Using customized MAE as the training loss function.
2026-06-04 04:46:33 [INFO]: Using customized MSE as the validation metric function.
2026-06-04 04:46:34 [INFO]: SAITS initialized with the given hyperparameters.
 ├─ Total parameters: 136,478
 ├─ Trainable parameters: 136,478
 └─ Trainable ratio: 100.00%
2026-06-04 04:46:34 [INFO]: Model placed on cuda:0
2026-06-04 04:46:34 [INFO]: Epoch 001 - training loss (MAE): 1.6552, validation MSE: 0.9504
2026-06-04 04:46:34 [INFO]: Epoch 002 - training loss (MAE): 1.5157, validation MSE: 0.9150
2026-06-04 04:46:35 [INFO]: Epoch 003 - training loss (MAE): 1.4616, validation MSE: 0.9127
2026-06-04 04:46:35 [INFO]: Epoch 004 - training loss (MAE): 1.3930, validation MSE: 0.8891
2026-06-04 04:46:35 [INFO]: Epoch 005 - training loss (MAE): 1.3375, validation MSE: 0.8502
2026-06-04 04:46:35 [INFO]: Epoch 006 - training loss (MAE): 1.2816, validation MSE: 0.8135
2026-06-04 04:46:35 [INFO]: Epoch 007 - training loss (MAE): 1.2091, validation MSE: 0.7701
2026-06-04 04:46:35 [INFO]: Epoch 008 - training loss (MAE): 1.1602, validation MSE: 0.7347
2026-06-04 04:46:35 [INFO]: Epoch 009 - training loss (MAE): 1.1210, validation MSE: 0.7361
2026-06-04 04:46:35 [INFO]: Epoch 010 - training loss (MAE): 1.0905, validation MSE: 0.7248
2026-06-04 04:46:35 [INFO]: Epoch 011 - training loss (MAE): 1.0722, validation MSE: 0.6813
2026-06-04 04:46:35 [INFO]: Epoch 012 - training loss (MAE): 1.0570, validation MSE: 0.6275
2026-06-04 04:46:35 [INFO]: Epoch 013 - training loss (MAE): 1.0311, validation MSE: 0.5851
2026-06-04 04:46:35 [INFO]: Epoch 014 - training loss (MAE): 1.0069, validation MSE: 0.5600
2026-06-04 04:46:36 [INFO]: Epoch 015 - training loss (MAE): 0.9884, validation MSE: 0.5402
2026-06-04 04:46:36 [INFO]: Epoch 016 - training loss (MAE): 0.9746, validation MSE: 0.5231
2026-06-04 04:46:36 [INFO]: Epoch 017 - training loss (MAE): 0.9444, validation MSE: 0.4977
2026-06-04 04:46:36 [INFO]: Epoch 018 - training loss (MAE): 0.9215, validation MSE: 0.4744
2026-06-04 04:46:36 [INFO]: Epoch 019 - training loss (MAE): 0.9094, validation MSE: 0.4634
2026-06-04 04:46:36 [INFO]: Epoch 020 - training loss (MAE): 0.9005, validation MSE: 0.4460
2026-06-04 04:46:36 [INFO]: Epoch 021 - training loss (MAE): 0.8800, validation MSE: 0.4185
2026-06-04 04:46:36 [INFO]: Epoch 022 - training loss (MAE): 0.8640, validation MSE: 0.3972
2026-06-04 04:46:36 [INFO]: Epoch 023 - training loss (MAE): 0.8500, validation MSE: 0.3678
2026-06-04 04:46:36 [INFO]: Epoch 024 - training loss (MAE): 0.8386, validation MSE: 0.3399
2026-06-04 04:46:36 [INFO]: Epoch 025 - training loss (MAE): 0.8241, validation MSE: 0.3266
2026-06-04 04:46:37 [INFO]: Epoch 026 - training loss (MAE): 0.8113, validation MSE: 0.3046
2026-06-04 04:46:37 [INFO]: Epoch 027 - training loss (MAE): 0.7936, validation MSE: 0.2907
2026-06-04 04:46:37 [INFO]: Epoch 028 - training loss (MAE): 0.7807, validation MSE: 0.2773
2026-06-04 04:46:37 [INFO]: Epoch 029 - training loss (MAE): 0.7709, validation MSE: 0.2640
2026-06-04 04:46:37 [INFO]: Epoch 030 - training loss (MAE): 0.7659, validation MSE: 0.2593
2026-06-04 04:46:37 [INFO]: Epoch 031 - training loss (MAE): 0.7513, validation MSE: 0.2436
2026-06-04 04:46:37 [INFO]: Epoch 032 - training loss (MAE): 0.7457, validation MSE: 0.2359
2026-06-04 04:46:37 [INFO]: Epoch 033 - training loss (MAE): 0.7358, validation MSE: 0.2241
2026-06-04 04:46:37 [INFO]: Epoch 034 - training loss (MAE): 0.7267, validation MSE: 0.2119
2026-06-04 04:46:37 [INFO]: Epoch 035 - training loss (MAE): 0.7171, validation MSE: 0.2039
2026-06-04 04:46:38 [INFO]: Epoch 036 - training loss (MAE): 0.7090, validation MSE: 0.1949
2026-06-04 04:46:38 [INFO]: Epoch 037 - training loss (MAE): 0.6987, validation MSE: 0.1918
2026-06-04 04:46:38 [INFO]: Epoch 038 - training loss (MAE): 0.6900, validation MSE: 0.1758
2026-06-04 04:46:38 [INFO]: Epoch 039 - training loss (MAE): 0.6845, validation MSE: 0.1759
2026-06-04 04:46:38 [INFO]: Epoch 040 - training loss (MAE): 0.6773, validation MSE: 0.1676
2026-06-04 04:46:38 [INFO]: Epoch 041 - training loss (MAE): 0.6710, validation MSE: 0.1603
2026-06-04 04:46:38 [INFO]: Epoch 042 - training loss (MAE): 0.6677, validation MSE: 0.1565
2026-06-04 04:46:39 [INFO]: Epoch 043 - training loss (MAE): 0.6590, validation MSE: 0.1501
2026-06-04 04:46:39 [INFO]: Epoch 044 - training loss (MAE): 0.6516, validation MSE: 0.1501
2026-06-04 04:46:39 [INFO]: Epoch 045 - training loss (MAE): 0.6466, validation MSE: 0.1429
2026-06-04 04:46:39 [INFO]: Epoch 046 - training loss (MAE): 0.6403, validation MSE: 0.1471
2026-06-04 04:46:39 [INFO]: Epoch 047 - training loss (MAE): 0.6384, validation MSE: 0.1354
2026-06-04 04:46:39 [INFO]: Epoch 048 - training loss (MAE): 0.6297, validation MSE: 0.1365
2026-06-04 04:46:39 [INFO]: Epoch 049 - training loss (MAE): 0.6277, validation MSE: 0.1309
2026-06-04 04:46:39 [INFO]: Epoch 050 - training loss (MAE): 0.6163, validation MSE: 0.1304
2026-06-04 04:46:39 [INFO]: Epoch 051 - training loss (MAE): 0.6186, validation MSE: 0.1300
2026-06-04 04:46:39 [INFO]: Epoch 052 - training loss (MAE): 0.6124, validation MSE: 0.1228
2026-06-04 04:46:40 [INFO]: Epoch 053 - training loss (MAE): 0.6089, validation MSE: 0.1251
2026-06-04 04:46:40 [INFO]: Epoch 054 - training loss (MAE): 0.6074, validation MSE: 0.1190
2026-06-04 04:46:40 [INFO]: Epoch 055 - training loss (MAE): 0.6064, validation MSE: 0.1196
2026-06-04 04:46:40 [INFO]: Epoch 056 - training loss (MAE): 0.5999, validation MSE: 0.1132
2026-06-04 04:46:40 [INFO]: Epoch 057 - training loss (MAE): 0.5940, validation MSE: 0.1142
2026-06-04 04:46:40 [INFO]: Epoch 058 - training loss (MAE): 0.5923, validation MSE: 0.1116
2026-06-04 04:46:40 [INFO]: Epoch 059 - training loss (MAE): 0.5866, validation MSE: 0.1141
2026-06-04 04:46:40 [INFO]: Epoch 060 - training loss (MAE): 0.5798, validation MSE: 0.1104
2026-06-04 04:46:40 [INFO]: Finished training. The best model is from epoch#60.
2026-06-04 04:46:40 [INFO]: Saved the model to output/imputation/cuda/paper_campaign/saits/ettm1/mr0.5/seed456/SAITS.pypots
[34m
████████╗██╗███╗   ███╗███████╗    ███████╗███████╗██████╗ ██╗███████╗███████╗    █████╗ ██╗
╚══██╔══╝██║████╗ ████║██╔════╝    ██╔════╝██╔════╝██╔══██╗██║██╔════╝██╔════╝   ██╔══██╗██║
   ██║   ██║██╔████╔██║█████╗█████╗███████╗█████╗  ██████╔╝██║█████╗  ███████╗   ███████║██║
   ██║   ██║██║╚██╔╝██║██╔══╝╚════╝╚════██║██╔══╝  ██╔══██╗██║██╔══╝  ╚════██║   ██╔══██║██║
   ██║   ██║██║ ╚═╝ ██║███████╗    ███████║███████╗██║  ██║██║███████╗███████║██╗██║  ██║██║
   ╚═╝   ╚═╝╚═╝     ╚═╝╚══════╝    ╚══════╝╚══════╝╚═╝  ╚═╝╚═╝╚══════╝╚══════╝╚═╝╚═╝  ╚═╝╚═╝
ai4ts v0.0.3 - building AI for unified time-series analysis, https://time-series.ai [0m

Use Train GPT: False
Use Lora: False
Use Profiling: False
🚀 Running imputation pipeline for model: saits
✅ Dataset 'ettm1' with missing rate 0.5 loaded at: /home/Aboya_25R9803/projects/lab/SUN/iPyPOTS/datasets/rate_0.5
🚀 Starting SAITS training pipeline...
[SAITS] Testing —— MAE: 0.2775| MSE: 0.1591| RMSE: 0.3989| MRE: 0.3269| 
📊 Metrics saved to: output/imputation/cuda/paper_campaign/saits/ettm1/mr0.5/seed456/metrics/saits_metrics.json
