2026-06-04 06:03:51 [INFO]: Have set the random seed as 456 for numpy and pytorch.
2026-06-04 06:03:51 [INFO]: You're using dataset solar_alabama, please cite it properly in your work. You can find its reference information at the below link: 
https://github.com/WenjieDu/TSDB/tree/main/dataset_profiles/solar_alabama
2026-06-04 06:03:51 [INFO]: Dataset solar_alabama has already been downloaded. Processing directly...
2026-06-04 06:03:51 [INFO]: Dataset solar_alabama has already been cached. Loading from cache directly...
2026-06-04 06:03:51 [INFO]: Loaded successfully!
2026-06-04 06:03:51 [INFO]: months selected as train set are <PeriodArray>
['2006-01', '2006-02', '2006-03', '2006-04', '2006-05', '2006-06']
Length: 6, dtype: period[M]
2026-06-04 06:03:51 [INFO]: months selected as val set are <PeriodArray>
['2006-07', '2006-08', '2006-09']
Length: 3, dtype: period[M]
2026-06-04 06:03:51 [INFO]: months selected as test set are <PeriodArray>
['2006-10', '2006-11', '2006-12']
Length: 3, dtype: period[M]
2026-06-04 06:03:52 [INFO]: Total sample number: 2190
2026-06-04 06:03:52 [INFO]: Training set size: 1086 (49.59%)
2026-06-04 06:03:52 [INFO]: Validation set size: 552 (25.21%)
2026-06-04 06:03:52 [INFO]: Test set size: 552 (25.21%)
2026-06-04 06:03:52 [INFO]: Number of steps: 24
2026-06-04 06:03:52 [INFO]: Number of features: 137
2026-06-04 06:03:52 [INFO]: Train set missing rate: 9.97%
2026-06-04 06:03:52 [INFO]: Validating set missing rate: 10.02%
2026-06-04 06:03:52 [INFO]: Test set missing rate: 10.01%
2026-06-04 06:03:52 [INFO]: 🔥🔥🔥🔥🔥🔥🔥🔥🔥🔥Using device list: ['cuda:0']
2026-06-04 06:03:52 [INFO]: 🔥🔥🔥🔥🔥🔥🔥🔥🔥🔥Using the given device: cuda:0
2026-06-04 06:03:52 [INFO]: Model files will be saved to output/imputation/cuda/paper_campaign/saits/solar/mr0.1/seed456
2026-06-04 06:03:52 [INFO]: Tensorboard file will be saved to output/imputation/cuda/paper_campaign/saits/solar/mr0.1/seed456/tensorboard
2026-06-04 06:03:52 [INFO]: Using customized MAE as the training loss function.
2026-06-04 06:03:52 [INFO]: Using customized MSE as the validation metric function.
2026-06-04 06:03:52 [INFO]: SAITS initialized with the given hyperparameters.
 ├─ Total parameters: 226,974
 ├─ Trainable parameters: 226,974
 └─ Trainable ratio: 100.00%
2026-06-04 06:03:52 [INFO]: Model placed on cuda:0
2026-06-04 06:03:53 [INFO]: Epoch 001 - training loss (MAE): 1.5350, validation MSE: 0.5759
2026-06-04 06:03:53 [INFO]: Epoch 002 - training loss (MAE): 1.0791, validation MSE: 0.3447
2026-06-04 06:03:54 [INFO]: Epoch 003 - training loss (MAE): 0.7970, validation MSE: 0.2420
2026-06-04 06:03:54 [INFO]: Epoch 004 - training loss (MAE): 0.7047, validation MSE: 0.1872
2026-06-04 06:03:54 [INFO]: Epoch 005 - training loss (MAE): 0.5825, validation MSE: 0.1584
2026-06-04 06:03:55 [INFO]: Epoch 006 - training loss (MAE): 0.5011, validation MSE: 0.1109
2026-06-04 06:03:55 [INFO]: Epoch 007 - training loss (MAE): 0.4344, validation MSE: 0.0964
2026-06-04 06:03:55 [INFO]: Epoch 008 - training loss (MAE): 0.4022, validation MSE: 0.0974
2026-06-04 06:03:56 [INFO]: Epoch 009 - training loss (MAE): 0.3739, validation MSE: 0.0879
2026-06-04 06:03:56 [INFO]: Epoch 010 - training loss (MAE): 0.3652, validation MSE: 0.0907
2026-06-04 06:03:56 [INFO]: Epoch 011 - training loss (MAE): 0.3496, validation MSE: 0.0860
2026-06-04 06:03:56 [INFO]: Epoch 012 - training loss (MAE): 0.3441, validation MSE: 0.0864
2026-06-04 06:03:57 [INFO]: Epoch 013 - training loss (MAE): 0.3293, validation MSE: 0.0878
2026-06-04 06:03:57 [INFO]: Epoch 014 - training loss (MAE): 0.3381, validation MSE: 0.0817
2026-06-04 06:03:57 [INFO]: Epoch 015 - training loss (MAE): 0.3220, validation MSE: 0.0810
2026-06-04 06:03:58 [INFO]: Epoch 016 - training loss (MAE): 0.3212, validation MSE: 0.0811
2026-06-04 06:03:58 [INFO]: Epoch 017 - training loss (MAE): 0.3126, validation MSE: 0.0788
2026-06-04 06:03:58 [INFO]: Epoch 018 - training loss (MAE): 0.3107, validation MSE: 0.0801
2026-06-04 06:04:00 [INFO]: Epoch 019 - training loss (MAE): 0.3163, validation MSE: 0.0825
2026-06-04 06:04:00 [INFO]: Epoch 020 - training loss (MAE): 0.3075, validation MSE: 0.0796
2026-06-04 06:04:00 [INFO]: Epoch 021 - training loss (MAE): 0.2952, validation MSE: 0.0799
2026-06-04 06:04:01 [INFO]: Epoch 022 - training loss (MAE): 0.3011, validation MSE: 0.0799
2026-06-04 06:04:01 [INFO]: Epoch 023 - training loss (MAE): 0.2974, validation MSE: 0.0804
2026-06-04 06:04:01 [INFO]: Epoch 024 - training loss (MAE): 0.3056, validation MSE: 0.0816
2026-06-04 06:04:02 [INFO]: Epoch 025 - training loss (MAE): 0.3025, validation MSE: 0.0833
2026-06-04 06:04:02 [INFO]: Epoch 026 - training loss (MAE): 0.3035, validation MSE: 0.0786
2026-06-04 06:04:02 [INFO]: Epoch 027 - training loss (MAE): 0.2898, validation MSE: 0.0790
2026-06-04 06:04:02 [INFO]: Epoch 028 - training loss (MAE): 0.2817, validation MSE: 0.0795
2026-06-04 06:04:03 [INFO]: Epoch 029 - training loss (MAE): 0.2905, validation MSE: 0.0850
2026-06-04 06:04:03 [INFO]: Epoch 030 - training loss (MAE): 0.2972, validation MSE: 0.0774
2026-06-04 06:04:03 [INFO]: Epoch 031 - training loss (MAE): 0.2898, validation MSE: 0.0793
2026-06-04 06:04:04 [INFO]: Epoch 032 - training loss (MAE): 0.2841, validation MSE: 0.0829
2026-06-04 06:04:04 [INFO]: Epoch 033 - training loss (MAE): 0.2923, validation MSE: 0.0772
2026-06-04 06:04:04 [INFO]: Epoch 034 - training loss (MAE): 0.2882, validation MSE: 0.0761
2026-06-04 06:04:05 [INFO]: Epoch 035 - training loss (MAE): 0.2862, validation MSE: 0.0887
2026-06-04 06:04:05 [INFO]: Epoch 036 - training loss (MAE): 0.2912, validation MSE: 0.0925
2026-06-04 06:04:05 [INFO]: Epoch 037 - training loss (MAE): 0.2921, validation MSE: 0.0867
2026-06-04 06:04:05 [INFO]: Epoch 038 - training loss (MAE): 0.2837, validation MSE: 0.0862
2026-06-04 06:04:06 [INFO]: Epoch 039 - training loss (MAE): 0.2822, validation MSE: 0.0823
2026-06-04 06:04:06 [INFO]: Epoch 040 - training loss (MAE): 0.2903, validation MSE: 0.0808
2026-06-04 06:04:06 [INFO]: Epoch 041 - training loss (MAE): 0.2715, validation MSE: 0.0818
2026-06-04 06:04:06 [INFO]: Epoch 042 - training loss (MAE): 0.2753, validation MSE: 0.0784
2026-06-04 06:04:07 [INFO]: Epoch 043 - training loss (MAE): 0.2759, validation MSE: 0.0775
2026-06-04 06:04:07 [INFO]: Epoch 044 - training loss (MAE): 0.2690, validation MSE: 0.0775
2026-06-04 06:04:07 [INFO]: Epoch 045 - training loss (MAE): 0.2848, validation MSE: 0.0793
2026-06-04 06:04:08 [INFO]: Epoch 046 - training loss (MAE): 0.2752, validation MSE: 0.0801
2026-06-04 06:04:08 [INFO]: Exceeded the training patience. Terminating the training procedure...
2026-06-04 06:04:08 [INFO]: Finished training. The best model is from epoch#34.
2026-06-04 06:04:08 [INFO]: Saved the model to output/imputation/cuda/paper_campaign/saits/solar/mr0.1/seed456/SAITS.pypots
[34m
████████╗██╗███╗   ███╗███████╗    ███████╗███████╗██████╗ ██╗███████╗███████╗    █████╗ ██╗
╚══██╔══╝██║████╗ ████║██╔════╝    ██╔════╝██╔════╝██╔══██╗██║██╔════╝██╔════╝   ██╔══██╗██║
   ██║   ██║██╔████╔██║█████╗█████╗███████╗█████╗  ██████╔╝██║█████╗  ███████╗   ███████║██║
   ██║   ██║██║╚██╔╝██║██╔══╝╚════╝╚════██║██╔══╝  ██╔══██╗██║██╔══╝  ╚════██║   ██╔══██║██║
   ██║   ██║██║ ╚═╝ ██║███████╗    ███████║███████╗██║  ██║██║███████╗███████║██╗██║  ██║██║
   ╚═╝   ╚═╝╚═╝     ╚═╝╚══════╝    ╚══════╝╚══════╝╚═╝  ╚═╝╚═╝╚══════╝╚══════╝╚═╝╚═╝  ╚═╝╚═╝
ai4ts v0.0.3 - building AI for unified time-series analysis, https://time-series.ai [0m

Use Train GPT: False
Use Lora: False
Use Profiling: False
🚀 Running imputation pipeline for model: saits
✅ Dataset 'solar' with missing rate 0.1 loaded at: /home/Aboya_25R9803/projects/lab/SUN/iPyPOTS/datasets/rate_0.1
🚀 Starting SAITS training pipeline...
[SAITS] Testing —— MAE: 0.1111| MSE: 0.0632| RMSE: 0.2515| MRE: 0.1434| 
📊 Metrics saved to: output/imputation/cuda/paper_campaign/saits/solar/mr0.1/seed456/metrics/saits_metrics.json
