2026-06-04 08:04:19 [INFO]: Have set the random seed as 42 for numpy and pytorch.
2026-06-04 08:04:20 [INFO]: 🔥🔥🔥🔥🔥🔥🔥🔥🔥🔥Using device list: ['cuda:0']
2026-06-04 08:04:20 [INFO]: 🔥🔥🔥🔥🔥🔥🔥🔥🔥🔥Using the given device: cuda:0
2026-06-04 08:04:20 [INFO]: Model files will be saved to output/imputation/cuda/paper_campaign/tefn/appliances_energy/mr0.1/seed42
2026-06-04 08:04:20 [INFO]: Tensorboard file will be saved to output/imputation/cuda/paper_campaign/tefn/appliances_energy/mr0.1/seed42/tensorboard
2026-06-04 08:04:20 [INFO]: Using customized MAE as the training loss function.
2026-06-04 08:04:20 [INFO]: Using customized MSE as the validation metric function.
2026-06-04 08:04:20 [INFO]: Model placed on cuda:0
2026-06-04 08:04:20 [INFO]: TEFN initialized with the given hyperparameters.
 ├─ Total parameters: 5,408
 ├─ Trainable parameters: 5,408
 └─ Trainable ratio: 100.00%
2026-06-04 08:04:21 [INFO]: Epoch 001 - training loss (MAE): 10.0110, validation MSE: 35.6283
2026-06-04 08:04:22 [INFO]: Epoch 002 - training loss (MAE): 8.7822, validation MSE: 28.9456
2026-06-04 08:04:23 [INFO]: Epoch 003 - training loss (MAE): 7.9513, validation MSE: 24.8093
2026-06-04 08:04:24 [INFO]: Epoch 004 - training loss (MAE): 7.2844, validation MSE: 21.6952
2026-06-04 08:04:25 [INFO]: Epoch 005 - training loss (MAE): 6.6670, validation MSE: 18.8562
2026-06-04 08:04:25 [INFO]: Epoch 006 - training loss (MAE): 6.0774, validation MSE: 16.3850
2026-06-04 08:04:26 [INFO]: Epoch 007 - training loss (MAE): 5.5162, validation MSE: 14.2951
2026-06-04 08:04:27 [INFO]: Epoch 008 - training loss (MAE): 4.9988, validation MSE: 12.4078
2026-06-04 08:04:27 [INFO]: Epoch 009 - training loss (MAE): 4.5369, validation MSE: 10.7356
2026-06-04 08:04:28 [INFO]: Epoch 010 - training loss (MAE): 4.1217, validation MSE: 9.2806
2026-06-04 08:04:29 [INFO]: Epoch 011 - training loss (MAE): 3.7591, validation MSE: 8.0591
2026-06-04 08:04:30 [INFO]: Epoch 012 - training loss (MAE): 3.4191, validation MSE: 7.0287
2026-06-04 08:04:30 [INFO]: Epoch 013 - training loss (MAE): 3.1136, validation MSE: 6.1442
2026-06-04 08:04:31 [INFO]: Epoch 014 - training loss (MAE): 2.8313, validation MSE: 5.3779
2026-06-04 08:04:32 [INFO]: Epoch 015 - training loss (MAE): 2.5780, validation MSE: 4.6927
2026-06-04 08:04:33 [INFO]: Epoch 016 - training loss (MAE): 2.3507, validation MSE: 4.0776
2026-06-04 08:04:34 [INFO]: Epoch 017 - training loss (MAE): 2.1474, validation MSE: 3.5603
2026-06-04 08:04:34 [INFO]: Epoch 018 - training loss (MAE): 1.9723, validation MSE: 3.0976
2026-06-04 08:04:35 [INFO]: Epoch 019 - training loss (MAE): 1.8267, validation MSE: 2.7252
2026-06-04 08:04:36 [INFO]: Epoch 020 - training loss (MAE): 1.7040, validation MSE: 2.4103
2026-06-04 08:04:37 [INFO]: Epoch 021 - training loss (MAE): 1.5978, validation MSE: 2.1409
2026-06-04 08:04:37 [INFO]: Epoch 022 - training loss (MAE): 1.5043, validation MSE: 1.9058
2026-06-04 08:04:38 [INFO]: Epoch 023 - training loss (MAE): 1.4257, validation MSE: 1.7040
2026-06-04 08:04:39 [INFO]: Epoch 024 - training loss (MAE): 1.3536, validation MSE: 1.5440
2026-06-04 08:04:40 [INFO]: Epoch 025 - training loss (MAE): 1.2919, validation MSE: 1.3947
2026-06-04 08:04:40 [INFO]: Epoch 026 - training loss (MAE): 1.2358, validation MSE: 1.2612
2026-06-04 08:04:41 [INFO]: Epoch 027 - training loss (MAE): 1.1815, validation MSE: 1.1558
2026-06-04 08:04:42 [INFO]: Epoch 028 - training loss (MAE): 1.1347, validation MSE: 1.0612
2026-06-04 08:04:42 [INFO]: Epoch 029 - training loss (MAE): 1.0914, validation MSE: 0.9758
2026-06-04 08:04:43 [INFO]: Epoch 030 - training loss (MAE): 1.0523, validation MSE: 0.9001
2026-06-04 08:04:44 [INFO]: Epoch 031 - training loss (MAE): 1.0148, validation MSE: 0.8454
2026-06-04 08:04:45 [INFO]: Epoch 032 - training loss (MAE): 0.9798, validation MSE: 0.7941
2026-06-04 08:04:45 [INFO]: Epoch 033 - training loss (MAE): 0.9523, validation MSE: 0.7526
2026-06-04 08:04:46 [INFO]: Epoch 034 - training loss (MAE): 0.9262, validation MSE: 0.7077
2026-06-04 08:04:47 [INFO]: Epoch 035 - training loss (MAE): 0.9040, validation MSE: 0.6697
2026-06-04 08:04:48 [INFO]: Epoch 036 - training loss (MAE): 0.8795, validation MSE: 0.6445
2026-06-04 08:04:48 [INFO]: Epoch 037 - training loss (MAE): 0.8604, validation MSE: 0.6135
2026-06-04 08:04:49 [INFO]: Epoch 038 - training loss (MAE): 0.8408, validation MSE: 0.5884
2026-06-04 08:04:49 [INFO]: Epoch 039 - training loss (MAE): 0.8217, validation MSE: 0.5613
2026-06-04 08:04:50 [INFO]: Epoch 040 - training loss (MAE): 0.8038, validation MSE: 0.5381
2026-06-04 08:04:50 [INFO]: Epoch 041 - training loss (MAE): 0.7859, validation MSE: 0.5163
2026-06-04 08:04:51 [INFO]: Epoch 042 - training loss (MAE): 0.7675, validation MSE: 0.5021
2026-06-04 08:04:52 [INFO]: Epoch 043 - training loss (MAE): 0.7519, validation MSE: 0.4884
2026-06-04 08:04:52 [INFO]: Epoch 044 - training loss (MAE): 0.7373, validation MSE: 0.4715
2026-06-04 08:04:53 [INFO]: Epoch 045 - training loss (MAE): 0.7245, validation MSE: 0.4620
2026-06-04 08:04:53 [INFO]: Epoch 046 - training loss (MAE): 0.7116, validation MSE: 0.4486
2026-06-04 08:04:54 [INFO]: Epoch 047 - training loss (MAE): 0.7009, validation MSE: 0.4391
2026-06-04 08:04:54 [INFO]: Epoch 048 - training loss (MAE): 0.6893, validation MSE: 0.4315
2026-06-04 08:04:55 [INFO]: Epoch 049 - training loss (MAE): 0.6805, validation MSE: 0.4240
2026-06-04 08:04:56 [INFO]: Epoch 050 - training loss (MAE): 0.6727, validation MSE: 0.4131
2026-06-04 08:04:56 [INFO]: Epoch 051 - training loss (MAE): 0.6632, validation MSE: 0.4113
2026-06-04 08:04:57 [INFO]: Epoch 052 - training loss (MAE): 0.6560, validation MSE: 0.4072
2026-06-04 08:04:57 [INFO]: Epoch 053 - training loss (MAE): 0.6495, validation MSE: 0.4021
2026-06-04 08:04:58 [INFO]: Epoch 054 - training loss (MAE): 0.6428, validation MSE: 0.3974
2026-06-04 08:04:58 [INFO]: Epoch 055 - training loss (MAE): 0.6379, validation MSE: 0.3865
2026-06-04 08:04:59 [INFO]: Epoch 056 - training loss (MAE): 0.6318, validation MSE: 0.3899
2026-06-04 08:05:00 [INFO]: Epoch 057 - training loss (MAE): 0.6276, validation MSE: 0.3850
2026-06-04 08:05:00 [INFO]: Epoch 058 - training loss (MAE): 0.6218, validation MSE: 0.3760
2026-06-04 08:05:01 [INFO]: Epoch 059 - training loss (MAE): 0.6176, validation MSE: 0.3750
2026-06-04 08:05:01 [INFO]: Epoch 060 - training loss (MAE): 0.6143, validation MSE: 0.3717
2026-06-04 08:05:01 [INFO]: Finished training. The best model is from epoch#60.
2026-06-04 08:05:01 [INFO]: Saved the model to output/imputation/cuda/paper_campaign/tefn/appliances_energy/mr0.1/seed42/TEFN.pypots
[34m
████████╗██╗███╗   ███╗███████╗    ███████╗███████╗██████╗ ██╗███████╗███████╗    █████╗ ██╗
╚══██╔══╝██║████╗ ████║██╔════╝    ██╔════╝██╔════╝██╔══██╗██║██╔════╝██╔════╝   ██╔══██╗██║
   ██║   ██║██╔████╔██║█████╗█████╗███████╗█████╗  ██████╔╝██║█████╗  ███████╗   ███████║██║
   ██║   ██║██║╚██╔╝██║██╔══╝╚════╝╚════██║██╔══╝  ██╔══██╗██║██╔══╝  ╚════██║   ██╔══██║██║
   ██║   ██║██║ ╚═╝ ██║███████╗    ███████║███████╗██║  ██║██║███████╗███████║██╗██║  ██║██║
   ╚═╝   ╚═╝╚═╝     ╚═╝╚══════╝    ╚══════╝╚══════╝╚═╝  ╚═╝╚═╝╚══════╝╚══════╝╚═╝╚═╝  ╚═╝╚═╝
ai4ts v0.0.3 - building AI for unified time-series analysis, https://time-series.ai [0m

Use Train GPT: False
Use Lora: False
Use Profiling: False
🚀 Running imputation pipeline for model: tefn
✅ Dataset 'appliances_energy' with missing rate 0.1 loaded at: /home/Aboya_25R9803/projects/lab/SUN/iPyPOTS/datasets/rate_0.1
🚀 Starting TEFN training pipeline...
[TEFN] Testing —— MAE: 0.4898| MSE: 0.4807| RMSE: 0.6934| MRE: 0.4860| 
📊 Metrics saved to: output/imputation/cuda/paper_campaign/tefn/appliances_energy/mr0.1/seed42/metrics/tefn_metrics.json
