2026-06-04 10:13:15 [INFO]: Have set the random seed as 456 for numpy and pytorch.
2026-06-04 10:13:16 [INFO]: 🔥🔥🔥🔥🔥🔥🔥🔥🔥🔥Using device list: ['cuda:0']
2026-06-04 10:13:16 [INFO]: 🔥🔥🔥🔥🔥🔥🔥🔥🔥🔥Using the given device: cuda:0
2026-06-04 10:13:16 [INFO]: Model files will be saved to output/imputation/cuda/paper_campaign/tslanet/citylearn_zone5/mr0.5/seed456
2026-06-04 10:13:16 [INFO]: Tensorboard file will be saved to output/imputation/cuda/paper_campaign/tslanet/citylearn_zone5/mr0.5/seed456/tensorboard
2026-06-04 10:13:17 [INFO]: Model placed on cuda:0
2026-06-04 10:13:17 [INFO]: TSLANet initialized with the given hyperparameters.
 ├─ Total parameters: 416,106
 ├─ Trainable parameters: 416,106
 └─ Trainable ratio: 100.00%
2026-06-04 10:13:20 [INFO]: Epoch 001 - training loss (default): 0.1540, validation loss: 0.1030
2026-06-04 10:13:22 [INFO]: Epoch 002 - training loss (default): 0.0455, validation loss: 0.0824
2026-06-04 10:13:25 [INFO]: Epoch 003 - training loss (default): 0.0280, validation loss: 0.0667
2026-06-04 10:13:27 [INFO]: Epoch 004 - training loss (default): 0.0208, validation loss: 0.0556
2026-06-04 10:13:30 [INFO]: Epoch 005 - training loss (default): 0.0165, validation loss: 0.0466
2026-06-04 10:13:32 [INFO]: Epoch 006 - training loss (default): 0.0135, validation loss: 0.0397
2026-06-04 10:13:35 [INFO]: Epoch 007 - training loss (default): 0.0113, validation loss: 0.0343
2026-06-04 10:13:37 [INFO]: Epoch 008 - training loss (default): 0.0096, validation loss: 0.0307
2026-06-04 10:13:40 [INFO]: Epoch 009 - training loss (default): 0.0086, validation loss: 0.0276
2026-06-04 10:13:42 [INFO]: Epoch 010 - training loss (default): 0.0075, validation loss: 0.0253
2026-06-04 10:13:45 [INFO]: Epoch 011 - training loss (default): 0.0067, validation loss: 0.0234
2026-06-04 10:13:47 [INFO]: Epoch 012 - training loss (default): 0.0060, validation loss: 0.0214
2026-06-04 10:13:50 [INFO]: Epoch 013 - training loss (default): 0.0054, validation loss: 0.0206
2026-06-04 10:13:52 [INFO]: Epoch 014 - training loss (default): 0.0050, validation loss: 0.0192
2026-06-04 10:13:55 [INFO]: Epoch 015 - training loss (default): 0.0045, validation loss: 0.0180
2026-06-04 10:13:58 [INFO]: Epoch 016 - training loss (default): 0.0041, validation loss: 0.0168
2026-06-04 10:14:00 [INFO]: Epoch 017 - training loss (default): 0.0038, validation loss: 0.0161
2026-06-04 10:14:03 [INFO]: Epoch 018 - training loss (default): 0.0035, validation loss: 0.0153
2026-06-04 10:14:05 [INFO]: Epoch 019 - training loss (default): 0.0032, validation loss: 0.0147
2026-06-04 10:14:08 [INFO]: Epoch 020 - training loss (default): 0.0030, validation loss: 0.0140
2026-06-04 10:14:10 [INFO]: Epoch 021 - training loss (default): 0.0028, validation loss: 0.0136
2026-06-04 10:14:13 [INFO]: Epoch 022 - training loss (default): 0.0026, validation loss: 0.0127
2026-06-04 10:14:16 [INFO]: Epoch 023 - training loss (default): 0.0024, validation loss: 0.0123
2026-06-04 10:14:18 [INFO]: Epoch 024 - training loss (default): 0.0023, validation loss: 0.0117
2026-06-04 10:14:21 [INFO]: Epoch 025 - training loss (default): 0.0021, validation loss: 0.0113
2026-06-04 10:14:23 [INFO]: Epoch 026 - training loss (default): 0.0020, validation loss: 0.0108
2026-06-04 10:14:25 [INFO]: Epoch 027 - training loss (default): 0.0019, validation loss: 0.0104
2026-06-04 10:14:28 [INFO]: Epoch 028 - training loss (default): 0.0018, validation loss: 0.0101
2026-06-04 10:14:31 [INFO]: Epoch 029 - training loss (default): 0.0017, validation loss: 0.0097
2026-06-04 10:14:33 [INFO]: Epoch 030 - training loss (default): 0.0016, validation loss: 0.0093
2026-06-04 10:14:36 [INFO]: Epoch 031 - training loss (default): 0.0015, validation loss: 0.0091
2026-06-04 10:14:38 [INFO]: Epoch 032 - training loss (default): 0.0015, validation loss: 0.0088
2026-06-04 10:14:41 [INFO]: Epoch 033 - training loss (default): 0.0014, validation loss: 0.0084
2026-06-04 10:14:43 [INFO]: Epoch 034 - training loss (default): 0.0013, validation loss: 0.0082
2026-06-04 10:14:46 [INFO]: Epoch 035 - training loss (default): 0.0012, validation loss: 0.0079
2026-06-04 10:14:48 [INFO]: Epoch 036 - training loss (default): 0.0012, validation loss: 0.0077
2026-06-04 10:14:50 [INFO]: Epoch 037 - training loss (default): 0.0011, validation loss: 0.0074
2026-06-04 10:14:52 [INFO]: Epoch 038 - training loss (default): 0.0011, validation loss: 0.0072
2026-06-04 10:14:54 [INFO]: Epoch 039 - training loss (default): 0.0011, validation loss: 0.0070
2026-06-04 10:14:56 [INFO]: Epoch 040 - training loss (default): 0.0010, validation loss: 0.0067
2026-06-04 10:14:59 [INFO]: Epoch 041 - training loss (default): 0.0009, validation loss: 0.0064
2026-06-04 10:15:01 [INFO]: Epoch 042 - training loss (default): 0.0009, validation loss: 0.0063
2026-06-04 10:15:03 [INFO]: Epoch 043 - training loss (default): 0.0009, validation loss: 0.0061
2026-06-04 10:15:05 [INFO]: Epoch 044 - training loss (default): 0.0008, validation loss: 0.0059
2026-06-04 10:15:07 [INFO]: Epoch 045 - training loss (default): 0.0008, validation loss: 0.0058
2026-06-04 10:15:10 [INFO]: Epoch 046 - training loss (default): 0.0008, validation loss: 0.0055
2026-06-04 10:15:12 [INFO]: Epoch 047 - training loss (default): 0.0008, validation loss: 0.0055
2026-06-04 10:15:14 [INFO]: Epoch 048 - training loss (default): 0.0007, validation loss: 0.0053
2026-06-04 10:15:16 [INFO]: Epoch 049 - training loss (default): 0.0007, validation loss: 0.0051
2026-06-04 10:15:18 [INFO]: Epoch 050 - training loss (default): 0.0007, validation loss: 0.0050
2026-06-04 10:15:20 [INFO]: Epoch 051 - training loss (default): 0.0006, validation loss: 0.0048
2026-06-04 10:15:22 [INFO]: Epoch 052 - training loss (default): 0.0006, validation loss: 0.0047
2026-06-04 10:15:25 [INFO]: Epoch 053 - training loss (default): 0.0006, validation loss: 0.0046
2026-06-04 10:15:27 [INFO]: Epoch 054 - training loss (default): 0.0006, validation loss: 0.0045
2026-06-04 10:15:29 [INFO]: Epoch 055 - training loss (default): 0.0006, validation loss: 0.0044
2026-06-04 10:15:32 [INFO]: Epoch 056 - training loss (default): 0.0006, validation loss: 0.0042
2026-06-04 10:15:34 [INFO]: Epoch 057 - training loss (default): 0.0005, validation loss: 0.0040
2026-06-04 10:15:37 [INFO]: Epoch 058 - training loss (default): 0.0005, validation loss: 0.0040
2026-06-04 10:15:39 [INFO]: Epoch 059 - training loss (default): 0.0005, validation loss: 0.0039
2026-06-04 10:15:42 [INFO]: Epoch 060 - training loss (default): 0.0005, validation loss: 0.0038
2026-06-04 10:15:42 [INFO]: Finished training. The best model is from epoch#60.
2026-06-04 10:15:42 [INFO]: Saved the model to output/imputation/cuda/paper_campaign/tslanet/citylearn_zone5/mr0.5/seed456/TSLANet.pypots
[34m
████████╗██╗███╗   ███╗███████╗    ███████╗███████╗██████╗ ██╗███████╗███████╗    █████╗ ██╗
╚══██╔══╝██║████╗ ████║██╔════╝    ██╔════╝██╔════╝██╔══██╗██║██╔════╝██╔════╝   ██╔══██╗██║
   ██║   ██║██╔████╔██║█████╗█████╗███████╗█████╗  ██████╔╝██║█████╗  ███████╗   ███████║██║
   ██║   ██║██║╚██╔╝██║██╔══╝╚════╝╚════██║██╔══╝  ██╔══██╗██║██╔══╝  ╚════██║   ██╔══██║██║
   ██║   ██║██║ ╚═╝ ██║███████╗    ███████║███████╗██║  ██║██║███████╗███████║██╗██║  ██║██║
   ╚═╝   ╚═╝╚═╝     ╚═╝╚══════╝    ╚══════╝╚══════╝╚═╝  ╚═╝╚═╝╚══════╝╚══════╝╚═╝╚═╝  ╚═╝╚═╝
ai4ts v0.0.3 - building AI for unified time-series analysis, https://time-series.ai [0m

Use Train GPT: False
Use Lora: False
Use Profiling: False
🚀 Running imputation pipeline for model: tslanet
✅ Dataset 'citylearn_zone5' with missing rate 0.5 loaded at: /home/Aboya_25R9803/projects/lab/SUN/iPyPOTS/datasets/rate_0.5
🚀 Starting TSLANet training pipeline...
[TSLANet] Testing —— MAE: 0.8223| MSE: 0.9471| RMSE: 0.9732| MRE: 1.0096| 
📊 Metrics saved to: output/imputation/cuda/paper_campaign/tslanet/citylearn_zone5/mr0.5/seed456/metrics/tslanet_metrics.json
