[34m
████████╗██╗███╗   ███╗███████╗    ███████╗███████╗██████╗ ██╗███████╗███████╗    █████╗ ██╗
╚══██╔══╝██║████╗ ████║██╔════╝    ██╔════╝██╔════╝██╔══██╗██║██╔════╝██╔════╝   ██╔══██╗██║
   ██║   ██║██╔████╔██║█████╗█████╗███████╗█████╗  ██████╔╝██║█████╗  ███████╗   ███████║██║
   ██║   ██║██║╚██╔╝██║██╔══╝╚════╝╚════██║██╔══╝  ██╔══██╗██║██╔══╝  ╚════██║   ██╔══██║██║
   ██║   ██║██║ ╚═╝ ██║███████╗    ███████║███████╗██║  ██║██║███████╗███████║██╗██║  ██║██║
   ╚═╝   ╚═╝╚═╝     ╚═╝╚══════╝    ╚══════╝╚══════╝╚═╝  ╚═╝╚═╝╚══════╝╚══════╝╚═╝╚═╝  ╚═╝╚═╝
ai4ts v0.0.3 - building AI for unified time-series analysis, https://time-series.ai [0m

Use Train GPT: False
Use Lora: False
Use Profiling: False
2026-06-04 13:17:29 [INFO]: Have set the random seed as 123 for numpy and pytorch.
🚀 Running imputation pipeline for model: tefn
2026-06-04 13:17:29 [INFO]: You're using dataset electricity_transformer_temperature, please cite it properly in your work. You can find its reference information at the below link: 
https://github.com/WenjieDu/TSDB/tree/main/dataset_profiles/electricity_transformer_temperature
2026-06-04 13:17:29 [INFO]: Dataset electricity_transformer_temperature has already been downloaded. Processing directly...
2026-06-04 13:17:29 [INFO]: Dataset electricity_transformer_temperature has already been cached. Loading from cache directly...
2026-06-04 13:17:29 [INFO]: Loaded successfully!
2026-06-04 13:17:29 [INFO]: months selected as train set are <PeriodArray>
['2016-07', '2016-08', '2016-09', '2016-10', '2016-11', '2016-12', '2017-01',
 '2017-02', '2017-03', '2017-04', '2017-05', '2017-06', '2017-07', '2017-08']
Length: 14, dtype: period[M]
2026-06-04 13:17:29 [INFO]: months selected as val set are <PeriodArray>
['2017-09', '2017-10', '2017-11', '2017-12', '2018-01']
Length: 5, dtype: period[M]
2026-06-04 13:17:29 [INFO]: months selected as test set are <PeriodArray>
['2018-02', '2018-03', '2018-04', '2018-05', '2018-06']
Length: 5, dtype: period[M]
2026-06-04 13:17:29 [INFO]: Total sample number: 180
2026-06-04 13:17:29 [INFO]: Training set size: 106 (58.89%)
2026-06-04 13:17:29 [INFO]: Validation set size: 38 (21.11%)
2026-06-04 13:17:29 [INFO]: Test set size: 36 (20.00%)
2026-06-04 13:17:29 [INFO]: Number of steps: 96
2026-06-04 13:17:29 [INFO]: Number of features: 7
2026-06-04 13:17:29 [INFO]: Train set missing rate: 29.88%
2026-06-04 13:17:29 [INFO]: Validating set missing rate: 30.09%
2026-06-04 13:17:29 [INFO]: Test set missing rate: 30.06%
✅ Dataset 'etth1' with missing rate 0.3 loaded at: /home/Aboya_25R9803/projects/lab/SUN/iPyPOTS/datasets/rate_0.3
🚀 Starting TEFN training pipeline...
2026-06-04 13:17:29 [INFO]: 🔥🔥🔥🔥🔥🔥🔥🔥🔥🔥Using device list: ['cuda:0']
2026-06-04 13:17:29 [INFO]: 🔥🔥🔥🔥🔥🔥🔥🔥🔥🔥Using the given device: cuda:0
2026-06-04 13:17:30 [INFO]: Model files will be saved to output/imputation/cuda/paper_campaign/tefn/etth1/mr0.3/seed123
2026-06-04 13:17:30 [INFO]: Tensorboard file will be saved to output/imputation/cuda/paper_campaign/tefn/etth1/mr0.3/seed123/tensorboard
2026-06-04 13:17:30 [INFO]: Using customized MAE as the training loss function.
2026-06-04 13:17:30 [INFO]: Using customized MSE as the validation metric function.
2026-06-04 13:17:30 [INFO]: Model placed on cuda:0
2026-06-04 13:17:30 [INFO]: TEFN initialized with the given hyperparameters.
 ├─ Total parameters: 3,401
 ├─ Trainable parameters: 3,401
 └─ Trainable ratio: 100.00%
2026-06-04 13:17:30 [INFO]: Epoch 001 - training loss (MAE): 8.1919, validation MSE: 30.1001
2026-06-04 13:17:30 [INFO]: Epoch 002 - training loss (MAE): 8.1361, validation MSE: 29.7062
2026-06-04 13:17:30 [INFO]: Epoch 003 - training loss (MAE): 8.1566, validation MSE: 29.3194
2026-06-04 13:17:30 [INFO]: Epoch 004 - training loss (MAE): 8.0433, validation MSE: 28.9395
2026-06-04 13:17:30 [INFO]: Epoch 005 - training loss (MAE): 8.0391, validation MSE: 28.5674
2026-06-04 13:17:30 [INFO]: Epoch 006 - training loss (MAE): 7.9890, validation MSE: 28.2012
2026-06-04 13:17:30 [INFO]: Epoch 007 - training loss (MAE): 7.9348, validation MSE: 27.8417
2026-06-04 13:17:30 [INFO]: Epoch 008 - training loss (MAE): 7.8570, validation MSE: 27.4890
2026-06-04 13:17:30 [INFO]: Epoch 009 - training loss (MAE): 7.8393, validation MSE: 27.1428
2026-06-04 13:17:30 [INFO]: Epoch 010 - training loss (MAE): 7.7670, validation MSE: 26.8032
2026-06-04 13:17:30 [INFO]: Epoch 011 - training loss (MAE): 7.7263, validation MSE: 26.4700
2026-06-04 13:17:30 [INFO]: Epoch 012 - training loss (MAE): 7.7292, validation MSE: 26.1422
2026-06-04 13:17:30 [INFO]: Epoch 013 - training loss (MAE): 7.6715, validation MSE: 25.8207
2026-06-04 13:17:30 [INFO]: Epoch 014 - training loss (MAE): 7.5769, validation MSE: 25.5050
2026-06-04 13:17:31 [INFO]: Epoch 015 - training loss (MAE): 7.5927, validation MSE: 25.1945
2026-06-04 13:17:31 [INFO]: Epoch 016 - training loss (MAE): 7.5362, validation MSE: 24.8893
2026-06-04 13:17:31 [INFO]: Epoch 017 - training loss (MAE): 7.4268, validation MSE: 24.5899
2026-06-04 13:17:31 [INFO]: Epoch 018 - training loss (MAE): 7.4283, validation MSE: 24.2962
2026-06-04 13:17:31 [INFO]: Epoch 019 - training loss (MAE): 7.3943, validation MSE: 24.0070
2026-06-04 13:17:31 [INFO]: Epoch 020 - training loss (MAE): 7.3790, validation MSE: 23.7238
2026-06-04 13:17:31 [INFO]: Epoch 021 - training loss (MAE): 7.2994, validation MSE: 23.4461
2026-06-04 13:17:31 [INFO]: Epoch 022 - training loss (MAE): 7.2520, validation MSE: 23.1721
2026-06-04 13:17:31 [INFO]: Epoch 023 - training loss (MAE): 7.2074, validation MSE: 22.9024
2026-06-04 13:17:31 [INFO]: Epoch 024 - training loss (MAE): 7.1465, validation MSE: 22.6372
2026-06-04 13:17:31 [INFO]: Epoch 025 - training loss (MAE): 7.1226, validation MSE: 22.3756
2026-06-04 13:17:31 [INFO]: Epoch 026 - training loss (MAE): 7.0993, validation MSE: 22.1185
2026-06-04 13:17:31 [INFO]: Epoch 027 - training loss (MAE): 7.0253, validation MSE: 21.8646
2026-06-04 13:17:31 [INFO]: Epoch 028 - training loss (MAE): 6.9729, validation MSE: 21.6150
2026-06-04 13:17:31 [INFO]: Epoch 029 - training loss (MAE): 6.9986, validation MSE: 21.3697
2026-06-04 13:17:31 [INFO]: Epoch 030 - training loss (MAE): 6.9286, validation MSE: 21.1288
2026-06-04 13:17:31 [INFO]: Epoch 031 - training loss (MAE): 6.9052, validation MSE: 20.8921
2026-06-04 13:17:31 [INFO]: Epoch 032 - training loss (MAE): 6.8537, validation MSE: 20.6595
2026-06-04 13:17:31 [INFO]: Epoch 033 - training loss (MAE): 6.8559, validation MSE: 20.4302
2026-06-04 13:17:31 [INFO]: Epoch 034 - training loss (MAE): 6.7676, validation MSE: 20.2041
2026-06-04 13:17:31 [INFO]: Epoch 035 - training loss (MAE): 6.7144, validation MSE: 19.9813
2026-06-04 13:17:31 [INFO]: Epoch 036 - training loss (MAE): 6.7078, validation MSE: 19.7622
2026-06-04 13:17:31 [INFO]: Epoch 037 - training loss (MAE): 6.6637, validation MSE: 19.5465
2026-06-04 13:17:31 [INFO]: Epoch 038 - training loss (MAE): 6.6029, validation MSE: 19.3342
2026-06-04 13:17:31 [INFO]: Epoch 039 - training loss (MAE): 6.5821, validation MSE: 19.1249
2026-06-04 13:17:31 [INFO]: Epoch 040 - training loss (MAE): 6.5353, validation MSE: 18.9180
2026-06-04 13:17:31 [INFO]: Epoch 041 - training loss (MAE): 6.4986, validation MSE: 18.7136
2026-06-04 13:17:31 [INFO]: Epoch 042 - training loss (MAE): 6.4561, validation MSE: 18.5122
2026-06-04 13:17:31 [INFO]: Epoch 043 - training loss (MAE): 6.4345, validation MSE: 18.3128
2026-06-04 13:17:31 [INFO]: Epoch 044 - training loss (MAE): 6.4468, validation MSE: 18.1152
2026-06-04 13:17:31 [INFO]: Epoch 045 - training loss (MAE): 6.3515, validation MSE: 17.9203
2026-06-04 13:17:31 [INFO]: Epoch 046 - training loss (MAE): 6.3563, validation MSE: 17.7285
2026-06-04 13:17:31 [INFO]: Epoch 047 - training loss (MAE): 6.2983, validation MSE: 17.5387
2026-06-04 13:17:31 [INFO]: Epoch 048 - training loss (MAE): 6.2750, validation MSE: 17.3509
2026-06-04 13:17:31 [INFO]: Epoch 049 - training loss (MAE): 6.2259, validation MSE: 17.1647
2026-06-04 13:17:31 [INFO]: Epoch 050 - training loss (MAE): 6.2117, validation MSE: 16.9812
2026-06-04 13:17:31 [INFO]: Epoch 051 - training loss (MAE): 6.1395, validation MSE: 16.7994
2026-06-04 13:17:31 [INFO]: Epoch 052 - training loss (MAE): 6.1029, validation MSE: 16.6192
2026-06-04 13:17:32 [INFO]: Epoch 053 - training loss (MAE): 6.0850, validation MSE: 16.4404
2026-06-04 13:17:32 [INFO]: Epoch 054 - training loss (MAE): 6.0323, validation MSE: 16.2640
2026-06-04 13:17:32 [INFO]: Epoch 055 - training loss (MAE): 6.0133, validation MSE: 16.0896
2026-06-04 13:17:32 [INFO]: Epoch 056 - training loss (MAE): 6.0063, validation MSE: 15.9169
2026-06-04 13:17:32 [INFO]: Epoch 057 - training loss (MAE): 5.9682, validation MSE: 15.7458
2026-06-04 13:17:32 [INFO]: Epoch 058 - training loss (MAE): 5.8925, validation MSE: 15.5761
2026-06-04 13:17:32 [INFO]: Epoch 059 - training loss (MAE): 5.8698, validation MSE: 15.4077
2026-06-04 13:17:32 [INFO]: Epoch 060 - training loss (MAE): 5.8460, validation MSE: 15.2412
2026-06-04 13:17:32 [INFO]: Finished training. The best model is from epoch#60.
2026-06-04 13:17:32 [INFO]: Saved the model to output/imputation/cuda/paper_campaign/tefn/etth1/mr0.3/seed123/TEFN.pypots
[TEFN] Testing —— MAE: 3.0036| MSE: 14.9795| RMSE: 3.8703| MRE: 3.5126| 
📊 Metrics saved to: output/imputation/cuda/paper_campaign/tefn/etth1/mr0.3/seed123/metrics/tefn_metrics.json
