2026-06-04 05:05:01 [INFO]: Have set the random seed as 123 for numpy and pytorch.
2026-06-04 05:05:01 [INFO]: You're using dataset electricity_load_diagrams, please cite it properly in your work. You can find its reference information at the below link: 
https://github.com/WenjieDu/TSDB/tree/main/dataset_profiles/electricity_load_diagrams
2026-06-04 05:05:01 [INFO]: Dataset electricity_load_diagrams has already been downloaded. Processing directly...
2026-06-04 05:05:01 [INFO]: Dataset electricity_load_diagrams has already been cached. Loading from cache directly...
2026-06-04 05:05:01 [INFO]: Loaded successfully!
2026-06-04 05:05:01 [INFO]: months selected as test set are <PeriodArray>
['2011-01', '2011-02', '2011-03', '2011-04', '2011-05', '2011-06', '2011-07',
 '2011-08', '2011-09', '2011-10']
Length: 10, dtype: period[M]
2026-06-04 05:05:01 [INFO]: months selected as val set are <PeriodArray>
['2011-11', '2011-12', '2012-01', '2012-02', '2012-03', '2012-04', '2012-05',
 '2012-06', '2012-07', '2012-08']
Length: 10, dtype: period[M]
2026-06-04 05:05:01 [INFO]: months selected as train set are <PeriodArray>
['2012-09', '2012-10', '2012-11', '2012-12', '2013-01', '2013-02', '2013-03',
 '2013-04', '2013-05', '2013-06', '2013-07', '2013-08', '2013-09', '2013-10',
 '2013-11', '2013-12', '2014-01', '2014-02', '2014-03', '2014-04', '2014-05',
 '2014-06', '2014-07', '2014-08', '2014-09', '2014-10', '2014-11', '2014-12',
 '2015-01']
Length: 29, dtype: period[M]
2026-06-04 05:05:03 [INFO]: Total sample number: 5843
2026-06-04 05:05:03 [INFO]: Training set size: 3408 (58.33%)
2026-06-04 05:05:03 [INFO]: Validation set size: 1220 (20.88%)
2026-06-04 05:05:03 [INFO]: Test set size: 1215 (20.79%)
2026-06-04 05:05:03 [INFO]: Number of steps: 24
2026-06-04 05:05:03 [INFO]: Number of features: 370
2026-06-04 05:05:03 [INFO]: Train set missing rate: 30.00%
2026-06-04 05:05:03 [INFO]: Validating set missing rate: 30.01%
2026-06-04 05:05:03 [INFO]: Test set missing rate: 30.02%
2026-06-04 05:05:03 [INFO]: 🔥🔥🔥🔥🔥🔥🔥🔥🔥🔥Using device list: ['cuda:0']
2026-06-04 05:05:03 [INFO]: 🔥🔥🔥🔥🔥🔥🔥🔥🔥🔥Using the given device: cuda:0
2026-06-04 05:05:03 [INFO]: Model files will be saved to output/imputation/cuda/paper_campaign/tefn/eld/mr0.3/seed123
2026-06-04 05:05:03 [INFO]: Tensorboard file will be saved to output/imputation/cuda/paper_campaign/tefn/eld/mr0.3/seed123/tensorboard
2026-06-04 05:05:03 [INFO]: Using customized MAE as the training loss function.
2026-06-04 05:05:03 [INFO]: Using customized MSE as the validation metric function.
2026-06-04 05:05:03 [INFO]: Model placed on cuda:0
2026-06-04 05:05:03 [INFO]: TEFN initialized with the given hyperparameters.
 ├─ Total parameters: 286,778
 ├─ Trainable parameters: 286,778
 └─ Trainable ratio: 100.00%
2026-06-04 05:05:05 [INFO]: Epoch 001 - training loss (MAE): 7.9222, validation MSE: 32.9188
2026-06-04 05:05:07 [INFO]: Epoch 002 - training loss (MAE): 6.9259, validation MSE: 25.9554
2026-06-04 05:05:08 [INFO]: Epoch 003 - training loss (MAE): 6.2570, validation MSE: 21.4157
2026-06-04 05:05:10 [INFO]: Epoch 004 - training loss (MAE): 5.6715, validation MSE: 18.0963
2026-06-04 05:05:11 [INFO]: Epoch 005 - training loss (MAE): 5.1523, validation MSE: 15.7551
2026-06-04 05:05:12 [INFO]: Epoch 006 - training loss (MAE): 4.6739, validation MSE: 13.7916
2026-06-04 05:05:13 [INFO]: Epoch 007 - training loss (MAE): 4.2277, validation MSE: 12.1593
2026-06-04 05:05:14 [INFO]: Epoch 008 - training loss (MAE): 3.8143, validation MSE: 10.6892
2026-06-04 05:05:16 [INFO]: Epoch 009 - training loss (MAE): 3.4280, validation MSE: 9.4096
2026-06-04 05:05:17 [INFO]: Epoch 010 - training loss (MAE): 3.0677, validation MSE: 8.3588
2026-06-04 05:05:18 [INFO]: Epoch 011 - training loss (MAE): 2.7409, validation MSE: 7.4643
2026-06-04 05:05:19 [INFO]: Epoch 012 - training loss (MAE): 2.4317, validation MSE: 6.7498
2026-06-04 05:05:20 [INFO]: Epoch 013 - training loss (MAE): 2.1572, validation MSE: 6.0989
2026-06-04 05:05:21 [INFO]: Epoch 014 - training loss (MAE): 1.9127, validation MSE: 5.6770
2026-06-04 05:05:23 [INFO]: Epoch 015 - training loss (MAE): 1.7029, validation MSE: 5.2749
2026-06-04 05:05:24 [INFO]: Epoch 016 - training loss (MAE): 1.5309, validation MSE: 4.9302
2026-06-04 05:05:25 [INFO]: Epoch 017 - training loss (MAE): 1.3876, validation MSE: 4.6589
2026-06-04 05:05:26 [INFO]: Epoch 018 - training loss (MAE): 1.2679, validation MSE: 4.4070
2026-06-04 05:05:27 [INFO]: Epoch 019 - training loss (MAE): 1.1723, validation MSE: 4.1911
2026-06-04 05:05:28 [INFO]: Epoch 020 - training loss (MAE): 1.0980, validation MSE: 4.1371
2026-06-04 05:05:29 [INFO]: Epoch 021 - training loss (MAE): 1.0358, validation MSE: 3.9490
2026-06-04 05:05:31 [INFO]: Epoch 022 - training loss (MAE): 0.9785, validation MSE: 3.8050
2026-06-04 05:05:32 [INFO]: Epoch 023 - training loss (MAE): 0.9293, validation MSE: 3.7328
2026-06-04 05:05:33 [INFO]: Epoch 024 - training loss (MAE): 0.8860, validation MSE: 3.6659
2026-06-04 05:05:34 [INFO]: Epoch 025 - training loss (MAE): 0.8525, validation MSE: 3.6224
2026-06-04 05:05:35 [INFO]: Epoch 026 - training loss (MAE): 0.8168, validation MSE: 3.5694
2026-06-04 05:05:37 [INFO]: Epoch 027 - training loss (MAE): 0.7888, validation MSE: 3.4788
2026-06-04 05:05:38 [INFO]: Epoch 028 - training loss (MAE): 0.7656, validation MSE: 3.4086
2026-06-04 05:05:39 [INFO]: Epoch 029 - training loss (MAE): 0.7447, validation MSE: 3.4381
2026-06-04 05:05:40 [INFO]: Epoch 030 - training loss (MAE): 0.7260, validation MSE: 3.3968
2026-06-04 05:05:41 [INFO]: Epoch 031 - training loss (MAE): 0.7075, validation MSE: 3.3621
2026-06-04 05:05:43 [INFO]: Epoch 032 - training loss (MAE): 0.6935, validation MSE: 3.3295
2026-06-04 05:05:44 [INFO]: Epoch 033 - training loss (MAE): 0.6823, validation MSE: 3.2904
2026-06-04 05:05:45 [INFO]: Epoch 034 - training loss (MAE): 0.6651, validation MSE: 3.2523
2026-06-04 05:05:47 [INFO]: Epoch 035 - training loss (MAE): 0.6537, validation MSE: 3.2437
2026-06-04 05:05:48 [INFO]: Epoch 036 - training loss (MAE): 0.6429, validation MSE: 3.2170
2026-06-04 05:05:49 [INFO]: Epoch 037 - training loss (MAE): 0.6300, validation MSE: 3.2255
2026-06-04 05:05:51 [INFO]: Epoch 038 - training loss (MAE): 0.6216, validation MSE: 3.2229
2026-06-04 05:05:52 [INFO]: Epoch 039 - training loss (MAE): 0.6149, validation MSE: 3.2018
2026-06-04 05:05:53 [INFO]: Epoch 040 - training loss (MAE): 0.6078, validation MSE: 3.1738
2026-06-04 05:05:55 [INFO]: Epoch 041 - training loss (MAE): 0.6035, validation MSE: 3.1777
2026-06-04 05:05:56 [INFO]: Epoch 042 - training loss (MAE): 0.5984, validation MSE: 3.1754
2026-06-04 05:05:58 [INFO]: Epoch 043 - training loss (MAE): 0.5957, validation MSE: 3.1610
2026-06-04 05:05:59 [INFO]: Epoch 044 - training loss (MAE): 0.5933, validation MSE: 3.1561
2026-06-04 05:06:00 [INFO]: Epoch 045 - training loss (MAE): 0.5912, validation MSE: 3.1362
2026-06-04 05:06:02 [INFO]: Epoch 046 - training loss (MAE): 0.5920, validation MSE: 3.1592
2026-06-04 05:06:03 [INFO]: Epoch 047 - training loss (MAE): 0.5916, validation MSE: 3.1680
2026-06-04 05:06:05 [INFO]: Epoch 048 - training loss (MAE): 0.5901, validation MSE: 3.1249
2026-06-04 05:06:06 [INFO]: Epoch 049 - training loss (MAE): 0.5869, validation MSE: 3.1416
2026-06-04 05:06:07 [INFO]: Epoch 050 - training loss (MAE): 0.5870, validation MSE: 3.1193
2026-06-04 05:06:09 [INFO]: Epoch 051 - training loss (MAE): 0.5870, validation MSE: 3.1387
2026-06-04 05:06:10 [INFO]: Epoch 052 - training loss (MAE): 0.5872, validation MSE: 3.1185
2026-06-04 05:06:12 [INFO]: Epoch 053 - training loss (MAE): 0.5860, validation MSE: 3.1061
2026-06-04 05:06:13 [INFO]: Epoch 054 - training loss (MAE): 0.5850, validation MSE: 3.0842
2026-06-04 05:06:15 [INFO]: Epoch 055 - training loss (MAE): 0.5835, validation MSE: 3.0913
2026-06-04 05:06:16 [INFO]: Epoch 056 - training loss (MAE): 0.5824, validation MSE: 3.0931
2026-06-04 05:06:17 [INFO]: Epoch 057 - training loss (MAE): 0.5825, validation MSE: 3.0829
2026-06-04 05:06:19 [INFO]: Epoch 058 - training loss (MAE): 0.5825, validation MSE: 3.0856
2026-06-04 05:06:20 [INFO]: Epoch 059 - training loss (MAE): 0.5812, validation MSE: 3.0729
2026-06-04 05:06:21 [INFO]: Epoch 060 - training loss (MAE): 0.5815, validation MSE: 3.0832
2026-06-04 05:06:21 [INFO]: Finished training. The best model is from epoch#59.
2026-06-04 05:06:21 [INFO]: Saved the model to output/imputation/cuda/paper_campaign/tefn/eld/mr0.3/seed123/TEFN.pypots
[34m
████████╗██╗███╗   ███╗███████╗    ███████╗███████╗██████╗ ██╗███████╗███████╗    █████╗ ██╗
╚══██╔══╝██║████╗ ████║██╔════╝    ██╔════╝██╔════╝██╔══██╗██║██╔════╝██╔════╝   ██╔══██╗██║
   ██║   ██║██╔████╔██║█████╗█████╗███████╗█████╗  ██████╔╝██║█████╗  ███████╗   ███████║██║
   ██║   ██║██║╚██╔╝██║██╔══╝╚════╝╚════██║██╔══╝  ██╔══██╗██║██╔══╝  ╚════██║   ██╔══██║██║
   ██║   ██║██║ ╚═╝ ██║███████╗    ███████║███████╗██║  ██║██║███████╗███████║██╗██║  ██║██║
   ╚═╝   ╚═╝╚═╝     ╚═╝╚══════╝    ╚══════╝╚══════╝╚═╝  ╚═╝╚═╝╚══════╝╚══════╝╚═╝╚═╝  ╚═╝╚═╝
ai4ts v0.0.3 - building AI for unified time-series analysis, https://time-series.ai [0m

Use Train GPT: False
Use Lora: False
Use Profiling: False
🚀 Running imputation pipeline for model: tefn
✅ Dataset 'eld' with missing rate 0.3 loaded at: /home/Aboya_25R9803/projects/lab/SUN/iPyPOTS/datasets/rate_0.3
🚀 Starting TEFN training pipeline...
[TEFN] Testing —— MAE: 1.0398| MSE: 2.6465| RMSE: 1.6268| MRE: 0.5568| 
📊 Metrics saved to: output/imputation/cuda/paper_campaign/tefn/eld/mr0.3/seed123/metrics/tefn_metrics.json
