2026-06-04 09:56:16 [INFO]: Have set the random seed as 42 for numpy and pytorch.
2026-06-04 09:56:17 [INFO]: 🔥🔥🔥🔥🔥🔥🔥🔥🔥🔥Using device list: ['cuda:0']
2026-06-04 09:56:17 [INFO]: 🔥🔥🔥🔥🔥🔥🔥🔥🔥🔥Using the given device: cuda:0
2026-06-04 09:56:17 [INFO]: Model files will be saved to output/imputation/cuda/paper_campaign/tslanet/citylearn_zone5/mr0.3/seed42
2026-06-04 09:56:17 [INFO]: Tensorboard file will be saved to output/imputation/cuda/paper_campaign/tslanet/citylearn_zone5/mr0.3/seed42/tensorboard
2026-06-04 09:56:18 [INFO]: Model placed on cuda:0
2026-06-04 09:56:18 [INFO]: TSLANet initialized with the given hyperparameters.
 ├─ Total parameters: 416,106
 ├─ Trainable parameters: 416,106
 └─ Trainable ratio: 100.00%
2026-06-04 09:56:21 [INFO]: Epoch 001 - training loss (default): 0.1276, validation loss: 0.0917
2026-06-04 09:56:23 [INFO]: Epoch 002 - training loss (default): 0.0409, validation loss: 0.0670
2026-06-04 09:56:26 [INFO]: Epoch 003 - training loss (default): 0.0248, validation loss: 0.0527
2026-06-04 09:56:29 [INFO]: Epoch 004 - training loss (default): 0.0178, validation loss: 0.0430
2026-06-04 09:56:31 [INFO]: Epoch 005 - training loss (default): 0.0138, validation loss: 0.0354
2026-06-04 09:56:34 [INFO]: Epoch 006 - training loss (default): 0.0114, validation loss: 0.0301
2026-06-04 09:56:36 [INFO]: Epoch 007 - training loss (default): 0.0095, validation loss: 0.0263
2026-06-04 09:56:39 [INFO]: Epoch 008 - training loss (default): 0.0081, validation loss: 0.0232
2026-06-04 09:56:41 [INFO]: Epoch 009 - training loss (default): 0.0071, validation loss: 0.0212
2026-06-04 09:56:44 [INFO]: Epoch 010 - training loss (default): 0.0062, validation loss: 0.0193
2026-06-04 09:56:46 [INFO]: Epoch 011 - training loss (default): 0.0056, validation loss: 0.0178
2026-06-04 09:56:49 [INFO]: Epoch 012 - training loss (default): 0.0051, validation loss: 0.0165
2026-06-04 09:56:51 [INFO]: Epoch 013 - training loss (default): 0.0046, validation loss: 0.0154
2026-06-04 09:56:54 [INFO]: Epoch 014 - training loss (default): 0.0042, validation loss: 0.0146
2026-06-04 09:56:56 [INFO]: Epoch 015 - training loss (default): 0.0038, validation loss: 0.0137
2026-06-04 09:56:59 [INFO]: Epoch 016 - training loss (default): 0.0035, validation loss: 0.0130
2026-06-04 09:57:02 [INFO]: Epoch 017 - training loss (default): 0.0033, validation loss: 0.0125
2026-06-04 09:57:04 [INFO]: Epoch 018 - training loss (default): 0.0031, validation loss: 0.0119
2026-06-04 09:57:07 [INFO]: Epoch 019 - training loss (default): 0.0028, validation loss: 0.0115
2026-06-04 09:57:09 [INFO]: Epoch 020 - training loss (default): 0.0026, validation loss: 0.0109
2026-06-04 09:57:12 [INFO]: Epoch 021 - training loss (default): 0.0024, validation loss: 0.0102
2026-06-04 09:57:14 [INFO]: Epoch 022 - training loss (default): 0.0023, validation loss: 0.0099
2026-06-04 09:57:17 [INFO]: Epoch 023 - training loss (default): 0.0021, validation loss: 0.0096
2026-06-04 09:57:19 [INFO]: Epoch 024 - training loss (default): 0.0020, validation loss: 0.0092
2026-06-04 09:57:22 [INFO]: Epoch 025 - training loss (default): 0.0019, validation loss: 0.0088
2026-06-04 09:57:24 [INFO]: Epoch 026 - training loss (default): 0.0018, validation loss: 0.0084
2026-06-04 09:57:26 [INFO]: Epoch 027 - training loss (default): 0.0017, validation loss: 0.0082
2026-06-04 09:57:29 [INFO]: Epoch 028 - training loss (default): 0.0016, validation loss: 0.0079
2026-06-04 09:57:31 [INFO]: Epoch 029 - training loss (default): 0.0015, validation loss: 0.0075
2026-06-04 09:57:33 [INFO]: Epoch 030 - training loss (default): 0.0014, validation loss: 0.0073
2026-06-04 09:57:35 [INFO]: Epoch 031 - training loss (default): 0.0014, validation loss: 0.0069
2026-06-04 09:57:38 [INFO]: Epoch 032 - training loss (default): 0.0013, validation loss: 0.0067
2026-06-04 09:57:40 [INFO]: Epoch 033 - training loss (default): 0.0012, validation loss: 0.0065
2026-06-04 09:57:42 [INFO]: Epoch 034 - training loss (default): 0.0012, validation loss: 0.0063
2026-06-04 09:57:45 [INFO]: Epoch 035 - training loss (default): 0.0011, validation loss: 0.0061
2026-06-04 09:57:47 [INFO]: Epoch 036 - training loss (default): 0.0011, validation loss: 0.0059
2026-06-04 09:57:49 [INFO]: Epoch 037 - training loss (default): 0.0010, validation loss: 0.0056
2026-06-04 09:57:51 [INFO]: Epoch 038 - training loss (default): 0.0009, validation loss: 0.0055
2026-06-04 09:57:54 [INFO]: Epoch 039 - training loss (default): 0.0009, validation loss: 0.0053
2026-06-04 09:57:56 [INFO]: Epoch 040 - training loss (default): 0.0009, validation loss: 0.0051
2026-06-04 09:57:58 [INFO]: Epoch 041 - training loss (default): 0.0008, validation loss: 0.0050
2026-06-04 09:58:00 [INFO]: Epoch 042 - training loss (default): 0.0008, validation loss: 0.0048
2026-06-04 09:58:02 [INFO]: Epoch 043 - training loss (default): 0.0008, validation loss: 0.0045
2026-06-04 09:58:04 [INFO]: Epoch 044 - training loss (default): 0.0007, validation loss: 0.0045
2026-06-04 09:58:07 [INFO]: Epoch 045 - training loss (default): 0.0007, validation loss: 0.0044
2026-06-04 09:58:09 [INFO]: Epoch 046 - training loss (default): 0.0007, validation loss: 0.0042
2026-06-04 09:58:12 [INFO]: Epoch 047 - training loss (default): 0.0006, validation loss: 0.0040
2026-06-04 09:58:14 [INFO]: Epoch 048 - training loss (default): 0.0006, validation loss: 0.0040
2026-06-04 09:58:16 [INFO]: Epoch 049 - training loss (default): 0.0006, validation loss: 0.0039
2026-06-04 09:58:19 [INFO]: Epoch 050 - training loss (default): 0.0006, validation loss: 0.0037
2026-06-04 09:58:21 [INFO]: Epoch 051 - training loss (default): 0.0005, validation loss: 0.0036
2026-06-04 09:58:23 [INFO]: Epoch 052 - training loss (default): 0.0005, validation loss: 0.0034
2026-06-04 09:58:25 [INFO]: Epoch 053 - training loss (default): 0.0005, validation loss: 0.0033
2026-06-04 09:58:28 [INFO]: Epoch 054 - training loss (default): 0.0005, validation loss: 0.0032
2026-06-04 09:58:30 [INFO]: Epoch 055 - training loss (default): 0.0005, validation loss: 0.0032
2026-06-04 09:58:32 [INFO]: Epoch 056 - training loss (default): 0.0004, validation loss: 0.0030
2026-06-04 09:58:35 [INFO]: Epoch 057 - training loss (default): 0.0004, validation loss: 0.0029
2026-06-04 09:58:37 [INFO]: Epoch 058 - training loss (default): 0.0004, validation loss: 0.0029
2026-06-04 09:58:39 [INFO]: Epoch 059 - training loss (default): 0.0004, validation loss: 0.0028
2026-06-04 09:58:42 [INFO]: Epoch 060 - training loss (default): 0.0004, validation loss: 0.0027
2026-06-04 09:58:42 [INFO]: Finished training. The best model is from epoch#60.
2026-06-04 09:58:42 [INFO]: Saved the model to output/imputation/cuda/paper_campaign/tslanet/citylearn_zone5/mr0.3/seed42/TSLANet.pypots
[34m
████████╗██╗███╗   ███╗███████╗    ███████╗███████╗██████╗ ██╗███████╗███████╗    █████╗ ██╗
╚══██╔══╝██║████╗ ████║██╔════╝    ██╔════╝██╔════╝██╔══██╗██║██╔════╝██╔════╝   ██╔══██╗██║
   ██║   ██║██╔████╔██║█████╗█████╗███████╗█████╗  ██████╔╝██║█████╗  ███████╗   ███████║██║
   ██║   ██║██║╚██╔╝██║██╔══╝╚════╝╚════██║██╔══╝  ██╔══██╗██║██╔══╝  ╚════██║   ██╔══██║██║
   ██║   ██║██║ ╚═╝ ██║███████╗    ███████║███████╗██║  ██║██║███████╗███████║██╗██║  ██║██║
   ╚═╝   ╚═╝╚═╝     ╚═╝╚══════╝    ╚══════╝╚══════╝╚═╝  ╚═╝╚═╝╚══════╝╚══════╝╚═╝╚═╝  ╚═╝╚═╝
ai4ts v0.0.3 - building AI for unified time-series analysis, https://time-series.ai [0m

Use Train GPT: False
Use Lora: False
Use Profiling: False
🚀 Running imputation pipeline for model: tslanet
✅ Dataset 'citylearn_zone5' with missing rate 0.3 loaded at: /home/Aboya_25R9803/projects/lab/SUN/iPyPOTS/datasets/rate_0.3
🚀 Starting TSLANet training pipeline...
[TSLANet] Testing —— MAE: 0.8213| MSE: 0.9438| RMSE: 0.9715| MRE: 1.0089| 
📊 Metrics saved to: output/imputation/cuda/paper_campaign/tslanet/citylearn_zone5/mr0.3/seed42/metrics/tslanet_metrics.json
