2026-06-04 06:05:38 [INFO]: Have set the random seed as 42 for numpy and pytorch.
2026-06-04 06:05:38 [INFO]: You're using dataset solar_alabama, please cite it properly in your work. You can find its reference information at the below link: 
https://github.com/WenjieDu/TSDB/tree/main/dataset_profiles/solar_alabama
2026-06-04 06:05:38 [INFO]: Dataset solar_alabama has already been downloaded. Processing directly...
2026-06-04 06:05:38 [INFO]: Dataset solar_alabama has already been cached. Loading from cache directly...
2026-06-04 06:05:38 [INFO]: Loaded successfully!
2026-06-04 06:05:38 [INFO]: months selected as train set are <PeriodArray>
['2006-01', '2006-02', '2006-03', '2006-04', '2006-05', '2006-06']
Length: 6, dtype: period[M]
2026-06-04 06:05:38 [INFO]: months selected as val set are <PeriodArray>
['2006-07', '2006-08', '2006-09']
Length: 3, dtype: period[M]
2026-06-04 06:05:38 [INFO]: months selected as test set are <PeriodArray>
['2006-10', '2006-11', '2006-12']
Length: 3, dtype: period[M]
2026-06-04 06:05:38 [INFO]: Total sample number: 2190
2026-06-04 06:05:38 [INFO]: Training set size: 1086 (49.59%)
2026-06-04 06:05:38 [INFO]: Validation set size: 552 (25.21%)
2026-06-04 06:05:38 [INFO]: Test set size: 552 (25.21%)
2026-06-04 06:05:38 [INFO]: Number of steps: 24
2026-06-04 06:05:38 [INFO]: Number of features: 137
2026-06-04 06:05:38 [INFO]: Train set missing rate: 50.01%
2026-06-04 06:05:38 [INFO]: Validating set missing rate: 50.01%
2026-06-04 06:05:38 [INFO]: Test set missing rate: 50.00%
2026-06-04 06:05:38 [INFO]: 🔥🔥🔥🔥🔥🔥🔥🔥🔥🔥Using device list: ['cuda:0']
2026-06-04 06:05:38 [INFO]: 🔥🔥🔥🔥🔥🔥🔥🔥🔥🔥Using the given device: cuda:0
2026-06-04 06:05:39 [INFO]: Model files will be saved to output/imputation/cuda/paper_campaign/saits/solar/mr0.5/seed42
2026-06-04 06:05:39 [INFO]: Tensorboard file will be saved to output/imputation/cuda/paper_campaign/saits/solar/mr0.5/seed42/tensorboard
2026-06-04 06:05:39 [INFO]: Using customized MAE as the training loss function.
2026-06-04 06:05:39 [INFO]: Using customized MSE as the validation metric function.
2026-06-04 06:05:39 [INFO]: SAITS initialized with the given hyperparameters.
 ├─ Total parameters: 226,974
 ├─ Trainable parameters: 226,974
 └─ Trainable ratio: 100.00%
2026-06-04 06:05:39 [INFO]: Model placed on cuda:0
2026-06-04 06:05:40 [INFO]: Epoch 001 - training loss (MAE): 1.5947, validation MSE: 0.7294
2026-06-04 06:05:40 [INFO]: Epoch 002 - training loss (MAE): 1.1754, validation MSE: 0.4150
2026-06-04 06:05:40 [INFO]: Epoch 003 - training loss (MAE): 0.8473, validation MSE: 0.2831
2026-06-04 06:05:41 [INFO]: Epoch 004 - training loss (MAE): 0.7197, validation MSE: 0.2091
2026-06-04 06:05:41 [INFO]: Epoch 005 - training loss (MAE): 0.6108, validation MSE: 0.1857
2026-06-04 06:05:41 [INFO]: Epoch 006 - training loss (MAE): 0.5445, validation MSE: 0.1585
2026-06-04 06:05:41 [INFO]: Epoch 007 - training loss (MAE): 0.4889, validation MSE: 0.1085
2026-06-04 06:05:42 [INFO]: Epoch 008 - training loss (MAE): 0.4501, validation MSE: 0.1230
2026-06-04 06:05:42 [INFO]: Epoch 009 - training loss (MAE): 0.4231, validation MSE: 0.1012
2026-06-04 06:05:42 [INFO]: Epoch 010 - training loss (MAE): 0.3950, validation MSE: 0.0885
2026-06-04 06:05:43 [INFO]: Epoch 011 - training loss (MAE): 0.3805, validation MSE: 0.0950
2026-06-04 06:05:43 [INFO]: Epoch 012 - training loss (MAE): 0.3678, validation MSE: 0.0843
2026-06-04 06:05:43 [INFO]: Epoch 013 - training loss (MAE): 0.3514, validation MSE: 0.0799
2026-06-04 06:05:43 [INFO]: Epoch 014 - training loss (MAE): 0.3470, validation MSE: 0.0806
2026-06-04 06:05:44 [INFO]: Epoch 015 - training loss (MAE): 0.3318, validation MSE: 0.0817
2026-06-04 06:05:44 [INFO]: Epoch 016 - training loss (MAE): 0.3357, validation MSE: 0.0843
2026-06-04 06:05:44 [INFO]: Epoch 017 - training loss (MAE): 0.3303, validation MSE: 0.0783
2026-06-04 06:05:45 [INFO]: Epoch 018 - training loss (MAE): 0.3152, validation MSE: 0.0774
2026-06-04 06:05:45 [INFO]: Epoch 019 - training loss (MAE): 0.3170, validation MSE: 0.0774
2026-06-04 06:05:45 [INFO]: Epoch 020 - training loss (MAE): 0.3100, validation MSE: 0.0773
2026-06-04 06:05:45 [INFO]: Epoch 021 - training loss (MAE): 0.3119, validation MSE: 0.0772
2026-06-04 06:05:46 [INFO]: Epoch 022 - training loss (MAE): 0.3297, validation MSE: 0.0784
2026-06-04 06:05:46 [INFO]: Epoch 023 - training loss (MAE): 0.2996, validation MSE: 0.0796
2026-06-04 06:05:46 [INFO]: Epoch 024 - training loss (MAE): 0.3034, validation MSE: 0.0775
2026-06-04 06:05:47 [INFO]: Epoch 025 - training loss (MAE): 0.3096, validation MSE: 0.0767
2026-06-04 06:05:47 [INFO]: Epoch 026 - training loss (MAE): 0.2934, validation MSE: 0.0776
2026-06-04 06:05:47 [INFO]: Epoch 027 - training loss (MAE): 0.3057, validation MSE: 0.0766
2026-06-04 06:05:47 [INFO]: Epoch 028 - training loss (MAE): 0.3001, validation MSE: 0.0771
2026-06-04 06:05:48 [INFO]: Epoch 029 - training loss (MAE): 0.3075, validation MSE: 0.0768
2026-06-04 06:05:48 [INFO]: Epoch 030 - training loss (MAE): 0.2889, validation MSE: 0.0767
2026-06-04 06:05:48 [INFO]: Epoch 031 - training loss (MAE): 0.3069, validation MSE: 0.0778
2026-06-04 06:05:49 [INFO]: Epoch 032 - training loss (MAE): 0.2924, validation MSE: 0.0772
2026-06-04 06:05:49 [INFO]: Epoch 033 - training loss (MAE): 0.2857, validation MSE: 0.0766
2026-06-04 06:05:49 [INFO]: Epoch 034 - training loss (MAE): 0.2961, validation MSE: 0.0769
2026-06-04 06:05:49 [INFO]: Epoch 035 - training loss (MAE): 0.2973, validation MSE: 0.0781
2026-06-04 06:05:50 [INFO]: Epoch 036 - training loss (MAE): 0.2947, validation MSE: 0.0774
2026-06-04 06:05:50 [INFO]: Epoch 037 - training loss (MAE): 0.2957, validation MSE: 0.0767
2026-06-04 06:05:50 [INFO]: Epoch 038 - training loss (MAE): 0.2992, validation MSE: 0.0768
2026-06-04 06:05:50 [INFO]: Epoch 039 - training loss (MAE): 0.2796, validation MSE: 0.0776
2026-06-04 06:05:51 [INFO]: Epoch 040 - training loss (MAE): 0.3051, validation MSE: 0.0776
2026-06-04 06:05:51 [INFO]: Epoch 041 - training loss (MAE): 0.2737, validation MSE: 0.0765
2026-06-04 06:05:51 [INFO]: Epoch 042 - training loss (MAE): 0.2951, validation MSE: 0.0800
2026-06-04 06:05:52 [INFO]: Epoch 043 - training loss (MAE): 0.2965, validation MSE: 0.0782
2026-06-04 06:05:52 [INFO]: Epoch 044 - training loss (MAE): 0.2917, validation MSE: 0.0766
2026-06-04 06:05:52 [INFO]: Epoch 045 - training loss (MAE): 0.2821, validation MSE: 0.0786
2026-06-04 06:05:52 [INFO]: Epoch 046 - training loss (MAE): 0.2775, validation MSE: 0.0774
2026-06-04 06:05:53 [INFO]: Epoch 047 - training loss (MAE): 0.2849, validation MSE: 0.0766
2026-06-04 06:05:53 [INFO]: Epoch 048 - training loss (MAE): 0.2926, validation MSE: 0.0762
2026-06-04 06:05:53 [INFO]: Epoch 049 - training loss (MAE): 0.2878, validation MSE: 0.0761
2026-06-04 06:05:54 [INFO]: Epoch 050 - training loss (MAE): 0.2938, validation MSE: 0.0761
2026-06-04 06:05:54 [INFO]: Epoch 051 - training loss (MAE): 0.2897, validation MSE: 0.0764
2026-06-04 06:05:54 [INFO]: Epoch 052 - training loss (MAE): 0.2843, validation MSE: 0.0764
2026-06-04 06:05:55 [INFO]: Epoch 053 - training loss (MAE): 0.2747, validation MSE: 0.0770
2026-06-04 06:05:55 [INFO]: Epoch 054 - training loss (MAE): 0.2701, validation MSE: 0.0761
2026-06-04 06:05:55 [INFO]: Epoch 055 - training loss (MAE): 0.2725, validation MSE: 0.0761
2026-06-04 06:05:55 [INFO]: Epoch 056 - training loss (MAE): 0.2688, validation MSE: 0.0761
2026-06-04 06:05:56 [INFO]: Epoch 057 - training loss (MAE): 0.2791, validation MSE: 0.0760
2026-06-04 06:05:56 [INFO]: Epoch 058 - training loss (MAE): 0.2790, validation MSE: 0.0765
2026-06-04 06:05:56 [INFO]: Epoch 059 - training loss (MAE): 0.2772, validation MSE: 0.0762
2026-06-04 06:05:57 [INFO]: Epoch 060 - training loss (MAE): 0.2710, validation MSE: 0.0762
2026-06-04 06:05:57 [INFO]: Finished training. The best model is from epoch#57.
2026-06-04 06:05:57 [INFO]: Saved the model to output/imputation/cuda/paper_campaign/saits/solar/mr0.5/seed42/SAITS.pypots
[34m
████████╗██╗███╗   ███╗███████╗    ███████╗███████╗██████╗ ██╗███████╗███████╗    █████╗ ██╗
╚══██╔══╝██║████╗ ████║██╔════╝    ██╔════╝██╔════╝██╔══██╗██║██╔════╝██╔════╝   ██╔══██╗██║
   ██║   ██║██╔████╔██║█████╗█████╗███████╗█████╗  ██████╔╝██║█████╗  ███████╗   ███████║██║
   ██║   ██║██║╚██╔╝██║██╔══╝╚════╝╚════██║██╔══╝  ██╔══██╗██║██╔══╝  ╚════██║   ██╔══██║██║
   ██║   ██║██║ ╚═╝ ██║███████╗    ███████║███████╗██║  ██║██║███████╗███████║██╗██║  ██║██║
   ╚═╝   ╚═╝╚═╝     ╚═╝╚══════╝    ╚══════╝╚══════╝╚═╝  ╚═╝╚═╝╚══════╝╚══════╝╚═╝╚═╝  ╚═╝╚═╝
ai4ts v0.0.3 - building AI for unified time-series analysis, https://time-series.ai [0m

Use Train GPT: False
Use Lora: False
Use Profiling: False
🚀 Running imputation pipeline for model: saits
✅ Dataset 'solar' with missing rate 0.5 loaded at: /home/Aboya_25R9803/projects/lab/SUN/iPyPOTS/datasets/rate_0.5
🚀 Starting SAITS training pipeline...
[SAITS] Testing —— MAE: 0.1081| MSE: 0.0637| RMSE: 0.2524| MRE: 0.1395| 
📊 Metrics saved to: output/imputation/cuda/paper_campaign/saits/solar/mr0.5/seed42/metrics/saits_metrics.json
