2026-06-04 09:46:39 [INFO]: Have set the random seed as 456 for numpy and pytorch.
2026-06-04 09:46:40 [INFO]: 🔥🔥🔥🔥🔥🔥🔥🔥🔥🔥Using device list: ['cuda:0']
2026-06-04 09:46:40 [INFO]: 🔥🔥🔥🔥🔥🔥🔥🔥🔥🔥Using the given device: cuda:0
2026-06-04 09:46:41 [INFO]: Model files will be saved to output/imputation/cuda/paper_campaign/timemixerpp/citylearn_zone5/mr0.5/seed456
2026-06-04 09:46:41 [INFO]: Tensorboard file will be saved to output/imputation/cuda/paper_campaign/timemixerpp/citylearn_zone5/mr0.5/seed456/tensorboard
2026-06-04 09:46:41 [INFO]: Using customized MAE as the training loss function.
2026-06-04 09:46:41 [INFO]: Using customized MSE as the validation metric function.
2026-06-04 09:46:41 [INFO]: Model placed on cuda:0
2026-06-04 09:46:41 [INFO]: TimeMixerPP initialized with the given hyperparameters.
 ├─ Total parameters: 18,838,165
 ├─ Trainable parameters: 18,833,301
 └─ Trainable ratio: 99.97%
2026-06-04 09:46:42 [ERROR]: ❌ Exception: CUDA out of memory. Tried to allocate 2.46 GiB. GPU 0 has a total capacity of 23.58 GiB of which 1.88 GiB is free. Process 1386979 has 7.90 GiB memory in use. Including non-PyTorch memory, this process has 13.79 GiB memory in use. Of the allocated memory 11.04 GiB is allocated by PyTorch, and 2.44 GiB is reserved by PyTorch but unallocated. If reserved but unallocated memory is large try setting PYTORCH_CUDA_ALLOC_CONF=expandable_segments:True to avoid fragmentation.  See documentation for Memory Management  (https://pytorch.org/docs/stable/notes/cuda.html#environment-variables)
[34m
████████╗██╗███╗   ███╗███████╗    ███████╗███████╗██████╗ ██╗███████╗███████╗    █████╗ ██╗
╚══██╔══╝██║████╗ ████║██╔════╝    ██╔════╝██╔════╝██╔══██╗██║██╔════╝██╔════╝   ██╔══██╗██║
   ██║   ██║██╔████╔██║█████╗█████╗███████╗█████╗  ██████╔╝██║█████╗  ███████╗   ███████║██║
   ██║   ██║██║╚██╔╝██║██╔══╝╚════╝╚════██║██╔══╝  ██╔══██╗██║██╔══╝  ╚════██║   ██╔══██║██║
   ██║   ██║██║ ╚═╝ ██║███████╗    ███████║███████╗██║  ██║██║███████╗███████║██╗██║  ██║██║
   ╚═╝   ╚═╝╚═╝     ╚═╝╚══════╝    ╚══════╝╚══════╝╚═╝  ╚═╝╚═╝╚══════╝╚══════╝╚═╝╚═╝  ╚═╝╚═╝
ai4ts v0.0.3 - building AI for unified time-series analysis, https://time-series.ai [0m

Use Train GPT: False
Use Lora: False
Use Profiling: False
🚀 Running imputation pipeline for model: timemixerpp
✅ Dataset 'citylearn_zone5' with missing rate 0.5 loaded at: /home/Aboya_25R9803/projects/lab/SUN/iPyPOTS/datasets/rate_0.5
🚀 Starting TimeMixer++ training pipeline...
Traceback (most recent call last):
  File "/home/Aboya_25R9803/projects/lab/SUN/iPyPOTS/pypots/base.py", line 756, in _train_model
    results = self.model(inputs, calc_criterion=True)
  File "/home/Aboya_25R9803/anaconda3/lib/python3.13/site-packages/torch/nn/modules/module.py", line 1773, in _wrapped_call_impl
    return self._call_impl(*args, **kwargs)
           ~~~~~~~~~~~~~~~^^^^^^^^^^^^^^^^^
  File "/home/Aboya_25R9803/anaconda3/lib/python3.13/site-packages/torch/nn/modules/module.py", line 1784, in _call_impl
    return forward_call(*args, **kwargs)
  File "/home/Aboya_25R9803/projects/lab/SUN/iPyPOTS/pypots/imputation/timemixerpp/core.py", line 82, in forward
    reconstruction = self.model.imputation(X, None)
  File "/home/Aboya_25R9803/projects/lab/SUN/iPyPOTS/pypots/nn/modules/timemixerpp/backbone.py", line 333, in imputation
    enc_out_list = self.encoder_model[i](enc_out_list)
  File "/home/Aboya_25R9803/anaconda3/lib/python3.13/site-packages/torch/nn/modules/module.py", line 1773, in _wrapped_call_impl
    return self._call_impl(*args, **kwargs)
           ~~~~~~~~~~~~~~~^^^^^^^^^^^^^^^^^
  File "/home/Aboya_25R9803/anaconda3/lib/python3.13/site-packages/torch/nn/modules/module.py", line 1784, in _call_impl
    return forward_call(*args, **kwargs)
  File "/home/Aboya_25R9803/projects/lab/SUN/iPyPOTS/pypots/nn/modules/timemixerpp/layers.py", line 209, in forward
    out_list = self.multi_scale_mixing(season_list, trend_list, length_list)
  File "/home/Aboya_25R9803/projects/lab/SUN/iPyPOTS/pypots/nn/modules/timemixerpp/layers.py", line 240, in multi_scale_mixing
    out_trend_list = self.multi_scale_trend_conv(trend_list)
  File "/home/Aboya_25R9803/anaconda3/lib/python3.13/site-packages/torch/nn/modules/module.py", line 1773, in _wrapped_call_impl
    return self._call_impl(*args, **kwargs)
           ~~~~~~~~~~~~~~~^^^^^^^^^^^^^^^^^
  File "/home/Aboya_25R9803/anaconda3/lib/python3.13/site-packages/torch/nn/modules/module.py", line 1784, in _call_impl
    return forward_call(*args, **kwargs)
  File "/home/Aboya_25R9803/projects/lab/SUN/iPyPOTS/pypots/nn/modules/timemixerpp/layers.py", line 157, in forward
    out_high_res = self.cross_trans_conv_season(out_low, output_size=out_high.size())
  File "/home/Aboya_25R9803/anaconda3/lib/python3.13/site-packages/torch/nn/modules/module.py", line 1773, in _wrapped_call_impl
    return self._call_impl(*args, **kwargs)
           ~~~~~~~~~~~~~~~^^^^^^^^^^^^^^^^^
  File "/home/Aboya_25R9803/anaconda3/lib/python3.13/site-packages/torch/nn/modules/module.py", line 1784, in _call_impl
    return forward_call(*args, **kwargs)
  File "/home/Aboya_25R9803/projects/lab/SUN/iPyPOTS/pypots/nn/modules/inception/layers.py", line 97, in forward
    res = torch.stack(res_list, dim=-1).mean(-1)
          ~~~~~~~~~~~^^^^^^^^^^^^^^^^^^
torch.OutOfMemoryError: CUDA out of memory. Tried to allocate 2.46 GiB. GPU 0 has a total capacity of 23.58 GiB of which 1.88 GiB is free. Process 1386979 has 7.90 GiB memory in use. Including non-PyTorch memory, this process has 13.79 GiB memory in use. Of the allocated memory 11.04 GiB is allocated by PyTorch, and 2.44 GiB is reserved by PyTorch but unallocated. If reserved but unallocated memory is large try setting PYTORCH_CUDA_ALLOC_CONF=expandable_segments:True to avoid fragmentation.  See documentation for Memory Management  (https://pytorch.org/docs/stable/notes/cuda.html#environment-variables)

During handling of the above exception, another exception occurred:

Traceback (most recent call last):
  File "/home/Aboya_25R9803/projects/lab/SUN/iPyPOTS/main.py", line 98, in <module>
    main(args)
    ~~~~^^^^^^
  File "/home/Aboya_25R9803/projects/lab/SUN/iPyPOTS/main.py", line 72, in main
    mae, mse, rmse, mre = MODEL_PIPELINES[model_name](dataset, args)
                          ~~~~~~~~~~~~~~~~~~~~~~~~~~~^^^^^^^^^^^^^^^
  File "/home/Aboya_25R9803/projects/lab/SUN/iPyPOTS/pipeline/imputations/timemixerpp.py", line 64, in train_and_evaluate_timemixerpp
    model.fit(train_set=train_set, val_set=val_set)
    ~~~~~~~~~^^^^^^^^^^^^^^^^^^^^^^^^^^^^^^^^^^^^^^
  File "/home/Aboya_25R9803/projects/lab/SUN/iPyPOTS/pypots/imputation/timemixerpp/model.py", line 270, in fit
    self._train_model(train_dataloader, val_dataloader)
    ~~~~~~~~~~~~~~~~~^^^^^^^^^^^^^^^^^^^^^^^^^^^^^^^^^^
  File "/home/Aboya_25R9803/projects/lab/SUN/iPyPOTS/pypots/base.py", line 833, in _train_model
    raise RuntimeError(
        "Training got interrupted. Model was not trained. Please investigate the error printed above."
    )
RuntimeError: Training got interrupted. Model was not trained. Please investigate the error printed above.
