2026-06-04 06:14:06 [INFO]: Have set the random seed as 42 for numpy and pytorch.
2026-06-04 06:14:06 [INFO]: You're using dataset solar_alabama, please cite it properly in your work. You can find its reference information at the below link: 
https://github.com/WenjieDu/TSDB/tree/main/dataset_profiles/solar_alabama
2026-06-04 06:14:06 [INFO]: Dataset solar_alabama has already been downloaded. Processing directly...
2026-06-04 06:14:06 [INFO]: Dataset solar_alabama has already been cached. Loading from cache directly...
2026-06-04 06:14:06 [INFO]: Loaded successfully!
2026-06-04 06:14:06 [INFO]: months selected as train set are <PeriodArray>
['2006-01', '2006-02', '2006-03', '2006-04', '2006-05', '2006-06']
Length: 6, dtype: period[M]
2026-06-04 06:14:06 [INFO]: months selected as val set are <PeriodArray>
['2006-07', '2006-08', '2006-09']
Length: 3, dtype: period[M]
2026-06-04 06:14:06 [INFO]: months selected as test set are <PeriodArray>
['2006-10', '2006-11', '2006-12']
Length: 3, dtype: period[M]
2026-06-04 06:14:06 [INFO]: Total sample number: 2190
2026-06-04 06:14:06 [INFO]: Training set size: 1086 (49.59%)
2026-06-04 06:14:06 [INFO]: Validation set size: 552 (25.21%)
2026-06-04 06:14:06 [INFO]: Test set size: 552 (25.21%)
2026-06-04 06:14:06 [INFO]: Number of steps: 24
2026-06-04 06:14:06 [INFO]: Number of features: 137
2026-06-04 06:14:06 [INFO]: Train set missing rate: 30.00%
2026-06-04 06:14:06 [INFO]: Validating set missing rate: 29.97%
2026-06-04 06:14:06 [INFO]: Test set missing rate: 30.04%
2026-06-04 06:14:06 [INFO]: 🔥🔥🔥🔥🔥🔥🔥🔥🔥🔥Using device list: ['cuda:0']
2026-06-04 06:14:06 [INFO]: 🔥🔥🔥🔥🔥🔥🔥🔥🔥🔥Using the given device: cuda:0
2026-06-04 06:14:07 [INFO]: Model files will be saved to output/imputation/cuda/paper_campaign/tslanet/solar/mr0.3/seed42
2026-06-04 06:14:07 [INFO]: Tensorboard file will be saved to output/imputation/cuda/paper_campaign/tslanet/solar/mr0.3/seed42/tensorboard
2026-06-04 06:14:07 [INFO]: Model placed on cuda:0
2026-06-04 06:14:07 [INFO]: TSLANet initialized with the given hyperparameters.
 ├─ Total parameters: 130,266
 ├─ Trainable parameters: 130,266
 └─ Trainable ratio: 100.00%
2026-06-04 06:14:08 [INFO]: Epoch 001 - training loss (default): 0.1937, validation loss: 0.1030
2026-06-04 06:14:08 [INFO]: Epoch 002 - training loss (default): 0.1091, validation loss: 0.0790
2026-06-04 06:14:08 [INFO]: Epoch 003 - training loss (default): 0.0876, validation loss: 0.0648
2026-06-04 06:14:09 [INFO]: Epoch 004 - training loss (default): 0.0723, validation loss: 0.0547
2026-06-04 06:14:09 [INFO]: Epoch 005 - training loss (default): 0.0622, validation loss: 0.0466
2026-06-04 06:14:10 [INFO]: Epoch 006 - training loss (default): 0.0536, validation loss: 0.0395
2026-06-04 06:14:10 [INFO]: Epoch 007 - training loss (default): 0.0480, validation loss: 0.0345
2026-06-04 06:14:11 [INFO]: Epoch 008 - training loss (default): 0.0396, validation loss: 0.0301
2026-06-04 06:14:11 [INFO]: Epoch 009 - training loss (default): 0.0374, validation loss: 0.0272
2026-06-04 06:14:12 [INFO]: Epoch 010 - training loss (default): 0.0342, validation loss: 0.0252
2026-06-04 06:14:12 [INFO]: Epoch 011 - training loss (default): 0.0323, validation loss: 0.0237
2026-06-04 06:14:12 [INFO]: Epoch 012 - training loss (default): 0.0294, validation loss: 0.0222
2026-06-04 06:14:13 [INFO]: Epoch 013 - training loss (default): 0.0271, validation loss: 0.0213
2026-06-04 06:14:13 [INFO]: Epoch 014 - training loss (default): 0.0255, validation loss: 0.0204
2026-06-04 06:14:14 [INFO]: Epoch 015 - training loss (default): 0.0242, validation loss: 0.0196
2026-06-04 06:14:14 [INFO]: Epoch 016 - training loss (default): 0.0239, validation loss: 0.0189
2026-06-04 06:14:15 [INFO]: Epoch 017 - training loss (default): 0.0226, validation loss: 0.0180
2026-06-04 06:14:15 [INFO]: Epoch 018 - training loss (default): 0.0223, validation loss: 0.0176
2026-06-04 06:14:15 [INFO]: Epoch 019 - training loss (default): 0.0213, validation loss: 0.0171
2026-06-04 06:14:16 [INFO]: Epoch 020 - training loss (default): 0.0212, validation loss: 0.0166
2026-06-04 06:14:16 [INFO]: Epoch 021 - training loss (default): 0.0199, validation loss: 0.0161
2026-06-04 06:14:17 [INFO]: Epoch 022 - training loss (default): 0.0193, validation loss: 0.0156
2026-06-04 06:14:17 [INFO]: Epoch 023 - training loss (default): 0.0190, validation loss: 0.0151
2026-06-04 06:14:18 [INFO]: Epoch 024 - training loss (default): 0.0183, validation loss: 0.0146
2026-06-04 06:14:18 [INFO]: Epoch 025 - training loss (default): 0.0179, validation loss: 0.0142
2026-06-04 06:14:19 [INFO]: Epoch 026 - training loss (default): 0.0169, validation loss: 0.0139
2026-06-04 06:14:19 [INFO]: Epoch 027 - training loss (default): 0.0165, validation loss: 0.0134
2026-06-04 06:14:19 [INFO]: Epoch 028 - training loss (default): 0.0161, validation loss: 0.0129
2026-06-04 06:14:20 [INFO]: Epoch 029 - training loss (default): 0.0162, validation loss: 0.0127
2026-06-04 06:14:20 [INFO]: Epoch 030 - training loss (default): 0.0152, validation loss: 0.0124
2026-06-04 06:14:21 [INFO]: Epoch 031 - training loss (default): 0.0148, validation loss: 0.0120
2026-06-04 06:14:21 [INFO]: Epoch 032 - training loss (default): 0.0144, validation loss: 0.0116
2026-06-04 06:14:22 [INFO]: Epoch 033 - training loss (default): 0.0141, validation loss: 0.0113
2026-06-04 06:14:22 [INFO]: Epoch 034 - training loss (default): 0.0136, validation loss: 0.0110
2026-06-04 06:14:22 [INFO]: Epoch 035 - training loss (default): 0.0135, validation loss: 0.0108
2026-06-04 06:14:23 [INFO]: Epoch 036 - training loss (default): 0.0127, validation loss: 0.0104
2026-06-04 06:14:23 [INFO]: Epoch 037 - training loss (default): 0.0120, validation loss: 0.0102
2026-06-04 06:14:24 [INFO]: Epoch 038 - training loss (default): 0.0123, validation loss: 0.0096
2026-06-04 06:14:24 [INFO]: Epoch 039 - training loss (default): 0.0117, validation loss: 0.0096
2026-06-04 06:14:25 [INFO]: Epoch 040 - training loss (default): 0.0113, validation loss: 0.0093
2026-06-04 06:14:25 [INFO]: Epoch 041 - training loss (default): 0.0112, validation loss: 0.0090
2026-06-04 06:14:26 [INFO]: Epoch 042 - training loss (default): 0.0105, validation loss: 0.0087
2026-06-04 06:14:26 [INFO]: Epoch 043 - training loss (default): 0.0102, validation loss: 0.0086
2026-06-04 06:14:26 [INFO]: Epoch 044 - training loss (default): 0.0098, validation loss: 0.0082
2026-06-04 06:14:27 [INFO]: Epoch 045 - training loss (default): 0.0099, validation loss: 0.0080
2026-06-04 06:14:27 [INFO]: Epoch 046 - training loss (default): 0.0096, validation loss: 0.0079
2026-06-04 06:14:28 [INFO]: Epoch 047 - training loss (default): 0.0089, validation loss: 0.0076
2026-06-04 06:14:28 [INFO]: Epoch 048 - training loss (default): 0.0090, validation loss: 0.0074
2026-06-04 06:14:29 [INFO]: Epoch 049 - training loss (default): 0.0088, validation loss: 0.0073
2026-06-04 06:14:29 [INFO]: Epoch 050 - training loss (default): 0.0081, validation loss: 0.0070
2026-06-04 06:14:29 [INFO]: Epoch 051 - training loss (default): 0.0082, validation loss: 0.0068
2026-06-04 06:14:30 [INFO]: Epoch 052 - training loss (default): 0.0079, validation loss: 0.0067
2026-06-04 06:14:30 [INFO]: Epoch 053 - training loss (default): 0.0077, validation loss: 0.0064
2026-06-04 06:14:31 [INFO]: Epoch 054 - training loss (default): 0.0076, validation loss: 0.0062
2026-06-04 06:14:31 [INFO]: Epoch 055 - training loss (default): 0.0075, validation loss: 0.0061
2026-06-04 06:14:32 [INFO]: Epoch 056 - training loss (default): 0.0069, validation loss: 0.0059
2026-06-04 06:14:33 [INFO]: Epoch 057 - training loss (default): 0.0071, validation loss: 0.0057
2026-06-04 06:14:33 [INFO]: Epoch 058 - training loss (default): 0.0068, validation loss: 0.0056
2026-06-04 06:14:33 [INFO]: Epoch 059 - training loss (default): 0.0065, validation loss: 0.0054
2026-06-04 06:14:34 [INFO]: Epoch 060 - training loss (default): 0.0061, validation loss: 0.0053
2026-06-04 06:14:34 [INFO]: Finished training. The best model is from epoch#60.
2026-06-04 06:14:34 [INFO]: Saved the model to output/imputation/cuda/paper_campaign/tslanet/solar/mr0.3/seed42/TSLANet.pypots
[34m
████████╗██╗███╗   ███╗███████╗    ███████╗███████╗██████╗ ██╗███████╗███████╗    █████╗ ██╗
╚══██╔══╝██║████╗ ████║██╔════╝    ██╔════╝██╔════╝██╔══██╗██║██╔════╝██╔════╝   ██╔══██╗██║
   ██║   ██║██╔████╔██║█████╗█████╗███████╗█████╗  ██████╔╝██║█████╗  ███████╗   ███████║██║
   ██║   ██║██║╚██╔╝██║██╔══╝╚════╝╚════██║██╔══╝  ██╔══██╗██║██╔══╝  ╚════██║   ██╔══██║██║
   ██║   ██║██║ ╚═╝ ██║███████╗    ███████║███████╗██║  ██║██║███████╗███████║██╗██║  ██║██║
   ╚═╝   ╚═╝╚═╝     ╚═╝╚══════╝    ╚══════╝╚══════╝╚═╝  ╚═╝╚═╝╚══════╝╚══════╝╚═╝╚═╝  ╚═╝╚═╝
ai4ts v0.0.3 - building AI for unified time-series analysis, https://time-series.ai [0m

Use Train GPT: False
Use Lora: False
Use Profiling: False
🚀 Running imputation pipeline for model: tslanet
✅ Dataset 'solar' with missing rate 0.3 loaded at: /home/Aboya_25R9803/projects/lab/SUN/iPyPOTS/datasets/rate_0.3
🚀 Starting TSLANet training pipeline...
[TSLANet] Testing —— MAE: 0.7984| MSE: 0.8323| RMSE: 0.9123| MRE: 1.0306| 
📊 Metrics saved to: output/imputation/cuda/paper_campaign/tslanet/solar/mr0.3/seed42/metrics/tslanet_metrics.json
