2026-06-04 05:10:03 [INFO]: Have set the random seed as 123 for numpy and pytorch.
2026-06-04 05:10:03 [INFO]: You're using dataset electricity_load_diagrams, please cite it properly in your work. You can find its reference information at the below link: 
https://github.com/WenjieDu/TSDB/tree/main/dataset_profiles/electricity_load_diagrams
2026-06-04 05:10:03 [INFO]: Dataset electricity_load_diagrams has already been downloaded. Processing directly...
2026-06-04 05:10:03 [INFO]: Dataset electricity_load_diagrams has already been cached. Loading from cache directly...
2026-06-04 05:10:03 [INFO]: Loaded successfully!
2026-06-04 05:10:03 [INFO]: months selected as test set are <PeriodArray>
['2011-01', '2011-02', '2011-03', '2011-04', '2011-05', '2011-06', '2011-07',
 '2011-08', '2011-09', '2011-10']
Length: 10, dtype: period[M]
2026-06-04 05:10:03 [INFO]: months selected as val set are <PeriodArray>
['2011-11', '2011-12', '2012-01', '2012-02', '2012-03', '2012-04', '2012-05',
 '2012-06', '2012-07', '2012-08']
Length: 10, dtype: period[M]
2026-06-04 05:10:03 [INFO]: months selected as train set are <PeriodArray>
['2012-09', '2012-10', '2012-11', '2012-12', '2013-01', '2013-02', '2013-03',
 '2013-04', '2013-05', '2013-06', '2013-07', '2013-08', '2013-09', '2013-10',
 '2013-11', '2013-12', '2014-01', '2014-02', '2014-03', '2014-04', '2014-05',
 '2014-06', '2014-07', '2014-08', '2014-09', '2014-10', '2014-11', '2014-12',
 '2015-01']
Length: 29, dtype: period[M]
2026-06-04 05:10:05 [INFO]: Total sample number: 5843
2026-06-04 05:10:05 [INFO]: Training set size: 3408 (58.33%)
2026-06-04 05:10:05 [INFO]: Validation set size: 1220 (20.88%)
2026-06-04 05:10:05 [INFO]: Test set size: 1215 (20.79%)
2026-06-04 05:10:05 [INFO]: Number of steps: 24
2026-06-04 05:10:05 [INFO]: Number of features: 370
2026-06-04 05:10:06 [INFO]: Train set missing rate: 50.00%
2026-06-04 05:10:06 [INFO]: Validating set missing rate: 50.01%
2026-06-04 05:10:06 [INFO]: Test set missing rate: 50.00%
2026-06-04 05:10:06 [INFO]: 🔥🔥🔥🔥🔥🔥🔥🔥🔥🔥Using device list: ['cuda:0']
2026-06-04 05:10:06 [INFO]: 🔥🔥🔥🔥🔥🔥🔥🔥🔥🔥Using the given device: cuda:0
2026-06-04 05:10:06 [INFO]: Model files will be saved to output/imputation/cuda/paper_campaign/tefn/eld/mr0.5/seed123
2026-06-04 05:10:06 [INFO]: Tensorboard file will be saved to output/imputation/cuda/paper_campaign/tefn/eld/mr0.5/seed123/tensorboard
2026-06-04 05:10:06 [INFO]: Using customized MAE as the training loss function.
2026-06-04 05:10:06 [INFO]: Using customized MSE as the validation metric function.
2026-06-04 05:10:06 [INFO]: Model placed on cuda:0
2026-06-04 05:10:06 [INFO]: TEFN initialized with the given hyperparameters.
 ├─ Total parameters: 286,778
 ├─ Trainable parameters: 286,778
 └─ Trainable ratio: 100.00%
2026-06-04 05:10:08 [INFO]: Epoch 001 - training loss (MAE): 7.8658, validation MSE: 31.8058
2026-06-04 05:10:09 [INFO]: Epoch 002 - training loss (MAE): 6.9112, validation MSE: 24.9500
2026-06-04 05:10:10 [INFO]: Epoch 003 - training loss (MAE): 6.2460, validation MSE: 21.0395
2026-06-04 05:10:11 [INFO]: Epoch 004 - training loss (MAE): 5.6556, validation MSE: 17.9353
2026-06-04 05:10:13 [INFO]: Epoch 005 - training loss (MAE): 5.1317, validation MSE: 15.6658
2026-06-04 05:10:14 [INFO]: Epoch 006 - training loss (MAE): 4.6496, validation MSE: 13.7719
2026-06-04 05:10:15 [INFO]: Epoch 007 - training loss (MAE): 4.1973, validation MSE: 12.0851
2026-06-04 05:10:16 [INFO]: Epoch 008 - training loss (MAE): 3.7833, validation MSE: 10.6397
2026-06-04 05:10:17 [INFO]: Epoch 009 - training loss (MAE): 3.4010, validation MSE: 9.4096
2026-06-04 05:10:19 [INFO]: Epoch 010 - training loss (MAE): 3.0462, validation MSE: 8.3970
2026-06-04 05:10:20 [INFO]: Epoch 011 - training loss (MAE): 2.7279, validation MSE: 7.4934
2026-06-04 05:10:21 [INFO]: Epoch 012 - training loss (MAE): 2.4299, validation MSE: 6.6859
2026-06-04 05:10:22 [INFO]: Epoch 013 - training loss (MAE): 2.1653, validation MSE: 6.1072
2026-06-04 05:10:23 [INFO]: Epoch 014 - training loss (MAE): 1.9302, validation MSE: 5.6247
2026-06-04 05:10:24 [INFO]: Epoch 015 - training loss (MAE): 1.7279, validation MSE: 5.2704
2026-06-04 05:10:25 [INFO]: Epoch 016 - training loss (MAE): 1.5620, validation MSE: 4.9813
2026-06-04 05:10:27 [INFO]: Epoch 017 - training loss (MAE): 1.4230, validation MSE: 4.6934
2026-06-04 05:10:28 [INFO]: Epoch 018 - training loss (MAE): 1.3069, validation MSE: 4.4303
2026-06-04 05:10:29 [INFO]: Epoch 019 - training loss (MAE): 1.2108, validation MSE: 4.2360
2026-06-04 05:10:30 [INFO]: Epoch 020 - training loss (MAE): 1.1353, validation MSE: 4.1284
2026-06-04 05:10:31 [INFO]: Epoch 021 - training loss (MAE): 1.0701, validation MSE: 3.9795
2026-06-04 05:10:32 [INFO]: Epoch 022 - training loss (MAE): 1.0135, validation MSE: 3.8306
2026-06-04 05:10:33 [INFO]: Epoch 023 - training loss (MAE): 0.9652, validation MSE: 3.7330
2026-06-04 05:10:35 [INFO]: Epoch 024 - training loss (MAE): 0.9228, validation MSE: 3.6853
2026-06-04 05:10:36 [INFO]: Epoch 025 - training loss (MAE): 0.8866, validation MSE: 3.6146
2026-06-04 05:10:37 [INFO]: Epoch 026 - training loss (MAE): 0.8525, validation MSE: 3.5671
2026-06-04 05:10:38 [INFO]: Epoch 027 - training loss (MAE): 0.8256, validation MSE: 3.4849
2026-06-04 05:10:39 [INFO]: Epoch 028 - training loss (MAE): 0.8018, validation MSE: 3.4533
2026-06-04 05:10:41 [INFO]: Epoch 029 - training loss (MAE): 0.7805, validation MSE: 3.4433
2026-06-04 05:10:42 [INFO]: Epoch 030 - training loss (MAE): 0.7608, validation MSE: 3.3759
2026-06-04 05:10:43 [INFO]: Epoch 031 - training loss (MAE): 0.7422, validation MSE: 3.3480
2026-06-04 05:10:45 [INFO]: Epoch 032 - training loss (MAE): 0.7264, validation MSE: 3.3341
2026-06-04 05:10:46 [INFO]: Epoch 033 - training loss (MAE): 0.7132, validation MSE: 3.2942
2026-06-04 05:10:47 [INFO]: Epoch 034 - training loss (MAE): 0.6974, validation MSE: 3.2562
2026-06-04 05:10:49 [INFO]: Epoch 035 - training loss (MAE): 0.6852, validation MSE: 3.2641
2026-06-04 05:10:50 [INFO]: Epoch 036 - training loss (MAE): 0.6741, validation MSE: 3.2292
2026-06-04 05:10:52 [INFO]: Epoch 037 - training loss (MAE): 0.6638, validation MSE: 3.1835
2026-06-04 05:10:53 [INFO]: Epoch 038 - training loss (MAE): 0.6555, validation MSE: 3.1999
2026-06-04 05:10:54 [INFO]: Epoch 039 - training loss (MAE): 0.6474, validation MSE: 3.1798
2026-06-04 05:10:56 [INFO]: Epoch 040 - training loss (MAE): 0.6412, validation MSE: 3.1530
2026-06-04 05:10:57 [INFO]: Epoch 041 - training loss (MAE): 0.6353, validation MSE: 3.1495
2026-06-04 05:10:59 [INFO]: Epoch 042 - training loss (MAE): 0.6309, validation MSE: 3.1431
2026-06-04 05:11:00 [INFO]: Epoch 043 - training loss (MAE): 0.6267, validation MSE: 3.1493
2026-06-04 05:11:01 [INFO]: Epoch 044 - training loss (MAE): 0.6233, validation MSE: 3.1231
2026-06-04 05:11:02 [INFO]: Epoch 045 - training loss (MAE): 0.6227, validation MSE: 3.1274
2026-06-04 05:11:04 [INFO]: Epoch 046 - training loss (MAE): 0.6220, validation MSE: 3.1091
2026-06-04 05:11:05 [INFO]: Epoch 047 - training loss (MAE): 0.6196, validation MSE: 3.1115
2026-06-04 05:11:07 [INFO]: Epoch 048 - training loss (MAE): 0.6182, validation MSE: 3.1040
2026-06-04 05:11:08 [INFO]: Epoch 049 - training loss (MAE): 0.6159, validation MSE: 3.1309
2026-06-04 05:11:09 [INFO]: Epoch 050 - training loss (MAE): 0.6149, validation MSE: 3.0940
2026-06-04 05:11:11 [INFO]: Epoch 051 - training loss (MAE): 0.6141, validation MSE: 3.0941
2026-06-04 05:11:12 [INFO]: Epoch 052 - training loss (MAE): 0.6134, validation MSE: 3.0755
2026-06-04 05:11:14 [INFO]: Epoch 053 - training loss (MAE): 0.6123, validation MSE: 3.0746
2026-06-04 05:11:15 [INFO]: Epoch 054 - training loss (MAE): 0.6113, validation MSE: 3.0669
2026-06-04 05:11:16 [INFO]: Epoch 055 - training loss (MAE): 0.6098, validation MSE: 3.0650
2026-06-04 05:11:18 [INFO]: Epoch 056 - training loss (MAE): 0.6089, validation MSE: 3.0710
2026-06-04 05:11:19 [INFO]: Epoch 057 - training loss (MAE): 0.6076, validation MSE: 3.0618
2026-06-04 05:11:20 [INFO]: Epoch 058 - training loss (MAE): 0.6079, validation MSE: 3.0633
2026-06-04 05:11:22 [INFO]: Epoch 059 - training loss (MAE): 0.6067, validation MSE: 3.0329
2026-06-04 05:11:23 [INFO]: Epoch 060 - training loss (MAE): 0.6060, validation MSE: 3.0533
2026-06-04 05:11:23 [INFO]: Finished training. The best model is from epoch#59.
2026-06-04 05:11:23 [INFO]: Saved the model to output/imputation/cuda/paper_campaign/tefn/eld/mr0.5/seed123/TEFN.pypots
[34m
████████╗██╗███╗   ███╗███████╗    ███████╗███████╗██████╗ ██╗███████╗███████╗    █████╗ ██╗
╚══██╔══╝██║████╗ ████║██╔════╝    ██╔════╝██╔════╝██╔══██╗██║██╔════╝██╔════╝   ██╔══██╗██║
   ██║   ██║██╔████╔██║█████╗█████╗███████╗█████╗  ██████╔╝██║█████╗  ███████╗   ███████║██║
   ██║   ██║██║╚██╔╝██║██╔══╝╚════╝╚════██║██╔══╝  ██╔══██╗██║██╔══╝  ╚════██║   ██╔══██║██║
   ██║   ██║██║ ╚═╝ ██║███████╗    ███████║███████╗██║  ██║██║███████╗███████║██╗██║  ██║██║
   ╚═╝   ╚═╝╚═╝     ╚═╝╚══════╝    ╚══════╝╚══════╝╚═╝  ╚═╝╚═╝╚══════╝╚══════╝╚═╝╚═╝  ╚═╝╚═╝
ai4ts v0.0.3 - building AI for unified time-series analysis, https://time-series.ai [0m

Use Train GPT: False
Use Lora: False
Use Profiling: False
🚀 Running imputation pipeline for model: tefn
✅ Dataset 'eld' with missing rate 0.5 loaded at: /home/Aboya_25R9803/projects/lab/SUN/iPyPOTS/datasets/rate_0.5
🚀 Starting TEFN training pipeline...
[TEFN] Testing —— MAE: 1.0412| MSE: 2.8344| RMSE: 1.6836| MRE: 0.5576| 
📊 Metrics saved to: output/imputation/cuda/paper_campaign/tefn/eld/mr0.5/seed123/metrics/tefn_metrics.json
