2026-06-04 08:11:03 [INFO]: Have set the random seed as 456 for numpy and pytorch.
2026-06-04 08:11:03 [INFO]: 🔥🔥🔥🔥🔥🔥🔥🔥🔥🔥Using device list: ['cuda:0']
2026-06-04 08:11:03 [INFO]: 🔥🔥🔥🔥🔥🔥🔥🔥🔥🔥Using the given device: cuda:0
2026-06-04 08:11:03 [INFO]: Model files will be saved to output/imputation/cuda/paper_campaign/tefn/appliances_energy/mr0.5/seed456
2026-06-04 08:11:03 [INFO]: Tensorboard file will be saved to output/imputation/cuda/paper_campaign/tefn/appliances_energy/mr0.5/seed456/tensorboard
2026-06-04 08:11:03 [INFO]: Using customized MAE as the training loss function.
2026-06-04 08:11:03 [INFO]: Using customized MSE as the validation metric function.
2026-06-04 08:11:04 [INFO]: Model placed on cuda:0
2026-06-04 08:11:04 [INFO]: TEFN initialized with the given hyperparameters.
 ├─ Total parameters: 5,408
 ├─ Trainable parameters: 5,408
 └─ Trainable ratio: 100.00%
2026-06-04 08:11:05 [INFO]: Epoch 001 - training loss (MAE): 10.0369, validation MSE: 33.0259
2026-06-04 08:11:06 [INFO]: Epoch 002 - training loss (MAE): 8.7158, validation MSE: 27.7240
2026-06-04 08:11:07 [INFO]: Epoch 003 - training loss (MAE): 8.0047, validation MSE: 24.2098
2026-06-04 08:11:07 [INFO]: Epoch 004 - training loss (MAE): 7.4132, validation MSE: 21.4016
2026-06-04 08:11:08 [INFO]: Epoch 005 - training loss (MAE): 6.8702, validation MSE: 18.9262
2026-06-04 08:11:09 [INFO]: Epoch 006 - training loss (MAE): 6.3484, validation MSE: 16.6724
2026-06-04 08:11:10 [INFO]: Epoch 007 - training loss (MAE): 5.8475, validation MSE: 14.6645
2026-06-04 08:11:10 [INFO]: Epoch 008 - training loss (MAE): 5.3678, validation MSE: 12.8803
2026-06-04 08:11:11 [INFO]: Epoch 009 - training loss (MAE): 4.9093, validation MSE: 11.3156
2026-06-04 08:11:12 [INFO]: Epoch 010 - training loss (MAE): 4.4840, validation MSE: 9.9320
2026-06-04 08:11:13 [INFO]: Epoch 011 - training loss (MAE): 4.0899, validation MSE: 8.7268
2026-06-04 08:11:13 [INFO]: Epoch 012 - training loss (MAE): 3.7208, validation MSE: 7.6743
2026-06-04 08:11:14 [INFO]: Epoch 013 - training loss (MAE): 3.3841, validation MSE: 6.7730
2026-06-04 08:11:15 [INFO]: Epoch 014 - training loss (MAE): 3.0718, validation MSE: 5.9844
2026-06-04 08:11:16 [INFO]: Epoch 015 - training loss (MAE): 2.8023, validation MSE: 5.3248
2026-06-04 08:11:17 [INFO]: Epoch 016 - training loss (MAE): 2.5569, validation MSE: 4.7275
2026-06-04 08:11:17 [INFO]: Epoch 017 - training loss (MAE): 2.3373, validation MSE: 4.2248
2026-06-04 08:11:18 [INFO]: Epoch 018 - training loss (MAE): 2.1379, validation MSE: 3.7642
2026-06-04 08:11:19 [INFO]: Epoch 019 - training loss (MAE): 1.9576, validation MSE: 3.3895
2026-06-04 08:11:20 [INFO]: Epoch 020 - training loss (MAE): 1.7928, validation MSE: 3.0568
2026-06-04 08:11:21 [INFO]: Epoch 021 - training loss (MAE): 1.6496, validation MSE: 2.7855
2026-06-04 08:11:21 [INFO]: Epoch 022 - training loss (MAE): 1.5227, validation MSE: 2.5366
2026-06-04 08:11:22 [INFO]: Epoch 023 - training loss (MAE): 1.4141, validation MSE: 2.3499
2026-06-04 08:11:23 [INFO]: Epoch 024 - training loss (MAE): 1.3223, validation MSE: 2.1766
2026-06-04 08:11:24 [INFO]: Epoch 025 - training loss (MAE): 1.2417, validation MSE: 2.0127
2026-06-04 08:11:24 [INFO]: Epoch 026 - training loss (MAE): 1.1731, validation MSE: 1.8737
2026-06-04 08:11:25 [INFO]: Epoch 027 - training loss (MAE): 1.1111, validation MSE: 1.7760
2026-06-04 08:11:26 [INFO]: Epoch 028 - training loss (MAE): 1.0630, validation MSE: 1.6650
2026-06-04 08:11:27 [INFO]: Epoch 029 - training loss (MAE): 1.0196, validation MSE: 1.5662
2026-06-04 08:11:27 [INFO]: Epoch 030 - training loss (MAE): 0.9816, validation MSE: 1.4961
2026-06-04 08:11:28 [INFO]: Epoch 031 - training loss (MAE): 0.9508, validation MSE: 1.4179
2026-06-04 08:11:29 [INFO]: Epoch 032 - training loss (MAE): 0.9224, validation MSE: 1.3514
2026-06-04 08:11:30 [INFO]: Epoch 033 - training loss (MAE): 0.8958, validation MSE: 1.2807
2026-06-04 08:11:31 [INFO]: Epoch 034 - training loss (MAE): 0.8729, validation MSE: 1.2032
2026-06-04 08:11:31 [INFO]: Epoch 035 - training loss (MAE): 0.8514, validation MSE: 1.1555
2026-06-04 08:11:32 [INFO]: Epoch 036 - training loss (MAE): 0.8321, validation MSE: 1.1047
2026-06-04 08:11:33 [INFO]: Epoch 037 - training loss (MAE): 0.8150, validation MSE: 1.0624
2026-06-04 08:11:34 [INFO]: Epoch 038 - training loss (MAE): 0.7994, validation MSE: 1.0195
2026-06-04 08:11:34 [INFO]: Epoch 039 - training loss (MAE): 0.7859, validation MSE: 0.9733
2026-06-04 08:11:35 [INFO]: Epoch 040 - training loss (MAE): 0.7725, validation MSE: 0.9409
2026-06-04 08:11:36 [INFO]: Epoch 041 - training loss (MAE): 0.7603, validation MSE: 0.9087
2026-06-04 08:11:37 [INFO]: Epoch 042 - training loss (MAE): 0.7489, validation MSE: 0.8749
2026-06-04 08:11:37 [INFO]: Epoch 043 - training loss (MAE): 0.7398, validation MSE: 0.8482
2026-06-04 08:11:38 [INFO]: Epoch 044 - training loss (MAE): 0.7305, validation MSE: 0.8183
2026-06-04 08:11:39 [INFO]: Epoch 045 - training loss (MAE): 0.7224, validation MSE: 0.7966
2026-06-04 08:11:40 [INFO]: Epoch 046 - training loss (MAE): 0.7139, validation MSE: 0.7771
2026-06-04 08:11:40 [INFO]: Epoch 047 - training loss (MAE): 0.7079, validation MSE: 0.7528
2026-06-04 08:11:41 [INFO]: Epoch 048 - training loss (MAE): 0.6995, validation MSE: 0.7350
2026-06-04 08:11:42 [INFO]: Epoch 049 - training loss (MAE): 0.6927, validation MSE: 0.7207
2026-06-04 08:11:43 [INFO]: Epoch 050 - training loss (MAE): 0.6870, validation MSE: 0.7025
2026-06-04 08:11:44 [INFO]: Epoch 051 - training loss (MAE): 0.6809, validation MSE: 0.6913
2026-06-04 08:11:44 [INFO]: Epoch 052 - training loss (MAE): 0.6747, validation MSE: 0.6761
2026-06-04 08:11:45 [INFO]: Epoch 053 - training loss (MAE): 0.6696, validation MSE: 0.6686
2026-06-04 08:11:46 [INFO]: Epoch 054 - training loss (MAE): 0.6650, validation MSE: 0.6561
2026-06-04 08:11:47 [INFO]: Epoch 055 - training loss (MAE): 0.6593, validation MSE: 0.6459
2026-06-04 08:11:47 [INFO]: Epoch 056 - training loss (MAE): 0.6556, validation MSE: 0.6369
2026-06-04 08:11:48 [INFO]: Epoch 057 - training loss (MAE): 0.6511, validation MSE: 0.6279
2026-06-04 08:11:49 [INFO]: Epoch 058 - training loss (MAE): 0.6456, validation MSE: 0.6183
2026-06-04 08:11:49 [INFO]: Epoch 059 - training loss (MAE): 0.6416, validation MSE: 0.6101
2026-06-04 08:11:50 [INFO]: Epoch 060 - training loss (MAE): 0.6366, validation MSE: 0.6067
2026-06-04 08:11:50 [INFO]: Finished training. The best model is from epoch#60.
2026-06-04 08:11:50 [INFO]: Saved the model to output/imputation/cuda/paper_campaign/tefn/appliances_energy/mr0.5/seed456/TEFN.pypots
[34m
████████╗██╗███╗   ███╗███████╗    ███████╗███████╗██████╗ ██╗███████╗███████╗    █████╗ ██╗
╚══██╔══╝██║████╗ ████║██╔════╝    ██╔════╝██╔════╝██╔══██╗██║██╔════╝██╔════╝   ██╔══██╗██║
   ██║   ██║██╔████╔██║█████╗█████╗███████╗█████╗  ██████╔╝██║█████╗  ███████╗   ███████║██║
   ██║   ██║██║╚██╔╝██║██╔══╝╚════╝╚════██║██╔══╝  ██╔══██╗██║██╔══╝  ╚════██║   ██╔══██║██║
   ██║   ██║██║ ╚═╝ ██║███████╗    ███████║███████╗██║  ██║██║███████╗███████║██╗██║  ██║██║
   ╚═╝   ╚═╝╚═╝     ╚═╝╚══════╝    ╚══════╝╚══════╝╚═╝  ╚═╝╚═╝╚══════╝╚══════╝╚═╝╚═╝  ╚═╝╚═╝
ai4ts v0.0.3 - building AI for unified time-series analysis, https://time-series.ai [0m

Use Train GPT: False
Use Lora: False
Use Profiling: False
🚀 Running imputation pipeline for model: tefn
✅ Dataset 'appliances_energy' with missing rate 0.5 loaded at: /home/Aboya_25R9803/projects/lab/SUN/iPyPOTS/datasets/rate_0.5
🚀 Starting TEFN training pipeline...
[TEFN] Testing —— MAE: 0.7856| MSE: 1.0529| RMSE: 1.0261| MRE: 0.7802| 
📊 Metrics saved to: output/imputation/cuda/paper_campaign/tefn/appliances_energy/mr0.5/seed456/metrics/tefn_metrics.json
