2026-06-04 05:00:31 [INFO]: Have set the random seed as 456 for numpy and pytorch.
2026-06-04 05:00:40 [INFO]: 🔥🔥🔥🔥🔥🔥🔥🔥🔥🔥Using device list: ['cuda:0']
2026-06-04 05:00:40 [INFO]: 🔥🔥🔥🔥🔥🔥🔥🔥🔥🔥Using the given device: cuda:0
2026-06-04 05:00:40 [INFO]: Model files will be saved to output/imputation/cuda/paper_campaign/saits/household_power/mr0.3/seed456
2026-06-04 05:00:40 [INFO]: Tensorboard file will be saved to output/imputation/cuda/paper_campaign/saits/household_power/mr0.3/seed456/tensorboard
2026-06-04 05:00:40 [INFO]: Using customized MAE as the training loss function.
2026-06-04 05:00:40 [INFO]: Using customized MSE as the validation metric function.
2026-06-04 05:00:40 [INFO]: SAITS initialized with the given hyperparameters.
 ├─ Total parameters: 139,350
 ├─ Trainable parameters: 139,350
 └─ Trainable ratio: 100.00%
2026-06-04 05:00:40 [INFO]: Model placed on cuda:0
2026-06-04 05:00:44 [INFO]: Epoch 001 - training loss (MAE): 1.3981, validation MSE: 0.9201
2026-06-04 05:00:48 [INFO]: Epoch 002 - training loss (MAE): 1.1400, validation MSE: 0.8313
2026-06-04 05:00:51 [INFO]: Epoch 003 - training loss (MAE): 0.9989, validation MSE: 0.7661
2026-06-04 05:00:55 [INFO]: Epoch 004 - training loss (MAE): 0.8898, validation MSE: 0.6322
2026-06-04 05:00:58 [INFO]: Epoch 005 - training loss (MAE): 0.7832, validation MSE: 0.5932
2026-06-04 05:01:01 [INFO]: Epoch 006 - training loss (MAE): 0.7231, validation MSE: 0.5730
2026-06-04 05:01:04 [INFO]: Epoch 007 - training loss (MAE): 0.6783, validation MSE: 0.5594
2026-06-04 05:01:08 [INFO]: Epoch 008 - training loss (MAE): 0.6418, validation MSE: 0.5412
2026-06-04 05:01:11 [INFO]: Epoch 009 - training loss (MAE): 0.6127, validation MSE: 0.5306
2026-06-04 05:01:15 [INFO]: Epoch 010 - training loss (MAE): 0.5922, validation MSE: 0.5239
2026-06-04 05:01:17 [INFO]: Epoch 011 - training loss (MAE): 0.5743, validation MSE: 0.5186
2026-06-04 05:01:20 [INFO]: Epoch 012 - training loss (MAE): 0.5578, validation MSE: 0.5047
2026-06-04 05:01:23 [INFO]: Epoch 013 - training loss (MAE): 0.5354, validation MSE: 0.4741
2026-06-04 05:01:26 [INFO]: Epoch 014 - training loss (MAE): 0.4942, validation MSE: 0.3952
2026-06-04 05:01:29 [INFO]: Epoch 015 - training loss (MAE): 0.4525, validation MSE: 0.3738
2026-06-04 05:01:32 [INFO]: Epoch 016 - training loss (MAE): 0.4314, validation MSE: 0.3664
2026-06-04 05:01:34 [INFO]: Epoch 017 - training loss (MAE): 0.4162, validation MSE: 0.3604
2026-06-04 05:01:37 [INFO]: Epoch 018 - training loss (MAE): 0.4053, validation MSE: 0.3578
2026-06-04 05:01:40 [INFO]: Epoch 019 - training loss (MAE): 0.3965, validation MSE: 0.3480
2026-06-04 05:01:43 [INFO]: Epoch 020 - training loss (MAE): 0.3891, validation MSE: 0.3426
2026-06-04 05:01:46 [INFO]: Epoch 021 - training loss (MAE): 0.3808, validation MSE: 0.3343
2026-06-04 05:01:48 [INFO]: Epoch 022 - training loss (MAE): 0.3753, validation MSE: 0.3311
2026-06-04 05:01:51 [INFO]: Epoch 023 - training loss (MAE): 0.3698, validation MSE: 0.3251
2026-06-04 05:01:54 [INFO]: Epoch 024 - training loss (MAE): 0.3637, validation MSE: 0.3154
2026-06-04 05:01:58 [INFO]: Epoch 025 - training loss (MAE): 0.3594, validation MSE: 0.3111
2026-06-04 05:02:01 [INFO]: Epoch 026 - training loss (MAE): 0.3546, validation MSE: 0.3089
2026-06-04 05:02:04 [INFO]: Epoch 027 - training loss (MAE): 0.3500, validation MSE: 0.3043
2026-06-04 05:02:07 [INFO]: Epoch 028 - training loss (MAE): 0.3461, validation MSE: 0.3001
2026-06-04 05:02:10 [INFO]: Epoch 029 - training loss (MAE): 0.3426, validation MSE: 0.2916
2026-06-04 05:02:13 [INFO]: Epoch 030 - training loss (MAE): 0.3392, validation MSE: 0.2867
2026-06-04 05:02:16 [INFO]: Epoch 031 - training loss (MAE): 0.3358, validation MSE: 0.2816
2026-06-04 05:02:18 [INFO]: Epoch 032 - training loss (MAE): 0.3340, validation MSE: 0.2751
2026-06-04 05:02:21 [INFO]: Epoch 033 - training loss (MAE): 0.3305, validation MSE: 0.2686
2026-06-04 05:02:24 [INFO]: Epoch 034 - training loss (MAE): 0.3276, validation MSE: 0.2602
2026-06-04 05:02:27 [INFO]: Epoch 035 - training loss (MAE): 0.3251, validation MSE: 0.2570
2026-06-04 05:02:29 [INFO]: Epoch 036 - training loss (MAE): 0.3227, validation MSE: 0.2510
2026-06-04 05:02:32 [INFO]: Epoch 037 - training loss (MAE): 0.3197, validation MSE: 0.2509
2026-06-04 05:02:35 [INFO]: Epoch 038 - training loss (MAE): 0.3178, validation MSE: 0.2512
2026-06-04 05:02:38 [INFO]: Epoch 039 - training loss (MAE): 0.3154, validation MSE: 0.2476
2026-06-04 05:02:41 [INFO]: Epoch 040 - training loss (MAE): 0.3140, validation MSE: 0.2495
2026-06-04 05:02:44 [INFO]: Epoch 041 - training loss (MAE): 0.3106, validation MSE: 0.2462
2026-06-04 05:02:47 [INFO]: Epoch 042 - training loss (MAE): 0.3089, validation MSE: 0.2422
2026-06-04 05:02:50 [INFO]: Epoch 043 - training loss (MAE): 0.3076, validation MSE: 0.2410
2026-06-04 05:02:53 [INFO]: Epoch 044 - training loss (MAE): 0.3054, validation MSE: 0.2433
2026-06-04 05:02:57 [INFO]: Epoch 045 - training loss (MAE): 0.3037, validation MSE: 0.2402
2026-06-04 05:03:00 [INFO]: Epoch 046 - training loss (MAE): 0.3017, validation MSE: 0.2391
2026-06-04 05:03:03 [INFO]: Epoch 047 - training loss (MAE): 0.3010, validation MSE: 0.2378
2026-06-04 05:03:07 [INFO]: Epoch 048 - training loss (MAE): 0.2992, validation MSE: 0.2407
2026-06-04 05:03:10 [INFO]: Epoch 049 - training loss (MAE): 0.2988, validation MSE: 0.2359
2026-06-04 05:03:13 [INFO]: Epoch 050 - training loss (MAE): 0.2955, validation MSE: 0.2362
2026-06-04 05:03:17 [INFO]: Epoch 051 - training loss (MAE): 0.2945, validation MSE: 0.2319
2026-06-04 05:03:20 [INFO]: Epoch 052 - training loss (MAE): 0.2935, validation MSE: 0.2308
2026-06-04 05:03:24 [INFO]: Epoch 053 - training loss (MAE): 0.2919, validation MSE: 0.2362
2026-06-04 05:03:27 [INFO]: Epoch 054 - training loss (MAE): 0.2913, validation MSE: 0.2335
2026-06-04 05:03:30 [INFO]: Epoch 055 - training loss (MAE): 0.2903, validation MSE: 0.2366
2026-06-04 05:03:34 [INFO]: Epoch 056 - training loss (MAE): 0.2882, validation MSE: 0.2308
2026-06-04 05:03:37 [INFO]: Epoch 057 - training loss (MAE): 0.2873, validation MSE: 0.2307
2026-06-04 05:03:40 [INFO]: Epoch 058 - training loss (MAE): 0.2855, validation MSE: 0.2308
2026-06-04 05:03:44 [INFO]: Epoch 059 - training loss (MAE): 0.2844, validation MSE: 0.2243
2026-06-04 05:03:47 [INFO]: Epoch 060 - training loss (MAE): 0.2828, validation MSE: 0.2299
2026-06-04 05:03:47 [INFO]: Finished training. The best model is from epoch#59.
2026-06-04 05:03:47 [INFO]: Saved the model to output/imputation/cuda/paper_campaign/saits/household_power/mr0.3/seed456/SAITS.pypots
[34m
████████╗██╗███╗   ███╗███████╗    ███████╗███████╗██████╗ ██╗███████╗███████╗    █████╗ ██╗
╚══██╔══╝██║████╗ ████║██╔════╝    ██╔════╝██╔════╝██╔══██╗██║██╔════╝██╔════╝   ██╔══██╗██║
   ██║   ██║██╔████╔██║█████╗█████╗███████╗█████╗  ██████╔╝██║█████╗  ███████╗   ███████║██║
   ██║   ██║██║╚██╔╝██║██╔══╝╚════╝╚════██║██╔══╝  ██╔══██╗██║██╔══╝  ╚════██║   ██╔══██║██║
   ██║   ██║██║ ╚═╝ ██║███████╗    ███████║███████╗██║  ██║██║███████╗███████║██╗██║  ██║██║
   ╚═╝   ╚═╝╚═╝     ╚═╝╚══════╝    ╚══════╝╚══════╝╚═╝  ╚═╝╚═╝╚══════╝╚══════╝╚═╝╚═╝  ╚═╝╚═╝
ai4ts v0.0.3 - building AI for unified time-series analysis, https://time-series.ai [0m

Use Train GPT: False
Use Lora: False
Use Profiling: False
🚀 Running imputation pipeline for model: saits
✅ Dataset 'household_power' with missing rate 0.3 loaded at: /home/Aboya_25R9803/projects/lab/SUN/iPyPOTS/datasets/rate_0.3
🚀 Starting SAITS training pipeline...
[SAITS] Testing —— MAE: 0.1651| MSE: 0.1625| RMSE: 0.4032| MRE: 0.2274| 
📊 Metrics saved to: output/imputation/cuda/paper_campaign/saits/household_power/mr0.3/seed456/metrics/saits_metrics.json
