2026-06-04 04:49:02 [INFO]: Have set the random seed as 123 for numpy and pytorch.
2026-06-04 04:49:04 [INFO]: 🔥🔥🔥🔥🔥🔥🔥🔥🔥🔥Using device list: ['cuda:0']
2026-06-04 04:49:04 [INFO]: 🔥🔥🔥🔥🔥🔥🔥🔥🔥🔥Using the given device: cuda:0
2026-06-04 04:49:04 [INFO]: Model files will be saved to output/imputation/cuda/paper_campaign/saits/opsd_germany/mr0.1/seed123
2026-06-04 04:49:04 [INFO]: Tensorboard file will be saved to output/imputation/cuda/paper_campaign/saits/opsd_germany/mr0.1/seed123/tensorboard
2026-06-04 04:49:04 [INFO]: Using customized MAE as the training loss function.
2026-06-04 04:49:04 [INFO]: Using customized MSE as the validation metric function.
2026-06-04 04:49:04 [INFO]: SAITS initialized with the given hyperparameters.
 ├─ Total parameters: 138,752
 ├─ Trainable parameters: 138,752
 └─ Trainable ratio: 100.00%
2026-06-04 04:49:04 [INFO]: Model placed on cuda:0
2026-06-04 04:49:08 [INFO]: Epoch 001 - training loss (MAE): 1.1774, validation MSE: 0.4264
2026-06-04 04:49:10 [INFO]: Epoch 002 - training loss (MAE): 0.7844, validation MSE: 0.3246
2026-06-04 04:49:12 [INFO]: Epoch 003 - training loss (MAE): 0.6346, validation MSE: 0.2631
2026-06-04 04:49:15 [INFO]: Epoch 004 - training loss (MAE): 0.5417, validation MSE: 0.2225
2026-06-04 04:49:17 [INFO]: Epoch 005 - training loss (MAE): 0.4784, validation MSE: 0.1996
2026-06-04 04:49:20 [INFO]: Epoch 006 - training loss (MAE): 0.4378, validation MSE: 0.1705
2026-06-04 04:49:22 [INFO]: Epoch 007 - training loss (MAE): 0.3996, validation MSE: 0.1109
2026-06-04 04:49:25 [INFO]: Epoch 008 - training loss (MAE): 0.3463, validation MSE: 0.0569
2026-06-04 04:49:27 [INFO]: Epoch 009 - training loss (MAE): 0.3073, validation MSE: 0.0430
2026-06-04 04:49:30 [INFO]: Epoch 010 - training loss (MAE): 0.2843, validation MSE: 0.0346
2026-06-04 04:49:32 [INFO]: Epoch 011 - training loss (MAE): 0.2677, validation MSE: 0.0304
2026-06-04 04:49:35 [INFO]: Epoch 012 - training loss (MAE): 0.2558, validation MSE: 0.0270
2026-06-04 04:49:37 [INFO]: Epoch 013 - training loss (MAE): 0.2458, validation MSE: 0.0249
2026-06-04 04:49:39 [INFO]: Epoch 014 - training loss (MAE): 0.2367, validation MSE: 0.0232
2026-06-04 04:49:42 [INFO]: Epoch 015 - training loss (MAE): 0.2294, validation MSE: 0.0213
2026-06-04 04:49:44 [INFO]: Epoch 016 - training loss (MAE): 0.2226, validation MSE: 0.0201
2026-06-04 04:49:47 [INFO]: Epoch 017 - training loss (MAE): 0.2168, validation MSE: 0.0192
2026-06-04 04:49:49 [INFO]: Epoch 018 - training loss (MAE): 0.2141, validation MSE: 0.0181
2026-06-04 04:49:52 [INFO]: Epoch 019 - training loss (MAE): 0.2076, validation MSE: 0.0178
2026-06-04 04:49:54 [INFO]: Epoch 020 - training loss (MAE): 0.2049, validation MSE: 0.0169
2026-06-04 04:49:57 [INFO]: Epoch 021 - training loss (MAE): 0.2013, validation MSE: 0.0162
2026-06-04 04:49:59 [INFO]: Epoch 022 - training loss (MAE): 0.1969, validation MSE: 0.0151
2026-06-04 04:50:02 [INFO]: Epoch 023 - training loss (MAE): 0.1943, validation MSE: 0.0148
2026-06-04 04:50:04 [INFO]: Epoch 024 - training loss (MAE): 0.1924, validation MSE: 0.0144
2026-06-04 04:50:07 [INFO]: Epoch 025 - training loss (MAE): 0.1897, validation MSE: 0.0143
2026-06-04 04:50:09 [INFO]: Epoch 026 - training loss (MAE): 0.1872, validation MSE: 0.0135
2026-06-04 04:50:11 [INFO]: Epoch 027 - training loss (MAE): 0.1854, validation MSE: 0.0137
2026-06-04 04:50:14 [INFO]: Epoch 028 - training loss (MAE): 0.1834, validation MSE: 0.0131
2026-06-04 04:50:16 [INFO]: Epoch 029 - training loss (MAE): 0.1823, validation MSE: 0.0131
2026-06-04 04:50:19 [INFO]: Epoch 030 - training loss (MAE): 0.1805, validation MSE: 0.0127
2026-06-04 04:50:21 [INFO]: Epoch 031 - training loss (MAE): 0.1794, validation MSE: 0.0128
2026-06-04 04:50:24 [INFO]: Epoch 032 - training loss (MAE): 0.1772, validation MSE: 0.0123
2026-06-04 04:50:26 [INFO]: Epoch 033 - training loss (MAE): 0.1752, validation MSE: 0.0131
2026-06-04 04:50:29 [INFO]: Epoch 034 - training loss (MAE): 0.1749, validation MSE: 0.0118
2026-06-04 04:50:31 [INFO]: Epoch 035 - training loss (MAE): 0.1736, validation MSE: 0.0117
2026-06-04 04:50:34 [INFO]: Epoch 036 - training loss (MAE): 0.1715, validation MSE: 0.0111
2026-06-04 04:50:36 [INFO]: Epoch 037 - training loss (MAE): 0.1714, validation MSE: 0.0114
2026-06-04 04:50:38 [INFO]: Epoch 038 - training loss (MAE): 0.1698, validation MSE: 0.0113
2026-06-04 04:50:41 [INFO]: Epoch 039 - training loss (MAE): 0.1680, validation MSE: 0.0114
2026-06-04 04:50:43 [INFO]: Epoch 040 - training loss (MAE): 0.1674, validation MSE: 0.0113
2026-06-04 04:50:46 [INFO]: Epoch 041 - training loss (MAE): 0.1670, validation MSE: 0.0106
2026-06-04 04:50:48 [INFO]: Epoch 042 - training loss (MAE): 0.1665, validation MSE: 0.0105
2026-06-04 04:50:51 [INFO]: Epoch 043 - training loss (MAE): 0.1655, validation MSE: 0.0104
2026-06-04 04:50:53 [INFO]: Epoch 044 - training loss (MAE): 0.1633, validation MSE: 0.0103
2026-06-04 04:50:56 [INFO]: Epoch 045 - training loss (MAE): 0.1632, validation MSE: 0.0105
2026-06-04 04:50:58 [INFO]: Epoch 046 - training loss (MAE): 0.1615, validation MSE: 0.0106
2026-06-04 04:51:01 [INFO]: Epoch 047 - training loss (MAE): 0.1611, validation MSE: 0.0103
2026-06-04 04:51:03 [INFO]: Epoch 048 - training loss (MAE): 0.1600, validation MSE: 0.0098
2026-06-04 04:51:06 [INFO]: Epoch 049 - training loss (MAE): 0.1597, validation MSE: 0.0099
2026-06-04 04:51:08 [INFO]: Epoch 050 - training loss (MAE): 0.1598, validation MSE: 0.0100
2026-06-04 04:51:10 [INFO]: Epoch 051 - training loss (MAE): 0.1584, validation MSE: 0.0100
2026-06-04 04:51:13 [INFO]: Epoch 052 - training loss (MAE): 0.1574, validation MSE: 0.0093
2026-06-04 04:51:15 [INFO]: Epoch 053 - training loss (MAE): 0.1562, validation MSE: 0.0100
2026-06-04 04:51:18 [INFO]: Epoch 054 - training loss (MAE): 0.1553, validation MSE: 0.0093
2026-06-04 04:51:20 [INFO]: Epoch 055 - training loss (MAE): 0.1548, validation MSE: 0.0093
2026-06-04 04:51:22 [INFO]: Epoch 056 - training loss (MAE): 0.1541, validation MSE: 0.0093
2026-06-04 04:51:25 [INFO]: Epoch 057 - training loss (MAE): 0.1537, validation MSE: 0.0089
2026-06-04 04:51:27 [INFO]: Epoch 058 - training loss (MAE): 0.1532, validation MSE: 0.0097
2026-06-04 04:51:30 [INFO]: Epoch 059 - training loss (MAE): 0.1525, validation MSE: 0.0091
2026-06-04 04:51:32 [INFO]: Epoch 060 - training loss (MAE): 0.1518, validation MSE: 0.0088
2026-06-04 04:51:32 [INFO]: Finished training. The best model is from epoch#60.
2026-06-04 04:51:33 [INFO]: Saved the model to output/imputation/cuda/paper_campaign/saits/opsd_germany/mr0.1/seed123/SAITS.pypots
[34m
████████╗██╗███╗   ███╗███████╗    ███████╗███████╗██████╗ ██╗███████╗███████╗    █████╗ ██╗
╚══██╔══╝██║████╗ ████║██╔════╝    ██╔════╝██╔════╝██╔══██╗██║██╔════╝██╔════╝   ██╔══██╗██║
   ██║   ██║██╔████╔██║█████╗█████╗███████╗█████╗  ██████╔╝██║█████╗  ███████╗   ███████║██║
   ██║   ██║██║╚██╔╝██║██╔══╝╚════╝╚════██║██╔══╝  ██╔══██╗██║██╔══╝  ╚════██║   ██╔══██║██║
   ██║   ██║██║ ╚═╝ ██║███████╗    ███████║███████╗██║  ██║██║███████╗███████║██╗██║  ██║██║
   ╚═╝   ╚═╝╚═╝     ╚═╝╚══════╝    ╚══════╝╚══════╝╚═╝  ╚═╝╚═╝╚══════╝╚══════╝╚═╝╚═╝  ╚═╝╚═╝
ai4ts v0.0.3 - building AI for unified time-series analysis, https://time-series.ai [0m

Use Train GPT: False
Use Lora: False
Use Profiling: False
🚀 Running imputation pipeline for model: saits
✅ Dataset 'opsd_germany' with missing rate 0.1 loaded at: /home/Aboya_25R9803/projects/lab/SUN/iPyPOTS/datasets/rate_0.1
🚀 Starting SAITS training pipeline...
[SAITS] Testing —— MAE: 0.0691| MSE: 0.0130| RMSE: 0.1139| MRE: 0.0761| 
📊 Metrics saved to: output/imputation/cuda/paper_campaign/saits/opsd_germany/mr0.1/seed123/metrics/saits_metrics.json
