2026-06-04 09:28:50 [INFO]: Have set the random seed as 42 for numpy and pytorch.
2026-06-04 09:28:51 [INFO]: 🔥🔥🔥🔥🔥🔥🔥🔥🔥🔥Using device list: ['cuda:0']
2026-06-04 09:28:51 [INFO]: 🔥🔥🔥🔥🔥🔥🔥🔥🔥🔥Using the given device: cuda:0
2026-06-04 09:28:52 [INFO]: Model files will be saved to output/imputation/cuda/paper_campaign/tefn/citylearn_zone5/mr0.3/seed42
2026-06-04 09:28:52 [INFO]: Tensorboard file will be saved to output/imputation/cuda/paper_campaign/tefn/citylearn_zone5/mr0.3/seed42/tensorboard
2026-06-04 09:28:52 [INFO]: Using customized MAE as the training loss function.
2026-06-04 09:28:52 [INFO]: Using customized MSE as the validation metric function.
2026-06-04 09:28:52 [INFO]: Model placed on cuda:0
2026-06-04 09:28:52 [INFO]: TEFN initialized with the given hyperparameters.
 ├─ Total parameters: 6,836
 ├─ Trainable parameters: 6,836
 └─ Trainable ratio: 100.00%
2026-06-04 09:28:54 [INFO]: Epoch 001 - training loss (MAE): 8.9238, validation MSE: 27.2129
2026-06-04 09:28:55 [INFO]: Epoch 002 - training loss (MAE): 7.3246, validation MSE: 20.2503
2026-06-04 09:28:56 [INFO]: Epoch 003 - training loss (MAE): 6.2496, validation MSE: 15.7528
2026-06-04 09:28:58 [INFO]: Epoch 004 - training loss (MAE): 5.3972, validation MSE: 12.4283
2026-06-04 09:28:59 [INFO]: Epoch 005 - training loss (MAE): 4.6384, validation MSE: 9.8258
2026-06-04 09:29:00 [INFO]: Epoch 006 - training loss (MAE): 3.9592, validation MSE: 7.7714
2026-06-04 09:29:02 [INFO]: Epoch 007 - training loss (MAE): 3.3645, validation MSE: 6.1497
2026-06-04 09:29:03 [INFO]: Epoch 008 - training loss (MAE): 2.8699, validation MSE: 4.9478
2026-06-04 09:29:04 [INFO]: Epoch 009 - training loss (MAE): 2.4854, validation MSE: 4.0643
2026-06-04 09:29:06 [INFO]: Epoch 010 - training loss (MAE): 2.1879, validation MSE: 3.3843
2026-06-04 09:29:07 [INFO]: Epoch 011 - training loss (MAE): 1.9470, validation MSE: 2.8547
2026-06-04 09:29:09 [INFO]: Epoch 012 - training loss (MAE): 1.7447, validation MSE: 2.4349
2026-06-04 09:29:10 [INFO]: Epoch 013 - training loss (MAE): 1.5820, validation MSE: 2.1219
2026-06-04 09:29:11 [INFO]: Epoch 014 - training loss (MAE): 1.4512, validation MSE: 1.8676
2026-06-04 09:29:13 [INFO]: Epoch 015 - training loss (MAE): 1.3447, validation MSE: 1.6711
2026-06-04 09:29:15 [INFO]: Epoch 016 - training loss (MAE): 1.2519, validation MSE: 1.5093
2026-06-04 09:29:16 [INFO]: Epoch 017 - training loss (MAE): 1.1733, validation MSE: 1.3878
2026-06-04 09:29:18 [INFO]: Epoch 018 - training loss (MAE): 1.1078, validation MSE: 1.2795
2026-06-04 09:29:19 [INFO]: Epoch 019 - training loss (MAE): 1.0522, validation MSE: 1.1941
2026-06-04 09:29:21 [INFO]: Epoch 020 - training loss (MAE): 1.0036, validation MSE: 1.1192
2026-06-04 09:29:23 [INFO]: Epoch 021 - training loss (MAE): 0.9628, validation MSE: 1.0657
2026-06-04 09:29:25 [INFO]: Epoch 022 - training loss (MAE): 0.9259, validation MSE: 1.0151
2026-06-04 09:29:27 [INFO]: Epoch 023 - training loss (MAE): 0.8945, validation MSE: 0.9763
2026-06-04 09:29:30 [INFO]: Epoch 024 - training loss (MAE): 0.8676, validation MSE: 0.9452
2026-06-04 09:29:32 [INFO]: Epoch 025 - training loss (MAE): 0.8438, validation MSE: 0.9167
2026-06-04 09:29:34 [INFO]: Epoch 026 - training loss (MAE): 0.8237, validation MSE: 0.8916
2026-06-04 09:29:36 [INFO]: Epoch 027 - training loss (MAE): 0.8059, validation MSE: 0.8730
2026-06-04 09:29:38 [INFO]: Epoch 028 - training loss (MAE): 0.7897, validation MSE: 0.8660
2026-06-04 09:29:41 [INFO]: Epoch 029 - training loss (MAE): 0.7761, validation MSE: 0.8491
2026-06-04 09:29:44 [INFO]: Epoch 030 - training loss (MAE): 0.7643, validation MSE: 0.8385
2026-06-04 09:29:46 [INFO]: Epoch 031 - training loss (MAE): 0.7533, validation MSE: 0.8334
2026-06-04 09:29:48 [INFO]: Epoch 032 - training loss (MAE): 0.7442, validation MSE: 0.8269
2026-06-04 09:29:49 [INFO]: Epoch 033 - training loss (MAE): 0.7357, validation MSE: 0.8286
2026-06-04 09:29:51 [INFO]: Epoch 034 - training loss (MAE): 0.7292, validation MSE: 0.8266
2026-06-04 09:29:53 [INFO]: Epoch 035 - training loss (MAE): 0.7235, validation MSE: 0.8099
2026-06-04 09:29:56 [INFO]: Epoch 036 - training loss (MAE): 0.7179, validation MSE: 0.8178
2026-06-04 09:29:58 [INFO]: Epoch 037 - training loss (MAE): 0.7139, validation MSE: 0.8037
2026-06-04 09:30:00 [INFO]: Epoch 038 - training loss (MAE): 0.7115, validation MSE: 0.8008
2026-06-04 09:30:02 [INFO]: Epoch 039 - training loss (MAE): 0.7081, validation MSE: 0.7983
2026-06-04 09:30:04 [INFO]: Epoch 040 - training loss (MAE): 0.7055, validation MSE: 0.7957
2026-06-04 09:30:05 [INFO]: Epoch 041 - training loss (MAE): 0.7031, validation MSE: 0.7979
2026-06-04 09:30:07 [INFO]: Epoch 042 - training loss (MAE): 0.7022, validation MSE: 0.7951
2026-06-04 09:30:08 [INFO]: Epoch 043 - training loss (MAE): 0.7008, validation MSE: 0.7902
2026-06-04 09:30:10 [INFO]: Epoch 044 - training loss (MAE): 0.6997, validation MSE: 0.7880
2026-06-04 09:30:11 [INFO]: Epoch 045 - training loss (MAE): 0.6983, validation MSE: 0.7940
2026-06-04 09:30:13 [INFO]: Epoch 046 - training loss (MAE): 0.6983, validation MSE: 0.7906
2026-06-04 09:30:14 [INFO]: Epoch 047 - training loss (MAE): 0.6976, validation MSE: 0.7868
2026-06-04 09:30:15 [INFO]: Epoch 048 - training loss (MAE): 0.6967, validation MSE: 0.7912
2026-06-04 09:30:16 [INFO]: Epoch 049 - training loss (MAE): 0.6962, validation MSE: 0.7888
2026-06-04 09:30:18 [INFO]: Epoch 050 - training loss (MAE): 0.6956, validation MSE: 0.7824
2026-06-04 09:30:19 [INFO]: Epoch 051 - training loss (MAE): 0.6948, validation MSE: 0.7896
2026-06-04 09:30:20 [INFO]: Epoch 052 - training loss (MAE): 0.6948, validation MSE: 0.7853
2026-06-04 09:30:22 [INFO]: Epoch 053 - training loss (MAE): 0.6945, validation MSE: 0.7829
2026-06-04 09:30:23 [INFO]: Epoch 054 - training loss (MAE): 0.6940, validation MSE: 0.7863
2026-06-04 09:30:36 [INFO]: Epoch 055 - training loss (MAE): 0.6940, validation MSE: 0.7867
2026-06-04 09:30:39 [INFO]: Epoch 056 - training loss (MAE): 0.6937, validation MSE: 0.7877
2026-06-04 09:30:41 [INFO]: Epoch 057 - training loss (MAE): 0.6944, validation MSE: 0.7785
2026-06-04 09:30:43 [INFO]: Epoch 058 - training loss (MAE): 0.6937, validation MSE: 0.7862
2026-06-04 09:30:45 [INFO]: Epoch 059 - training loss (MAE): 0.6943, validation MSE: 0.7845
2026-06-04 09:30:47 [INFO]: Epoch 060 - training loss (MAE): 0.6941, validation MSE: 0.7805
2026-06-04 09:30:47 [INFO]: Finished training. The best model is from epoch#57.
2026-06-04 09:30:47 [INFO]: Saved the model to output/imputation/cuda/paper_campaign/tefn/citylearn_zone5/mr0.3/seed42/TEFN.pypots
[34m
████████╗██╗███╗   ███╗███████╗    ███████╗███████╗██████╗ ██╗███████╗███████╗    █████╗ ██╗
╚══██╔══╝██║████╗ ████║██╔════╝    ██╔════╝██╔════╝██╔══██╗██║██╔════╝██╔════╝   ██╔══██╗██║
   ██║   ██║██╔████╔██║█████╗█████╗███████╗█████╗  ██████╔╝██║█████╗  ███████╗   ███████║██║
   ██║   ██║██║╚██╔╝██║██╔══╝╚════╝╚════██║██╔══╝  ██╔══██╗██║██╔══╝  ╚════██║   ██╔══██║██║
   ██║   ██║██║ ╚═╝ ██║███████╗    ███████║███████╗██║  ██║██║███████╗███████║██╗██║  ██║██║
   ╚═╝   ╚═╝╚═╝     ╚═╝╚══════╝    ╚══════╝╚══════╝╚═╝  ╚═╝╚═╝╚══════╝╚══════╝╚═╝╚═╝  ╚═╝╚═╝
ai4ts v0.0.3 - building AI for unified time-series analysis, https://time-series.ai [0m

Use Train GPT: False
Use Lora: False
Use Profiling: False
🚀 Running imputation pipeline for model: tefn
✅ Dataset 'citylearn_zone5' with missing rate 0.3 loaded at: /home/Aboya_25R9803/projects/lab/SUN/iPyPOTS/datasets/rate_0.3
🚀 Starting TEFN training pipeline...
[TEFN] Testing —— MAE: 0.5240| MSE: 0.5522| RMSE: 0.7431| MRE: 0.6437| 
📊 Metrics saved to: output/imputation/cuda/paper_campaign/tefn/citylearn_zone5/mr0.3/seed42/metrics/tefn_metrics.json
