2026-06-04 04:45:04 [INFO]: Have set the random seed as 456 for numpy and pytorch.
2026-06-04 04:45:04 [INFO]: You're using dataset electricity_transformer_temperature, please cite it properly in your work. You can find its reference information at the below link: 
https://github.com/WenjieDu/TSDB/tree/main/dataset_profiles/electricity_transformer_temperature
2026-06-04 04:45:04 [INFO]: Dataset electricity_transformer_temperature has already been downloaded. Processing directly...
2026-06-04 04:45:04 [INFO]: Dataset electricity_transformer_temperature has already been cached. Loading from cache directly...
2026-06-04 04:45:04 [INFO]: Loaded successfully!
2026-06-04 04:45:04 [INFO]: months selected as train set are <PeriodArray>
['2016-07', '2016-08', '2016-09', '2016-10', '2016-11', '2016-12', '2017-01',
 '2017-02', '2017-03', '2017-04', '2017-05', '2017-06', '2017-07', '2017-08']
Length: 14, dtype: period[M]
2026-06-04 04:45:04 [INFO]: months selected as val set are <PeriodArray>
['2017-09', '2017-10', '2017-11', '2017-12', '2018-01']
Length: 5, dtype: period[M]
2026-06-04 04:45:04 [INFO]: months selected as test set are <PeriodArray>
['2018-02', '2018-03', '2018-04', '2018-05', '2018-06']
Length: 5, dtype: period[M]
2026-06-04 04:45:04 [INFO]: Total sample number: 725
2026-06-04 04:45:04 [INFO]: Training set size: 427 (58.90%)
2026-06-04 04:45:04 [INFO]: Validation set size: 153 (21.10%)
2026-06-04 04:45:04 [INFO]: Test set size: 145 (20.00%)
2026-06-04 04:45:04 [INFO]: Number of steps: 96
2026-06-04 04:45:04 [INFO]: Number of features: 7
2026-06-04 04:45:04 [INFO]: Train set missing rate: 10.04%
2026-06-04 04:45:04 [INFO]: Validating set missing rate: 10.12%
2026-06-04 04:45:04 [INFO]: Test set missing rate: 9.98%
2026-06-04 04:45:04 [INFO]: 🔥🔥🔥🔥🔥🔥🔥🔥🔥🔥Using device list: ['cuda:0']
2026-06-04 04:45:04 [INFO]: 🔥🔥🔥🔥🔥🔥🔥🔥🔥🔥Using the given device: cuda:0
2026-06-04 04:45:04 [INFO]: Model files will be saved to output/imputation/cuda/paper_campaign/saits/ettm1/mr0.1/seed456
2026-06-04 04:45:04 [INFO]: Tensorboard file will be saved to output/imputation/cuda/paper_campaign/saits/ettm1/mr0.1/seed456/tensorboard
2026-06-04 04:45:04 [INFO]: Using customized MAE as the training loss function.
2026-06-04 04:45:04 [INFO]: Using customized MSE as the validation metric function.
2026-06-04 04:45:04 [INFO]: SAITS initialized with the given hyperparameters.
 ├─ Total parameters: 136,478
 ├─ Trainable parameters: 136,478
 └─ Trainable ratio: 100.00%
2026-06-04 04:45:04 [INFO]: Model placed on cuda:0
2026-06-04 04:45:05 [INFO]: Epoch 001 - training loss (MAE): 1.6463, validation MSE: 0.9097
2026-06-04 04:45:05 [INFO]: Epoch 002 - training loss (MAE): 1.4838, validation MSE: 0.8670
2026-06-04 04:45:05 [INFO]: Epoch 003 - training loss (MAE): 1.4009, validation MSE: 0.8456
2026-06-04 04:45:05 [INFO]: Epoch 004 - training loss (MAE): 1.3101, validation MSE: 0.8106
2026-06-04 04:45:05 [INFO]: Epoch 005 - training loss (MAE): 1.2388, validation MSE: 0.7527
2026-06-04 04:45:06 [INFO]: Epoch 006 - training loss (MAE): 1.1662, validation MSE: 0.6841
2026-06-04 04:45:06 [INFO]: Epoch 007 - training loss (MAE): 1.1049, validation MSE: 0.6217
2026-06-04 04:45:06 [INFO]: Epoch 008 - training loss (MAE): 1.0693, validation MSE: 0.5827
2026-06-04 04:45:06 [INFO]: Epoch 009 - training loss (MAE): 1.0479, validation MSE: 0.5496
2026-06-04 04:45:06 [INFO]: Epoch 010 - training loss (MAE): 1.0148, validation MSE: 0.5163
2026-06-04 04:45:06 [INFO]: Epoch 011 - training loss (MAE): 0.9794, validation MSE: 0.4725
2026-06-04 04:45:06 [INFO]: Epoch 012 - training loss (MAE): 0.9603, validation MSE: 0.4284
2026-06-04 04:45:06 [INFO]: Epoch 013 - training loss (MAE): 0.9402, validation MSE: 0.3860
2026-06-04 04:45:06 [INFO]: Epoch 014 - training loss (MAE): 0.9138, validation MSE: 0.3524
2026-06-04 04:45:06 [INFO]: Epoch 015 - training loss (MAE): 0.8906, validation MSE: 0.3252
2026-06-04 04:45:06 [INFO]: Epoch 016 - training loss (MAE): 0.8732, validation MSE: 0.2982
2026-06-04 04:45:07 [INFO]: Epoch 017 - training loss (MAE): 0.8531, validation MSE: 0.2767
2026-06-04 04:45:07 [INFO]: Epoch 018 - training loss (MAE): 0.8261, validation MSE: 0.2609
2026-06-04 04:45:07 [INFO]: Epoch 019 - training loss (MAE): 0.8105, validation MSE: 0.2472
2026-06-04 04:45:07 [INFO]: Epoch 020 - training loss (MAE): 0.7988, validation MSE: 0.2359
2026-06-04 04:45:07 [INFO]: Epoch 021 - training loss (MAE): 0.7834, validation MSE: 0.2218
2026-06-04 04:45:07 [INFO]: Epoch 022 - training loss (MAE): 0.7650, validation MSE: 0.2098
2026-06-04 04:45:07 [INFO]: Epoch 023 - training loss (MAE): 0.7535, validation MSE: 0.1967
2026-06-04 04:45:07 [INFO]: Epoch 024 - training loss (MAE): 0.7448, validation MSE: 0.1880
2026-06-04 04:45:07 [INFO]: Epoch 025 - training loss (MAE): 0.7298, validation MSE: 0.1774
2026-06-04 04:45:07 [INFO]: Epoch 026 - training loss (MAE): 0.7188, validation MSE: 0.1670
2026-06-04 04:45:07 [INFO]: Epoch 027 - training loss (MAE): 0.7060, validation MSE: 0.1572
2026-06-04 04:45:08 [INFO]: Epoch 028 - training loss (MAE): 0.6957, validation MSE: 0.1478
2026-06-04 04:45:08 [INFO]: Epoch 029 - training loss (MAE): 0.6876, validation MSE: 0.1418
2026-06-04 04:45:08 [INFO]: Epoch 030 - training loss (MAE): 0.6823, validation MSE: 0.1368
2026-06-04 04:45:08 [INFO]: Epoch 031 - training loss (MAE): 0.6708, validation MSE: 0.1333
2026-06-04 04:45:08 [INFO]: Epoch 032 - training loss (MAE): 0.6685, validation MSE: 0.1271
2026-06-04 04:45:08 [INFO]: Epoch 033 - training loss (MAE): 0.6585, validation MSE: 0.1218
2026-06-04 04:45:08 [INFO]: Epoch 034 - training loss (MAE): 0.6503, validation MSE: 0.1150
2026-06-04 04:45:08 [INFO]: Epoch 035 - training loss (MAE): 0.6438, validation MSE: 0.1102
2026-06-04 04:45:08 [INFO]: Epoch 036 - training loss (MAE): 0.6373, validation MSE: 0.1085
2026-06-04 04:45:09 [INFO]: Epoch 037 - training loss (MAE): 0.6297, validation MSE: 0.1044
2026-06-04 04:45:09 [INFO]: Epoch 038 - training loss (MAE): 0.6215, validation MSE: 0.1002
2026-06-04 04:45:09 [INFO]: Epoch 039 - training loss (MAE): 0.6164, validation MSE: 0.0984
2026-06-04 04:45:09 [INFO]: Epoch 040 - training loss (MAE): 0.6105, validation MSE: 0.0958
2026-06-04 04:45:09 [INFO]: Epoch 041 - training loss (MAE): 0.6071, validation MSE: 0.0924
2026-06-04 04:45:09 [INFO]: Epoch 042 - training loss (MAE): 0.6032, validation MSE: 0.0910
2026-06-04 04:45:09 [INFO]: Epoch 043 - training loss (MAE): 0.5953, validation MSE: 0.0877
2026-06-04 04:45:09 [INFO]: Epoch 044 - training loss (MAE): 0.5910, validation MSE: 0.0872
2026-06-04 04:45:10 [INFO]: Epoch 045 - training loss (MAE): 0.5847, validation MSE: 0.0843
2026-06-04 04:45:10 [INFO]: Epoch 046 - training loss (MAE): 0.5806, validation MSE: 0.0837
2026-06-04 04:45:10 [INFO]: Epoch 047 - training loss (MAE): 0.5780, validation MSE: 0.0796
2026-06-04 04:45:10 [INFO]: Epoch 048 - training loss (MAE): 0.5707, validation MSE: 0.0805
2026-06-04 04:45:10 [INFO]: Epoch 049 - training loss (MAE): 0.5706, validation MSE: 0.0772
2026-06-04 04:45:10 [INFO]: Epoch 050 - training loss (MAE): 0.5581, validation MSE: 0.0781
2026-06-04 04:45:10 [INFO]: Epoch 051 - training loss (MAE): 0.5603, validation MSE: 0.0754
2026-06-04 04:45:10 [INFO]: Epoch 052 - training loss (MAE): 0.5544, validation MSE: 0.0732
2026-06-04 04:45:10 [INFO]: Epoch 053 - training loss (MAE): 0.5533, validation MSE: 0.0721
2026-06-04 04:45:10 [INFO]: Epoch 054 - training loss (MAE): 0.5509, validation MSE: 0.0695
2026-06-04 04:45:11 [INFO]: Epoch 055 - training loss (MAE): 0.5517, validation MSE: 0.0706
2026-06-04 04:45:11 [INFO]: Epoch 056 - training loss (MAE): 0.5468, validation MSE: 0.0689
2026-06-04 04:45:11 [INFO]: Epoch 057 - training loss (MAE): 0.5407, validation MSE: 0.0695
2026-06-04 04:45:11 [INFO]: Epoch 058 - training loss (MAE): 0.5384, validation MSE: 0.0678
2026-06-04 04:45:11 [INFO]: Epoch 059 - training loss (MAE): 0.5328, validation MSE: 0.0673
2026-06-04 04:45:11 [INFO]: Epoch 060 - training loss (MAE): 0.5278, validation MSE: 0.0653
2026-06-04 04:45:11 [INFO]: Finished training. The best model is from epoch#60.
2026-06-04 04:45:11 [INFO]: Saved the model to output/imputation/cuda/paper_campaign/saits/ettm1/mr0.1/seed456/SAITS.pypots
[34m
████████╗██╗███╗   ███╗███████╗    ███████╗███████╗██████╗ ██╗███████╗███████╗    █████╗ ██╗
╚══██╔══╝██║████╗ ████║██╔════╝    ██╔════╝██╔════╝██╔══██╗██║██╔════╝██╔════╝   ██╔══██╗██║
   ██║   ██║██╔████╔██║█████╗█████╗███████╗█████╗  ██████╔╝██║█████╗  ███████╗   ███████║██║
   ██║   ██║██║╚██╔╝██║██╔══╝╚════╝╚════██║██╔══╝  ██╔══██╗██║██╔══╝  ╚════██║   ██╔══██║██║
   ██║   ██║██║ ╚═╝ ██║███████╗    ███████║███████╗██║  ██║██║███████╗███████║██╗██║  ██║██║
   ╚═╝   ╚═╝╚═╝     ╚═╝╚══════╝    ╚══════╝╚══════╝╚═╝  ╚═╝╚═╝╚══════╝╚══════╝╚═╝╚═╝  ╚═╝╚═╝
ai4ts v0.0.3 - building AI for unified time-series analysis, https://time-series.ai [0m

Use Train GPT: False
Use Lora: False
Use Profiling: False
🚀 Running imputation pipeline for model: saits
✅ Dataset 'ettm1' with missing rate 0.1 loaded at: /home/Aboya_25R9803/projects/lab/SUN/iPyPOTS/datasets/rate_0.1
🚀 Starting SAITS training pipeline...
[SAITS] Testing —— MAE: 0.2192| MSE: 0.1031| RMSE: 0.3211| MRE: 0.2558| 
📊 Metrics saved to: output/imputation/cuda/paper_campaign/saits/ettm1/mr0.1/seed456/metrics/saits_metrics.json
