[34m
████████╗██╗███╗   ███╗███████╗    ███████╗███████╗██████╗ ██╗███████╗███████╗    █████╗ ██╗
╚══██╔══╝██║████╗ ████║██╔════╝    ██╔════╝██╔════╝██╔══██╗██║██╔════╝██╔════╝   ██╔══██╗██║
   ██║   ██║██╔████╔██║█████╗█████╗███████╗█████╗  ██████╔╝██║█████╗  ███████╗   ███████║██║
   ██║   ██║██║╚██╔╝██║██╔══╝╚════╝╚════██║██╔══╝  ██╔══██╗██║██╔══╝  ╚════██║   ██╔══██║██║
   ██║   ██║██║ ╚═╝ ██║███████╗    ███████║███████╗██║  ██║██║███████╗███████║██╗██║  ██║██║
   ╚═╝   ╚═╝╚═╝     ╚═╝╚══════╝    ╚══════╝╚══════╝╚═╝  ╚═╝╚═╝╚══════╝╚══════╝╚═╝╚═╝  ╚═╝╚═╝
ai4ts v0.0.3 - building AI for unified time-series analysis, https://time-series.ai [0m

Use Train GPT: False
Use Lora: False
Use Profiling: False
2026-06-04 13:18:26 [INFO]: Have set the random seed as 456 for numpy and pytorch.
🚀 Running imputation pipeline for model: tefn
2026-06-04 13:18:26 [INFO]: You're using dataset electricity_transformer_temperature, please cite it properly in your work. You can find its reference information at the below link: 
https://github.com/WenjieDu/TSDB/tree/main/dataset_profiles/electricity_transformer_temperature
2026-06-04 13:18:26 [INFO]: Dataset electricity_transformer_temperature has already been downloaded. Processing directly...
2026-06-04 13:18:26 [INFO]: Dataset electricity_transformer_temperature has already been cached. Loading from cache directly...
2026-06-04 13:18:26 [INFO]: Loaded successfully!
2026-06-04 13:18:26 [INFO]: months selected as train set are <PeriodArray>
['2016-07', '2016-08', '2016-09', '2016-10', '2016-11', '2016-12', '2017-01',
 '2017-02', '2017-03', '2017-04', '2017-05', '2017-06', '2017-07', '2017-08']
Length: 14, dtype: period[M]
2026-06-04 13:18:26 [INFO]: months selected as val set are <PeriodArray>
['2017-09', '2017-10', '2017-11', '2017-12', '2018-01']
Length: 5, dtype: period[M]
2026-06-04 13:18:26 [INFO]: months selected as test set are <PeriodArray>
['2018-02', '2018-03', '2018-04', '2018-05', '2018-06']
Length: 5, dtype: period[M]
2026-06-04 13:18:26 [INFO]: Total sample number: 180
2026-06-04 13:18:26 [INFO]: Training set size: 106 (58.89%)
2026-06-04 13:18:26 [INFO]: Validation set size: 38 (21.11%)
2026-06-04 13:18:26 [INFO]: Test set size: 36 (20.00%)
2026-06-04 13:18:26 [INFO]: Number of steps: 96
2026-06-04 13:18:26 [INFO]: Number of features: 7
2026-06-04 13:18:26 [INFO]: Train set missing rate: 50.01%
2026-06-04 13:18:26 [INFO]: Validating set missing rate: 49.86%
2026-06-04 13:18:26 [INFO]: Test set missing rate: 49.88%
✅ Dataset 'etth1' with missing rate 0.5 loaded at: /home/Aboya_25R9803/projects/lab/SUN/iPyPOTS/datasets/rate_0.5
🚀 Starting TEFN training pipeline...
2026-06-04 13:18:26 [INFO]: 🔥🔥🔥🔥🔥🔥🔥🔥🔥🔥Using device list: ['cuda:0']
2026-06-04 13:18:26 [INFO]: 🔥🔥🔥🔥🔥🔥🔥🔥🔥🔥Using the given device: cuda:0
2026-06-04 13:18:26 [INFO]: Model files will be saved to output/imputation/cuda/paper_campaign/tefn/etth1/mr0.5/seed456
2026-06-04 13:18:26 [INFO]: Tensorboard file will be saved to output/imputation/cuda/paper_campaign/tefn/etth1/mr0.5/seed456/tensorboard
2026-06-04 13:18:26 [INFO]: Using customized MAE as the training loss function.
2026-06-04 13:18:26 [INFO]: Using customized MSE as the validation metric function.
2026-06-04 13:18:26 [INFO]: Model placed on cuda:0
2026-06-04 13:18:26 [INFO]: TEFN initialized with the given hyperparameters.
 ├─ Total parameters: 3,401
 ├─ Trainable parameters: 3,401
 └─ Trainable ratio: 100.00%
2026-06-04 13:18:26 [INFO]: Epoch 001 - training loss (MAE): 8.9343, validation MSE: 29.8719
2026-06-04 13:18:27 [INFO]: Epoch 002 - training loss (MAE): 8.8840, validation MSE: 29.5614
2026-06-04 13:18:27 [INFO]: Epoch 003 - training loss (MAE): 8.8032, validation MSE: 29.2603
2026-06-04 13:18:27 [INFO]: Epoch 004 - training loss (MAE): 8.7286, validation MSE: 28.9634
2026-06-04 13:18:27 [INFO]: Epoch 005 - training loss (MAE): 8.7552, validation MSE: 28.6699
2026-06-04 13:18:27 [INFO]: Epoch 006 - training loss (MAE): 8.6640, validation MSE: 28.3807
2026-06-04 13:18:27 [INFO]: Epoch 007 - training loss (MAE): 8.6138, validation MSE: 28.0951
2026-06-04 13:18:27 [INFO]: Epoch 008 - training loss (MAE): 8.5874, validation MSE: 27.8142
2026-06-04 13:18:27 [INFO]: Epoch 009 - training loss (MAE): 8.5479, validation MSE: 27.5375
2026-06-04 13:18:27 [INFO]: Epoch 010 - training loss (MAE): 8.4815, validation MSE: 27.2647
2026-06-04 13:18:27 [INFO]: Epoch 011 - training loss (MAE): 8.3800, validation MSE: 26.9971
2026-06-04 13:18:27 [INFO]: Epoch 012 - training loss (MAE): 8.3886, validation MSE: 26.7330
2026-06-04 13:18:27 [INFO]: Epoch 013 - training loss (MAE): 8.3217, validation MSE: 26.4723
2026-06-04 13:18:27 [INFO]: Epoch 014 - training loss (MAE): 8.2757, validation MSE: 26.2148
2026-06-04 13:18:27 [INFO]: Epoch 015 - training loss (MAE): 8.2340, validation MSE: 25.9600
2026-06-04 13:18:27 [INFO]: Epoch 016 - training loss (MAE): 8.1574, validation MSE: 25.7077
2026-06-04 13:18:27 [INFO]: Epoch 017 - training loss (MAE): 8.1431, validation MSE: 25.4583
2026-06-04 13:18:27 [INFO]: Epoch 018 - training loss (MAE): 8.0911, validation MSE: 25.2119
2026-06-04 13:18:27 [INFO]: Epoch 019 - training loss (MAE): 8.0518, validation MSE: 24.9685
2026-06-04 13:18:27 [INFO]: Epoch 020 - training loss (MAE): 8.0099, validation MSE: 24.7274
2026-06-04 13:18:27 [INFO]: Epoch 021 - training loss (MAE): 7.9688, validation MSE: 24.4893
2026-06-04 13:18:27 [INFO]: Epoch 022 - training loss (MAE): 7.9135, validation MSE: 24.2541
2026-06-04 13:18:27 [INFO]: Epoch 023 - training loss (MAE): 7.8961, validation MSE: 24.0216
2026-06-04 13:18:27 [INFO]: Epoch 024 - training loss (MAE): 7.8155, validation MSE: 23.7916
2026-06-04 13:18:27 [INFO]: Epoch 025 - training loss (MAE): 7.7308, validation MSE: 23.5641
2026-06-04 13:18:27 [INFO]: Epoch 026 - training loss (MAE): 7.7549, validation MSE: 23.3389
2026-06-04 13:18:27 [INFO]: Epoch 027 - training loss (MAE): 7.6816, validation MSE: 23.1162
2026-06-04 13:18:27 [INFO]: Epoch 028 - training loss (MAE): 7.6658, validation MSE: 22.8963
2026-06-04 13:18:27 [INFO]: Epoch 029 - training loss (MAE): 7.6254, validation MSE: 22.6786
2026-06-04 13:18:27 [INFO]: Epoch 030 - training loss (MAE): 7.5366, validation MSE: 22.4635
2026-06-04 13:18:27 [INFO]: Epoch 031 - training loss (MAE): 7.4890, validation MSE: 22.2506
2026-06-04 13:18:27 [INFO]: Epoch 032 - training loss (MAE): 7.4922, validation MSE: 22.0396
2026-06-04 13:18:28 [INFO]: Epoch 033 - training loss (MAE): 7.4317, validation MSE: 21.8291
2026-06-04 13:18:28 [INFO]: Epoch 034 - training loss (MAE): 7.3618, validation MSE: 21.6211
2026-06-04 13:18:28 [INFO]: Epoch 035 - training loss (MAE): 7.2930, validation MSE: 21.4161
2026-06-04 13:18:28 [INFO]: Epoch 036 - training loss (MAE): 7.3307, validation MSE: 21.2132
2026-06-04 13:18:28 [INFO]: Epoch 037 - training loss (MAE): 7.2697, validation MSE: 21.0131
2026-06-04 13:18:28 [INFO]: Epoch 038 - training loss (MAE): 7.2333, validation MSE: 20.8150
2026-06-04 13:18:28 [INFO]: Epoch 039 - training loss (MAE): 7.1780, validation MSE: 20.6183
2026-06-04 13:18:28 [INFO]: Epoch 040 - training loss (MAE): 7.1187, validation MSE: 20.4228
2026-06-04 13:18:28 [INFO]: Epoch 041 - training loss (MAE): 7.1163, validation MSE: 20.2290
2026-06-04 13:18:28 [INFO]: Epoch 042 - training loss (MAE): 7.0520, validation MSE: 20.0365
2026-06-04 13:18:28 [INFO]: Epoch 043 - training loss (MAE): 6.9909, validation MSE: 19.8460
2026-06-04 13:18:28 [INFO]: Epoch 044 - training loss (MAE): 6.9790, validation MSE: 19.6572
2026-06-04 13:18:28 [INFO]: Epoch 045 - training loss (MAE): 6.9096, validation MSE: 19.4696
2026-06-04 13:18:28 [INFO]: Epoch 046 - training loss (MAE): 6.8873, validation MSE: 19.2829
2026-06-04 13:18:28 [INFO]: Epoch 047 - training loss (MAE): 6.8453, validation MSE: 19.0979
2026-06-04 13:18:28 [INFO]: Epoch 048 - training loss (MAE): 6.8040, validation MSE: 18.9139
2026-06-04 13:18:28 [INFO]: Epoch 049 - training loss (MAE): 6.7605, validation MSE: 18.7308
2026-06-04 13:18:28 [INFO]: Epoch 050 - training loss (MAE): 6.7260, validation MSE: 18.5480
2026-06-04 13:18:28 [INFO]: Epoch 051 - training loss (MAE): 6.6807, validation MSE: 18.3665
2026-06-04 13:18:28 [INFO]: Epoch 052 - training loss (MAE): 6.6221, validation MSE: 18.1860
2026-06-04 13:18:28 [INFO]: Epoch 053 - training loss (MAE): 6.6361, validation MSE: 18.0075
2026-06-04 13:18:28 [INFO]: Epoch 054 - training loss (MAE): 6.5524, validation MSE: 17.8304
2026-06-04 13:18:28 [INFO]: Epoch 055 - training loss (MAE): 6.5437, validation MSE: 17.6542
2026-06-04 13:18:28 [INFO]: Epoch 056 - training loss (MAE): 6.4669, validation MSE: 17.4783
2026-06-04 13:18:28 [INFO]: Epoch 057 - training loss (MAE): 6.4123, validation MSE: 17.3050
2026-06-04 13:18:28 [INFO]: Epoch 058 - training loss (MAE): 6.4319, validation MSE: 17.1333
2026-06-04 13:18:28 [INFO]: Epoch 059 - training loss (MAE): 6.3722, validation MSE: 16.9633
2026-06-04 13:18:28 [INFO]: Epoch 060 - training loss (MAE): 6.2928, validation MSE: 16.7952
2026-06-04 13:18:28 [INFO]: Finished training. The best model is from epoch#60.
2026-06-04 13:18:28 [INFO]: Saved the model to output/imputation/cuda/paper_campaign/tefn/etth1/mr0.5/seed456/TEFN.pypots
[TEFN] Testing —— MAE: 3.1441| MSE: 17.1338| RMSE: 4.1393| MRE: 3.6974| 
📊 Metrics saved to: output/imputation/cuda/paper_campaign/tefn/etth1/mr0.5/seed456/metrics/tefn_metrics.json
