2026-06-04 06:13:24 [INFO]: Have set the random seed as 456 for numpy and pytorch.
2026-06-04 06:13:24 [INFO]: You're using dataset solar_alabama, please cite it properly in your work. You can find its reference information at the below link: 
https://github.com/WenjieDu/TSDB/tree/main/dataset_profiles/solar_alabama
2026-06-04 06:13:24 [INFO]: Dataset solar_alabama has already been downloaded. Processing directly...
2026-06-04 06:13:24 [INFO]: Dataset solar_alabama has already been cached. Loading from cache directly...
2026-06-04 06:13:24 [INFO]: Loaded successfully!
2026-06-04 06:13:24 [INFO]: months selected as train set are <PeriodArray>
['2006-01', '2006-02', '2006-03', '2006-04', '2006-05', '2006-06']
Length: 6, dtype: period[M]
2026-06-04 06:13:24 [INFO]: months selected as val set are <PeriodArray>
['2006-07', '2006-08', '2006-09']
Length: 3, dtype: period[M]
2026-06-04 06:13:24 [INFO]: months selected as test set are <PeriodArray>
['2006-10', '2006-11', '2006-12']
Length: 3, dtype: period[M]
2026-06-04 06:13:24 [INFO]: Total sample number: 2190
2026-06-04 06:13:24 [INFO]: Training set size: 1086 (49.59%)
2026-06-04 06:13:24 [INFO]: Validation set size: 552 (25.21%)
2026-06-04 06:13:24 [INFO]: Test set size: 552 (25.21%)
2026-06-04 06:13:24 [INFO]: Number of steps: 24
2026-06-04 06:13:24 [INFO]: Number of features: 137
2026-06-04 06:13:24 [INFO]: Train set missing rate: 9.97%
2026-06-04 06:13:24 [INFO]: Validating set missing rate: 10.02%
2026-06-04 06:13:24 [INFO]: Test set missing rate: 10.01%
2026-06-04 06:13:24 [INFO]: 🔥🔥🔥🔥🔥🔥🔥🔥🔥🔥Using device list: ['cuda:0']
2026-06-04 06:13:24 [INFO]: 🔥🔥🔥🔥🔥🔥🔥🔥🔥🔥Using the given device: cuda:0
2026-06-04 06:13:25 [INFO]: Model files will be saved to output/imputation/cuda/paper_campaign/tslanet/solar/mr0.1/seed456
2026-06-04 06:13:25 [INFO]: Tensorboard file will be saved to output/imputation/cuda/paper_campaign/tslanet/solar/mr0.1/seed456/tensorboard
2026-06-04 06:13:25 [INFO]: Model placed on cuda:0
2026-06-04 06:13:25 [INFO]: TSLANet initialized with the given hyperparameters.
 ├─ Total parameters: 130,266
 ├─ Trainable parameters: 130,266
 └─ Trainable ratio: 100.00%
2026-06-04 06:13:26 [INFO]: Epoch 001 - training loss (default): 0.2817, validation loss: 0.1178
2026-06-04 06:13:26 [INFO]: Epoch 002 - training loss (default): 0.1261, validation loss: 0.0788
2026-06-04 06:13:27 [INFO]: Epoch 003 - training loss (default): 0.0949, validation loss: 0.0621
2026-06-04 06:13:27 [INFO]: Epoch 004 - training loss (default): 0.0764, validation loss: 0.0506
2026-06-04 06:13:27 [INFO]: Epoch 005 - training loss (default): 0.0623, validation loss: 0.0433
2026-06-04 06:13:28 [INFO]: Epoch 006 - training loss (default): 0.0532, validation loss: 0.0381
2026-06-04 06:13:28 [INFO]: Epoch 007 - training loss (default): 0.0478, validation loss: 0.0338
2026-06-04 06:13:29 [INFO]: Epoch 008 - training loss (default): 0.0416, validation loss: 0.0309
2026-06-04 06:13:29 [INFO]: Epoch 009 - training loss (default): 0.0368, validation loss: 0.0279
2026-06-04 06:13:30 [INFO]: Epoch 010 - training loss (default): 0.0349, validation loss: 0.0259
2026-06-04 06:13:30 [INFO]: Epoch 011 - training loss (default): 0.0335, validation loss: 0.0236
2026-06-04 06:13:31 [INFO]: Epoch 012 - training loss (default): 0.0303, validation loss: 0.0222
2026-06-04 06:13:31 [INFO]: Epoch 013 - training loss (default): 0.0280, validation loss: 0.0207
2026-06-04 06:13:31 [INFO]: Epoch 014 - training loss (default): 0.0259, validation loss: 0.0194
2026-06-04 06:13:32 [INFO]: Epoch 015 - training loss (default): 0.0248, validation loss: 0.0183
2026-06-04 06:13:32 [INFO]: Epoch 016 - training loss (default): 0.0233, validation loss: 0.0175
2026-06-04 06:13:33 [INFO]: Epoch 017 - training loss (default): 0.0224, validation loss: 0.0165
2026-06-04 06:13:33 [INFO]: Epoch 018 - training loss (default): 0.0212, validation loss: 0.0159
2026-06-04 06:13:34 [INFO]: Epoch 019 - training loss (default): 0.0210, validation loss: 0.0155
2026-06-04 06:13:34 [INFO]: Epoch 020 - training loss (default): 0.0197, validation loss: 0.0150
2026-06-04 06:13:35 [INFO]: Epoch 021 - training loss (default): 0.0192, validation loss: 0.0142
2026-06-04 06:13:35 [INFO]: Epoch 022 - training loss (default): 0.0187, validation loss: 0.0137
2026-06-04 06:13:35 [INFO]: Epoch 023 - training loss (default): 0.0181, validation loss: 0.0134
2026-06-04 06:13:36 [INFO]: Epoch 024 - training loss (default): 0.0173, validation loss: 0.0131
2026-06-04 06:13:36 [INFO]: Epoch 025 - training loss (default): 0.0161, validation loss: 0.0126
2026-06-04 06:13:37 [INFO]: Epoch 026 - training loss (default): 0.0157, validation loss: 0.0124
2026-06-04 06:13:37 [INFO]: Epoch 027 - training loss (default): 0.0157, validation loss: 0.0120
2026-06-04 06:13:38 [INFO]: Epoch 028 - training loss (default): 0.0150, validation loss: 0.0119
2026-06-04 06:13:38 [INFO]: Epoch 029 - training loss (default): 0.0150, validation loss: 0.0116
2026-06-04 06:13:39 [INFO]: Epoch 030 - training loss (default): 0.0143, validation loss: 0.0113
2026-06-04 06:13:39 [INFO]: Epoch 031 - training loss (default): 0.0138, validation loss: 0.0110
2026-06-04 06:13:39 [INFO]: Epoch 032 - training loss (default): 0.0137, validation loss: 0.0108
2026-06-04 06:13:40 [INFO]: Epoch 033 - training loss (default): 0.0133, validation loss: 0.0105
2026-06-04 06:13:40 [INFO]: Epoch 034 - training loss (default): 0.0128, validation loss: 0.0102
2026-06-04 06:13:41 [INFO]: Epoch 035 - training loss (default): 0.0123, validation loss: 0.0100
2026-06-04 06:13:41 [INFO]: Epoch 036 - training loss (default): 0.0126, validation loss: 0.0097
2026-06-04 06:13:42 [INFO]: Epoch 037 - training loss (default): 0.0123, validation loss: 0.0095
2026-06-04 06:13:42 [INFO]: Epoch 038 - training loss (default): 0.0115, validation loss: 0.0095
2026-06-04 06:13:42 [INFO]: Epoch 039 - training loss (default): 0.0115, validation loss: 0.0093
2026-06-04 06:13:43 [INFO]: Epoch 040 - training loss (default): 0.0114, validation loss: 0.0090
2026-06-04 06:13:43 [INFO]: Epoch 041 - training loss (default): 0.0110, validation loss: 0.0089
2026-06-04 06:13:44 [INFO]: Epoch 042 - training loss (default): 0.0109, validation loss: 0.0086
2026-06-04 06:13:44 [INFO]: Epoch 043 - training loss (default): 0.0105, validation loss: 0.0086
2026-06-04 06:13:45 [INFO]: Epoch 044 - training loss (default): 0.0105, validation loss: 0.0085
2026-06-04 06:13:45 [INFO]: Epoch 045 - training loss (default): 0.0098, validation loss: 0.0082
2026-06-04 06:13:46 [INFO]: Epoch 046 - training loss (default): 0.0100, validation loss: 0.0083
2026-06-04 06:13:46 [INFO]: Epoch 047 - training loss (default): 0.0098, validation loss: 0.0080
2026-06-04 06:13:46 [INFO]: Epoch 048 - training loss (default): 0.0098, validation loss: 0.0080
2026-06-04 06:13:47 [INFO]: Epoch 049 - training loss (default): 0.0092, validation loss: 0.0077
2026-06-04 06:13:47 [INFO]: Epoch 050 - training loss (default): 0.0093, validation loss: 0.0076
2026-06-04 06:13:48 [INFO]: Epoch 051 - training loss (default): 0.0093, validation loss: 0.0075
2026-06-04 06:13:48 [INFO]: Epoch 052 - training loss (default): 0.0090, validation loss: 0.0075
2026-06-04 06:13:49 [INFO]: Epoch 053 - training loss (default): 0.0089, validation loss: 0.0072
2026-06-04 06:13:49 [INFO]: Epoch 054 - training loss (default): 0.0087, validation loss: 0.0072
2026-06-04 06:13:49 [INFO]: Epoch 055 - training loss (default): 0.0084, validation loss: 0.0070
2026-06-04 06:13:50 [INFO]: Epoch 056 - training loss (default): 0.0083, validation loss: 0.0069
2026-06-04 06:13:51 [INFO]: Epoch 057 - training loss (default): 0.0082, validation loss: 0.0068
2026-06-04 06:13:51 [INFO]: Epoch 058 - training loss (default): 0.0084, validation loss: 0.0067
2026-06-04 06:13:52 [INFO]: Epoch 059 - training loss (default): 0.0078, validation loss: 0.0066
2026-06-04 06:13:52 [INFO]: Epoch 060 - training loss (default): 0.0076, validation loss: 0.0067
2026-06-04 06:13:52 [INFO]: Finished training. The best model is from epoch#59.
2026-06-04 06:13:52 [INFO]: Saved the model to output/imputation/cuda/paper_campaign/tslanet/solar/mr0.1/seed456/TSLANet.pypots
[34m
████████╗██╗███╗   ███╗███████╗    ███████╗███████╗██████╗ ██╗███████╗███████╗    █████╗ ██╗
╚══██╔══╝██║████╗ ████║██╔════╝    ██╔════╝██╔════╝██╔══██╗██║██╔════╝██╔════╝   ██╔══██╗██║
   ██║   ██║██╔████╔██║█████╗█████╗███████╗█████╗  ██████╔╝██║█████╗  ███████╗   ███████║██║
   ██║   ██║██║╚██╔╝██║██╔══╝╚════╝╚════██║██╔══╝  ██╔══██╗██║██╔══╝  ╚════██║   ██╔══██║██║
   ██║   ██║██║ ╚═╝ ██║███████╗    ███████║███████╗██║  ██║██║███████╗███████║██╗██║  ██║██║
   ╚═╝   ╚═╝╚═╝     ╚═╝╚══════╝    ╚══════╝╚══════╝╚═╝  ╚═╝╚═╝╚══════╝╚══════╝╚═╝╚═╝  ╚═╝╚═╝
ai4ts v0.0.3 - building AI for unified time-series analysis, https://time-series.ai [0m

Use Train GPT: False
Use Lora: False
Use Profiling: False
🚀 Running imputation pipeline for model: tslanet
✅ Dataset 'solar' with missing rate 0.1 loaded at: /home/Aboya_25R9803/projects/lab/SUN/iPyPOTS/datasets/rate_0.1
🚀 Starting TSLANet training pipeline...
[TSLANet] Testing —— MAE: 0.7917| MSE: 0.8406| RMSE: 0.9168| MRE: 1.0220| 
📊 Metrics saved to: output/imputation/cuda/paper_campaign/tslanet/solar/mr0.1/seed456/metrics/tslanet_metrics.json
