2026-06-04 05:52:53 [INFO]: Have set the random seed as 456 for numpy and pytorch.
2026-06-04 05:52:53 [INFO]: You're using dataset electricity_transformer_temperature, please cite it properly in your work. You can find its reference information at the below link: 
https://github.com/WenjieDu/TSDB/tree/main/dataset_profiles/electricity_transformer_temperature
2026-06-04 05:52:53 [INFO]: Dataset electricity_transformer_temperature has already been downloaded. Processing directly...
2026-06-04 05:52:53 [INFO]: Dataset electricity_transformer_temperature has already been cached. Loading from cache directly...
2026-06-04 05:52:53 [INFO]: Loaded successfully!
2026-06-04 05:52:53 [INFO]: months selected as train set are <PeriodArray>
['2016-07', '2016-08', '2016-09', '2016-10', '2016-11', '2016-12', '2017-01',
 '2017-02', '2017-03', '2017-04', '2017-05', '2017-06', '2017-07', '2017-08']
Length: 14, dtype: period[M]
2026-06-04 05:52:53 [INFO]: months selected as val set are <PeriodArray>
['2017-09', '2017-10', '2017-11', '2017-12', '2018-01']
Length: 5, dtype: period[M]
2026-06-04 05:52:53 [INFO]: months selected as test set are <PeriodArray>
['2018-02', '2018-03', '2018-04', '2018-05', '2018-06']
Length: 5, dtype: period[M]
2026-06-04 05:52:53 [INFO]: Total sample number: 725
2026-06-04 05:52:53 [INFO]: Training set size: 427 (58.90%)
2026-06-04 05:52:53 [INFO]: Validation set size: 153 (21.10%)
2026-06-04 05:52:53 [INFO]: Test set size: 145 (20.00%)
2026-06-04 05:52:53 [INFO]: Number of steps: 96
2026-06-04 05:52:53 [INFO]: Number of features: 7
2026-06-04 05:52:53 [INFO]: Train set missing rate: 49.94%
2026-06-04 05:52:53 [INFO]: Validating set missing rate: 49.82%
2026-06-04 05:52:53 [INFO]: Test set missing rate: 49.71%
2026-06-04 05:52:53 [INFO]: 🔥🔥🔥🔥🔥🔥🔥🔥🔥🔥Using device list: ['cuda:0']
2026-06-04 05:52:53 [INFO]: 🔥🔥🔥🔥🔥🔥🔥🔥🔥🔥Using the given device: cuda:0
2026-06-04 05:52:53 [INFO]: Model files will be saved to output/imputation/cuda/paper_campaign/tslanet/ettm1/mr0.5/seed456
2026-06-04 05:52:53 [INFO]: Tensorboard file will be saved to output/imputation/cuda/paper_campaign/tslanet/ettm1/mr0.5/seed456/tensorboard
2026-06-04 05:52:54 [INFO]: Model placed on cuda:0
2026-06-04 05:52:54 [INFO]: TSLANet initialized with the given hyperparameters.
 ├─ Total parameters: 217,890
 ├─ Trainable parameters: 217,890
 └─ Trainable ratio: 100.00%
2026-06-04 05:52:54 [INFO]: Epoch 001 - training loss (default): 0.2404, validation loss: 0.1714
2026-06-04 05:52:54 [INFO]: Epoch 002 - training loss (default): 0.1742, validation loss: 0.1343
2026-06-04 05:52:54 [INFO]: Epoch 003 - training loss (default): 0.1368, validation loss: 0.1165
2026-06-04 05:52:54 [INFO]: Epoch 004 - training loss (default): 0.1211, validation loss: 0.1013
2026-06-04 05:52:54 [INFO]: Epoch 005 - training loss (default): 0.1085, validation loss: 0.0959
2026-06-04 05:52:55 [INFO]: Epoch 006 - training loss (default): 0.0978, validation loss: 0.0855
2026-06-04 05:52:55 [INFO]: Epoch 007 - training loss (default): 0.0907, validation loss: 0.0803
2026-06-04 05:52:55 [INFO]: Epoch 008 - training loss (default): 0.0864, validation loss: 0.0714
2026-06-04 05:52:55 [INFO]: Epoch 009 - training loss (default): 0.0787, validation loss: 0.0706
2026-06-04 05:52:55 [INFO]: Epoch 010 - training loss (default): 0.0718, validation loss: 0.0634
2026-06-04 05:52:55 [INFO]: Epoch 011 - training loss (default): 0.0679, validation loss: 0.0568
2026-06-04 05:52:55 [INFO]: Epoch 012 - training loss (default): 0.0626, validation loss: 0.0504
2026-06-04 05:52:55 [INFO]: Epoch 013 - training loss (default): 0.0581, validation loss: 0.0509
2026-06-04 05:52:55 [INFO]: Epoch 014 - training loss (default): 0.0516, validation loss: 0.0449
2026-06-04 05:52:55 [INFO]: Epoch 015 - training loss (default): 0.0498, validation loss: 0.0399
2026-06-04 05:52:55 [INFO]: Epoch 016 - training loss (default): 0.0502, validation loss: 0.0415
2026-06-04 05:52:55 [INFO]: Epoch 017 - training loss (default): 0.0452, validation loss: 0.0378
2026-06-04 05:52:55 [INFO]: Epoch 018 - training loss (default): 0.0434, validation loss: 0.0379
2026-06-04 05:52:55 [INFO]: Epoch 019 - training loss (default): 0.0396, validation loss: 0.0319
2026-06-04 05:52:55 [INFO]: Epoch 020 - training loss (default): 0.0378, validation loss: 0.0320
2026-06-04 05:52:55 [INFO]: Epoch 021 - training loss (default): 0.0355, validation loss: 0.0296
2026-06-04 05:52:55 [INFO]: Epoch 022 - training loss (default): 0.0353, validation loss: 0.0282
2026-06-04 05:52:55 [INFO]: Epoch 023 - training loss (default): 0.0326, validation loss: 0.0295
2026-06-04 05:52:55 [INFO]: Epoch 024 - training loss (default): 0.0314, validation loss: 0.0250
2026-06-04 05:52:55 [INFO]: Epoch 025 - training loss (default): 0.0315, validation loss: 0.0243
2026-06-04 05:52:55 [INFO]: Epoch 026 - training loss (default): 0.0298, validation loss: 0.0237
2026-06-04 05:52:55 [INFO]: Epoch 027 - training loss (default): 0.0292, validation loss: 0.0235
2026-06-04 05:52:56 [INFO]: Epoch 028 - training loss (default): 0.0278, validation loss: 0.0218
2026-06-04 05:52:56 [INFO]: Epoch 029 - training loss (default): 0.0264, validation loss: 0.0251
2026-06-04 05:52:56 [INFO]: Epoch 030 - training loss (default): 0.0269, validation loss: 0.0219
2026-06-04 05:52:56 [INFO]: Epoch 031 - training loss (default): 0.0251, validation loss: 0.0202
2026-06-04 05:52:56 [INFO]: Epoch 032 - training loss (default): 0.0246, validation loss: 0.0199
2026-06-04 05:52:56 [INFO]: Epoch 033 - training loss (default): 0.0240, validation loss: 0.0224
2026-06-04 05:52:56 [INFO]: Epoch 034 - training loss (default): 0.0238, validation loss: 0.0173
2026-06-04 05:52:56 [INFO]: Epoch 035 - training loss (default): 0.0222, validation loss: 0.0184
2026-06-04 05:52:56 [INFO]: Epoch 036 - training loss (default): 0.0227, validation loss: 0.0183
2026-06-04 05:52:56 [INFO]: Epoch 037 - training loss (default): 0.0225, validation loss: 0.0176
2026-06-04 05:52:56 [INFO]: Epoch 038 - training loss (default): 0.0212, validation loss: 0.0169
2026-06-04 05:52:56 [INFO]: Epoch 039 - training loss (default): 0.0207, validation loss: 0.0167
2026-06-04 05:52:56 [INFO]: Epoch 040 - training loss (default): 0.0213, validation loss: 0.0170
2026-06-04 05:52:56 [INFO]: Epoch 041 - training loss (default): 0.0208, validation loss: 0.0167
2026-06-04 05:52:56 [INFO]: Epoch 042 - training loss (default): 0.0194, validation loss: 0.0164
2026-06-04 05:52:56 [INFO]: Epoch 043 - training loss (default): 0.0211, validation loss: 0.0163
2026-06-04 05:52:56 [INFO]: Epoch 044 - training loss (default): 0.0193, validation loss: 0.0161
2026-06-04 05:52:56 [INFO]: Epoch 045 - training loss (default): 0.0194, validation loss: 0.0143
2026-06-04 05:52:56 [INFO]: Epoch 046 - training loss (default): 0.0190, validation loss: 0.0142
2026-06-04 05:52:56 [INFO]: Epoch 047 - training loss (default): 0.0175, validation loss: 0.0148
2026-06-04 05:52:56 [INFO]: Epoch 048 - training loss (default): 0.0174, validation loss: 0.0138
2026-06-04 05:52:56 [INFO]: Epoch 049 - training loss (default): 0.0176, validation loss: 0.0140
2026-06-04 05:52:57 [INFO]: Epoch 050 - training loss (default): 0.0168, validation loss: 0.0146
2026-06-04 05:52:57 [INFO]: Epoch 051 - training loss (default): 0.0174, validation loss: 0.0158
2026-06-04 05:52:57 [INFO]: Epoch 052 - training loss (default): 0.0163, validation loss: 0.0140
2026-06-04 05:52:57 [INFO]: Epoch 053 - training loss (default): 0.0168, validation loss: 0.0140
2026-06-04 05:52:57 [INFO]: Epoch 054 - training loss (default): 0.0166, validation loss: 0.0124
2026-06-04 05:52:57 [INFO]: Epoch 055 - training loss (default): 0.0158, validation loss: 0.0123
2026-06-04 05:52:57 [INFO]: Epoch 056 - training loss (default): 0.0161, validation loss: 0.0120
2026-06-04 05:52:57 [INFO]: Epoch 057 - training loss (default): 0.0161, validation loss: 0.0133
2026-06-04 05:52:57 [INFO]: Epoch 058 - training loss (default): 0.0159, validation loss: 0.0118
2026-06-04 05:52:57 [INFO]: Epoch 059 - training loss (default): 0.0151, validation loss: 0.0126
2026-06-04 05:52:57 [INFO]: Epoch 060 - training loss (default): 0.0152, validation loss: 0.0123
2026-06-04 05:52:57 [INFO]: Finished training. The best model is from epoch#58.
2026-06-04 05:52:57 [INFO]: Saved the model to output/imputation/cuda/paper_campaign/tslanet/ettm1/mr0.5/seed456/TSLANet.pypots
[34m
████████╗██╗███╗   ███╗███████╗    ███████╗███████╗██████╗ ██╗███████╗███████╗    █████╗ ██╗
╚══██╔══╝██║████╗ ████║██╔════╝    ██╔════╝██╔════╝██╔══██╗██║██╔════╝██╔════╝   ██╔══██╗██║
   ██║   ██║██╔████╔██║█████╗█████╗███████╗█████╗  ██████╔╝██║█████╗  ███████╗   ███████║██║
   ██║   ██║██║╚██╔╝██║██╔══╝╚════╝╚════██║██╔══╝  ██╔══██╗██║██╔══╝  ╚════██║   ██╔══██║██║
   ██║   ██║██║ ╚═╝ ██║███████╗    ███████║███████╗██║  ██║██║███████╗███████║██╗██║  ██║██║
   ╚═╝   ╚═╝╚═╝     ╚═╝╚══════╝    ╚══════╝╚══════╝╚═╝  ╚═╝╚═╝╚══════╝╚══════╝╚═╝╚═╝  ╚═╝╚═╝
ai4ts v0.0.3 - building AI for unified time-series analysis, https://time-series.ai [0m

Use Train GPT: False
Use Lora: False
Use Profiling: False
🚀 Running imputation pipeline for model: tslanet
✅ Dataset 'ettm1' with missing rate 0.5 loaded at: /home/Aboya_25R9803/projects/lab/SUN/iPyPOTS/datasets/rate_0.5
🚀 Starting TSLANet training pipeline...
[TSLANet] Testing —— MAE: 0.8871| MSE: 1.3749| RMSE: 1.1725| MRE: 1.0450| 
📊 Metrics saved to: output/imputation/cuda/paper_campaign/tslanet/ettm1/mr0.5/seed456/metrics/tslanet_metrics.json
