[34m
████████╗██╗███╗   ███╗███████╗    ███████╗███████╗██████╗ ██╗███████╗███████╗    █████╗ ██╗
╚══██╔══╝██║████╗ ████║██╔════╝    ██╔════╝██╔════╝██╔══██╗██║██╔════╝██╔════╝   ██╔══██╗██║
   ██║   ██║██╔████╔██║█████╗█████╗███████╗█████╗  ██████╔╝██║█████╗  ███████╗   ███████║██║
   ██║   ██║██║╚██╔╝██║██╔══╝╚════╝╚════██║██╔══╝  ██╔══██╗██║██╔══╝  ╚════██║   ██╔══██║██║
   ██║   ██║██║ ╚═╝ ██║███████╗    ███████║███████╗██║  ██║██║███████╗███████║██╗██║  ██║██║
   ╚═╝   ╚═╝╚═╝     ╚═╝╚══════╝    ╚══════╝╚══════╝╚═╝  ╚═╝╚═╝╚══════╝╚══════╝╚═╝╚═╝  ╚═╝╚═╝
ai4ts v0.0.3 - building AI for unified time-series analysis, https://time-series.ai [0m

Use Train GPT: False
Use Lora: False
Use Profiling: False
2026-06-04 13:17:03 [INFO]: Have set the random seed as 456 for numpy and pytorch.
🚀 Running imputation pipeline for model: tefn
2026-06-04 13:17:03 [INFO]: You're using dataset electricity_transformer_temperature, please cite it properly in your work. You can find its reference information at the below link: 
https://github.com/WenjieDu/TSDB/tree/main/dataset_profiles/electricity_transformer_temperature
2026-06-04 13:17:03 [INFO]: Dataset electricity_transformer_temperature has already been downloaded. Processing directly...
2026-06-04 13:17:03 [INFO]: Dataset electricity_transformer_temperature has already been cached. Loading from cache directly...
2026-06-04 13:17:03 [INFO]: Loaded successfully!
2026-06-04 13:17:03 [INFO]: months selected as train set are <PeriodArray>
['2016-07', '2016-08', '2016-09', '2016-10', '2016-11', '2016-12', '2017-01',
 '2017-02', '2017-03', '2017-04', '2017-05', '2017-06', '2017-07', '2017-08']
Length: 14, dtype: period[M]
2026-06-04 13:17:03 [INFO]: months selected as val set are <PeriodArray>
['2017-09', '2017-10', '2017-11', '2017-12', '2018-01']
Length: 5, dtype: period[M]
2026-06-04 13:17:03 [INFO]: months selected as test set are <PeriodArray>
['2018-02', '2018-03', '2018-04', '2018-05', '2018-06']
Length: 5, dtype: period[M]
2026-06-04 13:17:03 [INFO]: Total sample number: 180
2026-06-04 13:17:03 [INFO]: Training set size: 106 (58.89%)
2026-06-04 13:17:03 [INFO]: Validation set size: 38 (21.11%)
2026-06-04 13:17:03 [INFO]: Test set size: 36 (20.00%)
2026-06-04 13:17:03 [INFO]: Number of steps: 96
2026-06-04 13:17:03 [INFO]: Number of features: 7
2026-06-04 13:17:03 [INFO]: Train set missing rate: 9.98%
2026-06-04 13:17:03 [INFO]: Validating set missing rate: 10.17%
2026-06-04 13:17:03 [INFO]: Test set missing rate: 10.17%
✅ Dataset 'etth1' with missing rate 0.1 loaded at: /home/Aboya_25R9803/projects/lab/SUN/iPyPOTS/datasets/rate_0.1
🚀 Starting TEFN training pipeline...
2026-06-04 13:17:03 [INFO]: 🔥🔥🔥🔥🔥🔥🔥🔥🔥🔥Using device list: ['cuda:0']
2026-06-04 13:17:03 [INFO]: 🔥🔥🔥🔥🔥🔥🔥🔥🔥🔥Using the given device: cuda:0
2026-06-04 13:17:04 [INFO]: Model files will be saved to output/imputation/cuda/paper_campaign/tefn/etth1/mr0.1/seed456
2026-06-04 13:17:04 [INFO]: Tensorboard file will be saved to output/imputation/cuda/paper_campaign/tefn/etth1/mr0.1/seed456/tensorboard
2026-06-04 13:17:04 [INFO]: Using customized MAE as the training loss function.
2026-06-04 13:17:04 [INFO]: Using customized MSE as the validation metric function.
2026-06-04 13:17:04 [INFO]: Model placed on cuda:0
2026-06-04 13:17:04 [INFO]: TEFN initialized with the given hyperparameters.
 ├─ Total parameters: 3,401
 ├─ Trainable parameters: 3,401
 └─ Trainable ratio: 100.00%
2026-06-04 13:17:04 [INFO]: Epoch 001 - training loss (MAE): 9.0894, validation MSE: 31.3253
2026-06-04 13:17:04 [INFO]: Epoch 002 - training loss (MAE): 9.0382, validation MSE: 30.8623
2026-06-04 13:17:04 [INFO]: Epoch 003 - training loss (MAE): 8.9241, validation MSE: 30.4125
2026-06-04 13:17:04 [INFO]: Epoch 004 - training loss (MAE): 8.8766, validation MSE: 29.9733
2026-06-04 13:17:04 [INFO]: Epoch 005 - training loss (MAE): 8.8586, validation MSE: 29.5498
2026-06-04 13:17:04 [INFO]: Epoch 006 - training loss (MAE): 8.8053, validation MSE: 29.1388
2026-06-04 13:17:04 [INFO]: Epoch 007 - training loss (MAE): 8.7339, validation MSE: 28.7382
2026-06-04 13:17:04 [INFO]: Epoch 008 - training loss (MAE): 8.6703, validation MSE: 28.3501
2026-06-04 13:17:04 [INFO]: Epoch 009 - training loss (MAE): 8.6500, validation MSE: 27.9743
2026-06-04 13:17:04 [INFO]: Epoch 010 - training loss (MAE): 8.5625, validation MSE: 27.6094
2026-06-04 13:17:04 [INFO]: Epoch 011 - training loss (MAE): 8.4838, validation MSE: 27.2569
2026-06-04 13:17:04 [INFO]: Epoch 012 - training loss (MAE): 8.4480, validation MSE: 26.9129
2026-06-04 13:17:04 [INFO]: Epoch 013 - training loss (MAE): 8.3880, validation MSE: 26.5775
2026-06-04 13:17:05 [INFO]: Epoch 014 - training loss (MAE): 8.3376, validation MSE: 26.2500
2026-06-04 13:17:05 [INFO]: Epoch 015 - training loss (MAE): 8.2993, validation MSE: 25.9304
2026-06-04 13:17:05 [INFO]: Epoch 016 - training loss (MAE): 8.2219, validation MSE: 25.6170
2026-06-04 13:17:05 [INFO]: Epoch 017 - training loss (MAE): 8.1627, validation MSE: 25.3108
2026-06-04 13:17:05 [INFO]: Epoch 018 - training loss (MAE): 8.1258, validation MSE: 25.0114
2026-06-04 13:17:05 [INFO]: Epoch 019 - training loss (MAE): 8.0762, validation MSE: 24.7194
2026-06-04 13:17:05 [INFO]: Epoch 020 - training loss (MAE): 8.0486, validation MSE: 24.4338
2026-06-04 13:17:05 [INFO]: Epoch 021 - training loss (MAE): 8.0228, validation MSE: 24.1536
2026-06-04 13:17:05 [INFO]: Epoch 022 - training loss (MAE): 7.9191, validation MSE: 23.8793
2026-06-04 13:17:05 [INFO]: Epoch 023 - training loss (MAE): 7.9011, validation MSE: 23.6099
2026-06-04 13:17:05 [INFO]: Epoch 024 - training loss (MAE): 7.8392, validation MSE: 23.3444
2026-06-04 13:17:05 [INFO]: Epoch 025 - training loss (MAE): 7.7832, validation MSE: 23.0838
2026-06-04 13:17:05 [INFO]: Epoch 026 - training loss (MAE): 7.7732, validation MSE: 22.8280
2026-06-04 13:17:05 [INFO]: Epoch 027 - training loss (MAE): 7.7174, validation MSE: 22.5770
2026-06-04 13:17:05 [INFO]: Epoch 028 - training loss (MAE): 7.6453, validation MSE: 22.3296
2026-06-04 13:17:05 [INFO]: Epoch 029 - training loss (MAE): 7.6146, validation MSE: 22.0851
2026-06-04 13:17:05 [INFO]: Epoch 030 - training loss (MAE): 7.5455, validation MSE: 21.8440
2026-06-04 13:17:05 [INFO]: Epoch 031 - training loss (MAE): 7.4771, validation MSE: 21.6072
2026-06-04 13:17:05 [INFO]: Epoch 032 - training loss (MAE): 7.4829, validation MSE: 21.3729
2026-06-04 13:17:05 [INFO]: Epoch 033 - training loss (MAE): 7.4075, validation MSE: 21.1413
2026-06-04 13:17:05 [INFO]: Epoch 034 - training loss (MAE): 7.3695, validation MSE: 20.9127
2026-06-04 13:17:05 [INFO]: Epoch 035 - training loss (MAE): 7.2910, validation MSE: 20.6888
2026-06-04 13:17:05 [INFO]: Epoch 036 - training loss (MAE): 7.2908, validation MSE: 20.4683
2026-06-04 13:17:05 [INFO]: Epoch 037 - training loss (MAE): 7.2242, validation MSE: 20.2519
2026-06-04 13:17:06 [INFO]: Epoch 038 - training loss (MAE): 7.1896, validation MSE: 20.0387
2026-06-04 13:17:06 [INFO]: Epoch 039 - training loss (MAE): 7.1446, validation MSE: 19.8288
2026-06-04 13:17:06 [INFO]: Epoch 040 - training loss (MAE): 7.0889, validation MSE: 19.6215
2026-06-04 13:17:06 [INFO]: Epoch 041 - training loss (MAE): 7.0325, validation MSE: 19.4169
2026-06-04 13:17:06 [INFO]: Epoch 042 - training loss (MAE): 6.9700, validation MSE: 19.2135
2026-06-04 13:17:06 [INFO]: Epoch 043 - training loss (MAE): 6.9297, validation MSE: 19.0136
2026-06-04 13:17:06 [INFO]: Epoch 044 - training loss (MAE): 6.9159, validation MSE: 18.8157
2026-06-04 13:17:06 [INFO]: Epoch 045 - training loss (MAE): 6.8230, validation MSE: 18.6215
2026-06-04 13:17:06 [INFO]: Epoch 046 - training loss (MAE): 6.8192, validation MSE: 18.4285
2026-06-04 13:17:06 [INFO]: Epoch 047 - training loss (MAE): 6.7912, validation MSE: 18.2388
2026-06-04 13:17:06 [INFO]: Epoch 048 - training loss (MAE): 6.7307, validation MSE: 18.0515
2026-06-04 13:17:06 [INFO]: Epoch 049 - training loss (MAE): 6.6598, validation MSE: 17.8659
2026-06-04 13:17:06 [INFO]: Epoch 050 - training loss (MAE): 6.6350, validation MSE: 17.6807
2026-06-04 13:17:06 [INFO]: Epoch 051 - training loss (MAE): 6.6136, validation MSE: 17.4976
2026-06-04 13:17:06 [INFO]: Epoch 052 - training loss (MAE): 6.5473, validation MSE: 17.3168
2026-06-04 13:17:06 [INFO]: Epoch 053 - training loss (MAE): 6.5481, validation MSE: 17.1386
2026-06-04 13:17:06 [INFO]: Epoch 054 - training loss (MAE): 6.4537, validation MSE: 16.9623
2026-06-04 13:17:06 [INFO]: Epoch 055 - training loss (MAE): 6.4434, validation MSE: 16.7876
2026-06-04 13:17:06 [INFO]: Epoch 056 - training loss (MAE): 6.3655, validation MSE: 16.6146
2026-06-04 13:17:06 [INFO]: Epoch 057 - training loss (MAE): 6.3300, validation MSE: 16.4442
2026-06-04 13:17:06 [INFO]: Epoch 058 - training loss (MAE): 6.2952, validation MSE: 16.2759
2026-06-04 13:17:06 [INFO]: Epoch 059 - training loss (MAE): 6.2684, validation MSE: 16.1100
2026-06-04 13:17:06 [INFO]: Epoch 060 - training loss (MAE): 6.1859, validation MSE: 15.9477
2026-06-04 13:17:06 [INFO]: Finished training. The best model is from epoch#60.
2026-06-04 13:17:06 [INFO]: Saved the model to output/imputation/cuda/paper_campaign/tefn/etth1/mr0.1/seed456/TEFN.pypots
[TEFN] Testing —— MAE: 3.0442| MSE: 16.4492| RMSE: 4.0558| MRE: 3.5929| 
📊 Metrics saved to: output/imputation/cuda/paper_campaign/tefn/etth1/mr0.1/seed456/metrics/tefn_metrics.json
