2026-06-04 06:03:29 [INFO]: Have set the random seed as 123 for numpy and pytorch.
2026-06-04 06:03:29 [INFO]: You're using dataset solar_alabama, please cite it properly in your work. You can find its reference information at the below link: 
https://github.com/WenjieDu/TSDB/tree/main/dataset_profiles/solar_alabama
2026-06-04 06:03:29 [INFO]: Dataset solar_alabama has already been downloaded. Processing directly...
2026-06-04 06:03:29 [INFO]: Dataset solar_alabama has already been cached. Loading from cache directly...
2026-06-04 06:03:29 [INFO]: Loaded successfully!
2026-06-04 06:03:29 [INFO]: months selected as train set are <PeriodArray>
['2006-01', '2006-02', '2006-03', '2006-04', '2006-05', '2006-06']
Length: 6, dtype: period[M]
2026-06-04 06:03:29 [INFO]: months selected as val set are <PeriodArray>
['2006-07', '2006-08', '2006-09']
Length: 3, dtype: period[M]
2026-06-04 06:03:29 [INFO]: months selected as test set are <PeriodArray>
['2006-10', '2006-11', '2006-12']
Length: 3, dtype: period[M]
2026-06-04 06:03:29 [INFO]: Total sample number: 2190
2026-06-04 06:03:29 [INFO]: Training set size: 1086 (49.59%)
2026-06-04 06:03:29 [INFO]: Validation set size: 552 (25.21%)
2026-06-04 06:03:29 [INFO]: Test set size: 552 (25.21%)
2026-06-04 06:03:29 [INFO]: Number of steps: 24
2026-06-04 06:03:29 [INFO]: Number of features: 137
2026-06-04 06:03:29 [INFO]: Train set missing rate: 9.98%
2026-06-04 06:03:29 [INFO]: Validating set missing rate: 10.01%
2026-06-04 06:03:29 [INFO]: Test set missing rate: 9.98%
2026-06-04 06:03:29 [INFO]: 🔥🔥🔥🔥🔥🔥🔥🔥🔥🔥Using device list: ['cuda:0']
2026-06-04 06:03:29 [INFO]: 🔥🔥🔥🔥🔥🔥🔥🔥🔥🔥Using the given device: cuda:0
2026-06-04 06:03:30 [INFO]: Model files will be saved to output/imputation/cuda/paper_campaign/saits/solar/mr0.1/seed123
2026-06-04 06:03:30 [INFO]: Tensorboard file will be saved to output/imputation/cuda/paper_campaign/saits/solar/mr0.1/seed123/tensorboard
2026-06-04 06:03:30 [INFO]: Using customized MAE as the training loss function.
2026-06-04 06:03:30 [INFO]: Using customized MSE as the validation metric function.
2026-06-04 06:03:30 [INFO]: SAITS initialized with the given hyperparameters.
 ├─ Total parameters: 226,974
 ├─ Trainable parameters: 226,974
 └─ Trainable ratio: 100.00%
2026-06-04 06:03:30 [INFO]: Model placed on cuda:0
2026-06-04 06:03:31 [INFO]: Epoch 001 - training loss (MAE): 1.5647, validation MSE: 0.5461
2026-06-04 06:03:31 [INFO]: Epoch 002 - training loss (MAE): 1.0503, validation MSE: 0.2811
2026-06-04 06:03:31 [INFO]: Epoch 003 - training loss (MAE): 0.7636, validation MSE: 0.2021
2026-06-04 06:03:32 [INFO]: Epoch 004 - training loss (MAE): 0.6433, validation MSE: 0.1577
2026-06-04 06:03:32 [INFO]: Epoch 005 - training loss (MAE): 0.5196, validation MSE: 0.1250
2026-06-04 06:03:32 [INFO]: Epoch 006 - training loss (MAE): 0.4588, validation MSE: 0.0953
2026-06-04 06:03:33 [INFO]: Epoch 007 - training loss (MAE): 0.4084, validation MSE: 0.0876
2026-06-04 06:03:34 [INFO]: Epoch 008 - training loss (MAE): 0.3836, validation MSE: 0.0917
2026-06-04 06:03:34 [INFO]: Epoch 009 - training loss (MAE): 0.3738, validation MSE: 0.0900
2026-06-04 06:03:34 [INFO]: Epoch 010 - training loss (MAE): 0.3597, validation MSE: 0.0882
2026-06-04 06:03:35 [INFO]: Epoch 011 - training loss (MAE): 0.3316, validation MSE: 0.0934
2026-06-04 06:03:35 [INFO]: Epoch 012 - training loss (MAE): 0.3514, validation MSE: 0.0814
2026-06-04 06:03:35 [INFO]: Epoch 013 - training loss (MAE): 0.3263, validation MSE: 0.0813
2026-06-04 06:03:35 [INFO]: Epoch 014 - training loss (MAE): 0.3168, validation MSE: 0.0773
2026-06-04 06:03:36 [INFO]: Epoch 015 - training loss (MAE): 0.3180, validation MSE: 0.0796
2026-06-04 06:03:36 [INFO]: Epoch 016 - training loss (MAE): 0.3161, validation MSE: 0.0849
2026-06-04 06:03:36 [INFO]: Epoch 017 - training loss (MAE): 0.3180, validation MSE: 0.0841
2026-06-04 06:03:37 [INFO]: Epoch 018 - training loss (MAE): 0.3076, validation MSE: 0.0797
2026-06-04 06:03:37 [INFO]: Epoch 019 - training loss (MAE): 0.3061, validation MSE: 0.0759
2026-06-04 06:03:37 [INFO]: Epoch 020 - training loss (MAE): 0.3058, validation MSE: 0.0813
2026-06-04 06:03:37 [INFO]: Epoch 021 - training loss (MAE): 0.3010, validation MSE: 0.0903
2026-06-04 06:03:38 [INFO]: Epoch 022 - training loss (MAE): 0.2993, validation MSE: 0.0895
2026-06-04 06:03:38 [INFO]: Epoch 023 - training loss (MAE): 0.2982, validation MSE: 0.0810
2026-06-04 06:03:38 [INFO]: Epoch 024 - training loss (MAE): 0.2961, validation MSE: 0.0767
2026-06-04 06:03:39 [INFO]: Epoch 025 - training loss (MAE): 0.3006, validation MSE: 0.0761
2026-06-04 06:03:39 [INFO]: Epoch 026 - training loss (MAE): 0.2935, validation MSE: 0.0766
2026-06-04 06:03:39 [INFO]: Epoch 027 - training loss (MAE): 0.2979, validation MSE: 0.0767
2026-06-04 06:03:39 [INFO]: Epoch 028 - training loss (MAE): 0.2812, validation MSE: 0.0784
2026-06-04 06:03:40 [INFO]: Epoch 029 - training loss (MAE): 0.2944, validation MSE: 0.0866
2026-06-04 06:03:40 [INFO]: Epoch 030 - training loss (MAE): 0.2756, validation MSE: 0.0859
2026-06-04 06:03:40 [INFO]: Epoch 031 - training loss (MAE): 0.2944, validation MSE: 0.0835
2026-06-04 06:03:40 [INFO]: Exceeded the training patience. Terminating the training procedure...
2026-06-04 06:03:40 [INFO]: Finished training. The best model is from epoch#19.
2026-06-04 06:03:40 [INFO]: Saved the model to output/imputation/cuda/paper_campaign/saits/solar/mr0.1/seed123/SAITS.pypots
[34m
████████╗██╗███╗   ███╗███████╗    ███████╗███████╗██████╗ ██╗███████╗███████╗    █████╗ ██╗
╚══██╔══╝██║████╗ ████║██╔════╝    ██╔════╝██╔════╝██╔══██╗██║██╔════╝██╔════╝   ██╔══██╗██║
   ██║   ██║██╔████╔██║█████╗█████╗███████╗█████╗  ██████╔╝██║█████╗  ███████╗   ███████║██║
   ██║   ██║██║╚██╔╝██║██╔══╝╚════╝╚════██║██╔══╝  ██╔══██╗██║██╔══╝  ╚════██║   ██╔══██║██║
   ██║   ██║██║ ╚═╝ ██║███████╗    ███████║███████╗██║  ██║██║███████╗███████║██╗██║  ██║██║
   ╚═╝   ╚═╝╚═╝     ╚═╝╚══════╝    ╚══════╝╚══════╝╚═╝  ╚═╝╚═╝╚══════╝╚══════╝╚═╝╚═╝  ╚═╝╚═╝
ai4ts v0.0.3 - building AI for unified time-series analysis, https://time-series.ai [0m

Use Train GPT: False
Use Lora: False
Use Profiling: False
🚀 Running imputation pipeline for model: saits
✅ Dataset 'solar' with missing rate 0.1 loaded at: /home/Aboya_25R9803/projects/lab/SUN/iPyPOTS/datasets/rate_0.1
🚀 Starting SAITS training pipeline...
[SAITS] Testing —— MAE: 0.1160| MSE: 0.0628| RMSE: 0.2506| MRE: 0.1498| 
📊 Metrics saved to: output/imputation/cuda/paper_campaign/saits/solar/mr0.1/seed123/metrics/saits_metrics.json
