2026-06-04 04:46:02 [INFO]: Have set the random seed as 42 for numpy and pytorch.
2026-06-04 04:46:02 [INFO]: You're using dataset electricity_transformer_temperature, please cite it properly in your work. You can find its reference information at the below link: 
https://github.com/WenjieDu/TSDB/tree/main/dataset_profiles/electricity_transformer_temperature
2026-06-04 04:46:02 [INFO]: Dataset electricity_transformer_temperature has already been downloaded. Processing directly...
2026-06-04 04:46:02 [INFO]: Dataset electricity_transformer_temperature has already been cached. Loading from cache directly...
2026-06-04 04:46:02 [INFO]: Loaded successfully!
2026-06-04 04:46:02 [INFO]: months selected as train set are <PeriodArray>
['2016-07', '2016-08', '2016-09', '2016-10', '2016-11', '2016-12', '2017-01',
 '2017-02', '2017-03', '2017-04', '2017-05', '2017-06', '2017-07', '2017-08']
Length: 14, dtype: period[M]
2026-06-04 04:46:02 [INFO]: months selected as val set are <PeriodArray>
['2017-09', '2017-10', '2017-11', '2017-12', '2018-01']
Length: 5, dtype: period[M]
2026-06-04 04:46:02 [INFO]: months selected as test set are <PeriodArray>
['2018-02', '2018-03', '2018-04', '2018-05', '2018-06']
Length: 5, dtype: period[M]
2026-06-04 04:46:02 [INFO]: Total sample number: 725
2026-06-04 04:46:02 [INFO]: Training set size: 427 (58.90%)
2026-06-04 04:46:02 [INFO]: Validation set size: 153 (21.10%)
2026-06-04 04:46:02 [INFO]: Test set size: 145 (20.00%)
2026-06-04 04:46:02 [INFO]: Number of steps: 96
2026-06-04 04:46:02 [INFO]: Number of features: 7
2026-06-04 04:46:02 [INFO]: Train set missing rate: 49.89%
2026-06-04 04:46:02 [INFO]: Validating set missing rate: 50.19%
2026-06-04 04:46:02 [INFO]: Test set missing rate: 49.72%
2026-06-04 04:46:02 [INFO]: 🔥🔥🔥🔥🔥🔥🔥🔥🔥🔥Using device list: ['cuda:0']
2026-06-04 04:46:02 [INFO]: 🔥🔥🔥🔥🔥🔥🔥🔥🔥🔥Using the given device: cuda:0
2026-06-04 04:46:03 [INFO]: Model files will be saved to output/imputation/cuda/paper_campaign/saits/ettm1/mr0.5/seed42
2026-06-04 04:46:03 [INFO]: Tensorboard file will be saved to output/imputation/cuda/paper_campaign/saits/ettm1/mr0.5/seed42/tensorboard
2026-06-04 04:46:03 [INFO]: Using customized MAE as the training loss function.
2026-06-04 04:46:03 [INFO]: Using customized MSE as the validation metric function.
2026-06-04 04:46:03 [INFO]: SAITS initialized with the given hyperparameters.
 ├─ Total parameters: 136,478
 ├─ Trainable parameters: 136,478
 └─ Trainable ratio: 100.00%
2026-06-04 04:46:03 [INFO]: Model placed on cuda:0
2026-06-04 04:46:04 [INFO]: Epoch 001 - training loss (MAE): 1.5484, validation MSE: 0.9133
2026-06-04 04:46:04 [INFO]: Epoch 002 - training loss (MAE): 1.4701, validation MSE: 0.8926
2026-06-04 04:46:04 [INFO]: Epoch 003 - training loss (MAE): 1.4311, validation MSE: 0.8530
2026-06-04 04:46:04 [INFO]: Epoch 004 - training loss (MAE): 1.3728, validation MSE: 0.7973
2026-06-04 04:46:04 [INFO]: Epoch 005 - training loss (MAE): 1.3271, validation MSE: 0.7647
2026-06-04 04:46:04 [INFO]: Epoch 006 - training loss (MAE): 1.2745, validation MSE: 0.7432
2026-06-04 04:46:04 [INFO]: Epoch 007 - training loss (MAE): 1.2284, validation MSE: 0.7050
2026-06-04 04:46:04 [INFO]: Epoch 008 - training loss (MAE): 1.1628, validation MSE: 0.6545
2026-06-04 04:46:04 [INFO]: Epoch 009 - training loss (MAE): 1.1161, validation MSE: 0.6431
2026-06-04 04:46:04 [INFO]: Epoch 010 - training loss (MAE): 1.0787, validation MSE: 0.6627
2026-06-04 04:46:04 [INFO]: Epoch 011 - training loss (MAE): 1.0513, validation MSE: 0.6253
2026-06-04 04:46:04 [INFO]: Epoch 012 - training loss (MAE): 1.0157, validation MSE: 0.5938
2026-06-04 04:46:05 [INFO]: Epoch 013 - training loss (MAE): 0.9857, validation MSE: 0.5451
2026-06-04 04:46:05 [INFO]: Epoch 014 - training loss (MAE): 0.9538, validation MSE: 0.5093
2026-06-04 04:46:05 [INFO]: Epoch 015 - training loss (MAE): 0.9338, validation MSE: 0.4905
2026-06-04 04:46:05 [INFO]: Epoch 016 - training loss (MAE): 0.9089, validation MSE: 0.4611
2026-06-04 04:46:05 [INFO]: Epoch 017 - training loss (MAE): 0.8916, validation MSE: 0.4354
2026-06-04 04:46:05 [INFO]: Epoch 018 - training loss (MAE): 0.8605, validation MSE: 0.4248
2026-06-04 04:46:05 [INFO]: Epoch 019 - training loss (MAE): 0.8441, validation MSE: 0.3992
2026-06-04 04:46:05 [INFO]: Epoch 020 - training loss (MAE): 0.8301, validation MSE: 0.3682
2026-06-04 04:46:05 [INFO]: Epoch 021 - training loss (MAE): 0.8071, validation MSE: 0.3577
2026-06-04 04:46:05 [INFO]: Epoch 022 - training loss (MAE): 0.7903, validation MSE: 0.3389
2026-06-04 04:46:05 [INFO]: Epoch 023 - training loss (MAE): 0.7819, validation MSE: 0.3374
2026-06-04 04:46:06 [INFO]: Epoch 024 - training loss (MAE): 0.7610, validation MSE: 0.3112
2026-06-04 04:46:06 [INFO]: Epoch 025 - training loss (MAE): 0.7493, validation MSE: 0.3073
2026-06-04 04:46:06 [INFO]: Epoch 026 - training loss (MAE): 0.7396, validation MSE: 0.2842
2026-06-04 04:46:06 [INFO]: Epoch 027 - training loss (MAE): 0.7250, validation MSE: 0.2765
2026-06-04 04:46:06 [INFO]: Epoch 028 - training loss (MAE): 0.7088, validation MSE: 0.2628
2026-06-04 04:46:06 [INFO]: Epoch 029 - training loss (MAE): 0.6992, validation MSE: 0.2552
2026-06-04 04:46:06 [INFO]: Epoch 030 - training loss (MAE): 0.6897, validation MSE: 0.2431
2026-06-04 04:46:06 [INFO]: Epoch 031 - training loss (MAE): 0.6829, validation MSE: 0.2386
2026-06-04 04:46:06 [INFO]: Epoch 032 - training loss (MAE): 0.6735, validation MSE: 0.2249
2026-06-04 04:46:06 [INFO]: Epoch 033 - training loss (MAE): 0.6607, validation MSE: 0.2148
2026-06-04 04:46:06 [INFO]: Epoch 034 - training loss (MAE): 0.6468, validation MSE: 0.2030
2026-06-04 04:46:07 [INFO]: Epoch 035 - training loss (MAE): 0.6383, validation MSE: 0.1914
2026-06-04 04:46:07 [INFO]: Epoch 036 - training loss (MAE): 0.6289, validation MSE: 0.1864
2026-06-04 04:46:07 [INFO]: Epoch 037 - training loss (MAE): 0.6233, validation MSE: 0.1751
2026-06-04 04:46:07 [INFO]: Epoch 038 - training loss (MAE): 0.6144, validation MSE: 0.1721
2026-06-04 04:46:07 [INFO]: Epoch 039 - training loss (MAE): 0.6049, validation MSE: 0.1600
2026-06-04 04:46:07 [INFO]: Epoch 040 - training loss (MAE): 0.5982, validation MSE: 0.1525
2026-06-04 04:46:07 [INFO]: Epoch 041 - training loss (MAE): 0.5920, validation MSE: 0.1475
2026-06-04 04:46:07 [INFO]: Epoch 042 - training loss (MAE): 0.5823, validation MSE: 0.1417
2026-06-04 04:46:08 [INFO]: Epoch 043 - training loss (MAE): 0.5715, validation MSE: 0.1400
2026-06-04 04:46:08 [INFO]: Epoch 044 - training loss (MAE): 0.5627, validation MSE: 0.1342
2026-06-04 04:46:08 [INFO]: Epoch 045 - training loss (MAE): 0.5590, validation MSE: 0.1315
2026-06-04 04:46:08 [INFO]: Epoch 046 - training loss (MAE): 0.5544, validation MSE: 0.1255
2026-06-04 04:46:08 [INFO]: Epoch 047 - training loss (MAE): 0.5425, validation MSE: 0.1234
2026-06-04 04:46:08 [INFO]: Epoch 048 - training loss (MAE): 0.5398, validation MSE: 0.1213
2026-06-04 04:46:08 [INFO]: Epoch 049 - training loss (MAE): 0.5337, validation MSE: 0.1194
2026-06-04 04:46:08 [INFO]: Epoch 050 - training loss (MAE): 0.5260, validation MSE: 0.1157
2026-06-04 04:46:08 [INFO]: Epoch 051 - training loss (MAE): 0.5221, validation MSE: 0.1120
2026-06-04 04:46:08 [INFO]: Epoch 052 - training loss (MAE): 0.5155, validation MSE: 0.1112
2026-06-04 04:46:08 [INFO]: Epoch 053 - training loss (MAE): 0.5090, validation MSE: 0.1080
2026-06-04 04:46:09 [INFO]: Epoch 054 - training loss (MAE): 0.5047, validation MSE: 0.1082
2026-06-04 04:46:09 [INFO]: Epoch 055 - training loss (MAE): 0.5011, validation MSE: 0.1072
2026-06-04 04:46:09 [INFO]: Epoch 056 - training loss (MAE): 0.4988, validation MSE: 0.1081
2026-06-04 04:46:09 [INFO]: Epoch 057 - training loss (MAE): 0.4967, validation MSE: 0.1058
2026-06-04 04:46:09 [INFO]: Epoch 058 - training loss (MAE): 0.4869, validation MSE: 0.1049
2026-06-04 04:46:09 [INFO]: Epoch 059 - training loss (MAE): 0.4868, validation MSE: 0.1034
2026-06-04 04:46:09 [INFO]: Epoch 060 - training loss (MAE): 0.4850, validation MSE: 0.1013
2026-06-04 04:46:09 [INFO]: Finished training. The best model is from epoch#60.
2026-06-04 04:46:09 [INFO]: Saved the model to output/imputation/cuda/paper_campaign/saits/ettm1/mr0.5/seed42/SAITS.pypots
[34m
████████╗██╗███╗   ███╗███████╗    ███████╗███████╗██████╗ ██╗███████╗███████╗    █████╗ ██╗
╚══██╔══╝██║████╗ ████║██╔════╝    ██╔════╝██╔════╝██╔══██╗██║██╔════╝██╔════╝   ██╔══██╗██║
   ██║   ██║██╔████╔██║█████╗█████╗███████╗█████╗  ██████╔╝██║█████╗  ███████╗   ███████║██║
   ██║   ██║██║╚██╔╝██║██╔══╝╚════╝╚════██║██╔══╝  ██╔══██╗██║██╔══╝  ╚════██║   ██╔══██║██║
   ██║   ██║██║ ╚═╝ ██║███████╗    ███████║███████╗██║  ██║██║███████╗███████║██╗██║  ██║██║
   ╚═╝   ╚═╝╚═╝     ╚═╝╚══════╝    ╚══════╝╚══════╝╚═╝  ╚═╝╚═╝╚══════╝╚══════╝╚═╝╚═╝  ╚═╝╚═╝
ai4ts v0.0.3 - building AI for unified time-series analysis, https://time-series.ai [0m

Use Train GPT: False
Use Lora: False
Use Profiling: False
🚀 Running imputation pipeline for model: saits
✅ Dataset 'ettm1' with missing rate 0.5 loaded at: /home/Aboya_25R9803/projects/lab/SUN/iPyPOTS/datasets/rate_0.5
🚀 Starting SAITS training pipeline...
[SAITS] Testing —— MAE: 0.2641| MSE: 0.1418| RMSE: 0.3766| MRE: 0.3120| 
📊 Metrics saved to: output/imputation/cuda/paper_campaign/saits/ettm1/mr0.5/seed42/metrics/saits_metrics.json
