2026-06-04 06:16:40 [INFO]: Have set the random seed as 123 for numpy and pytorch.
2026-06-04 06:16:40 [INFO]: You're using dataset solar_alabama, please cite it properly in your work. You can find its reference information at the below link: 
https://github.com/WenjieDu/TSDB/tree/main/dataset_profiles/solar_alabama
2026-06-04 06:16:40 [INFO]: Dataset solar_alabama has already been downloaded. Processing directly...
2026-06-04 06:16:40 [INFO]: Dataset solar_alabama has already been cached. Loading from cache directly...
2026-06-04 06:16:40 [INFO]: Loaded successfully!
2026-06-04 06:16:40 [INFO]: months selected as train set are <PeriodArray>
['2006-01', '2006-02', '2006-03', '2006-04', '2006-05', '2006-06']
Length: 6, dtype: period[M]
2026-06-04 06:16:40 [INFO]: months selected as val set are <PeriodArray>
['2006-07', '2006-08', '2006-09']
Length: 3, dtype: period[M]
2026-06-04 06:16:40 [INFO]: months selected as test set are <PeriodArray>
['2006-10', '2006-11', '2006-12']
Length: 3, dtype: period[M]
2026-06-04 06:16:40 [INFO]: Total sample number: 2190
2026-06-04 06:16:40 [INFO]: Training set size: 1086 (49.59%)
2026-06-04 06:16:40 [INFO]: Validation set size: 552 (25.21%)
2026-06-04 06:16:40 [INFO]: Test set size: 552 (25.21%)
2026-06-04 06:16:40 [INFO]: Number of steps: 24
2026-06-04 06:16:40 [INFO]: Number of features: 137
2026-06-04 06:16:40 [INFO]: Train set missing rate: 49.99%
2026-06-04 06:16:40 [INFO]: Validating set missing rate: 50.00%
2026-06-04 06:16:40 [INFO]: Test set missing rate: 49.98%
2026-06-04 06:16:40 [INFO]: 🔥🔥🔥🔥🔥🔥🔥🔥🔥🔥Using device list: ['cuda:0']
2026-06-04 06:16:40 [INFO]: 🔥🔥🔥🔥🔥🔥🔥🔥🔥🔥Using the given device: cuda:0
2026-06-04 06:16:40 [INFO]: Model files will be saved to output/imputation/cuda/paper_campaign/tslanet/solar/mr0.5/seed123
2026-06-04 06:16:40 [INFO]: Tensorboard file will be saved to output/imputation/cuda/paper_campaign/tslanet/solar/mr0.5/seed123/tensorboard
2026-06-04 06:16:40 [INFO]: Model placed on cuda:0
2026-06-04 06:16:40 [INFO]: TSLANet initialized with the given hyperparameters.
 ├─ Total parameters: 130,266
 ├─ Trainable parameters: 130,266
 └─ Trainable ratio: 100.00%
2026-06-04 06:16:41 [INFO]: Epoch 001 - training loss (default): 0.1608, validation loss: 0.0957
2026-06-04 06:16:42 [INFO]: Epoch 002 - training loss (default): 0.0961, validation loss: 0.0703
2026-06-04 06:16:42 [INFO]: Epoch 003 - training loss (default): 0.0726, validation loss: 0.0558
2026-06-04 06:16:43 [INFO]: Epoch 004 - training loss (default): 0.0592, validation loss: 0.0453
2026-06-04 06:16:43 [INFO]: Epoch 005 - training loss (default): 0.0512, validation loss: 0.0372
2026-06-04 06:16:44 [INFO]: Epoch 006 - training loss (default): 0.0443, validation loss: 0.0314
2026-06-04 06:16:44 [INFO]: Epoch 007 - training loss (default): 0.0372, validation loss: 0.0278
2026-06-04 06:16:45 [INFO]: Epoch 008 - training loss (default): 0.0332, validation loss: 0.0255
2026-06-04 06:16:45 [INFO]: Epoch 009 - training loss (default): 0.0309, validation loss: 0.0239
2026-06-04 06:16:45 [INFO]: Epoch 010 - training loss (default): 0.0290, validation loss: 0.0225
2026-06-04 06:16:46 [INFO]: Epoch 011 - training loss (default): 0.0268, validation loss: 0.0212
2026-06-04 06:16:46 [INFO]: Epoch 012 - training loss (default): 0.0260, validation loss: 0.0202
2026-06-04 06:16:47 [INFO]: Epoch 013 - training loss (default): 0.0238, validation loss: 0.0195
2026-06-04 06:16:47 [INFO]: Epoch 014 - training loss (default): 0.0229, validation loss: 0.0189
2026-06-04 06:16:48 [INFO]: Epoch 015 - training loss (default): 0.0222, validation loss: 0.0178
2026-06-04 06:16:48 [INFO]: Epoch 016 - training loss (default): 0.0214, validation loss: 0.0171
2026-06-04 06:16:48 [INFO]: Epoch 017 - training loss (default): 0.0210, validation loss: 0.0164
2026-06-04 06:16:49 [INFO]: Epoch 018 - training loss (default): 0.0198, validation loss: 0.0162
2026-06-04 06:16:49 [INFO]: Epoch 019 - training loss (default): 0.0185, validation loss: 0.0155
2026-06-04 06:16:50 [INFO]: Epoch 020 - training loss (default): 0.0182, validation loss: 0.0150
2026-06-04 06:16:50 [INFO]: Epoch 021 - training loss (default): 0.0181, validation loss: 0.0144
2026-06-04 06:16:51 [INFO]: Epoch 022 - training loss (default): 0.0173, validation loss: 0.0139
2026-06-04 06:16:51 [INFO]: Epoch 023 - training loss (default): 0.0165, validation loss: 0.0134
2026-06-04 06:16:52 [INFO]: Epoch 024 - training loss (default): 0.0157, validation loss: 0.0130
2026-06-04 06:16:52 [INFO]: Epoch 025 - training loss (default): 0.0148, validation loss: 0.0125
2026-06-04 06:16:52 [INFO]: Epoch 026 - training loss (default): 0.0146, validation loss: 0.0122
2026-06-04 06:16:53 [INFO]: Epoch 027 - training loss (default): 0.0140, validation loss: 0.0116
2026-06-04 06:16:53 [INFO]: Epoch 028 - training loss (default): 0.0139, validation loss: 0.0114
2026-06-04 06:16:54 [INFO]: Epoch 029 - training loss (default): 0.0132, validation loss: 0.0109
2026-06-04 06:16:54 [INFO]: Epoch 030 - training loss (default): 0.0128, validation loss: 0.0104
2026-06-04 06:16:55 [INFO]: Epoch 031 - training loss (default): 0.0121, validation loss: 0.0102
2026-06-04 06:16:55 [INFO]: Epoch 032 - training loss (default): 0.0117, validation loss: 0.0098
2026-06-04 06:16:55 [INFO]: Epoch 033 - training loss (default): 0.0110, validation loss: 0.0095
2026-06-04 06:16:56 [INFO]: Epoch 034 - training loss (default): 0.0108, validation loss: 0.0091
2026-06-04 06:16:56 [INFO]: Epoch 035 - training loss (default): 0.0103, validation loss: 0.0086
2026-06-04 06:16:57 [INFO]: Epoch 036 - training loss (default): 0.0097, validation loss: 0.0084
2026-06-04 06:16:57 [INFO]: Epoch 037 - training loss (default): 0.0098, validation loss: 0.0082
2026-06-04 06:16:58 [INFO]: Epoch 038 - training loss (default): 0.0091, validation loss: 0.0078
2026-06-04 06:16:58 [INFO]: Epoch 039 - training loss (default): 0.0090, validation loss: 0.0075
2026-06-04 06:16:59 [INFO]: Epoch 040 - training loss (default): 0.0087, validation loss: 0.0074
2026-06-04 06:16:59 [INFO]: Epoch 041 - training loss (default): 0.0084, validation loss: 0.0071
2026-06-04 06:16:59 [INFO]: Epoch 042 - training loss (default): 0.0081, validation loss: 0.0069
2026-06-04 06:17:00 [INFO]: Epoch 043 - training loss (default): 0.0077, validation loss: 0.0066
2026-06-04 06:17:00 [INFO]: Epoch 044 - training loss (default): 0.0075, validation loss: 0.0064
2026-06-04 06:17:01 [INFO]: Epoch 045 - training loss (default): 0.0073, validation loss: 0.0062
2026-06-04 06:17:01 [INFO]: Epoch 046 - training loss (default): 0.0070, validation loss: 0.0060
2026-06-04 06:17:02 [INFO]: Epoch 047 - training loss (default): 0.0069, validation loss: 0.0057
2026-06-04 06:17:02 [INFO]: Epoch 048 - training loss (default): 0.0066, validation loss: 0.0056
2026-06-04 06:17:02 [INFO]: Epoch 049 - training loss (default): 0.0061, validation loss: 0.0053
2026-06-04 06:17:03 [INFO]: Epoch 050 - training loss (default): 0.0061, validation loss: 0.0052
2026-06-04 06:17:03 [INFO]: Epoch 051 - training loss (default): 0.0058, validation loss: 0.0049
2026-06-04 06:17:04 [INFO]: Epoch 052 - training loss (default): 0.0054, validation loss: 0.0047
2026-06-04 06:17:04 [INFO]: Epoch 053 - training loss (default): 0.0053, validation loss: 0.0046
2026-06-04 06:17:05 [INFO]: Epoch 054 - training loss (default): 0.0051, validation loss: 0.0044
2026-06-04 06:17:05 [INFO]: Epoch 055 - training loss (default): 0.0050, validation loss: 0.0042
2026-06-04 06:17:06 [INFO]: Epoch 056 - training loss (default): 0.0049, validation loss: 0.0041
2026-06-04 06:17:06 [INFO]: Epoch 057 - training loss (default): 0.0047, validation loss: 0.0039
2026-06-04 06:17:07 [INFO]: Epoch 058 - training loss (default): 0.0045, validation loss: 0.0038
2026-06-04 06:17:07 [INFO]: Epoch 059 - training loss (default): 0.0044, validation loss: 0.0036
2026-06-04 06:17:08 [INFO]: Epoch 060 - training loss (default): 0.0042, validation loss: 0.0035
2026-06-04 06:17:08 [INFO]: Finished training. The best model is from epoch#60.
2026-06-04 06:17:08 [INFO]: Saved the model to output/imputation/cuda/paper_campaign/tslanet/solar/mr0.5/seed123/TSLANet.pypots
[34m
████████╗██╗███╗   ███╗███████╗    ███████╗███████╗██████╗ ██╗███████╗███████╗    █████╗ ██╗
╚══██╔══╝██║████╗ ████║██╔════╝    ██╔════╝██╔════╝██╔══██╗██║██╔════╝██╔════╝   ██╔══██╗██║
   ██║   ██║██╔████╔██║█████╗█████╗███████╗█████╗  ██████╔╝██║█████╗  ███████╗   ███████║██║
   ██║   ██║██║╚██╔╝██║██╔══╝╚════╝╚════██║██╔══╝  ██╔══██╗██║██╔══╝  ╚════██║   ██╔══██║██║
   ██║   ██║██║ ╚═╝ ██║███████╗    ███████║███████╗██║  ██║██║███████╗███████║██╗██║  ██║██║
   ╚═╝   ╚═╝╚═╝     ╚═╝╚══════╝    ╚══════╝╚══════╝╚═╝  ╚═╝╚═╝╚══════╝╚══════╝╚═╝╚═╝  ╚═╝╚═╝
ai4ts v0.0.3 - building AI for unified time-series analysis, https://time-series.ai [0m

Use Train GPT: False
Use Lora: False
Use Profiling: False
🚀 Running imputation pipeline for model: tslanet
✅ Dataset 'solar' with missing rate 0.5 loaded at: /home/Aboya_25R9803/projects/lab/SUN/iPyPOTS/datasets/rate_0.5
🚀 Starting TSLANet training pipeline...
[TSLANet] Testing —— MAE: 0.7777| MSE: 0.7935| RMSE: 0.8908| MRE: 1.0041| 
📊 Metrics saved to: output/imputation/cuda/paper_campaign/tslanet/solar/mr0.5/seed123/metrics/tslanet_metrics.json
