2026-06-04 04:44:49 [INFO]: Have set the random seed as 123 for numpy and pytorch.
2026-06-04 04:44:49 [INFO]: You're using dataset electricity_transformer_temperature, please cite it properly in your work. You can find its reference information at the below link: 
https://github.com/WenjieDu/TSDB/tree/main/dataset_profiles/electricity_transformer_temperature
2026-06-04 04:44:49 [INFO]: Dataset electricity_transformer_temperature has already been downloaded. Processing directly...
2026-06-04 04:44:49 [INFO]: Dataset electricity_transformer_temperature has already been cached. Loading from cache directly...
2026-06-04 04:44:49 [INFO]: Loaded successfully!
2026-06-04 04:44:49 [INFO]: months selected as train set are <PeriodArray>
['2016-07', '2016-08', '2016-09', '2016-10', '2016-11', '2016-12', '2017-01',
 '2017-02', '2017-03', '2017-04', '2017-05', '2017-06', '2017-07', '2017-08']
Length: 14, dtype: period[M]
2026-06-04 04:44:49 [INFO]: months selected as val set are <PeriodArray>
['2017-09', '2017-10', '2017-11', '2017-12', '2018-01']
Length: 5, dtype: period[M]
2026-06-04 04:44:49 [INFO]: months selected as test set are <PeriodArray>
['2018-02', '2018-03', '2018-04', '2018-05', '2018-06']
Length: 5, dtype: period[M]
2026-06-04 04:44:49 [INFO]: Total sample number: 725
2026-06-04 04:44:49 [INFO]: Training set size: 427 (58.90%)
2026-06-04 04:44:49 [INFO]: Validation set size: 153 (21.10%)
2026-06-04 04:44:49 [INFO]: Test set size: 145 (20.00%)
2026-06-04 04:44:49 [INFO]: Number of steps: 96
2026-06-04 04:44:49 [INFO]: Number of features: 7
2026-06-04 04:44:49 [INFO]: Train set missing rate: 9.95%
2026-06-04 04:44:49 [INFO]: Validating set missing rate: 9.96%
2026-06-04 04:44:49 [INFO]: Test set missing rate: 9.91%
2026-06-04 04:44:49 [INFO]: 🔥🔥🔥🔥🔥🔥🔥🔥🔥🔥Using device list: ['cuda:0']
2026-06-04 04:44:49 [INFO]: 🔥🔥🔥🔥🔥🔥🔥🔥🔥🔥Using the given device: cuda:0
2026-06-04 04:44:49 [INFO]: Model files will be saved to output/imputation/cuda/paper_campaign/saits/ettm1/mr0.1/seed123
2026-06-04 04:44:49 [INFO]: Tensorboard file will be saved to output/imputation/cuda/paper_campaign/saits/ettm1/mr0.1/seed123/tensorboard
2026-06-04 04:44:49 [INFO]: Using customized MAE as the training loss function.
2026-06-04 04:44:49 [INFO]: Using customized MSE as the validation metric function.
2026-06-04 04:44:49 [INFO]: SAITS initialized with the given hyperparameters.
 ├─ Total parameters: 136,478
 ├─ Trainable parameters: 136,478
 └─ Trainable ratio: 100.00%
2026-06-04 04:44:49 [INFO]: Model placed on cuda:0
2026-06-04 04:44:50 [INFO]: Epoch 001 - training loss (MAE): 1.6087, validation MSE: 1.0293
2026-06-04 04:44:50 [INFO]: Epoch 002 - training loss (MAE): 1.4896, validation MSE: 0.9382
2026-06-04 04:44:50 [INFO]: Epoch 003 - training loss (MAE): 1.4109, validation MSE: 0.8414
2026-06-04 04:44:50 [INFO]: Epoch 004 - training loss (MAE): 1.3166, validation MSE: 0.7780
2026-06-04 04:44:51 [INFO]: Epoch 005 - training loss (MAE): 1.2293, validation MSE: 0.7418
2026-06-04 04:44:51 [INFO]: Epoch 006 - training loss (MAE): 1.1590, validation MSE: 0.6968
2026-06-04 04:44:51 [INFO]: Epoch 007 - training loss (MAE): 1.1094, validation MSE: 0.6285
2026-06-04 04:44:51 [INFO]: Epoch 008 - training loss (MAE): 1.0701, validation MSE: 0.5619
2026-06-04 04:44:51 [INFO]: Epoch 009 - training loss (MAE): 1.0325, validation MSE: 0.5138
2026-06-04 04:44:51 [INFO]: Epoch 010 - training loss (MAE): 0.9978, validation MSE: 0.4730
2026-06-04 04:44:51 [INFO]: Epoch 011 - training loss (MAE): 0.9584, validation MSE: 0.4348
2026-06-04 04:44:51 [INFO]: Epoch 012 - training loss (MAE): 0.9308, validation MSE: 0.3887
2026-06-04 04:44:51 [INFO]: Epoch 013 - training loss (MAE): 0.9049, validation MSE: 0.3353
2026-06-04 04:44:51 [INFO]: Epoch 014 - training loss (MAE): 0.8830, validation MSE: 0.3042
2026-06-04 04:44:51 [INFO]: Epoch 015 - training loss (MAE): 0.8644, validation MSE: 0.2877
2026-06-04 04:44:52 [INFO]: Epoch 016 - training loss (MAE): 0.8423, validation MSE: 0.2700
2026-06-04 04:44:52 [INFO]: Epoch 017 - training loss (MAE): 0.8284, validation MSE: 0.2561
2026-06-04 04:44:52 [INFO]: Epoch 018 - training loss (MAE): 0.8044, validation MSE: 0.2421
2026-06-04 04:44:52 [INFO]: Epoch 019 - training loss (MAE): 0.7867, validation MSE: 0.2344
2026-06-04 04:44:52 [INFO]: Epoch 020 - training loss (MAE): 0.7708, validation MSE: 0.2294
2026-06-04 04:44:52 [INFO]: Epoch 021 - training loss (MAE): 0.7510, validation MSE: 0.2181
2026-06-04 04:44:52 [INFO]: Epoch 022 - training loss (MAE): 0.7385, validation MSE: 0.2027
2026-06-04 04:44:52 [INFO]: Epoch 023 - training loss (MAE): 0.7264, validation MSE: 0.1876
2026-06-04 04:44:52 [INFO]: Epoch 024 - training loss (MAE): 0.7097, validation MSE: 0.1755
2026-06-04 04:44:52 [INFO]: Epoch 025 - training loss (MAE): 0.6976, validation MSE: 0.1638
2026-06-04 04:44:52 [INFO]: Epoch 026 - training loss (MAE): 0.6881, validation MSE: 0.1573
2026-06-04 04:44:53 [INFO]: Epoch 027 - training loss (MAE): 0.6791, validation MSE: 0.1511
2026-06-04 04:44:53 [INFO]: Epoch 028 - training loss (MAE): 0.6674, validation MSE: 0.1496
2026-06-04 04:44:53 [INFO]: Epoch 029 - training loss (MAE): 0.6602, validation MSE: 0.1421
2026-06-04 04:44:53 [INFO]: Epoch 030 - training loss (MAE): 0.6498, validation MSE: 0.1393
2026-06-04 04:44:53 [INFO]: Epoch 031 - training loss (MAE): 0.6419, validation MSE: 0.1309
2026-06-04 04:44:53 [INFO]: Epoch 032 - training loss (MAE): 0.6283, validation MSE: 0.1269
2026-06-04 04:44:53 [INFO]: Epoch 033 - training loss (MAE): 0.6226, validation MSE: 0.1217
2026-06-04 04:44:53 [INFO]: Epoch 034 - training loss (MAE): 0.6140, validation MSE: 0.1164
2026-06-04 04:44:53 [INFO]: Epoch 035 - training loss (MAE): 0.6025, validation MSE: 0.1157
2026-06-04 04:44:53 [INFO]: Epoch 036 - training loss (MAE): 0.5937, validation MSE: 0.1088
2026-06-04 04:44:53 [INFO]: Epoch 037 - training loss (MAE): 0.5927, validation MSE: 0.1078
2026-06-04 04:44:54 [INFO]: Epoch 038 - training loss (MAE): 0.5810, validation MSE: 0.1016
2026-06-04 04:44:54 [INFO]: Epoch 039 - training loss (MAE): 0.5759, validation MSE: 0.1024
2026-06-04 04:44:54 [INFO]: Epoch 040 - training loss (MAE): 0.5636, validation MSE: 0.0975
2026-06-04 04:44:54 [INFO]: Epoch 041 - training loss (MAE): 0.5580, validation MSE: 0.0951
2026-06-04 04:44:54 [INFO]: Epoch 042 - training loss (MAE): 0.5509, validation MSE: 0.0913
2026-06-04 04:44:54 [INFO]: Epoch 043 - training loss (MAE): 0.5463, validation MSE: 0.0927
2026-06-04 04:44:54 [INFO]: Epoch 044 - training loss (MAE): 0.5430, validation MSE: 0.0872
2026-06-04 04:44:54 [INFO]: Epoch 045 - training loss (MAE): 0.5400, validation MSE: 0.0865
2026-06-04 04:44:54 [INFO]: Epoch 046 - training loss (MAE): 0.5303, validation MSE: 0.0865
2026-06-04 04:44:55 [INFO]: Epoch 047 - training loss (MAE): 0.5210, validation MSE: 0.0818
2026-06-04 04:44:55 [INFO]: Epoch 048 - training loss (MAE): 0.5149, validation MSE: 0.0847
2026-06-04 04:44:55 [INFO]: Epoch 049 - training loss (MAE): 0.5105, validation MSE: 0.0782
2026-06-04 04:44:55 [INFO]: Epoch 050 - training loss (MAE): 0.5079, validation MSE: 0.0771
2026-06-04 04:44:55 [INFO]: Epoch 051 - training loss (MAE): 0.5016, validation MSE: 0.0769
2026-06-04 04:44:55 [INFO]: Epoch 052 - training loss (MAE): 0.4928, validation MSE: 0.0733
2026-06-04 04:44:55 [INFO]: Epoch 053 - training loss (MAE): 0.4879, validation MSE: 0.0750
2026-06-04 04:44:55 [INFO]: Epoch 054 - training loss (MAE): 0.4845, validation MSE: 0.0734
2026-06-04 04:44:55 [INFO]: Epoch 055 - training loss (MAE): 0.4785, validation MSE: 0.0694
2026-06-04 04:44:55 [INFO]: Epoch 056 - training loss (MAE): 0.4756, validation MSE: 0.0705
2026-06-04 04:44:55 [INFO]: Epoch 057 - training loss (MAE): 0.4703, validation MSE: 0.0669
2026-06-04 04:44:56 [INFO]: Epoch 058 - training loss (MAE): 0.4606, validation MSE: 0.0687
2026-06-04 04:44:56 [INFO]: Epoch 059 - training loss (MAE): 0.4608, validation MSE: 0.0667
2026-06-04 04:44:56 [INFO]: Epoch 060 - training loss (MAE): 0.4563, validation MSE: 0.0639
2026-06-04 04:44:56 [INFO]: Finished training. The best model is from epoch#60.
2026-06-04 04:44:56 [INFO]: Saved the model to output/imputation/cuda/paper_campaign/saits/ettm1/mr0.1/seed123/SAITS.pypots
[34m
████████╗██╗███╗   ███╗███████╗    ███████╗███████╗██████╗ ██╗███████╗███████╗    █████╗ ██╗
╚══██╔══╝██║████╗ ████║██╔════╝    ██╔════╝██╔════╝██╔══██╗██║██╔════╝██╔════╝   ██╔══██╗██║
   ██║   ██║██╔████╔██║█████╗█████╗███████╗█████╗  ██████╔╝██║█████╗  ███████╗   ███████║██║
   ██║   ██║██║╚██╔╝██║██╔══╝╚════╝╚════██║██╔══╝  ██╔══██╗██║██╔══╝  ╚════██║   ██╔══██║██║
   ██║   ██║██║ ╚═╝ ██║███████╗    ███████║███████╗██║  ██║██║███████╗███████║██╗██║  ██║██║
   ╚═╝   ╚═╝╚═╝     ╚═╝╚══════╝    ╚══════╝╚══════╝╚═╝  ╚═╝╚═╝╚══════╝╚══════╝╚═╝╚═╝  ╚═╝╚═╝
ai4ts v0.0.3 - building AI for unified time-series analysis, https://time-series.ai [0m

Use Train GPT: False
Use Lora: False
Use Profiling: False
🚀 Running imputation pipeline for model: saits
✅ Dataset 'ettm1' with missing rate 0.1 loaded at: /home/Aboya_25R9803/projects/lab/SUN/iPyPOTS/datasets/rate_0.1
🚀 Starting SAITS training pipeline...
[SAITS] Testing —— MAE: 0.2205| MSE: 0.1086| RMSE: 0.3295| MRE: 0.2611| 
📊 Metrics saved to: output/imputation/cuda/paper_campaign/saits/ettm1/mr0.1/seed123/metrics/saits_metrics.json
