2026-06-04 09:23:58 [INFO]: Have set the random seed as 42 for numpy and pytorch.
2026-06-04 09:23:59 [INFO]: 🔥🔥🔥🔥🔥🔥🔥🔥🔥🔥Using device list: ['cuda:0']
2026-06-04 09:23:59 [INFO]: 🔥🔥🔥🔥🔥🔥🔥🔥🔥🔥Using the given device: cuda:0
2026-06-04 09:24:00 [INFO]: Model files will be saved to output/imputation/cuda/paper_campaign/tefn/citylearn_zone5/mr0.1/seed42
2026-06-04 09:24:00 [INFO]: Tensorboard file will be saved to output/imputation/cuda/paper_campaign/tefn/citylearn_zone5/mr0.1/seed42/tensorboard
2026-06-04 09:24:00 [INFO]: Using customized MAE as the training loss function.
2026-06-04 09:24:00 [INFO]: Using customized MSE as the validation metric function.
2026-06-04 09:24:00 [INFO]: Model placed on cuda:0
2026-06-04 09:24:00 [INFO]: TEFN initialized with the given hyperparameters.
 ├─ Total parameters: 6,836
 ├─ Trainable parameters: 6,836
 └─ Trainable ratio: 100.00%
2026-06-04 09:24:02 [INFO]: Epoch 001 - training loss (MAE): 8.9238, validation MSE: 26.6814
2026-06-04 09:24:04 [INFO]: Epoch 002 - training loss (MAE): 7.3246, validation MSE: 19.5918
2026-06-04 09:24:05 [INFO]: Epoch 003 - training loss (MAE): 6.2496, validation MSE: 15.4228
2026-06-04 09:24:06 [INFO]: Epoch 004 - training loss (MAE): 5.3972, validation MSE: 12.2585
2026-06-04 09:24:08 [INFO]: Epoch 005 - training loss (MAE): 4.6384, validation MSE: 9.6645
2026-06-04 09:24:09 [INFO]: Epoch 006 - training loss (MAE): 3.9592, validation MSE: 7.5964
2026-06-04 09:24:11 [INFO]: Epoch 007 - training loss (MAE): 3.3645, validation MSE: 5.9002
2026-06-04 09:24:12 [INFO]: Epoch 008 - training loss (MAE): 2.8699, validation MSE: 4.6536
2026-06-04 09:24:15 [INFO]: Epoch 009 - training loss (MAE): 2.4854, validation MSE: 3.7477
2026-06-04 09:24:17 [INFO]: Epoch 010 - training loss (MAE): 2.1879, validation MSE: 3.0516
2026-06-04 09:24:19 [INFO]: Epoch 011 - training loss (MAE): 1.9470, validation MSE: 2.5150
2026-06-04 09:24:20 [INFO]: Epoch 012 - training loss (MAE): 1.7447, validation MSE: 2.0991
2026-06-04 09:24:22 [INFO]: Epoch 013 - training loss (MAE): 1.5820, validation MSE: 1.7890
2026-06-04 09:24:23 [INFO]: Epoch 014 - training loss (MAE): 1.4512, validation MSE: 1.5435
2026-06-04 09:24:25 [INFO]: Epoch 015 - training loss (MAE): 1.3447, validation MSE: 1.3612
2026-06-04 09:24:27 [INFO]: Epoch 016 - training loss (MAE): 1.2519, validation MSE: 1.2132
2026-06-04 09:24:29 [INFO]: Epoch 017 - training loss (MAE): 1.1733, validation MSE: 1.0989
2026-06-04 09:24:31 [INFO]: Epoch 018 - training loss (MAE): 1.1078, validation MSE: 1.0114
2026-06-04 09:24:33 [INFO]: Epoch 019 - training loss (MAE): 1.0522, validation MSE: 0.9316
2026-06-04 09:24:34 [INFO]: Epoch 020 - training loss (MAE): 1.0036, validation MSE: 0.8727
2026-06-04 09:24:36 [INFO]: Epoch 021 - training loss (MAE): 0.9628, validation MSE: 0.8235
2026-06-04 09:24:38 [INFO]: Epoch 022 - training loss (MAE): 0.9259, validation MSE: 0.7841
2026-06-04 09:24:39 [INFO]: Epoch 023 - training loss (MAE): 0.8945, validation MSE: 0.7550
2026-06-04 09:24:41 [INFO]: Epoch 024 - training loss (MAE): 0.8676, validation MSE: 0.7237
2026-06-04 09:24:43 [INFO]: Epoch 025 - training loss (MAE): 0.8438, validation MSE: 0.7040
2026-06-04 09:24:45 [INFO]: Epoch 026 - training loss (MAE): 0.8237, validation MSE: 0.6825
2026-06-04 09:24:47 [INFO]: Epoch 027 - training loss (MAE): 0.8059, validation MSE: 0.6722
2026-06-04 09:24:49 [INFO]: Epoch 028 - training loss (MAE): 0.7897, validation MSE: 0.6687
2026-06-04 09:24:51 [INFO]: Epoch 029 - training loss (MAE): 0.7761, validation MSE: 0.6606
2026-06-04 09:24:53 [INFO]: Epoch 030 - training loss (MAE): 0.7643, validation MSE: 0.6605
2026-06-04 09:24:55 [INFO]: Epoch 031 - training loss (MAE): 0.7533, validation MSE: 0.6626
2026-06-04 09:24:57 [INFO]: Epoch 032 - training loss (MAE): 0.7442, validation MSE: 0.6655
2026-06-04 09:24:59 [INFO]: Epoch 033 - training loss (MAE): 0.7357, validation MSE: 0.6786
2026-06-04 09:25:00 [INFO]: Epoch 034 - training loss (MAE): 0.7292, validation MSE: 0.6826
2026-06-04 09:25:02 [INFO]: Epoch 035 - training loss (MAE): 0.7235, validation MSE: 0.6695
2026-06-04 09:25:04 [INFO]: Epoch 036 - training loss (MAE): 0.7179, validation MSE: 0.6806
2026-06-04 09:25:06 [INFO]: Epoch 037 - training loss (MAE): 0.7139, validation MSE: 0.6698
2026-06-04 09:25:08 [INFO]: Epoch 038 - training loss (MAE): 0.7115, validation MSE: 0.6699
2026-06-04 09:25:10 [INFO]: Epoch 039 - training loss (MAE): 0.7081, validation MSE: 0.6706
2026-06-04 09:25:11 [INFO]: Epoch 040 - training loss (MAE): 0.7055, validation MSE: 0.6695
2026-06-04 09:25:13 [INFO]: Epoch 041 - training loss (MAE): 0.7031, validation MSE: 0.6738
2026-06-04 09:25:14 [INFO]: Epoch 042 - training loss (MAE): 0.7022, validation MSE: 0.6733
2026-06-04 09:25:14 [INFO]: Exceeded the training patience. Terminating the training procedure...
2026-06-04 09:25:14 [INFO]: Finished training. The best model is from epoch#30.
2026-06-04 09:25:14 [INFO]: Saved the model to output/imputation/cuda/paper_campaign/tefn/citylearn_zone5/mr0.1/seed42/TEFN.pypots
[34m
████████╗██╗███╗   ███╗███████╗    ███████╗███████╗██████╗ ██╗███████╗███████╗    █████╗ ██╗
╚══██╔══╝██║████╗ ████║██╔════╝    ██╔════╝██╔════╝██╔══██╗██║██╔════╝██╔════╝   ██╔══██╗██║
   ██║   ██║██╔████╔██║█████╗█████╗███████╗█████╗  ██████╔╝██║█████╗  ███████╗   ███████║██║
   ██║   ██║██║╚██╔╝██║██╔══╝╚════╝╚════██║██╔══╝  ██╔══██╗██║██╔══╝  ╚════██║   ██╔══██║██║
   ██║   ██║██║ ╚═╝ ██║███████╗    ███████║███████╗██║  ██║██║███████╗███████║██╗██║  ██║██║
   ╚═╝   ╚═╝╚═╝     ╚═╝╚══════╝    ╚══════╝╚══════╝╚═╝  ╚═╝╚═╝╚══════╝╚══════╝╚═╝╚═╝  ╚═╝╚═╝
ai4ts v0.0.3 - building AI for unified time-series analysis, https://time-series.ai [0m

Use Train GPT: False
Use Lora: False
Use Profiling: False
🚀 Running imputation pipeline for model: tefn
✅ Dataset 'citylearn_zone5' with missing rate 0.1 loaded at: /home/Aboya_25R9803/projects/lab/SUN/iPyPOTS/datasets/rate_0.1
🚀 Starting TEFN training pipeline...
[TEFN] Testing —— MAE: 0.4759| MSE: 0.4710| RMSE: 0.6863| MRE: 0.5851| 
📊 Metrics saved to: output/imputation/cuda/paper_campaign/tefn/citylearn_zone5/mr0.1/seed42/metrics/tefn_metrics.json
