2026-06-04 08:49:10 [INFO]: Have set the random seed as 42 for numpy and pytorch.
2026-06-04 08:49:11 [INFO]: 🔥🔥🔥🔥🔥🔥🔥🔥🔥🔥Using device list: ['cuda:0']
2026-06-04 08:49:11 [INFO]: 🔥🔥🔥🔥🔥🔥🔥🔥🔥🔥Using the given device: cuda:0
2026-06-04 08:49:11 [INFO]: Model files will be saved to output/imputation/cuda/paper_campaign/saits/citylearn_zone5/mr0.1/seed42
2026-06-04 08:49:11 [INFO]: Tensorboard file will be saved to output/imputation/cuda/paper_campaign/saits/citylearn_zone5/mr0.1/seed42/tensorboard
2026-06-04 08:49:11 [INFO]: Using customized MAE as the training loss function.
2026-06-04 08:49:11 [INFO]: Using customized MSE as the validation metric function.
2026-06-04 08:49:11 [INFO]: SAITS initialized with the given hyperparameters.
 ├─ Total parameters: 144,912
 ├─ Trainable parameters: 144,912
 └─ Trainable ratio: 100.00%
2026-06-04 08:49:12 [INFO]: Model placed on cuda:0
2026-06-04 08:49:16 [INFO]: Epoch 001 - training loss (MAE): 1.3810, validation MSE: 0.5865
2026-06-04 08:49:19 [INFO]: Epoch 002 - training loss (MAE): 0.9800, validation MSE: 0.4627
2026-06-04 08:49:22 [INFO]: Epoch 003 - training loss (MAE): 0.8083, validation MSE: 0.3685
2026-06-04 08:49:26 [INFO]: Epoch 004 - training loss (MAE): 0.7040, validation MSE: 0.3034
2026-06-04 08:49:30 [INFO]: Epoch 005 - training loss (MAE): 0.6345, validation MSE: 0.2582
2026-06-04 08:49:33 [INFO]: Epoch 006 - training loss (MAE): 0.5850, validation MSE: 0.2283
2026-06-04 08:49:36 [INFO]: Epoch 007 - training loss (MAE): 0.5473, validation MSE: 0.2005
2026-06-04 08:49:39 [INFO]: Epoch 008 - training loss (MAE): 0.5129, validation MSE: 0.1741
2026-06-04 08:49:42 [INFO]: Epoch 009 - training loss (MAE): 0.4832, validation MSE: 0.1549
2026-06-04 08:49:45 [INFO]: Epoch 010 - training loss (MAE): 0.4576, validation MSE: 0.1388
2026-06-04 08:49:48 [INFO]: Epoch 011 - training loss (MAE): 0.4354, validation MSE: 0.1262
2026-06-04 08:49:51 [INFO]: Epoch 012 - training loss (MAE): 0.4177, validation MSE: 0.1144
2026-06-04 08:49:53 [INFO]: Epoch 013 - training loss (MAE): 0.4018, validation MSE: 0.1051
2026-06-04 08:49:57 [INFO]: Epoch 014 - training loss (MAE): 0.3877, validation MSE: 0.0966
2026-06-04 08:49:59 [INFO]: Epoch 015 - training loss (MAE): 0.3758, validation MSE: 0.0896
2026-06-04 08:50:02 [INFO]: Epoch 016 - training loss (MAE): 0.3639, validation MSE: 0.0845
2026-06-04 08:50:05 [INFO]: Epoch 017 - training loss (MAE): 0.3538, validation MSE: 0.0793
2026-06-04 08:50:09 [INFO]: Epoch 018 - training loss (MAE): 0.3453, validation MSE: 0.0754
2026-06-04 08:50:12 [INFO]: Epoch 019 - training loss (MAE): 0.3378, validation MSE: 0.0727
2026-06-04 08:50:15 [INFO]: Epoch 020 - training loss (MAE): 0.3301, validation MSE: 0.0701
2026-06-04 08:50:19 [INFO]: Epoch 021 - training loss (MAE): 0.3227, validation MSE: 0.0670
2026-06-04 08:50:22 [INFO]: Epoch 022 - training loss (MAE): 0.3171, validation MSE: 0.0656
2026-06-04 08:50:25 [INFO]: Epoch 023 - training loss (MAE): 0.3116, validation MSE: 0.0636
2026-06-04 08:50:28 [INFO]: Epoch 024 - training loss (MAE): 0.3062, validation MSE: 0.0614
2026-06-04 08:50:31 [INFO]: Epoch 025 - training loss (MAE): 0.3014, validation MSE: 0.0606
2026-06-04 08:50:34 [INFO]: Epoch 026 - training loss (MAE): 0.2985, validation MSE: 0.0591
2026-06-04 08:50:37 [INFO]: Epoch 027 - training loss (MAE): 0.2948, validation MSE: 0.0576
2026-06-04 08:50:40 [INFO]: Epoch 028 - training loss (MAE): 0.2892, validation MSE: 0.0564
2026-06-04 08:50:43 [INFO]: Epoch 029 - training loss (MAE): 0.2855, validation MSE: 0.0553
2026-06-04 08:50:46 [INFO]: Epoch 030 - training loss (MAE): 0.2833, validation MSE: 0.0544
2026-06-04 08:50:48 [INFO]: Epoch 031 - training loss (MAE): 0.2803, validation MSE: 0.0530
2026-06-04 08:50:51 [INFO]: Epoch 032 - training loss (MAE): 0.2767, validation MSE: 0.0524
2026-06-04 08:50:54 [INFO]: Epoch 033 - training loss (MAE): 0.2738, validation MSE: 0.0516
2026-06-04 08:50:57 [INFO]: Epoch 034 - training loss (MAE): 0.2713, validation MSE: 0.0505
2026-06-04 08:51:00 [INFO]: Epoch 035 - training loss (MAE): 0.2697, validation MSE: 0.0502
2026-06-04 08:51:03 [INFO]: Epoch 036 - training loss (MAE): 0.2666, validation MSE: 0.0500
2026-06-04 08:51:07 [INFO]: Epoch 037 - training loss (MAE): 0.2643, validation MSE: 0.0489
2026-06-04 08:51:10 [INFO]: Epoch 038 - training loss (MAE): 0.2630, validation MSE: 0.0485
2026-06-04 08:51:14 [INFO]: Epoch 039 - training loss (MAE): 0.2610, validation MSE: 0.0480
2026-06-04 08:51:17 [INFO]: Epoch 040 - training loss (MAE): 0.2586, validation MSE: 0.0483
2026-06-04 08:51:20 [INFO]: Epoch 041 - training loss (MAE): 0.2572, validation MSE: 0.0476
2026-06-04 08:51:24 [INFO]: Epoch 042 - training loss (MAE): 0.2561, validation MSE: 0.0466
2026-06-04 08:51:27 [INFO]: Epoch 043 - training loss (MAE): 0.2530, validation MSE: 0.0463
2026-06-04 08:51:30 [INFO]: Epoch 044 - training loss (MAE): 0.2514, validation MSE: 0.0464
2026-06-04 08:51:34 [INFO]: Epoch 045 - training loss (MAE): 0.2499, validation MSE: 0.0459
2026-06-04 08:51:37 [INFO]: Epoch 046 - training loss (MAE): 0.2484, validation MSE: 0.0458
2026-06-04 08:51:41 [INFO]: Epoch 047 - training loss (MAE): 0.2476, validation MSE: 0.0454
2026-06-04 08:51:44 [INFO]: Epoch 048 - training loss (MAE): 0.2451, validation MSE: 0.0446
2026-06-04 08:51:48 [INFO]: Epoch 049 - training loss (MAE): 0.2440, validation MSE: 0.0451
2026-06-04 08:51:51 [INFO]: Epoch 050 - training loss (MAE): 0.2421, validation MSE: 0.0443
2026-06-04 08:51:54 [INFO]: Epoch 051 - training loss (MAE): 0.2414, validation MSE: 0.0437
2026-06-04 08:51:58 [INFO]: Epoch 052 - training loss (MAE): 0.2407, validation MSE: 0.0436
2026-06-04 08:52:01 [INFO]: Epoch 053 - training loss (MAE): 0.2385, validation MSE: 0.0442
2026-06-04 08:52:04 [INFO]: Epoch 054 - training loss (MAE): 0.2376, validation MSE: 0.0432
2026-06-04 08:52:07 [INFO]: Epoch 055 - training loss (MAE): 0.2362, validation MSE: 0.0432
2026-06-04 08:52:10 [INFO]: Epoch 056 - training loss (MAE): 0.2351, validation MSE: 0.0426
2026-06-04 08:52:13 [INFO]: Epoch 057 - training loss (MAE): 0.2334, validation MSE: 0.0427
2026-06-04 08:52:16 [INFO]: Epoch 058 - training loss (MAE): 0.2339, validation MSE: 0.0424
2026-06-04 08:52:19 [INFO]: Epoch 059 - training loss (MAE): 0.2324, validation MSE: 0.0419
2026-06-04 08:52:22 [INFO]: Epoch 060 - training loss (MAE): 0.2308, validation MSE: 0.0419
2026-06-04 08:52:22 [INFO]: Finished training. The best model is from epoch#60.
2026-06-04 08:52:22 [INFO]: Saved the model to output/imputation/cuda/paper_campaign/saits/citylearn_zone5/mr0.1/seed42/SAITS.pypots
[34m
████████╗██╗███╗   ███╗███████╗    ███████╗███████╗██████╗ ██╗███████╗███████╗    █████╗ ██╗
╚══██╔══╝██║████╗ ████║██╔════╝    ██╔════╝██╔════╝██╔══██╗██║██╔════╝██╔════╝   ██╔══██╗██║
   ██║   ██║██╔████╔██║█████╗█████╗███████╗█████╗  ██████╔╝██║█████╗  ███████╗   ███████║██║
   ██║   ██║██║╚██╔╝██║██╔══╝╚════╝╚════██║██╔══╝  ██╔══██╗██║██╔══╝  ╚════██║   ██╔══██║██║
   ██║   ██║██║ ╚═╝ ██║███████╗    ███████║███████╗██║  ██║██║███████╗███████║██╗██║  ██║██║
   ╚═╝   ╚═╝╚═╝     ╚═╝╚══════╝    ╚══════╝╚══════╝╚═╝  ╚═╝╚═╝╚══════╝╚══════╝╚═╝╚═╝  ╚═╝╚═╝
ai4ts v0.0.3 - building AI for unified time-series analysis, https://time-series.ai [0m

Use Train GPT: False
Use Lora: False
Use Profiling: False
🚀 Running imputation pipeline for model: saits
✅ Dataset 'citylearn_zone5' with missing rate 0.1 loaded at: /home/Aboya_25R9803/projects/lab/SUN/iPyPOTS/datasets/rate_0.1
🚀 Starting SAITS training pipeline...
[SAITS] Testing —— MAE: 0.0967| MSE: 0.0333| RMSE: 0.1824| MRE: 0.1188| 
📊 Metrics saved to: output/imputation/cuda/paper_campaign/saits/citylearn_zone5/mr0.1/seed42/metrics/saits_metrics.json
