2026-06-04 05:39:41 [INFO]: Have set the random seed as 123 for numpy and pytorch.
2026-06-04 05:39:49 [INFO]: 🔥🔥🔥🔥🔥🔥🔥🔥🔥🔥Using device list: ['cuda:0']
2026-06-04 05:39:49 [INFO]: 🔥🔥🔥🔥🔥🔥🔥🔥🔥🔥Using the given device: cuda:0
2026-06-04 05:39:50 [INFO]: Model files will be saved to output/imputation/cuda/paper_campaign/tslanet/household_power/mr0.3/seed123
2026-06-04 05:39:50 [INFO]: Tensorboard file will be saved to output/imputation/cuda/paper_campaign/tslanet/household_power/mr0.3/seed123/tensorboard
2026-06-04 05:39:50 [INFO]: Model placed on cuda:0
2026-06-04 05:39:50 [INFO]: TSLANet initialized with the given hyperparameters.
 ├─ Total parameters: 416,106
 ├─ Trainable parameters: 416,106
 └─ Trainable ratio: 100.00%
2026-06-04 05:39:52 [INFO]: Epoch 001 - training loss (default): 0.1672, validation loss: 0.0810
2026-06-04 05:39:53 [INFO]: Epoch 002 - training loss (default): 0.0647, validation loss: 0.0433
2026-06-04 05:39:55 [INFO]: Epoch 003 - training loss (default): 0.0407, validation loss: 0.0315
2026-06-04 05:39:56 [INFO]: Epoch 004 - training loss (default): 0.0302, validation loss: 0.0243
2026-06-04 05:39:58 [INFO]: Epoch 005 - training loss (default): 0.0239, validation loss: 0.0211
2026-06-04 05:39:59 [INFO]: Epoch 006 - training loss (default): 0.0200, validation loss: 0.0181
2026-06-04 05:40:01 [INFO]: Epoch 007 - training loss (default): 0.0165, validation loss: 0.0157
2026-06-04 05:40:02 [INFO]: Epoch 008 - training loss (default): 0.0139, validation loss: 0.0138
2026-06-04 05:40:03 [INFO]: Epoch 009 - training loss (default): 0.0121, validation loss: 0.0120
2026-06-04 05:40:05 [INFO]: Epoch 010 - training loss (default): 0.0105, validation loss: 0.0104
2026-06-04 05:40:06 [INFO]: Epoch 011 - training loss (default): 0.0091, validation loss: 0.0091
2026-06-04 05:40:08 [INFO]: Epoch 012 - training loss (default): 0.0081, validation loss: 0.0082
2026-06-04 05:40:09 [INFO]: Epoch 013 - training loss (default): 0.0069, validation loss: 0.0072
2026-06-04 05:40:11 [INFO]: Epoch 014 - training loss (default): 0.0062, validation loss: 0.0066
2026-06-04 05:40:12 [INFO]: Epoch 015 - training loss (default): 0.0054, validation loss: 0.0058
2026-06-04 05:40:13 [INFO]: Epoch 016 - training loss (default): 0.0048, validation loss: 0.0051
2026-06-04 05:40:15 [INFO]: Epoch 017 - training loss (default): 0.0041, validation loss: 0.0047
2026-06-04 05:40:16 [INFO]: Epoch 018 - training loss (default): 0.0037, validation loss: 0.0041
2026-06-04 05:40:17 [INFO]: Epoch 019 - training loss (default): 0.0033, validation loss: 0.0039
2026-06-04 05:40:19 [INFO]: Epoch 020 - training loss (default): 0.0029, validation loss: 0.0034
2026-06-04 05:40:20 [INFO]: Epoch 021 - training loss (default): 0.0026, validation loss: 0.0030
2026-06-04 05:40:22 [INFO]: Epoch 022 - training loss (default): 0.0023, validation loss: 0.0027
2026-06-04 05:40:23 [INFO]: Epoch 023 - training loss (default): 0.0020, validation loss: 0.0024
2026-06-04 05:40:25 [INFO]: Epoch 024 - training loss (default): 0.0018, validation loss: 0.0022
2026-06-04 05:40:26 [INFO]: Epoch 025 - training loss (default): 0.0016, validation loss: 0.0019
2026-06-04 05:40:28 [INFO]: Epoch 026 - training loss (default): 0.0014, validation loss: 0.0017
2026-06-04 05:40:29 [INFO]: Epoch 027 - training loss (default): 0.0013, validation loss: 0.0015
2026-06-04 05:40:30 [INFO]: Epoch 028 - training loss (default): 0.0011, validation loss: 0.0014
2026-06-04 05:40:31 [INFO]: Epoch 029 - training loss (default): 0.0010, validation loss: 0.0012
2026-06-04 05:40:33 [INFO]: Epoch 030 - training loss (default): 0.0009, validation loss: 0.0011
2026-06-04 05:40:34 [INFO]: Epoch 031 - training loss (default): 0.0008, validation loss: 0.0010
2026-06-04 05:40:36 [INFO]: Epoch 032 - training loss (default): 0.0007, validation loss: 0.0009
2026-06-04 05:40:37 [INFO]: Epoch 033 - training loss (default): 0.0007, validation loss: 0.0008
2026-06-04 05:40:39 [INFO]: Epoch 034 - training loss (default): 0.0006, validation loss: 0.0007
2026-06-04 05:40:40 [INFO]: Epoch 035 - training loss (default): 0.0005, validation loss: 0.0007
2026-06-04 05:40:42 [INFO]: Epoch 036 - training loss (default): 0.0005, validation loss: 0.0006
2026-06-04 05:40:43 [INFO]: Epoch 037 - training loss (default): 0.0004, validation loss: 0.0005
2026-06-04 05:40:45 [INFO]: Epoch 038 - training loss (default): 0.0004, validation loss: 0.0005
2026-06-04 05:40:46 [INFO]: Epoch 039 - training loss (default): 0.0003, validation loss: 0.0004
2026-06-04 05:40:48 [INFO]: Epoch 040 - training loss (default): 0.0003, validation loss: 0.0004
2026-06-04 05:40:50 [INFO]: Epoch 041 - training loss (default): 0.0003, validation loss: 0.0003
2026-06-04 05:40:51 [INFO]: Epoch 042 - training loss (default): 0.0002, validation loss: 0.0003
2026-06-04 05:40:53 [INFO]: Epoch 043 - training loss (default): 0.0002, validation loss: 0.0003
2026-06-04 05:40:54 [INFO]: Epoch 044 - training loss (default): 0.0002, validation loss: 0.0003
2026-06-04 05:40:56 [INFO]: Epoch 045 - training loss (default): 0.0002, validation loss: 0.0002
2026-06-04 05:40:57 [INFO]: Epoch 046 - training loss (default): 0.0002, validation loss: 0.0002
2026-06-04 05:40:59 [INFO]: Epoch 047 - training loss (default): 0.0001, validation loss: 0.0002
2026-06-04 05:41:01 [INFO]: Epoch 048 - training loss (default): 0.0001, validation loss: 0.0002
2026-06-04 05:41:02 [INFO]: Epoch 049 - training loss (default): 0.0001, validation loss: 0.0002
2026-06-04 05:41:04 [INFO]: Epoch 050 - training loss (default): 0.0001, validation loss: 0.0001
2026-06-04 05:41:05 [INFO]: Epoch 051 - training loss (default): 0.0001, validation loss: 0.0001
2026-06-04 05:41:07 [INFO]: Epoch 052 - training loss (default): 0.0001, validation loss: 0.0001
2026-06-04 05:41:09 [INFO]: Epoch 053 - training loss (default): 0.0001, validation loss: 0.0001
2026-06-04 05:41:10 [INFO]: Epoch 054 - training loss (default): 0.0001, validation loss: 0.0001
2026-06-04 05:41:12 [INFO]: Epoch 055 - training loss (default): 0.0001, validation loss: 0.0001
2026-06-04 05:41:14 [INFO]: Epoch 056 - training loss (default): 0.0001, validation loss: 0.0001
2026-06-04 05:41:15 [INFO]: Epoch 057 - training loss (default): 0.0001, validation loss: 0.0001
2026-06-04 05:41:17 [INFO]: Epoch 058 - training loss (default): 0.0001, validation loss: 0.0001
2026-06-04 05:41:18 [INFO]: Epoch 059 - training loss (default): 0.0000, validation loss: 0.0001
2026-06-04 05:41:20 [INFO]: Epoch 060 - training loss (default): 0.0000, validation loss: 0.0001
2026-06-04 05:41:20 [INFO]: Finished training. The best model is from epoch#60.
2026-06-04 05:41:20 [INFO]: Saved the model to output/imputation/cuda/paper_campaign/tslanet/household_power/mr0.3/seed123/TSLANet.pypots
[34m
████████╗██╗███╗   ███╗███████╗    ███████╗███████╗██████╗ ██╗███████╗███████╗    █████╗ ██╗
╚══██╔══╝██║████╗ ████║██╔════╝    ██╔════╝██╔════╝██╔══██╗██║██╔════╝██╔════╝   ██╔══██╗██║
   ██║   ██║██╔████╔██║█████╗█████╗███████╗█████╗  ██████╔╝██║█████╗  ███████╗   ███████║██║
   ██║   ██║██║╚██╔╝██║██╔══╝╚════╝╚════██║██╔══╝  ██╔══██╗██║██╔══╝  ╚════██║   ██╔══██║██║
   ██║   ██║██║ ╚═╝ ██║███████╗    ███████║███████╗██║  ██║██║███████╗███████║██╗██║  ██║██║
   ╚═╝   ╚═╝╚═╝     ╚═╝╚══════╝    ╚══════╝╚══════╝╚═╝  ╚═╝╚═╝╚══════╝╚══════╝╚═╝╚═╝  ╚═╝╚═╝
ai4ts v0.0.3 - building AI for unified time-series analysis, https://time-series.ai [0m

Use Train GPT: False
Use Lora: False
Use Profiling: False
🚀 Running imputation pipeline for model: tslanet
✅ Dataset 'household_power' with missing rate 0.3 loaded at: /home/Aboya_25R9803/projects/lab/SUN/iPyPOTS/datasets/rate_0.3
🚀 Starting TSLANet training pipeline...
[TSLANet] Testing —— MAE: 0.7304| MSE: 0.8605| RMSE: 0.9276| MRE: 1.0066| 
📊 Metrics saved to: output/imputation/cuda/paper_campaign/tslanet/household_power/mr0.3/seed123/metrics/tslanet_metrics.json
