2026-06-04 05:18:03 [INFO]: Have set the random seed as 42 for numpy and pytorch.
2026-06-04 05:18:13 [INFO]: 🔥🔥🔥🔥🔥🔥🔥🔥🔥🔥Using device list: ['cuda:0']
2026-06-04 05:18:13 [INFO]: 🔥🔥🔥🔥🔥🔥🔥🔥🔥🔥Using the given device: cuda:0
2026-06-04 05:18:13 [INFO]: Model files will be saved to output/imputation/cuda/paper_campaign/tefn/household_power/mr0.3/seed42
2026-06-04 05:18:13 [INFO]: Tensorboard file will be saved to output/imputation/cuda/paper_campaign/tefn/household_power/mr0.3/seed42/tensorboard
2026-06-04 05:18:13 [INFO]: Using customized MAE as the training loss function.
2026-06-04 05:18:13 [INFO]: Using customized MSE as the validation metric function.
2026-06-04 05:18:14 [INFO]: Model placed on cuda:0
2026-06-04 05:18:14 [INFO]: TEFN initialized with the given hyperparameters.
 ├─ Total parameters: 5,981
 ├─ Trainable parameters: 5,981
 └─ Trainable ratio: 100.00%
2026-06-04 05:18:16 [INFO]: Epoch 001 - training loss (MAE): 8.5186, validation MSE: 24.2524
2026-06-04 05:18:17 [INFO]: Epoch 002 - training loss (MAE): 7.1805, validation MSE: 18.6567
2026-06-04 05:18:18 [INFO]: Epoch 003 - training loss (MAE): 6.1319, validation MSE: 14.5770
2026-06-04 05:18:19 [INFO]: Epoch 004 - training loss (MAE): 5.2756, validation MSE: 11.5516
2026-06-04 05:18:21 [INFO]: Epoch 005 - training loss (MAE): 4.5694, validation MSE: 9.3225
2026-06-04 05:18:22 [INFO]: Epoch 006 - training loss (MAE): 3.9779, validation MSE: 7.6258
2026-06-04 05:18:23 [INFO]: Epoch 007 - training loss (MAE): 3.4696, validation MSE: 6.2831
2026-06-04 05:18:24 [INFO]: Epoch 008 - training loss (MAE): 3.0182, validation MSE: 5.1863
2026-06-04 05:18:25 [INFO]: Epoch 009 - training loss (MAE): 2.6138, validation MSE: 4.2838
2026-06-04 05:18:27 [INFO]: Epoch 010 - training loss (MAE): 2.2667, validation MSE: 3.5567
2026-06-04 05:18:28 [INFO]: Epoch 011 - training loss (MAE): 1.9882, validation MSE: 2.9760
2026-06-04 05:18:29 [INFO]: Epoch 012 - training loss (MAE): 1.7678, validation MSE: 2.5168
2026-06-04 05:18:31 [INFO]: Epoch 013 - training loss (MAE): 1.5833, validation MSE: 2.1532
2026-06-04 05:18:32 [INFO]: Epoch 014 - training loss (MAE): 1.4283, validation MSE: 1.8703
2026-06-04 05:18:33 [INFO]: Epoch 015 - training loss (MAE): 1.2965, validation MSE: 1.6535
2026-06-04 05:18:34 [INFO]: Epoch 016 - training loss (MAE): 1.1853, validation MSE: 1.4941
2026-06-04 05:18:35 [INFO]: Epoch 017 - training loss (MAE): 1.0943, validation MSE: 1.3739
2026-06-04 05:18:37 [INFO]: Epoch 018 - training loss (MAE): 1.0214, validation MSE: 1.2935
2026-06-04 05:18:38 [INFO]: Epoch 019 - training loss (MAE): 0.9670, validation MSE: 1.2396
2026-06-04 05:18:40 [INFO]: Epoch 020 - training loss (MAE): 0.9258, validation MSE: 1.1967
2026-06-04 05:18:42 [INFO]: Epoch 021 - training loss (MAE): 0.8911, validation MSE: 1.1682
2026-06-04 05:18:44 [INFO]: Epoch 022 - training loss (MAE): 0.8622, validation MSE: 1.1456
2026-06-04 05:18:46 [INFO]: Epoch 023 - training loss (MAE): 0.8374, validation MSE: 1.1223
2026-06-04 05:18:48 [INFO]: Epoch 024 - training loss (MAE): 0.8129, validation MSE: 1.1111
2026-06-04 05:18:50 [INFO]: Epoch 025 - training loss (MAE): 0.7894, validation MSE: 1.0952
2026-06-04 05:18:51 [INFO]: Epoch 026 - training loss (MAE): 0.7690, validation MSE: 1.0919
2026-06-04 05:18:53 [INFO]: Epoch 027 - training loss (MAE): 0.7551, validation MSE: 1.0869
2026-06-04 05:18:54 [INFO]: Epoch 028 - training loss (MAE): 0.7429, validation MSE: 1.0845
2026-06-04 05:18:56 [INFO]: Epoch 029 - training loss (MAE): 0.7320, validation MSE: 1.0778
2026-06-04 05:18:58 [INFO]: Epoch 030 - training loss (MAE): 0.7239, validation MSE: 1.0705
2026-06-04 05:18:59 [INFO]: Epoch 031 - training loss (MAE): 0.7154, validation MSE: 1.0686
2026-06-04 05:19:00 [INFO]: Epoch 032 - training loss (MAE): 0.7067, validation MSE: 1.0688
2026-06-04 05:19:02 [INFO]: Epoch 033 - training loss (MAE): 0.7002, validation MSE: 1.0639
2026-06-04 05:19:03 [INFO]: Epoch 034 - training loss (MAE): 0.6930, validation MSE: 1.0606
2026-06-04 05:19:05 [INFO]: Epoch 035 - training loss (MAE): 0.6874, validation MSE: 1.0572
2026-06-04 05:19:07 [INFO]: Epoch 036 - training loss (MAE): 0.6822, validation MSE: 1.0583
2026-06-04 05:19:08 [INFO]: Epoch 037 - training loss (MAE): 0.6782, validation MSE: 1.0570
2026-06-04 05:19:10 [INFO]: Epoch 038 - training loss (MAE): 0.6770, validation MSE: 1.0548
2026-06-04 05:19:11 [INFO]: Epoch 039 - training loss (MAE): 0.6725, validation MSE: 1.0548
2026-06-04 05:19:13 [INFO]: Epoch 040 - training loss (MAE): 0.6703, validation MSE: 1.0556
2026-06-04 05:19:14 [INFO]: Epoch 041 - training loss (MAE): 0.6695, validation MSE: 1.0500
2026-06-04 05:19:16 [INFO]: Epoch 042 - training loss (MAE): 0.6670, validation MSE: 1.0521
2026-06-04 05:19:17 [INFO]: Epoch 043 - training loss (MAE): 0.6645, validation MSE: 1.0490
2026-06-04 05:19:19 [INFO]: Epoch 044 - training loss (MAE): 0.6621, validation MSE: 1.0458
2026-06-04 05:19:21 [INFO]: Epoch 045 - training loss (MAE): 0.6601, validation MSE: 1.0533
2026-06-04 05:19:22 [INFO]: Epoch 046 - training loss (MAE): 0.6595, validation MSE: 1.0471
2026-06-04 05:19:24 [INFO]: Epoch 047 - training loss (MAE): 0.6584, validation MSE: 1.0476
2026-06-04 05:19:26 [INFO]: Epoch 048 - training loss (MAE): 0.6569, validation MSE: 1.0470
2026-06-04 05:19:27 [INFO]: Epoch 049 - training loss (MAE): 0.6567, validation MSE: 1.0455
2026-06-04 05:19:28 [INFO]: Epoch 050 - training loss (MAE): 0.6543, validation MSE: 1.0468
2026-06-04 05:19:29 [INFO]: Epoch 051 - training loss (MAE): 0.6540, validation MSE: 1.0488
2026-06-04 05:19:31 [INFO]: Epoch 052 - training loss (MAE): 0.6540, validation MSE: 1.0490
2026-06-04 05:19:33 [INFO]: Epoch 053 - training loss (MAE): 0.6516, validation MSE: 1.0446
2026-06-04 05:19:36 [INFO]: Epoch 054 - training loss (MAE): 0.6503, validation MSE: 1.0458
2026-06-04 05:19:37 [INFO]: Epoch 055 - training loss (MAE): 0.6485, validation MSE: 1.0456
2026-06-04 05:19:38 [INFO]: Epoch 056 - training loss (MAE): 0.6484, validation MSE: 1.0439
2026-06-04 05:19:40 [INFO]: Epoch 057 - training loss (MAE): 0.6480, validation MSE: 1.0464
2026-06-04 05:19:41 [INFO]: Epoch 058 - training loss (MAE): 0.6471, validation MSE: 1.0450
2026-06-04 05:19:42 [INFO]: Epoch 059 - training loss (MAE): 0.6476, validation MSE: 1.0481
2026-06-04 05:19:44 [INFO]: Epoch 060 - training loss (MAE): 0.6464, validation MSE: 1.0461
2026-06-04 05:19:44 [INFO]: Finished training. The best model is from epoch#56.
2026-06-04 05:19:44 [INFO]: Saved the model to output/imputation/cuda/paper_campaign/tefn/household_power/mr0.3/seed42/TEFN.pypots
[34m
████████╗██╗███╗   ███╗███████╗    ███████╗███████╗██████╗ ██╗███████╗███████╗    █████╗ ██╗
╚══██╔══╝██║████╗ ████║██╔════╝    ██╔════╝██╔════╝██╔══██╗██║██╔════╝██╔════╝   ██╔══██╗██║
   ██║   ██║██╔████╔██║█████╗█████╗███████╗█████╗  ██████╔╝██║█████╗  ███████╗   ███████║██║
   ██║   ██║██║╚██╔╝██║██╔══╝╚════╝╚════██║██╔══╝  ██╔══██╗██║██╔══╝  ╚════██║   ██╔══██║██║
   ██║   ██║██║ ╚═╝ ██║███████╗    ███████║███████╗██║  ██║██║███████╗███████║██╗██║  ██║██║
   ╚═╝   ╚═╝╚═╝     ╚═╝╚══════╝    ╚══════╝╚══════╝╚═╝  ╚═╝╚═╝╚══════╝╚══════╝╚═╝╚═╝  ╚═╝╚═╝
ai4ts v0.0.3 - building AI for unified time-series analysis, https://time-series.ai [0m

Use Train GPT: False
Use Lora: False
Use Profiling: False
🚀 Running imputation pipeline for model: tefn
✅ Dataset 'household_power' with missing rate 0.3 loaded at: /home/Aboya_25R9803/projects/lab/SUN/iPyPOTS/datasets/rate_0.3
🚀 Starting TEFN training pipeline...
[TEFN] Testing —— MAE: 0.5846| MSE: 0.8037| RMSE: 0.8965| MRE: 0.8053| 
📊 Metrics saved to: output/imputation/cuda/paper_campaign/tefn/household_power/mr0.3/seed42/metrics/tefn_metrics.json
