[34m
████████╗██╗███╗   ███╗███████╗    ███████╗███████╗██████╗ ██╗███████╗███████╗    █████╗ ██╗
╚══██╔══╝██║████╗ ████║██╔════╝    ██╔════╝██╔════╝██╔══██╗██║██╔════╝██╔════╝   ██╔══██╗██║
   ██║   ██║██╔████╔██║█████╗█████╗███████╗█████╗  ██████╔╝██║█████╗  ███████╗   ███████║██║
   ██║   ██║██║╚██╔╝██║██╔══╝╚════╝╚════██║██╔══╝  ██╔══██╗██║██╔══╝  ╚════██║   ██╔══██║██║
   ██║   ██║██║ ╚═╝ ██║███████╗    ███████║███████╗██║  ██║██║███████╗███████║██╗██║  ██║██║
   ╚═╝   ╚═╝╚═╝     ╚═╝╚══════╝    ╚══════╝╚══════╝╚═╝  ╚═╝╚═╝╚══════╝╚══════╝╚═╝╚═╝  ╚═╝╚═╝
ai4ts v0.0.3 - building AI for unified time-series analysis, https://time-series.ai [0m

Use Train GPT: False
Use Lora: False
Use Profiling: False
2026-06-04 13:19:11 [INFO]: Have set the random seed as 456 for numpy and pytorch.
🚀 Running imputation pipeline for model: tslanet
2026-06-04 13:19:11 [INFO]: You're using dataset electricity_transformer_temperature, please cite it properly in your work. You can find its reference information at the below link: 
https://github.com/WenjieDu/TSDB/tree/main/dataset_profiles/electricity_transformer_temperature
2026-06-04 13:19:11 [INFO]: Dataset electricity_transformer_temperature has already been downloaded. Processing directly...
2026-06-04 13:19:11 [INFO]: Dataset electricity_transformer_temperature has already been cached. Loading from cache directly...
2026-06-04 13:19:11 [INFO]: Loaded successfully!
2026-06-04 13:19:11 [INFO]: months selected as train set are <PeriodArray>
['2016-07', '2016-08', '2016-09', '2016-10', '2016-11', '2016-12', '2017-01',
 '2017-02', '2017-03', '2017-04', '2017-05', '2017-06', '2017-07', '2017-08']
Length: 14, dtype: period[M]
2026-06-04 13:19:11 [INFO]: months selected as val set are <PeriodArray>
['2017-09', '2017-10', '2017-11', '2017-12', '2018-01']
Length: 5, dtype: period[M]
2026-06-04 13:19:11 [INFO]: months selected as test set are <PeriodArray>
['2018-02', '2018-03', '2018-04', '2018-05', '2018-06']
Length: 5, dtype: period[M]
2026-06-04 13:19:11 [INFO]: Total sample number: 180
2026-06-04 13:19:11 [INFO]: Training set size: 106 (58.89%)
2026-06-04 13:19:11 [INFO]: Validation set size: 38 (21.11%)
2026-06-04 13:19:11 [INFO]: Test set size: 36 (20.00%)
2026-06-04 13:19:11 [INFO]: Number of steps: 96
2026-06-04 13:19:11 [INFO]: Number of features: 7
2026-06-04 13:19:11 [INFO]: Train set missing rate: 9.98%
2026-06-04 13:19:11 [INFO]: Validating set missing rate: 10.17%
2026-06-04 13:19:11 [INFO]: Test set missing rate: 10.17%
✅ Dataset 'etth1' with missing rate 0.1 loaded at: /home/Aboya_25R9803/projects/lab/SUN/iPyPOTS/datasets/rate_0.1
🚀 Starting TSLANet training pipeline...
2026-06-04 13:19:11 [INFO]: 🔥🔥🔥🔥🔥🔥🔥🔥🔥🔥Using device list: ['cuda:0']
2026-06-04 13:19:11 [INFO]: 🔥🔥🔥🔥🔥🔥🔥🔥🔥🔥Using the given device: cuda:0
2026-06-04 13:19:11 [INFO]: Model files will be saved to output/imputation/cuda/paper_campaign/tslanet/etth1/mr0.1/seed456
2026-06-04 13:19:11 [INFO]: Tensorboard file will be saved to output/imputation/cuda/paper_campaign/tslanet/etth1/mr0.1/seed456/tensorboard
2026-06-04 13:19:11 [INFO]: Model placed on cuda:0
2026-06-04 13:19:11 [INFO]: TSLANet initialized with the given hyperparameters.
 ├─ Total parameters: 217,890
 ├─ Trainable parameters: 217,890
 └─ Trainable ratio: 100.00%
2026-06-04 13:19:12 [INFO]: Epoch 001 - training loss (default): 0.4305, validation loss: 0.3489
2026-06-04 13:19:12 [INFO]: Epoch 002 - training loss (default): 0.3529, validation loss: 0.2790
2026-06-04 13:19:12 [INFO]: Epoch 003 - training loss (default): 0.2963, validation loss: 0.2550
2026-06-04 13:19:12 [INFO]: Epoch 004 - training loss (default): 0.2640, validation loss: 0.2171
2026-06-04 13:19:12 [INFO]: Epoch 005 - training loss (default): 0.2250, validation loss: 0.1895
2026-06-04 13:19:12 [INFO]: Epoch 006 - training loss (default): 0.1960, validation loss: 0.1750
2026-06-04 13:19:12 [INFO]: Epoch 007 - training loss (default): 0.1820, validation loss: 0.1745
2026-06-04 13:19:12 [INFO]: Epoch 008 - training loss (default): 0.1693, validation loss: 0.1458
2026-06-04 13:19:12 [INFO]: Epoch 009 - training loss (default): 0.1610, validation loss: 0.1373
2026-06-04 13:19:12 [INFO]: Epoch 010 - training loss (default): 0.1464, validation loss: 0.1259
2026-06-04 13:19:12 [INFO]: Epoch 011 - training loss (default): 0.1390, validation loss: 0.1244
2026-06-04 13:19:12 [INFO]: Epoch 012 - training loss (default): 0.1327, validation loss: 0.1182
2026-06-04 13:19:12 [INFO]: Epoch 013 - training loss (default): 0.1259, validation loss: 0.1221
2026-06-04 13:19:12 [INFO]: Epoch 014 - training loss (default): 0.1197, validation loss: 0.1066
2026-06-04 13:19:12 [INFO]: Epoch 015 - training loss (default): 0.1055, validation loss: 0.0978
2026-06-04 13:19:12 [INFO]: Epoch 016 - training loss (default): 0.1055, validation loss: 0.0987
2026-06-04 13:19:12 [INFO]: Epoch 017 - training loss (default): 0.0984, validation loss: 0.0903
2026-06-04 13:19:12 [INFO]: Epoch 018 - training loss (default): 0.0942, validation loss: 0.0900
2026-06-04 13:19:12 [INFO]: Epoch 019 - training loss (default): 0.0939, validation loss: 0.0775
2026-06-04 13:19:12 [INFO]: Epoch 020 - training loss (default): 0.0888, validation loss: 0.0821
2026-06-04 13:19:12 [INFO]: Epoch 021 - training loss (default): 0.0829, validation loss: 0.0727
2026-06-04 13:19:12 [INFO]: Epoch 022 - training loss (default): 0.0792, validation loss: 0.0728
2026-06-04 13:19:12 [INFO]: Epoch 023 - training loss (default): 0.0771, validation loss: 0.0717
2026-06-04 13:19:12 [INFO]: Epoch 024 - training loss (default): 0.0712, validation loss: 0.0635
2026-06-04 13:19:12 [INFO]: Epoch 025 - training loss (default): 0.0705, validation loss: 0.0727
2026-06-04 13:19:12 [INFO]: Epoch 026 - training loss (default): 0.0674, validation loss: 0.0615
2026-06-04 13:19:12 [INFO]: Epoch 027 - training loss (default): 0.0651, validation loss: 0.0607
2026-06-04 13:19:12 [INFO]: Epoch 028 - training loss (default): 0.0669, validation loss: 0.0578
2026-06-04 13:19:12 [INFO]: Epoch 029 - training loss (default): 0.0629, validation loss: 0.0625
2026-06-04 13:19:12 [INFO]: Epoch 030 - training loss (default): 0.0629, validation loss: 0.0619
2026-06-04 13:19:12 [INFO]: Epoch 031 - training loss (default): 0.0587, validation loss: 0.0585
2026-06-04 13:19:12 [INFO]: Epoch 032 - training loss (default): 0.0617, validation loss: 0.0557
2026-06-04 13:19:12 [INFO]: Epoch 033 - training loss (default): 0.0588, validation loss: 0.0514
2026-06-04 13:19:12 [INFO]: Epoch 034 - training loss (default): 0.0585, validation loss: 0.0464
2026-06-04 13:19:13 [INFO]: Epoch 035 - training loss (default): 0.0558, validation loss: 0.0508
2026-06-04 13:19:13 [INFO]: Epoch 036 - training loss (default): 0.0556, validation loss: 0.0532
2026-06-04 13:19:13 [INFO]: Epoch 037 - training loss (default): 0.0505, validation loss: 0.0434
2026-06-04 13:19:13 [INFO]: Epoch 038 - training loss (default): 0.0536, validation loss: 0.0495
2026-06-04 13:19:13 [INFO]: Epoch 039 - training loss (default): 0.0480, validation loss: 0.0453
2026-06-04 13:19:13 [INFO]: Epoch 040 - training loss (default): 0.0512, validation loss: 0.0434
2026-06-04 13:19:13 [INFO]: Epoch 041 - training loss (default): 0.0446, validation loss: 0.0415
2026-06-04 13:19:13 [INFO]: Epoch 042 - training loss (default): 0.0480, validation loss: 0.0423
2026-06-04 13:19:13 [INFO]: Epoch 043 - training loss (default): 0.0447, validation loss: 0.0406
2026-06-04 13:19:13 [INFO]: Epoch 044 - training loss (default): 0.0446, validation loss: 0.0387
2026-06-04 13:19:13 [INFO]: Epoch 045 - training loss (default): 0.0424, validation loss: 0.0384
2026-06-04 13:19:13 [INFO]: Epoch 046 - training loss (default): 0.0398, validation loss: 0.0386
2026-06-04 13:19:13 [INFO]: Epoch 047 - training loss (default): 0.0430, validation loss: 0.0378
2026-06-04 13:19:13 [INFO]: Epoch 048 - training loss (default): 0.0437, validation loss: 0.0408
2026-06-04 13:19:13 [INFO]: Epoch 049 - training loss (default): 0.0398, validation loss: 0.0437
2026-06-04 13:19:13 [INFO]: Epoch 050 - training loss (default): 0.0448, validation loss: 0.0353
2026-06-04 13:19:13 [INFO]: Epoch 051 - training loss (default): 0.0408, validation loss: 0.0335
2026-06-04 13:19:13 [INFO]: Epoch 052 - training loss (default): 0.0394, validation loss: 0.0329
2026-06-04 13:19:13 [INFO]: Epoch 053 - training loss (default): 0.0353, validation loss: 0.0319
2026-06-04 13:19:13 [INFO]: Epoch 054 - training loss (default): 0.0408, validation loss: 0.0311
2026-06-04 13:19:13 [INFO]: Epoch 055 - training loss (default): 0.0369, validation loss: 0.0352
2026-06-04 13:19:13 [INFO]: Epoch 056 - training loss (default): 0.0375, validation loss: 0.0316
2026-06-04 13:19:13 [INFO]: Epoch 057 - training loss (default): 0.0323, validation loss: 0.0317
2026-06-04 13:19:13 [INFO]: Epoch 058 - training loss (default): 0.0344, validation loss: 0.0307
2026-06-04 13:19:13 [INFO]: Epoch 059 - training loss (default): 0.0343, validation loss: 0.0297
2026-06-04 13:19:13 [INFO]: Epoch 060 - training loss (default): 0.0336, validation loss: 0.0313
2026-06-04 13:19:13 [INFO]: Finished training. The best model is from epoch#59.
2026-06-04 13:19:13 [INFO]: Saved the model to output/imputation/cuda/paper_campaign/tslanet/etth1/mr0.1/seed456/TSLANet.pypots
[TSLANet] Testing —— MAE: 0.9357| MSE: 1.5380| RMSE: 1.2402| MRE: 1.1044| 
📊 Metrics saved to: output/imputation/cuda/paper_campaign/tslanet/etth1/mr0.1/seed456/metrics/tslanet_metrics.json
