2026-06-04 04:48:06 [INFO]: Have set the random seed as 42 for numpy and pytorch.
2026-06-04 04:48:06 [INFO]: You're using dataset electricity_transformer_temperature, please cite it properly in your work. You can find its reference information at the below link: 
https://github.com/WenjieDu/TSDB/tree/main/dataset_profiles/electricity_transformer_temperature
2026-06-04 04:48:06 [INFO]: Dataset electricity_transformer_temperature has already been downloaded. Processing directly...
2026-06-04 04:48:06 [INFO]: Dataset electricity_transformer_temperature has already been cached. Loading from cache directly...
2026-06-04 04:48:06 [INFO]: Loaded successfully!
2026-06-04 04:48:06 [INFO]: months selected as train set are <PeriodArray>
['2016-07', '2016-08', '2016-09', '2016-10', '2016-11', '2016-12', '2017-01',
 '2017-02', '2017-03', '2017-04', '2017-05', '2017-06', '2017-07', '2017-08']
Length: 14, dtype: period[M]
2026-06-04 04:48:06 [INFO]: months selected as val set are <PeriodArray>
['2017-09', '2017-10', '2017-11', '2017-12', '2018-01']
Length: 5, dtype: period[M]
2026-06-04 04:48:06 [INFO]: months selected as test set are <PeriodArray>
['2018-02', '2018-03', '2018-04', '2018-05', '2018-06']
Length: 5, dtype: period[M]
2026-06-04 04:48:06 [INFO]: Total sample number: 725
2026-06-04 04:48:06 [INFO]: Training set size: 427 (58.90%)
2026-06-04 04:48:06 [INFO]: Validation set size: 153 (21.10%)
2026-06-04 04:48:06 [INFO]: Test set size: 145 (20.00%)
2026-06-04 04:48:06 [INFO]: Number of steps: 96
2026-06-04 04:48:06 [INFO]: Number of features: 7
2026-06-04 04:48:06 [INFO]: Train set missing rate: 49.89%
2026-06-04 04:48:06 [INFO]: Validating set missing rate: 50.19%
2026-06-04 04:48:06 [INFO]: Test set missing rate: 49.72%
2026-06-04 04:48:06 [INFO]: 🔥🔥🔥🔥🔥🔥🔥🔥🔥🔥Using device list: ['cuda:0']
2026-06-04 04:48:06 [INFO]: 🔥🔥🔥🔥🔥🔥🔥🔥🔥🔥Using the given device: cuda:0
2026-06-04 04:48:06 [INFO]: Model files will be saved to output/imputation/cuda/paper_campaign/tefn/ettm1/mr0.5/seed42
2026-06-04 04:48:06 [INFO]: Tensorboard file will be saved to output/imputation/cuda/paper_campaign/tefn/ettm1/mr0.5/seed42/tensorboard
2026-06-04 04:48:06 [INFO]: Using customized MAE as the training loss function.
2026-06-04 04:48:06 [INFO]: Using customized MSE as the validation metric function.
2026-06-04 04:48:06 [INFO]: Model placed on cuda:0
2026-06-04 04:48:06 [INFO]: TEFN initialized with the given hyperparameters.
 ├─ Total parameters: 3,401
 ├─ Trainable parameters: 3,401
 └─ Trainable ratio: 100.00%
2026-06-04 04:48:07 [INFO]: Epoch 001 - training loss (MAE): 9.1842, validation MSE: 31.0912
2026-06-04 04:48:07 [INFO]: Epoch 002 - training loss (MAE): 9.0822, validation MSE: 30.4271
2026-06-04 04:48:07 [INFO]: Epoch 003 - training loss (MAE): 8.9978, validation MSE: 29.7786
2026-06-04 04:48:07 [INFO]: Epoch 004 - training loss (MAE): 8.8862, validation MSE: 29.1451
2026-06-04 04:48:07 [INFO]: Epoch 005 - training loss (MAE): 8.7903, validation MSE: 28.5281
2026-06-04 04:48:07 [INFO]: Epoch 006 - training loss (MAE): 8.6713, validation MSE: 27.9261
2026-06-04 04:48:07 [INFO]: Epoch 007 - training loss (MAE): 8.6031, validation MSE: 27.3390
2026-06-04 04:48:07 [INFO]: Epoch 008 - training loss (MAE): 8.4832, validation MSE: 26.7665
2026-06-04 04:48:07 [INFO]: Epoch 009 - training loss (MAE): 8.3895, validation MSE: 26.2076
2026-06-04 04:48:07 [INFO]: Epoch 010 - training loss (MAE): 8.2955, validation MSE: 25.6626
2026-06-04 04:48:07 [INFO]: Epoch 011 - training loss (MAE): 8.2417, validation MSE: 25.1305
2026-06-04 04:48:07 [INFO]: Epoch 012 - training loss (MAE): 8.1317, validation MSE: 24.6124
2026-06-04 04:48:07 [INFO]: Epoch 013 - training loss (MAE): 8.0546, validation MSE: 24.1065
2026-06-04 04:48:07 [INFO]: Epoch 014 - training loss (MAE): 7.9387, validation MSE: 23.6117
2026-06-04 04:48:08 [INFO]: Epoch 015 - training loss (MAE): 7.8724, validation MSE: 23.1275
2026-06-04 04:48:08 [INFO]: Epoch 016 - training loss (MAE): 7.7690, validation MSE: 22.6536
2026-06-04 04:48:08 [INFO]: Epoch 017 - training loss (MAE): 7.6800, validation MSE: 22.1909
2026-06-04 04:48:08 [INFO]: Epoch 018 - training loss (MAE): 7.6074, validation MSE: 21.7374
2026-06-04 04:48:08 [INFO]: Epoch 019 - training loss (MAE): 7.4844, validation MSE: 21.2927
2026-06-04 04:48:08 [INFO]: Epoch 020 - training loss (MAE): 7.4366, validation MSE: 20.8566
2026-06-04 04:48:08 [INFO]: Epoch 021 - training loss (MAE): 7.3440, validation MSE: 20.4290
2026-06-04 04:48:08 [INFO]: Epoch 022 - training loss (MAE): 7.2594, validation MSE: 20.0098
2026-06-04 04:48:08 [INFO]: Epoch 023 - training loss (MAE): 7.1774, validation MSE: 19.5983
2026-06-04 04:48:08 [INFO]: Epoch 024 - training loss (MAE): 7.0739, validation MSE: 19.1944
2026-06-04 04:48:08 [INFO]: Epoch 025 - training loss (MAE): 6.9905, validation MSE: 18.7982
2026-06-04 04:48:08 [INFO]: Epoch 026 - training loss (MAE): 6.9200, validation MSE: 18.4091
2026-06-04 04:48:08 [INFO]: Epoch 027 - training loss (MAE): 6.8370, validation MSE: 18.0271
2026-06-04 04:48:08 [INFO]: Epoch 028 - training loss (MAE): 6.7504, validation MSE: 17.6532
2026-06-04 04:48:08 [INFO]: Epoch 029 - training loss (MAE): 6.6511, validation MSE: 17.2869
2026-06-04 04:48:08 [INFO]: Epoch 030 - training loss (MAE): 6.5715, validation MSE: 16.9285
2026-06-04 04:48:08 [INFO]: Epoch 031 - training loss (MAE): 6.5021, validation MSE: 16.5767
2026-06-04 04:48:08 [INFO]: Epoch 032 - training loss (MAE): 6.4065, validation MSE: 16.2317
2026-06-04 04:48:09 [INFO]: Epoch 033 - training loss (MAE): 6.3486, validation MSE: 15.8938
2026-06-04 04:48:09 [INFO]: Epoch 034 - training loss (MAE): 6.2523, validation MSE: 15.5624
2026-06-04 04:48:09 [INFO]: Epoch 035 - training loss (MAE): 6.1706, validation MSE: 15.2379
2026-06-04 04:48:09 [INFO]: Epoch 036 - training loss (MAE): 6.0966, validation MSE: 14.9205
2026-06-04 04:48:09 [INFO]: Epoch 037 - training loss (MAE): 6.0094, validation MSE: 14.6096
2026-06-04 04:48:09 [INFO]: Epoch 038 - training loss (MAE): 5.9318, validation MSE: 14.3055
2026-06-04 04:48:09 [INFO]: Epoch 039 - training loss (MAE): 5.8599, validation MSE: 14.0082
2026-06-04 04:48:09 [INFO]: Epoch 040 - training loss (MAE): 5.7743, validation MSE: 13.7177
2026-06-04 04:48:09 [INFO]: Epoch 041 - training loss (MAE): 5.7022, validation MSE: 13.4338
2026-06-04 04:48:09 [INFO]: Epoch 042 - training loss (MAE): 5.6175, validation MSE: 13.1564
2026-06-04 04:48:09 [INFO]: Epoch 043 - training loss (MAE): 5.5609, validation MSE: 12.8850
2026-06-04 04:48:09 [INFO]: Epoch 044 - training loss (MAE): 5.4776, validation MSE: 12.6197
2026-06-04 04:48:09 [INFO]: Epoch 045 - training loss (MAE): 5.4077, validation MSE: 12.3603
2026-06-04 04:48:09 [INFO]: Epoch 046 - training loss (MAE): 5.3192, validation MSE: 12.1072
2026-06-04 04:48:09 [INFO]: Epoch 047 - training loss (MAE): 5.2381, validation MSE: 11.8604
2026-06-04 04:48:09 [INFO]: Epoch 048 - training loss (MAE): 5.1750, validation MSE: 11.6194
2026-06-04 04:48:09 [INFO]: Epoch 049 - training loss (MAE): 5.1109, validation MSE: 11.3843
2026-06-04 04:48:09 [INFO]: Epoch 050 - training loss (MAE): 5.0502, validation MSE: 11.1551
2026-06-04 04:48:09 [INFO]: Epoch 051 - training loss (MAE): 4.9878, validation MSE: 10.9311
2026-06-04 04:48:09 [INFO]: Epoch 052 - training loss (MAE): 4.9160, validation MSE: 10.7123
2026-06-04 04:48:10 [INFO]: Epoch 053 - training loss (MAE): 4.8126, validation MSE: 10.4989
2026-06-04 04:48:10 [INFO]: Epoch 054 - training loss (MAE): 4.7834, validation MSE: 10.2909
2026-06-04 04:48:10 [INFO]: Epoch 055 - training loss (MAE): 4.7167, validation MSE: 10.0876
2026-06-04 04:48:10 [INFO]: Epoch 056 - training loss (MAE): 4.6488, validation MSE: 9.8891
2026-06-04 04:48:10 [INFO]: Epoch 057 - training loss (MAE): 4.6005, validation MSE: 9.6953
2026-06-04 04:48:10 [INFO]: Epoch 058 - training loss (MAE): 4.5341, validation MSE: 9.5064
2026-06-04 04:48:10 [INFO]: Epoch 059 - training loss (MAE): 4.4644, validation MSE: 9.3214
2026-06-04 04:48:10 [INFO]: Epoch 060 - training loss (MAE): 4.3857, validation MSE: 9.1401
2026-06-04 04:48:10 [INFO]: Finished training. The best model is from epoch#60.
2026-06-04 04:48:10 [INFO]: Saved the model to output/imputation/cuda/paper_campaign/tefn/ettm1/mr0.5/seed42/TEFN.pypots
[34m
████████╗██╗███╗   ███╗███████╗    ███████╗███████╗██████╗ ██╗███████╗███████╗    █████╗ ██╗
╚══██╔══╝██║████╗ ████║██╔════╝    ██╔════╝██╔════╝██╔══██╗██║██╔════╝██╔════╝   ██╔══██╗██║
   ██║   ██║██╔████╔██║█████╗█████╗███████╗█████╗  ██████╔╝██║█████╗  ███████╗   ███████║██║
   ██║   ██║██║╚██╔╝██║██╔══╝╚════╝╚════██║██╔══╝  ██╔══██╗██║██╔══╝  ╚════██║   ██╔══██║██║
   ██║   ██║██║ ╚═╝ ██║███████╗    ███████║███████╗██║  ██║██║███████╗███████║██╗██║  ██║██║
   ╚═╝   ╚═╝╚═╝     ╚═╝╚══════╝    ╚══════╝╚══════╝╚═╝  ╚═╝╚═╝╚══════╝╚══════╝╚═╝╚═╝  ╚═╝╚═╝
ai4ts v0.0.3 - building AI for unified time-series analysis, https://time-series.ai [0m

Use Train GPT: False
Use Lora: False
Use Profiling: False
🚀 Running imputation pipeline for model: tefn
✅ Dataset 'ettm1' with missing rate 0.5 loaded at: /home/Aboya_25R9803/projects/lab/SUN/iPyPOTS/datasets/rate_0.5
🚀 Starting TEFN training pipeline...
[TEFN] Testing —— MAE: 2.2551| MSE: 9.7803| RMSE: 3.1273| MRE: 2.6639| 
📊 Metrics saved to: output/imputation/cuda/paper_campaign/tefn/ettm1/mr0.5/seed42/metrics/tefn_metrics.json
