2026-06-04 05:02:46 [INFO]: Have set the random seed as 456 for numpy and pytorch.
2026-06-04 05:02:46 [INFO]: You're using dataset electricity_transformer_temperature, please cite it properly in your work. You can find its reference information at the below link: 
https://github.com/WenjieDu/TSDB/tree/main/dataset_profiles/electricity_transformer_temperature
2026-06-04 05:02:46 [INFO]: Dataset electricity_transformer_temperature has already been downloaded. Processing directly...
2026-06-04 05:02:46 [INFO]: Dataset electricity_transformer_temperature has already been cached. Loading from cache directly...
2026-06-04 05:02:46 [INFO]: Loaded successfully!
2026-06-04 05:02:46 [INFO]: months selected as train set are <PeriodArray>
['2016-07', '2016-08', '2016-09', '2016-10', '2016-11', '2016-12', '2017-01',
 '2017-02', '2017-03', '2017-04', '2017-05', '2017-06', '2017-07', '2017-08']
Length: 14, dtype: period[M]
2026-06-04 05:02:46 [INFO]: months selected as val set are <PeriodArray>
['2017-09', '2017-10', '2017-11', '2017-12', '2018-01']
Length: 5, dtype: period[M]
2026-06-04 05:02:46 [INFO]: months selected as test set are <PeriodArray>
['2018-02', '2018-03', '2018-04', '2018-05', '2018-06']
Length: 5, dtype: period[M]
2026-06-04 05:02:46 [INFO]: Total sample number: 725
2026-06-04 05:02:46 [INFO]: Training set size: 427 (58.90%)
2026-06-04 05:02:46 [INFO]: Validation set size: 153 (21.10%)
2026-06-04 05:02:46 [INFO]: Test set size: 145 (20.00%)
2026-06-04 05:02:46 [INFO]: Number of steps: 96
2026-06-04 05:02:46 [INFO]: Number of features: 7
2026-06-04 05:02:46 [INFO]: Train set missing rate: 10.04%
2026-06-04 05:02:46 [INFO]: Validating set missing rate: 10.12%
2026-06-04 05:02:46 [INFO]: Test set missing rate: 9.98%
2026-06-04 05:02:46 [INFO]: 🔥🔥🔥🔥🔥🔥🔥🔥🔥🔥Using device list: ['cuda:0']
2026-06-04 05:02:46 [INFO]: 🔥🔥🔥🔥🔥🔥🔥🔥🔥🔥Using the given device: cuda:0
2026-06-04 05:02:47 [INFO]: Model files will be saved to output/imputation/cuda/paper_campaign/timemixerpp/ettm1/mr0.1/seed456
2026-06-04 05:02:47 [INFO]: Tensorboard file will be saved to output/imputation/cuda/paper_campaign/timemixerpp/ettm1/mr0.1/seed456/tensorboard
2026-06-04 05:02:47 [INFO]: Using customized MAE as the training loss function.
2026-06-04 05:02:47 [INFO]: Using customized MSE as the validation metric function.
2026-06-04 05:02:47 [INFO]: Model placed on cuda:0
2026-06-04 05:02:47 [INFO]: TimeMixerPP initialized with the given hyperparameters.
 ├─ Total parameters: 18,837,061
 ├─ Trainable parameters: 18,832,197
 └─ Trainable ratio: 99.97%
2026-06-04 05:03:00 [INFO]: Epoch 001 - training loss (MAE): 0.8295, validation MSE: 1.8083
2026-06-04 05:03:13 [INFO]: Epoch 002 - training loss (MAE): 0.8526, validation MSE: 0.6577
2026-06-04 05:03:25 [INFO]: Epoch 003 - training loss (MAE): 0.6028, validation MSE: 0.4883
2026-06-04 05:03:38 [INFO]: Epoch 004 - training loss (MAE): 0.5021, validation MSE: 0.3848
2026-06-04 05:03:50 [INFO]: Epoch 005 - training loss (MAE): 0.4515, validation MSE: 0.3266
2026-06-04 05:04:03 [INFO]: Epoch 006 - training loss (MAE): 0.4063, validation MSE: 0.2634
2026-06-04 05:04:15 [INFO]: Epoch 007 - training loss (MAE): 0.3936, validation MSE: 0.3007
2026-06-04 05:04:27 [INFO]: Epoch 008 - training loss (MAE): 0.3702, validation MSE: 0.2646
2026-06-04 05:04:40 [INFO]: Epoch 009 - training loss (MAE): 0.3547, validation MSE: 0.2599
2026-06-04 05:04:52 [INFO]: Epoch 010 - training loss (MAE): 0.3316, validation MSE: 0.2378
2026-06-04 05:05:05 [INFO]: Epoch 011 - training loss (MAE): 0.3215, validation MSE: 0.2003
2026-06-04 05:05:17 [INFO]: Epoch 012 - training loss (MAE): 0.2958, validation MSE: 0.1810
2026-06-04 05:05:30 [INFO]: Epoch 013 - training loss (MAE): 0.2859, validation MSE: 0.2139
2026-06-04 05:05:42 [INFO]: Epoch 014 - training loss (MAE): 0.2746, validation MSE: 0.1656
2026-06-04 05:05:55 [INFO]: Epoch 015 - training loss (MAE): 0.2547, validation MSE: 0.1593
2026-06-04 05:06:07 [INFO]: Epoch 016 - training loss (MAE): 0.2456, validation MSE: 0.1729
2026-06-04 05:06:20 [INFO]: Epoch 017 - training loss (MAE): 0.2192, validation MSE: 0.1690
2026-06-04 05:06:32 [INFO]: Epoch 018 - training loss (MAE): 0.2088, validation MSE: 0.1813
2026-06-04 05:06:45 [INFO]: Epoch 019 - training loss (MAE): 0.2206, validation MSE: 0.2320
2026-06-04 05:06:57 [INFO]: Epoch 020 - training loss (MAE): 0.2155, validation MSE: 0.1227
2026-06-04 05:07:10 [INFO]: Epoch 021 - training loss (MAE): 0.2460, validation MSE: 0.2464
2026-06-04 05:07:22 [INFO]: Epoch 022 - training loss (MAE): 0.2182, validation MSE: 0.2146
2026-06-04 05:07:35 [INFO]: Epoch 023 - training loss (MAE): 0.2095, validation MSE: 0.2124
2026-06-04 05:07:47 [INFO]: Epoch 024 - training loss (MAE): 0.1934, validation MSE: 0.1704
2026-06-04 05:08:00 [INFO]: Epoch 025 - training loss (MAE): 0.1932, validation MSE: 0.2106
2026-06-04 05:08:12 [INFO]: Epoch 026 - training loss (MAE): 0.1799, validation MSE: 0.2067
2026-06-04 05:08:24 [INFO]: Epoch 027 - training loss (MAE): 0.1703, validation MSE: 0.1653
2026-06-04 05:08:37 [INFO]: Epoch 028 - training loss (MAE): 0.1671, validation MSE: 0.1654
2026-06-04 05:08:49 [INFO]: Epoch 029 - training loss (MAE): 0.1827, validation MSE: 0.2138
2026-06-04 05:09:02 [INFO]: Epoch 030 - training loss (MAE): 0.1602, validation MSE: 0.1880
2026-06-04 05:09:14 [INFO]: Epoch 031 - training loss (MAE): 0.1567, validation MSE: 0.2057
2026-06-04 05:09:27 [INFO]: Epoch 032 - training loss (MAE): 0.1582, validation MSE: 0.2275
2026-06-04 05:09:27 [INFO]: Exceeded the training patience. Terminating the training procedure...
2026-06-04 05:09:27 [INFO]: Finished training. The best model is from epoch#20.
2026-06-04 05:09:27 [INFO]: Saved the model to output/imputation/cuda/paper_campaign/timemixerpp/ettm1/mr0.1/seed456/TimeMixerPP.pypots
[34m
████████╗██╗███╗   ███╗███████╗    ███████╗███████╗██████╗ ██╗███████╗███████╗    █████╗ ██╗
╚══██╔══╝██║████╗ ████║██╔════╝    ██╔════╝██╔════╝██╔══██╗██║██╔════╝██╔════╝   ██╔══██╗██║
   ██║   ██║██╔████╔██║█████╗█████╗███████╗█████╗  ██████╔╝██║█████╗  ███████╗   ███████║██║
   ██║   ██║██║╚██╔╝██║██╔══╝╚════╝╚════██║██╔══╝  ██╔══██╗██║██╔══╝  ╚════██║   ██╔══██║██║
   ██║   ██║██║ ╚═╝ ██║███████╗    ███████║███████╗██║  ██║██║███████╗███████║██╗██║  ██║██║
   ╚═╝   ╚═╝╚═╝     ╚═╝╚══════╝    ╚══════╝╚══════╝╚═╝  ╚═╝╚═╝╚══════╝╚══════╝╚═╝╚═╝  ╚═╝╚═╝
ai4ts v0.0.3 - building AI for unified time-series analysis, https://time-series.ai [0m

Use Train GPT: False
Use Lora: False
Use Profiling: False
🚀 Running imputation pipeline for model: timemixerpp
✅ Dataset 'ettm1' with missing rate 0.1 loaded at: /home/Aboya_25R9803/projects/lab/SUN/iPyPOTS/datasets/rate_0.1
🚀 Starting TimeMixer++ training pipeline...
[TimeMixer++] Testing —— MAE: 0.2962| MSE: 0.1852| RMSE: 0.4304| MRE: 0.3456|
📊 Metrics saved to: output/imputation/cuda/paper_campaign/timemixerpp/ettm1/mr0.1/seed456/metrics/timemixerpp_metrics.json
