2026-06-04 04:57:18 [INFO]: Have set the random seed as 123 for numpy and pytorch.
2026-06-04 04:57:26 [INFO]: 🔥🔥🔥🔥🔥🔥🔥🔥🔥🔥Using device list: ['cuda:0']
2026-06-04 04:57:26 [INFO]: 🔥🔥🔥🔥🔥🔥🔥🔥🔥🔥Using the given device: cuda:0
2026-06-04 04:57:27 [INFO]: Model files will be saved to output/imputation/cuda/paper_campaign/saits/opsd_germany/mr0.3/seed123
2026-06-04 04:57:27 [INFO]: Tensorboard file will be saved to output/imputation/cuda/paper_campaign/saits/opsd_germany/mr0.3/seed123/tensorboard
2026-06-04 04:57:27 [INFO]: Using customized MAE as the training loss function.
2026-06-04 04:57:27 [INFO]: Using customized MSE as the validation metric function.
2026-06-04 04:57:27 [INFO]: SAITS initialized with the given hyperparameters.
 ├─ Total parameters: 138,752
 ├─ Trainable parameters: 138,752
 └─ Trainable ratio: 100.00%
2026-06-04 04:57:28 [INFO]: Model placed on cuda:0
2026-06-04 04:57:33 [INFO]: Epoch 001 - training loss (MAE): 1.1774, validation MSE: 0.4959
2026-06-04 04:57:36 [INFO]: Epoch 002 - training loss (MAE): 0.7844, validation MSE: 0.4052
2026-06-04 04:57:42 [INFO]: Epoch 003 - training loss (MAE): 0.6346, validation MSE: 0.3463
2026-06-04 04:57:47 [INFO]: Epoch 004 - training loss (MAE): 0.5417, validation MSE: 0.2990
2026-06-04 04:57:51 [INFO]: Epoch 005 - training loss (MAE): 0.4784, validation MSE: 0.2678
2026-06-04 04:57:54 [INFO]: Epoch 006 - training loss (MAE): 0.4378, validation MSE: 0.2321
2026-06-04 04:57:57 [INFO]: Epoch 007 - training loss (MAE): 0.3996, validation MSE: 0.1629
2026-06-04 04:58:00 [INFO]: Epoch 008 - training loss (MAE): 0.3463, validation MSE: 0.0964
2026-06-04 04:58:04 [INFO]: Epoch 009 - training loss (MAE): 0.3073, validation MSE: 0.0721
2026-06-04 04:58:08 [INFO]: Epoch 010 - training loss (MAE): 0.2843, validation MSE: 0.0584
2026-06-04 04:58:13 [INFO]: Epoch 011 - training loss (MAE): 0.2677, validation MSE: 0.0500
2026-06-04 04:58:17 [INFO]: Epoch 012 - training loss (MAE): 0.2558, validation MSE: 0.0439
2026-06-04 04:58:22 [INFO]: Epoch 013 - training loss (MAE): 0.2458, validation MSE: 0.0406
2026-06-04 04:58:26 [INFO]: Epoch 014 - training loss (MAE): 0.2367, validation MSE: 0.0379
2026-06-04 04:58:31 [INFO]: Epoch 015 - training loss (MAE): 0.2294, validation MSE: 0.0349
2026-06-04 04:58:35 [INFO]: Epoch 016 - training loss (MAE): 0.2226, validation MSE: 0.0342
2026-06-04 04:58:40 [INFO]: Epoch 017 - training loss (MAE): 0.2168, validation MSE: 0.0317
2026-06-04 04:58:46 [INFO]: Epoch 018 - training loss (MAE): 0.2141, validation MSE: 0.0299
2026-06-04 04:58:52 [INFO]: Epoch 019 - training loss (MAE): 0.2076, validation MSE: 0.0292
2026-06-04 04:58:57 [INFO]: Epoch 020 - training loss (MAE): 0.2049, validation MSE: 0.0277
2026-06-04 04:59:03 [INFO]: Epoch 021 - training loss (MAE): 0.2013, validation MSE: 0.0263
2026-06-04 04:59:08 [INFO]: Epoch 022 - training loss (MAE): 0.1969, validation MSE: 0.0246
2026-06-04 04:59:14 [INFO]: Epoch 023 - training loss (MAE): 0.1943, validation MSE: 0.0236
2026-06-04 04:59:20 [INFO]: Epoch 024 - training loss (MAE): 0.1924, validation MSE: 0.0239
2026-06-04 04:59:26 [INFO]: Epoch 025 - training loss (MAE): 0.1897, validation MSE: 0.0224
2026-06-04 04:59:31 [INFO]: Epoch 026 - training loss (MAE): 0.1872, validation MSE: 0.0225
2026-06-04 04:59:37 [INFO]: Epoch 027 - training loss (MAE): 0.1854, validation MSE: 0.0216
2026-06-04 04:59:42 [INFO]: Epoch 028 - training loss (MAE): 0.1834, validation MSE: 0.0214
2026-06-04 04:59:47 [INFO]: Epoch 029 - training loss (MAE): 0.1823, validation MSE: 0.0210
2026-06-04 04:59:51 [INFO]: Epoch 030 - training loss (MAE): 0.1805, validation MSE: 0.0204
2026-06-04 04:59:56 [INFO]: Epoch 031 - training loss (MAE): 0.1794, validation MSE: 0.0205
2026-06-04 05:00:01 [INFO]: Epoch 032 - training loss (MAE): 0.1772, validation MSE: 0.0199
2026-06-04 05:00:05 [INFO]: Epoch 033 - training loss (MAE): 0.1752, validation MSE: 0.0201
2026-06-04 05:00:10 [INFO]: Epoch 034 - training loss (MAE): 0.1749, validation MSE: 0.0190
2026-06-04 05:00:15 [INFO]: Epoch 035 - training loss (MAE): 0.1736, validation MSE: 0.0186
2026-06-04 05:00:21 [INFO]: Epoch 036 - training loss (MAE): 0.1715, validation MSE: 0.0187
2026-06-04 05:00:26 [INFO]: Epoch 037 - training loss (MAE): 0.1714, validation MSE: 0.0189
2026-06-04 05:00:31 [INFO]: Epoch 038 - training loss (MAE): 0.1698, validation MSE: 0.0183
2026-06-04 05:00:36 [INFO]: Epoch 039 - training loss (MAE): 0.1680, validation MSE: 0.0178
2026-06-04 05:00:42 [INFO]: Epoch 040 - training loss (MAE): 0.1674, validation MSE: 0.0184
2026-06-04 05:00:47 [INFO]: Epoch 041 - training loss (MAE): 0.1670, validation MSE: 0.0177
2026-06-04 05:00:52 [INFO]: Epoch 042 - training loss (MAE): 0.1665, validation MSE: 0.0170
2026-06-04 05:00:58 [INFO]: Epoch 043 - training loss (MAE): 0.1655, validation MSE: 0.0170
2026-06-04 05:01:03 [INFO]: Epoch 044 - training loss (MAE): 0.1633, validation MSE: 0.0169
2026-06-04 05:01:09 [INFO]: Epoch 045 - training loss (MAE): 0.1632, validation MSE: 0.0171
2026-06-04 05:01:15 [INFO]: Epoch 046 - training loss (MAE): 0.1615, validation MSE: 0.0168
2026-06-04 05:01:20 [INFO]: Epoch 047 - training loss (MAE): 0.1611, validation MSE: 0.0167
2026-06-04 05:01:24 [INFO]: Epoch 048 - training loss (MAE): 0.1600, validation MSE: 0.0162
2026-06-04 05:01:29 [INFO]: Epoch 049 - training loss (MAE): 0.1597, validation MSE: 0.0167
2026-06-04 05:01:33 [INFO]: Epoch 050 - training loss (MAE): 0.1598, validation MSE: 0.0159
2026-06-04 05:01:38 [INFO]: Epoch 051 - training loss (MAE): 0.1584, validation MSE: 0.0162
2026-06-04 05:01:43 [INFO]: Epoch 052 - training loss (MAE): 0.1574, validation MSE: 0.0155
2026-06-04 05:01:47 [INFO]: Epoch 053 - training loss (MAE): 0.1562, validation MSE: 0.0159
2026-06-04 05:01:52 [INFO]: Epoch 054 - training loss (MAE): 0.1553, validation MSE: 0.0154
2026-06-04 05:01:57 [INFO]: Epoch 055 - training loss (MAE): 0.1548, validation MSE: 0.0152
2026-06-04 05:02:02 [INFO]: Epoch 056 - training loss (MAE): 0.1541, validation MSE: 0.0150
2026-06-04 05:02:08 [INFO]: Epoch 057 - training loss (MAE): 0.1537, validation MSE: 0.0147
2026-06-04 05:02:13 [INFO]: Epoch 058 - training loss (MAE): 0.1532, validation MSE: 0.0152
2026-06-04 05:02:17 [INFO]: Epoch 059 - training loss (MAE): 0.1525, validation MSE: 0.0148
2026-06-04 05:02:22 [INFO]: Epoch 060 - training loss (MAE): 0.1518, validation MSE: 0.0144
2026-06-04 05:02:22 [INFO]: Finished training. The best model is from epoch#60.
2026-06-04 05:02:22 [INFO]: Saved the model to output/imputation/cuda/paper_campaign/saits/opsd_germany/mr0.3/seed123/SAITS.pypots
[34m
████████╗██╗███╗   ███╗███████╗    ███████╗███████╗██████╗ ██╗███████╗███████╗    █████╗ ██╗
╚══██╔══╝██║████╗ ████║██╔════╝    ██╔════╝██╔════╝██╔══██╗██║██╔════╝██╔════╝   ██╔══██╗██║
   ██║   ██║██╔████╔██║█████╗█████╗███████╗█████╗  ██████╔╝██║█████╗  ███████╗   ███████║██║
   ██║   ██║██║╚██╔╝██║██╔══╝╚════╝╚════██║██╔══╝  ██╔══██╗██║██╔══╝  ╚════██║   ██╔══██║██║
   ██║   ██║██║ ╚═╝ ██║███████╗    ███████║███████╗██║  ██║██║███████╗███████║██╗██║  ██║██║
   ╚═╝   ╚═╝╚═╝     ╚═╝╚══════╝    ╚══════╝╚══════╝╚═╝  ╚═╝╚═╝╚══════╝╚══════╝╚═╝╚═╝  ╚═╝╚═╝
ai4ts v0.0.3 - building AI for unified time-series analysis, https://time-series.ai [0m

Use Train GPT: False
Use Lora: False
Use Profiling: False
🚀 Running imputation pipeline for model: saits
✅ Dataset 'opsd_germany' with missing rate 0.3 loaded at: /home/Aboya_25R9803/projects/lab/SUN/iPyPOTS/datasets/rate_0.3
🚀 Starting SAITS training pipeline...
[SAITS] Testing —— MAE: 0.0842| MSE: 0.0189| RMSE: 0.1377| MRE: 0.0927| 
📊 Metrics saved to: output/imputation/cuda/paper_campaign/saits/opsd_germany/mr0.3/seed123/metrics/saits_metrics.json
