[34m
████████╗██╗███╗   ███╗███████╗    ███████╗███████╗██████╗ ██╗███████╗███████╗    █████╗ ██╗
╚══██╔══╝██║████╗ ████║██╔════╝    ██╔════╝██╔════╝██╔══██╗██║██╔════╝██╔════╝   ██╔══██╗██║
   ██║   ██║██╔████╔██║█████╗█████╗███████╗█████╗  ██████╔╝██║█████╗  ███████╗   ███████║██║
   ██║   ██║██║╚██╔╝██║██╔══╝╚════╝╚════██║██╔══╝  ██╔══██╗██║██╔══╝  ╚════██║   ██╔══██║██║
   ██║   ██║██║ ╚═╝ ██║███████╗    ███████║███████╗██║  ██║██║███████╗███████║██╗██║  ██║██║
   ╚═╝   ╚═╝╚═╝     ╚═╝╚══════╝    ╚══════╝╚══════╝╚═╝  ╚═╝╚═╝╚══════╝╚══════╝╚═╝╚═╝  ╚═╝╚═╝
ai4ts v0.0.3 - building AI for unified time-series analysis, https://time-series.ai [0m

Use Train GPT: False
Use Lora: False
Use Profiling: False
2026-06-04 13:17:16 [INFO]: Have set the random seed as 42 for numpy and pytorch.
🚀 Running imputation pipeline for model: tefn
2026-06-04 13:17:16 [INFO]: You're using dataset electricity_transformer_temperature, please cite it properly in your work. You can find its reference information at the below link: 
https://github.com/WenjieDu/TSDB/tree/main/dataset_profiles/electricity_transformer_temperature
2026-06-04 13:17:16 [INFO]: Dataset electricity_transformer_temperature has already been downloaded. Processing directly...
2026-06-04 13:17:16 [INFO]: Dataset electricity_transformer_temperature has already been cached. Loading from cache directly...
2026-06-04 13:17:16 [INFO]: Loaded successfully!
2026-06-04 13:17:16 [INFO]: months selected as train set are <PeriodArray>
['2016-07', '2016-08', '2016-09', '2016-10', '2016-11', '2016-12', '2017-01',
 '2017-02', '2017-03', '2017-04', '2017-05', '2017-06', '2017-07', '2017-08']
Length: 14, dtype: period[M]
2026-06-04 13:17:16 [INFO]: months selected as val set are <PeriodArray>
['2017-09', '2017-10', '2017-11', '2017-12', '2018-01']
Length: 5, dtype: period[M]
2026-06-04 13:17:16 [INFO]: months selected as test set are <PeriodArray>
['2018-02', '2018-03', '2018-04', '2018-05', '2018-06']
Length: 5, dtype: period[M]
2026-06-04 13:17:16 [INFO]: Total sample number: 180
2026-06-04 13:17:16 [INFO]: Training set size: 106 (58.89%)
2026-06-04 13:17:16 [INFO]: Validation set size: 38 (21.11%)
2026-06-04 13:17:16 [INFO]: Test set size: 36 (20.00%)
2026-06-04 13:17:16 [INFO]: Number of steps: 96
2026-06-04 13:17:16 [INFO]: Number of features: 7
2026-06-04 13:17:16 [INFO]: Train set missing rate: 29.94%
2026-06-04 13:17:16 [INFO]: Validating set missing rate: 30.28%
2026-06-04 13:17:16 [INFO]: Test set missing rate: 30.00%
✅ Dataset 'etth1' with missing rate 0.3 loaded at: /home/Aboya_25R9803/projects/lab/SUN/iPyPOTS/datasets/rate_0.3
🚀 Starting TEFN training pipeline...
2026-06-04 13:17:16 [INFO]: 🔥🔥🔥🔥🔥🔥🔥🔥🔥🔥Using device list: ['cuda:0']
2026-06-04 13:17:16 [INFO]: 🔥🔥🔥🔥🔥🔥🔥🔥🔥🔥Using the given device: cuda:0
2026-06-04 13:17:16 [INFO]: Model files will be saved to output/imputation/cuda/paper_campaign/tefn/etth1/mr0.3/seed42
2026-06-04 13:17:16 [INFO]: Tensorboard file will be saved to output/imputation/cuda/paper_campaign/tefn/etth1/mr0.3/seed42/tensorboard
2026-06-04 13:17:16 [INFO]: Using customized MAE as the training loss function.
2026-06-04 13:17:16 [INFO]: Using customized MSE as the validation metric function.
2026-06-04 13:17:16 [INFO]: Model placed on cuda:0
2026-06-04 13:17:16 [INFO]: TEFN initialized with the given hyperparameters.
 ├─ Total parameters: 3,401
 ├─ Trainable parameters: 3,401
 └─ Trainable ratio: 100.00%
2026-06-04 13:17:17 [INFO]: Epoch 001 - training loss (MAE): 9.4371, validation MSE: 34.2134
2026-06-04 13:17:17 [INFO]: Epoch 002 - training loss (MAE): 9.4337, validation MSE: 33.8013
2026-06-04 13:17:17 [INFO]: Epoch 003 - training loss (MAE): 9.3864, validation MSE: 33.3970
2026-06-04 13:17:17 [INFO]: Epoch 004 - training loss (MAE): 9.3415, validation MSE: 32.9974
2026-06-04 13:17:17 [INFO]: Epoch 005 - training loss (MAE): 9.2245, validation MSE: 32.6024
2026-06-04 13:17:17 [INFO]: Epoch 006 - training loss (MAE): 9.2236, validation MSE: 32.2133
2026-06-04 13:17:17 [INFO]: Epoch 007 - training loss (MAE): 9.1659, validation MSE: 31.8310
2026-06-04 13:17:17 [INFO]: Epoch 008 - training loss (MAE): 9.0972, validation MSE: 31.4541
2026-06-04 13:17:17 [INFO]: Epoch 009 - training loss (MAE): 8.9954, validation MSE: 31.0806
2026-06-04 13:17:17 [INFO]: Epoch 010 - training loss (MAE): 8.9706, validation MSE: 30.7117
2026-06-04 13:17:17 [INFO]: Epoch 011 - training loss (MAE): 8.9604, validation MSE: 30.3489
2026-06-04 13:17:17 [INFO]: Epoch 012 - training loss (MAE): 8.8467, validation MSE: 29.9916
2026-06-04 13:17:17 [INFO]: Epoch 013 - training loss (MAE): 8.8407, validation MSE: 29.6387
2026-06-04 13:17:17 [INFO]: Epoch 014 - training loss (MAE): 8.8003, validation MSE: 29.2909
2026-06-04 13:17:17 [INFO]: Epoch 015 - training loss (MAE): 8.7487, validation MSE: 28.9482
2026-06-04 13:17:17 [INFO]: Epoch 016 - training loss (MAE): 8.6774, validation MSE: 28.6103
2026-06-04 13:17:17 [INFO]: Epoch 017 - training loss (MAE): 8.5517, validation MSE: 28.2767
2026-06-04 13:17:17 [INFO]: Epoch 018 - training loss (MAE): 8.5398, validation MSE: 27.9480
2026-06-04 13:17:17 [INFO]: Epoch 019 - training loss (MAE): 8.5521, validation MSE: 27.6235
2026-06-04 13:17:17 [INFO]: Epoch 020 - training loss (MAE): 8.4902, validation MSE: 27.3033
2026-06-04 13:17:17 [INFO]: Epoch 021 - training loss (MAE): 8.3924, validation MSE: 26.9877
2026-06-04 13:17:17 [INFO]: Epoch 022 - training loss (MAE): 8.3629, validation MSE: 26.6767
2026-06-04 13:17:17 [INFO]: Epoch 023 - training loss (MAE): 8.3339, validation MSE: 26.3696
2026-06-04 13:17:17 [INFO]: Epoch 024 - training loss (MAE): 8.2914, validation MSE: 26.0659
2026-06-04 13:17:17 [INFO]: Epoch 025 - training loss (MAE): 8.2370, validation MSE: 25.7658
2026-06-04 13:17:17 [INFO]: Epoch 026 - training loss (MAE): 8.1645, validation MSE: 25.4695
2026-06-04 13:17:17 [INFO]: Epoch 027 - training loss (MAE): 8.1114, validation MSE: 25.1774
2026-06-04 13:17:17 [INFO]: Epoch 028 - training loss (MAE): 8.0811, validation MSE: 24.8890
2026-06-04 13:17:17 [INFO]: Epoch 029 - training loss (MAE): 8.0476, validation MSE: 24.6036
2026-06-04 13:17:17 [INFO]: Epoch 030 - training loss (MAE): 8.0144, validation MSE: 24.3212
2026-06-04 13:17:17 [INFO]: Epoch 031 - training loss (MAE): 7.9210, validation MSE: 24.0422
2026-06-04 13:17:17 [INFO]: Epoch 032 - training loss (MAE): 7.8604, validation MSE: 23.7668
2026-06-04 13:17:17 [INFO]: Epoch 033 - training loss (MAE): 7.8539, validation MSE: 23.4947
2026-06-04 13:17:17 [INFO]: Epoch 034 - training loss (MAE): 7.7587, validation MSE: 23.2262
2026-06-04 13:17:17 [INFO]: Epoch 035 - training loss (MAE): 7.7119, validation MSE: 22.9613
2026-06-04 13:17:17 [INFO]: Epoch 036 - training loss (MAE): 7.6808, validation MSE: 22.7000
2026-06-04 13:17:17 [INFO]: Epoch 037 - training loss (MAE): 7.6210, validation MSE: 22.4416
2026-06-04 13:17:17 [INFO]: Epoch 038 - training loss (MAE): 7.6025, validation MSE: 22.1863
2026-06-04 13:17:17 [INFO]: Epoch 039 - training loss (MAE): 7.5708, validation MSE: 21.9341
2026-06-04 13:17:17 [INFO]: Epoch 040 - training loss (MAE): 7.5414, validation MSE: 21.6845
2026-06-04 13:17:17 [INFO]: Epoch 041 - training loss (MAE): 7.4631, validation MSE: 21.4382
2026-06-04 13:17:17 [INFO]: Epoch 042 - training loss (MAE): 7.4765, validation MSE: 21.1946
2026-06-04 13:17:17 [INFO]: Epoch 043 - training loss (MAE): 7.4014, validation MSE: 20.9530
2026-06-04 13:17:17 [INFO]: Epoch 044 - training loss (MAE): 7.3236, validation MSE: 20.7143
2026-06-04 13:17:17 [INFO]: Epoch 045 - training loss (MAE): 7.2661, validation MSE: 20.4784
2026-06-04 13:17:18 [INFO]: Epoch 046 - training loss (MAE): 7.2962, validation MSE: 20.2451
2026-06-04 13:17:18 [INFO]: Epoch 047 - training loss (MAE): 7.2296, validation MSE: 20.0141
2026-06-04 13:17:18 [INFO]: Epoch 048 - training loss (MAE): 7.1568, validation MSE: 19.7853
2026-06-04 13:17:18 [INFO]: Epoch 049 - training loss (MAE): 7.1210, validation MSE: 19.5589
2026-06-04 13:17:18 [INFO]: Epoch 050 - training loss (MAE): 7.0475, validation MSE: 19.3349
2026-06-04 13:17:18 [INFO]: Epoch 051 - training loss (MAE): 7.0146, validation MSE: 19.1137
2026-06-04 13:17:18 [INFO]: Epoch 052 - training loss (MAE): 6.9649, validation MSE: 18.8950
2026-06-04 13:17:18 [INFO]: Epoch 053 - training loss (MAE): 6.9168, validation MSE: 18.6790
2026-06-04 13:17:18 [INFO]: Epoch 054 - training loss (MAE): 6.9327, validation MSE: 18.4651
2026-06-04 13:17:18 [INFO]: Epoch 055 - training loss (MAE): 6.8404, validation MSE: 18.2533
2026-06-04 13:17:18 [INFO]: Epoch 056 - training loss (MAE): 6.8106, validation MSE: 18.0437
2026-06-04 13:17:18 [INFO]: Epoch 057 - training loss (MAE): 6.7343, validation MSE: 17.8365
2026-06-04 13:17:18 [INFO]: Epoch 058 - training loss (MAE): 6.7295, validation MSE: 17.6316
2026-06-04 13:17:18 [INFO]: Epoch 059 - training loss (MAE): 6.6803, validation MSE: 17.4292
2026-06-04 13:17:18 [INFO]: Epoch 060 - training loss (MAE): 6.6362, validation MSE: 17.2288
2026-06-04 13:17:18 [INFO]: Finished training. The best model is from epoch#60.
2026-06-04 13:17:18 [INFO]: Saved the model to output/imputation/cuda/paper_campaign/tefn/etth1/mr0.3/seed42/TEFN.pypots
[TEFN] Testing —— MAE: 3.2743| MSE: 18.2824| RMSE: 4.2758| MRE: 3.8597| 
📊 Metrics saved to: output/imputation/cuda/paper_campaign/tefn/etth1/mr0.3/seed42/metrics/tefn_metrics.json
