2026-06-04 09:46:54 [INFO]: Have set the random seed as 42 for numpy and pytorch.
2026-06-04 09:46:55 [INFO]: 🔥🔥🔥🔥🔥🔥🔥🔥🔥🔥Using device list: ['cuda:0']
2026-06-04 09:46:55 [INFO]: 🔥🔥🔥🔥🔥🔥🔥🔥🔥🔥Using the given device: cuda:0
2026-06-04 09:46:55 [INFO]: Model files will be saved to output/imputation/cuda/paper_campaign/tslanet/citylearn_zone5/mr0.1/seed42
2026-06-04 09:46:55 [INFO]: Tensorboard file will be saved to output/imputation/cuda/paper_campaign/tslanet/citylearn_zone5/mr0.1/seed42/tensorboard
2026-06-04 09:46:56 [INFO]: Model placed on cuda:0
2026-06-04 09:46:56 [INFO]: TSLANet initialized with the given hyperparameters.
 ├─ Total parameters: 416,106
 ├─ Trainable parameters: 416,106
 └─ Trainable ratio: 100.00%
2026-06-04 09:46:58 [INFO]: Epoch 001 - training loss (default): 0.1276, validation loss: 0.0692
2026-06-04 09:47:00 [INFO]: Epoch 002 - training loss (default): 0.0409, validation loss: 0.0441
2026-06-04 09:47:03 [INFO]: Epoch 003 - training loss (default): 0.0248, validation loss: 0.0332
2026-06-04 09:47:05 [INFO]: Epoch 004 - training loss (default): 0.0178, validation loss: 0.0264
2026-06-04 09:47:07 [INFO]: Epoch 005 - training loss (default): 0.0138, validation loss: 0.0216
2026-06-04 09:47:09 [INFO]: Epoch 006 - training loss (default): 0.0114, validation loss: 0.0184
2026-06-04 09:47:12 [INFO]: Epoch 007 - training loss (default): 0.0095, validation loss: 0.0158
2026-06-04 09:47:14 [INFO]: Epoch 008 - training loss (default): 0.0081, validation loss: 0.0139
2026-06-04 09:47:16 [INFO]: Epoch 009 - training loss (default): 0.0071, validation loss: 0.0126
2026-06-04 09:47:18 [INFO]: Epoch 010 - training loss (default): 0.0062, validation loss: 0.0115
2026-06-04 09:47:21 [INFO]: Epoch 011 - training loss (default): 0.0056, validation loss: 0.0104
2026-06-04 09:47:23 [INFO]: Epoch 012 - training loss (default): 0.0051, validation loss: 0.0096
2026-06-04 09:47:25 [INFO]: Epoch 013 - training loss (default): 0.0046, validation loss: 0.0089
2026-06-04 09:47:27 [INFO]: Epoch 014 - training loss (default): 0.0042, validation loss: 0.0084
2026-06-04 09:47:29 [INFO]: Epoch 015 - training loss (default): 0.0038, validation loss: 0.0077
2026-06-04 09:47:32 [INFO]: Epoch 016 - training loss (default): 0.0035, validation loss: 0.0074
2026-06-04 09:47:35 [INFO]: Epoch 017 - training loss (default): 0.0033, validation loss: 0.0070
2026-06-04 09:47:37 [INFO]: Epoch 018 - training loss (default): 0.0031, validation loss: 0.0067
2026-06-04 09:47:40 [INFO]: Epoch 019 - training loss (default): 0.0028, validation loss: 0.0064
2026-06-04 09:47:42 [INFO]: Epoch 020 - training loss (default): 0.0026, validation loss: 0.0060
2026-06-04 09:47:45 [INFO]: Epoch 021 - training loss (default): 0.0024, validation loss: 0.0056
2026-06-04 09:47:47 [INFO]: Epoch 022 - training loss (default): 0.0023, validation loss: 0.0054
2026-06-04 09:47:50 [INFO]: Epoch 023 - training loss (default): 0.0021, validation loss: 0.0052
2026-06-04 09:47:53 [INFO]: Epoch 024 - training loss (default): 0.0020, validation loss: 0.0050
2026-06-04 09:47:55 [INFO]: Epoch 025 - training loss (default): 0.0019, validation loss: 0.0047
2026-06-04 09:47:58 [INFO]: Epoch 026 - training loss (default): 0.0018, validation loss: 0.0045
2026-06-04 09:48:00 [INFO]: Epoch 027 - training loss (default): 0.0017, validation loss: 0.0044
2026-06-04 09:48:03 [INFO]: Epoch 028 - training loss (default): 0.0016, validation loss: 0.0042
2026-06-04 09:48:05 [INFO]: Epoch 029 - training loss (default): 0.0015, validation loss: 0.0039
2026-06-04 09:48:08 [INFO]: Epoch 030 - training loss (default): 0.0014, validation loss: 0.0039
2026-06-04 09:48:11 [INFO]: Epoch 031 - training loss (default): 0.0014, validation loss: 0.0037
2026-06-04 09:48:13 [INFO]: Epoch 032 - training loss (default): 0.0013, validation loss: 0.0035
2026-06-04 09:48:16 [INFO]: Epoch 033 - training loss (default): 0.0012, validation loss: 0.0033
2026-06-04 09:48:18 [INFO]: Epoch 034 - training loss (default): 0.0012, validation loss: 0.0033
2026-06-04 09:48:21 [INFO]: Epoch 035 - training loss (default): 0.0011, validation loss: 0.0032
2026-06-04 09:48:23 [INFO]: Epoch 036 - training loss (default): 0.0011, validation loss: 0.0031
2026-06-04 09:48:26 [INFO]: Epoch 037 - training loss (default): 0.0010, validation loss: 0.0029
2026-06-04 09:48:28 [INFO]: Epoch 038 - training loss (default): 0.0009, validation loss: 0.0028
2026-06-04 09:48:31 [INFO]: Epoch 039 - training loss (default): 0.0009, validation loss: 0.0027
2026-06-04 09:48:33 [INFO]: Epoch 040 - training loss (default): 0.0009, validation loss: 0.0026
2026-06-04 09:48:36 [INFO]: Epoch 041 - training loss (default): 0.0008, validation loss: 0.0026
2026-06-04 09:48:39 [INFO]: Epoch 042 - training loss (default): 0.0008, validation loss: 0.0024
2026-06-04 09:48:41 [INFO]: Epoch 043 - training loss (default): 0.0008, validation loss: 0.0023
2026-06-04 09:48:44 [INFO]: Epoch 044 - training loss (default): 0.0007, validation loss: 0.0023
2026-06-04 09:48:46 [INFO]: Epoch 045 - training loss (default): 0.0007, validation loss: 0.0023
2026-06-04 09:48:49 [INFO]: Epoch 046 - training loss (default): 0.0007, validation loss: 0.0021
2026-06-04 09:48:51 [INFO]: Epoch 047 - training loss (default): 0.0006, validation loss: 0.0020
2026-06-04 09:48:54 [INFO]: Epoch 048 - training loss (default): 0.0006, validation loss: 0.0020
2026-06-04 09:48:56 [INFO]: Epoch 049 - training loss (default): 0.0006, validation loss: 0.0020
2026-06-04 09:48:58 [INFO]: Epoch 050 - training loss (default): 0.0006, validation loss: 0.0018
2026-06-04 09:49:00 [INFO]: Epoch 051 - training loss (default): 0.0005, validation loss: 0.0019
2026-06-04 09:49:02 [INFO]: Epoch 052 - training loss (default): 0.0005, validation loss: 0.0018
2026-06-04 09:49:05 [INFO]: Epoch 053 - training loss (default): 0.0005, validation loss: 0.0017
2026-06-04 09:49:07 [INFO]: Epoch 054 - training loss (default): 0.0005, validation loss: 0.0016
2026-06-04 09:49:09 [INFO]: Epoch 055 - training loss (default): 0.0005, validation loss: 0.0016
2026-06-04 09:49:11 [INFO]: Epoch 056 - training loss (default): 0.0004, validation loss: 0.0015
2026-06-04 09:49:14 [INFO]: Epoch 057 - training loss (default): 0.0004, validation loss: 0.0015
2026-06-04 09:49:16 [INFO]: Epoch 058 - training loss (default): 0.0004, validation loss: 0.0015
2026-06-04 09:49:18 [INFO]: Epoch 059 - training loss (default): 0.0004, validation loss: 0.0014
2026-06-04 09:49:20 [INFO]: Epoch 060 - training loss (default): 0.0004, validation loss: 0.0014
2026-06-04 09:49:20 [INFO]: Finished training. The best model is from epoch#60.
2026-06-04 09:49:20 [INFO]: Saved the model to output/imputation/cuda/paper_campaign/tslanet/citylearn_zone5/mr0.1/seed42/TSLANet.pypots
[34m
████████╗██╗███╗   ███╗███████╗    ███████╗███████╗██████╗ ██╗███████╗███████╗    █████╗ ██╗
╚══██╔══╝██║████╗ ████║██╔════╝    ██╔════╝██╔════╝██╔══██╗██║██╔════╝██╔════╝   ██╔══██╗██║
   ██║   ██║██╔████╔██║█████╗█████╗███████╗█████╗  ██████╔╝██║█████╗  ███████╗   ███████║██║
   ██║   ██║██║╚██╔╝██║██╔══╝╚════╝╚════██║██╔══╝  ██╔══██╗██║██╔══╝  ╚════██║   ██╔══██║██║
   ██║   ██║██║ ╚═╝ ██║███████╗    ███████║███████╗██║  ██║██║███████╗███████║██╗██║  ██║██║
   ╚═╝   ╚═╝╚═╝     ╚═╝╚══════╝    ╚══════╝╚══════╝╚═╝  ╚═╝╚═╝╚══════╝╚══════╝╚═╝╚═╝  ╚═╝╚═╝
ai4ts v0.0.3 - building AI for unified time-series analysis, https://time-series.ai [0m

Use Train GPT: False
Use Lora: False
Use Profiling: False
🚀 Running imputation pipeline for model: tslanet
✅ Dataset 'citylearn_zone5' with missing rate 0.1 loaded at: /home/Aboya_25R9803/projects/lab/SUN/iPyPOTS/datasets/rate_0.1
🚀 Starting TSLANet training pipeline...
[TSLANet] Testing —— MAE: 0.8194| MSE: 0.9373| RMSE: 0.9681| MRE: 1.0074| 
📊 Metrics saved to: output/imputation/cuda/paper_campaign/tslanet/citylearn_zone5/mr0.1/seed42/metrics/tslanet_metrics.json
