2026-06-04 05:28:57 [INFO]: Have set the random seed as 123 for numpy and pytorch.
2026-06-04 05:28:59 [INFO]: 🔥🔥🔥🔥🔥🔥🔥🔥🔥🔥Using device list: ['cuda:0']
2026-06-04 05:28:59 [INFO]: 🔥🔥🔥🔥🔥🔥🔥🔥🔥🔥Using the given device: cuda:0
2026-06-04 05:28:59 [INFO]: Model files will be saved to output/imputation/cuda/paper_campaign/tefn/opsd_germany/mr0.3/seed123
2026-06-04 05:28:59 [INFO]: Tensorboard file will be saved to output/imputation/cuda/paper_campaign/tefn/opsd_germany/mr0.3/seed123/tensorboard
2026-06-04 05:28:59 [INFO]: Using customized MAE as the training loss function.
2026-06-04 05:28:59 [INFO]: Using customized MSE as the validation metric function.
2026-06-04 05:29:00 [INFO]: Model placed on cuda:0
2026-06-04 05:29:00 [INFO]: TEFN initialized with the given hyperparameters.
 ├─ Total parameters: 5,906
 ├─ Trainable parameters: 5,906
 └─ Trainable ratio: 100.00%
2026-06-04 05:29:02 [INFO]: Epoch 001 - training loss (MAE): 8.7152, validation MSE: 24.8536
2026-06-04 05:29:03 [INFO]: Epoch 002 - training loss (MAE): 6.9618, validation MSE: 17.2847
2026-06-04 05:29:04 [INFO]: Epoch 003 - training loss (MAE): 5.5822, validation MSE: 11.8988
2026-06-04 05:29:06 [INFO]: Epoch 004 - training loss (MAE): 4.4466, validation MSE: 8.3293
2026-06-04 05:29:07 [INFO]: Epoch 005 - training loss (MAE): 3.5861, validation MSE: 5.9334
2026-06-04 05:29:08 [INFO]: Epoch 006 - training loss (MAE): 2.9182, validation MSE: 4.2463
2026-06-04 05:29:10 [INFO]: Epoch 007 - training loss (MAE): 2.4083, validation MSE: 3.0904
2026-06-04 05:29:12 [INFO]: Epoch 008 - training loss (MAE): 2.0052, validation MSE: 2.3050
2026-06-04 05:29:14 [INFO]: Epoch 009 - training loss (MAE): 1.6845, validation MSE: 1.7915
2026-06-04 05:29:16 [INFO]: Epoch 010 - training loss (MAE): 1.4516, validation MSE: 1.4639
2026-06-04 05:29:18 [INFO]: Epoch 011 - training loss (MAE): 1.2818, validation MSE: 1.2597
2026-06-04 05:29:19 [INFO]: Epoch 012 - training loss (MAE): 1.1617, validation MSE: 1.1345
2026-06-04 05:29:21 [INFO]: Epoch 013 - training loss (MAE): 1.0766, validation MSE: 1.0588
2026-06-04 05:29:23 [INFO]: Epoch 014 - training loss (MAE): 1.0110, validation MSE: 1.0013
2026-06-04 05:29:25 [INFO]: Epoch 015 - training loss (MAE): 0.9579, validation MSE: 0.9603
2026-06-04 05:29:27 [INFO]: Epoch 016 - training loss (MAE): 0.9123, validation MSE: 0.9354
2026-06-04 05:29:29 [INFO]: Epoch 017 - training loss (MAE): 0.8741, validation MSE: 0.9049
2026-06-04 05:29:31 [INFO]: Epoch 018 - training loss (MAE): 0.8395, validation MSE: 0.8909
2026-06-04 05:29:32 [INFO]: Epoch 019 - training loss (MAE): 0.8093, validation MSE: 0.8862
2026-06-04 05:29:34 [INFO]: Epoch 020 - training loss (MAE): 0.7824, validation MSE: 0.8825
2026-06-04 05:29:36 [INFO]: Epoch 021 - training loss (MAE): 0.7587, validation MSE: 0.8758
2026-06-04 05:29:38 [INFO]: Epoch 022 - training loss (MAE): 0.7390, validation MSE: 0.8711
2026-06-04 05:29:40 [INFO]: Epoch 023 - training loss (MAE): 0.7217, validation MSE: 0.8668
2026-06-04 05:29:42 [INFO]: Epoch 024 - training loss (MAE): 0.7084, validation MSE: 0.8645
2026-06-04 05:29:43 [INFO]: Epoch 025 - training loss (MAE): 0.6982, validation MSE: 0.8635
2026-06-04 05:29:45 [INFO]: Epoch 026 - training loss (MAE): 0.6920, validation MSE: 0.8584
2026-06-04 05:29:48 [INFO]: Epoch 027 - training loss (MAE): 0.6851, validation MSE: 0.8569
2026-06-04 05:29:50 [INFO]: Epoch 028 - training loss (MAE): 0.6796, validation MSE: 0.8483
2026-06-04 05:29:52 [INFO]: Epoch 029 - training loss (MAE): 0.6745, validation MSE: 0.8463
2026-06-04 05:29:54 [INFO]: Epoch 030 - training loss (MAE): 0.6708, validation MSE: 0.8456
2026-06-04 05:29:55 [INFO]: Epoch 031 - training loss (MAE): 0.6682, validation MSE: 0.8462
2026-06-04 05:29:57 [INFO]: Epoch 032 - training loss (MAE): 0.6659, validation MSE: 0.8462
2026-06-04 05:29:59 [INFO]: Epoch 033 - training loss (MAE): 0.6641, validation MSE: 0.8448
2026-06-04 05:30:00 [INFO]: Epoch 034 - training loss (MAE): 0.6627, validation MSE: 0.8446
2026-06-04 05:30:02 [INFO]: Epoch 035 - training loss (MAE): 0.6599, validation MSE: 0.8469
2026-06-04 05:30:03 [INFO]: Epoch 036 - training loss (MAE): 0.6588, validation MSE: 0.8450
2026-06-04 05:30:04 [INFO]: Epoch 037 - training loss (MAE): 0.6585, validation MSE: 0.8473
2026-06-04 05:30:06 [INFO]: Epoch 038 - training loss (MAE): 0.6577, validation MSE: 0.8441
2026-06-04 05:30:07 [INFO]: Epoch 039 - training loss (MAE): 0.6578, validation MSE: 0.8438
2026-06-04 05:30:09 [INFO]: Epoch 040 - training loss (MAE): 0.6570, validation MSE: 0.8466
2026-06-04 05:30:10 [INFO]: Epoch 041 - training loss (MAE): 0.6573, validation MSE: 0.8456
2026-06-04 05:30:11 [INFO]: Epoch 042 - training loss (MAE): 0.6561, validation MSE: 0.8478
2026-06-04 05:30:13 [INFO]: Epoch 043 - training loss (MAE): 0.6561, validation MSE: 0.8458
2026-06-04 05:30:14 [INFO]: Epoch 044 - training loss (MAE): 0.6568, validation MSE: 0.8470
2026-06-04 05:30:15 [INFO]: Epoch 045 - training loss (MAE): 0.6569, validation MSE: 0.8475
2026-06-04 05:30:17 [INFO]: Epoch 046 - training loss (MAE): 0.6568, validation MSE: 0.8423
2026-06-04 05:30:18 [INFO]: Epoch 047 - training loss (MAE): 0.6561, validation MSE: 0.8453
2026-06-04 05:30:19 [INFO]: Epoch 048 - training loss (MAE): 0.6559, validation MSE: 0.8481
2026-06-04 05:30:21 [INFO]: Epoch 049 - training loss (MAE): 0.6560, validation MSE: 0.8507
2026-06-04 05:30:22 [INFO]: Epoch 050 - training loss (MAE): 0.6572, validation MSE: 0.8459
2026-06-04 05:30:23 [INFO]: Epoch 051 - training loss (MAE): 0.6562, validation MSE: 0.8445
2026-06-04 05:30:25 [INFO]: Epoch 052 - training loss (MAE): 0.6564, validation MSE: 0.8489
2026-06-04 05:30:26 [INFO]: Epoch 053 - training loss (MAE): 0.6568, validation MSE: 0.8467
2026-06-04 05:30:27 [INFO]: Epoch 054 - training loss (MAE): 0.6568, validation MSE: 0.8478
2026-06-04 05:30:29 [INFO]: Epoch 055 - training loss (MAE): 0.6555, validation MSE: 0.8493
2026-06-04 05:30:30 [INFO]: Epoch 056 - training loss (MAE): 0.6565, validation MSE: 0.8465
2026-06-04 05:30:32 [INFO]: Epoch 057 - training loss (MAE): 0.6565, validation MSE: 0.8474
2026-06-04 05:30:34 [INFO]: Epoch 058 - training loss (MAE): 0.6558, validation MSE: 0.8487
2026-06-04 05:30:34 [INFO]: Exceeded the training patience. Terminating the training procedure...
2026-06-04 05:30:34 [INFO]: Finished training. The best model is from epoch#46.
2026-06-04 05:30:34 [INFO]: Saved the model to output/imputation/cuda/paper_campaign/tefn/opsd_germany/mr0.3/seed123/TEFN.pypots
[34m
████████╗██╗███╗   ███╗███████╗    ███████╗███████╗██████╗ ██╗███████╗███████╗    █████╗ ██╗
╚══██╔══╝██║████╗ ████║██╔════╝    ██╔════╝██╔════╝██╔══██╗██║██╔════╝██╔════╝   ██╔══██╗██║
   ██║   ██║██╔████╔██║█████╗█████╗███████╗█████╗  ██████╔╝██║█████╗  ███████╗   ███████║██║
   ██║   ██║██║╚██╔╝██║██╔══╝╚════╝╚════██║██╔══╝  ██╔══██╗██║██╔══╝  ╚════██║   ██╔══██║██║
   ██║   ██║██║ ╚═╝ ██║███████╗    ███████║███████╗██║  ██║██║███████╗███████║██╗██║  ██║██║
   ╚═╝   ╚═╝╚═╝     ╚═╝╚══════╝    ╚══════╝╚══════╝╚═╝  ╚═╝╚═╝╚══════╝╚══════╝╚═╝╚═╝  ╚═╝╚═╝
ai4ts v0.0.3 - building AI for unified time-series analysis, https://time-series.ai [0m

Use Train GPT: False
Use Lora: False
Use Profiling: False
🚀 Running imputation pipeline for model: tefn
✅ Dataset 'opsd_germany' with missing rate 0.3 loaded at: /home/Aboya_25R9803/projects/lab/SUN/iPyPOTS/datasets/rate_0.3
🚀 Starting TEFN training pipeline...
[TEFN] Testing —— MAE: 0.6618| MSE: 0.9220| RMSE: 0.9602| MRE: 0.7288| 
📊 Metrics saved to: output/imputation/cuda/paper_campaign/tefn/opsd_germany/mr0.3/seed123/metrics/tefn_metrics.json
