2026-06-04 05:59:59 [INFO]: Have set the random seed as 456 for numpy and pytorch.
2026-06-04 05:59:59 [INFO]: You're using dataset electricity_load_diagrams, please cite it properly in your work. You can find its reference information at the below link: 
https://github.com/WenjieDu/TSDB/tree/main/dataset_profiles/electricity_load_diagrams
2026-06-04 05:59:59 [INFO]: Dataset electricity_load_diagrams has already been downloaded. Processing directly...
2026-06-04 05:59:59 [INFO]: Dataset electricity_load_diagrams has already been cached. Loading from cache directly...
2026-06-04 05:59:59 [INFO]: Loaded successfully!
2026-06-04 05:59:59 [INFO]: months selected as test set are <PeriodArray>
['2011-01', '2011-02', '2011-03', '2011-04', '2011-05', '2011-06', '2011-07',
 '2011-08', '2011-09', '2011-10']
Length: 10, dtype: period[M]
2026-06-04 05:59:59 [INFO]: months selected as val set are <PeriodArray>
['2011-11', '2011-12', '2012-01', '2012-02', '2012-03', '2012-04', '2012-05',
 '2012-06', '2012-07', '2012-08']
Length: 10, dtype: period[M]
2026-06-04 05:59:59 [INFO]: months selected as train set are <PeriodArray>
['2012-09', '2012-10', '2012-11', '2012-12', '2013-01', '2013-02', '2013-03',
 '2013-04', '2013-05', '2013-06', '2013-07', '2013-08', '2013-09', '2013-10',
 '2013-11', '2013-12', '2014-01', '2014-02', '2014-03', '2014-04', '2014-05',
 '2014-06', '2014-07', '2014-08', '2014-09', '2014-10', '2014-11', '2014-12',
 '2015-01']
Length: 29, dtype: period[M]
2026-06-04 06:00:01 [INFO]: Total sample number: 5843
2026-06-04 06:00:01 [INFO]: Training set size: 3408 (58.33%)
2026-06-04 06:00:01 [INFO]: Validation set size: 1220 (20.88%)
2026-06-04 06:00:01 [INFO]: Test set size: 1215 (20.79%)
2026-06-04 06:00:01 [INFO]: Number of steps: 24
2026-06-04 06:00:01 [INFO]: Number of features: 370
2026-06-04 06:00:01 [INFO]: Train set missing rate: 49.99%
2026-06-04 06:00:01 [INFO]: Validating set missing rate: 50.02%
2026-06-04 06:00:01 [INFO]: Test set missing rate: 49.99%
2026-06-04 06:00:01 [INFO]: 🔥🔥🔥🔥🔥🔥🔥🔥🔥🔥Using device list: ['cuda:0']
2026-06-04 06:00:01 [INFO]: 🔥🔥🔥🔥🔥🔥🔥🔥🔥🔥Using the given device: cuda:0
2026-06-04 06:00:02 [INFO]: Model files will be saved to output/imputation/cuda/paper_campaign/tslanet/eld/mr0.5/seed456
2026-06-04 06:00:02 [INFO]: Tensorboard file will be saved to output/imputation/cuda/paper_campaign/tslanet/eld/mr0.5/seed456/tensorboard
2026-06-04 06:00:02 [INFO]: Model placed on cuda:0
2026-06-04 06:00:02 [INFO]: TSLANet initialized with the given hyperparameters.
 ├─ Total parameters: 130,266
 ├─ Trainable parameters: 130,266
 └─ Trainable ratio: 100.00%
2026-06-04 06:00:08 [INFO]: Epoch 001 - training loss (default): 0.1348, validation loss: 0.4827
2026-06-04 06:00:13 [INFO]: Epoch 002 - training loss (default): 0.0677, validation loss: 0.3639
2026-06-04 06:00:19 [INFO]: Epoch 003 - training loss (default): 0.0457, validation loss: 0.3314
2026-06-04 06:00:25 [INFO]: Epoch 004 - training loss (default): 0.0362, validation loss: 0.2781
2026-06-04 06:00:31 [INFO]: Epoch 005 - training loss (default): 0.0307, validation loss: 0.2409
2026-06-04 06:00:37 [INFO]: Epoch 006 - training loss (default): 0.0267, validation loss: 0.2214
2026-06-04 06:00:43 [INFO]: Epoch 007 - training loss (default): 0.0235, validation loss: 0.1931
2026-06-04 06:00:49 [INFO]: Epoch 008 - training loss (default): 0.0210, validation loss: 0.1801
2026-06-04 06:00:55 [INFO]: Epoch 009 - training loss (default): 0.0187, validation loss: 0.1486
2026-06-04 06:01:01 [INFO]: Epoch 010 - training loss (default): 0.0167, validation loss: 0.1450
2026-06-04 06:01:07 [INFO]: Epoch 011 - training loss (default): 0.0150, validation loss: 0.1301
2026-06-04 06:01:13 [INFO]: Epoch 012 - training loss (default): 0.0135, validation loss: 0.1203
2026-06-04 06:01:19 [INFO]: Epoch 013 - training loss (default): 0.0121, validation loss: 0.1016
2026-06-04 06:01:25 [INFO]: Epoch 014 - training loss (default): 0.0109, validation loss: 0.0969
2026-06-04 06:01:31 [INFO]: Epoch 015 - training loss (default): 0.0098, validation loss: 0.0921
2026-06-04 06:01:37 [INFO]: Epoch 016 - training loss (default): 0.0088, validation loss: 0.0723
2026-06-04 06:01:43 [INFO]: Epoch 017 - training loss (default): 0.0079, validation loss: 0.0653
2026-06-04 06:01:48 [INFO]: Epoch 018 - training loss (default): 0.0071, validation loss: 0.0624
2026-06-04 06:01:54 [INFO]: Epoch 019 - training loss (default): 0.0063, validation loss: 0.0537
2026-06-04 06:01:59 [INFO]: Epoch 020 - training loss (default): 0.0057, validation loss: 0.0517
2026-06-04 06:02:04 [INFO]: Epoch 021 - training loss (default): 0.0051, validation loss: 0.0403
2026-06-04 06:02:09 [INFO]: Epoch 022 - training loss (default): 0.0046, validation loss: 0.0387
2026-06-04 06:02:15 [INFO]: Epoch 023 - training loss (default): 0.0041, validation loss: 0.0346
2026-06-04 06:02:20 [INFO]: Epoch 024 - training loss (default): 0.0037, validation loss: 0.0302
2026-06-04 06:02:26 [INFO]: Epoch 025 - training loss (default): 0.0033, validation loss: 0.0288
2026-06-04 06:02:32 [INFO]: Epoch 026 - training loss (default): 0.0029, validation loss: 0.0245
2026-06-04 06:02:38 [INFO]: Epoch 027 - training loss (default): 0.0026, validation loss: 0.0216
2026-06-04 06:02:44 [INFO]: Epoch 028 - training loss (default): 0.0023, validation loss: 0.0183
2026-06-04 06:02:50 [INFO]: Epoch 029 - training loss (default): 0.0021, validation loss: 0.0169
2026-06-04 06:02:56 [INFO]: Epoch 030 - training loss (default): 0.0019, validation loss: 0.0151
2026-06-04 06:03:02 [INFO]: Epoch 031 - training loss (default): 0.0017, validation loss: 0.0133
2026-06-04 06:03:08 [INFO]: Epoch 032 - training loss (default): 0.0015, validation loss: 0.0118
2026-06-04 06:03:14 [INFO]: Epoch 033 - training loss (default): 0.0013, validation loss: 0.0105
2026-06-04 06:03:20 [INFO]: Epoch 034 - training loss (default): 0.0012, validation loss: 0.0089
2026-06-04 06:03:26 [INFO]: Epoch 035 - training loss (default): 0.0011, validation loss: 0.0084
2026-06-04 06:03:32 [INFO]: Epoch 036 - training loss (default): 0.0009, validation loss: 0.0067
2026-06-04 06:03:38 [INFO]: Epoch 037 - training loss (default): 0.0008, validation loss: 0.0063
2026-06-04 06:03:44 [INFO]: Epoch 038 - training loss (default): 0.0008, validation loss: 0.0054
2026-06-04 06:03:50 [INFO]: Epoch 039 - training loss (default): 0.0007, validation loss: 0.0050
2026-06-04 06:03:56 [INFO]: Epoch 040 - training loss (default): 0.0006, validation loss: 0.0041
2026-06-04 06:04:01 [INFO]: Epoch 041 - training loss (default): 0.0005, validation loss: 0.0036
2026-06-04 06:04:06 [INFO]: Epoch 042 - training loss (default): 0.0005, validation loss: 0.0033
2026-06-04 06:04:11 [INFO]: Epoch 043 - training loss (default): 0.0004, validation loss: 0.0028
2026-06-04 06:04:16 [INFO]: Epoch 044 - training loss (default): 0.0004, validation loss: 0.0025
2026-06-04 06:04:22 [INFO]: Epoch 045 - training loss (default): 0.0003, validation loss: 0.0022
2026-06-04 06:04:27 [INFO]: Epoch 046 - training loss (default): 0.0003, validation loss: 0.0018
2026-06-04 06:04:32 [INFO]: Epoch 047 - training loss (default): 0.0003, validation loss: 0.0016
2026-06-04 06:04:37 [INFO]: Epoch 048 - training loss (default): 0.0002, validation loss: 0.0015
2026-06-04 06:04:40 [INFO]: Epoch 049 - training loss (default): 0.0002, validation loss: 0.0011
2026-06-04 06:04:45 [INFO]: Epoch 050 - training loss (default): 0.0002, validation loss: 0.0011
2026-06-04 06:04:51 [INFO]: Epoch 051 - training loss (default): 0.0002, validation loss: 0.0010
2026-06-04 06:04:56 [INFO]: Epoch 052 - training loss (default): 0.0002, validation loss: 0.0009
2026-06-04 06:05:02 [INFO]: Epoch 053 - training loss (default): 0.0001, validation loss: 0.0007
2026-06-04 06:05:08 [INFO]: Epoch 054 - training loss (default): 0.0001, validation loss: 0.0006
2026-06-04 06:05:13 [INFO]: Epoch 055 - training loss (default): 0.0001, validation loss: 0.0005
2026-06-04 06:05:19 [INFO]: Epoch 056 - training loss (default): 0.0001, validation loss: 0.0005
2026-06-04 06:05:24 [INFO]: Epoch 057 - training loss (default): 0.0001, validation loss: 0.0004
2026-06-04 06:05:29 [INFO]: Epoch 058 - training loss (default): 0.0001, validation loss: 0.0004
2026-06-04 06:05:34 [INFO]: Epoch 059 - training loss (default): 0.0001, validation loss: 0.0003
2026-06-04 06:05:39 [INFO]: Epoch 060 - training loss (default): 0.0001, validation loss: 0.0003
2026-06-04 06:05:39 [INFO]: Finished training. The best model is from epoch#60.
2026-06-04 06:05:40 [INFO]: Saved the model to output/imputation/cuda/paper_campaign/tslanet/eld/mr0.5/seed456/TSLANet.pypots
[34m
████████╗██╗███╗   ███╗███████╗    ███████╗███████╗██████╗ ██╗███████╗███████╗    █████╗ ██╗
╚══██╔══╝██║████╗ ████║██╔════╝    ██╔════╝██╔════╝██╔══██╗██║██╔════╝██╔════╝   ██╔══██╗██║
   ██║   ██║██╔████╔██║█████╗█████╗███████╗█████╗  ██████╔╝██║█████╗  ███████╗   ███████║██║
   ██║   ██║██║╚██╔╝██║██╔══╝╚════╝╚════██║██╔══╝  ██╔══██╗██║██╔══╝  ╚════██║   ██╔══██║██║
   ██║   ██║██║ ╚═╝ ██║███████╗    ███████║███████╗██║  ██║██║███████╗███████║██╗██║  ██║██║
   ╚═╝   ╚═╝╚═╝     ╚═╝╚══════╝    ╚══════╝╚══════╝╚═╝  ╚═╝╚═╝╚══════╝╚══════╝╚═╝╚═╝  ╚═╝╚═╝
ai4ts v0.0.3 - building AI for unified time-series analysis, https://time-series.ai [0m

Use Train GPT: False
Use Lora: False
Use Profiling: False
🚀 Running imputation pipeline for model: tslanet
✅ Dataset 'eld' with missing rate 0.5 loaded at: /home/Aboya_25R9803/projects/lab/SUN/iPyPOTS/datasets/rate_0.5
🚀 Starting TSLANet training pipeline...
[TSLANet] Testing —— MAE: 1.8674| MSE: 5.8802| RMSE: 2.4249| MRE: 1.0001| 
📊 Metrics saved to: output/imputation/cuda/paper_campaign/tslanet/eld/mr0.5/seed456/metrics/tslanet_metrics.json
