2026-06-04 06:09:49 [INFO]: Have set the random seed as 123 for numpy and pytorch.
2026-06-04 06:09:49 [INFO]: You're using dataset solar_alabama, please cite it properly in your work. You can find its reference information at the below link: 
https://github.com/WenjieDu/TSDB/tree/main/dataset_profiles/solar_alabama
2026-06-04 06:09:49 [INFO]: Dataset solar_alabama has already been downloaded. Processing directly...
2026-06-04 06:09:49 [INFO]: Dataset solar_alabama has already been cached. Loading from cache directly...
2026-06-04 06:09:49 [INFO]: Loaded successfully!
2026-06-04 06:09:49 [INFO]: months selected as train set are <PeriodArray>
['2006-01', '2006-02', '2006-03', '2006-04', '2006-05', '2006-06']
Length: 6, dtype: period[M]
2026-06-04 06:09:49 [INFO]: months selected as val set are <PeriodArray>
['2006-07', '2006-08', '2006-09']
Length: 3, dtype: period[M]
2026-06-04 06:09:49 [INFO]: months selected as test set are <PeriodArray>
['2006-10', '2006-11', '2006-12']
Length: 3, dtype: period[M]
2026-06-04 06:09:49 [INFO]: Total sample number: 2190
2026-06-04 06:09:49 [INFO]: Training set size: 1086 (49.59%)
2026-06-04 06:09:49 [INFO]: Validation set size: 552 (25.21%)
2026-06-04 06:09:49 [INFO]: Test set size: 552 (25.21%)
2026-06-04 06:09:49 [INFO]: Number of steps: 24
2026-06-04 06:09:49 [INFO]: Number of features: 137
2026-06-04 06:09:49 [INFO]: Train set missing rate: 49.99%
2026-06-04 06:09:49 [INFO]: Validating set missing rate: 50.00%
2026-06-04 06:09:49 [INFO]: Test set missing rate: 49.98%
2026-06-04 06:09:49 [INFO]: 🔥🔥🔥🔥🔥🔥🔥🔥🔥🔥Using device list: ['cuda:0']
2026-06-04 06:09:49 [INFO]: 🔥🔥🔥🔥🔥🔥🔥🔥🔥🔥Using the given device: cuda:0
2026-06-04 06:09:50 [INFO]: Model files will be saved to output/imputation/cuda/paper_campaign/tefn/solar/mr0.5/seed123
2026-06-04 06:09:50 [INFO]: Tensorboard file will be saved to output/imputation/cuda/paper_campaign/tefn/solar/mr0.5/seed123/tensorboard
2026-06-04 06:09:50 [INFO]: Using customized MAE as the training loss function.
2026-06-04 06:09:50 [INFO]: Using customized MSE as the validation metric function.
2026-06-04 06:09:50 [INFO]: Model placed on cuda:0
2026-06-04 06:09:50 [INFO]: TEFN initialized with the given hyperparameters.
 ├─ Total parameters: 42,827
 ├─ Trainable parameters: 42,827
 └─ Trainable ratio: 100.00%
2026-06-04 06:09:51 [INFO]: Epoch 001 - training loss (MAE): 9.1274, validation MSE: 28.8584
2026-06-04 06:09:51 [INFO]: Epoch 002 - training loss (MAE): 8.4940, validation MSE: 26.9050
2026-06-04 06:09:51 [INFO]: Epoch 003 - training loss (MAE): 8.1609, validation MSE: 26.0845
2026-06-04 06:09:51 [INFO]: Epoch 004 - training loss (MAE): 7.9318, validation MSE: 25.2946
2026-06-04 06:09:51 [INFO]: Epoch 005 - training loss (MAE): 7.7460, validation MSE: 24.3025
2026-06-04 06:09:52 [INFO]: Epoch 006 - training loss (MAE): 7.5157, validation MSE: 23.1735
2026-06-04 06:09:52 [INFO]: Epoch 007 - training loss (MAE): 7.3385, validation MSE: 22.0922
2026-06-04 06:09:52 [INFO]: Epoch 008 - training loss (MAE): 7.1212, validation MSE: 21.0964
2026-06-04 06:09:52 [INFO]: Epoch 009 - training loss (MAE): 6.9337, validation MSE: 20.1541
2026-06-04 06:09:52 [INFO]: Epoch 010 - training loss (MAE): 6.7386, validation MSE: 19.3233
2026-06-04 06:09:52 [INFO]: Epoch 011 - training loss (MAE): 6.5381, validation MSE: 18.5884
2026-06-04 06:09:53 [INFO]: Epoch 012 - training loss (MAE): 6.3636, validation MSE: 17.8410
2026-06-04 06:09:53 [INFO]: Epoch 013 - training loss (MAE): 6.1682, validation MSE: 17.0768
2026-06-04 06:09:53 [INFO]: Epoch 014 - training loss (MAE): 5.9760, validation MSE: 16.3164
2026-06-04 06:09:53 [INFO]: Epoch 015 - training loss (MAE): 5.7983, validation MSE: 15.5560
2026-06-04 06:09:53 [INFO]: Epoch 016 - training loss (MAE): 5.6141, validation MSE: 14.8572
2026-06-04 06:09:54 [INFO]: Epoch 017 - training loss (MAE): 5.4294, validation MSE: 14.1874
2026-06-04 06:09:54 [INFO]: Epoch 018 - training loss (MAE): 5.2512, validation MSE: 13.5230
2026-06-04 06:09:54 [INFO]: Epoch 019 - training loss (MAE): 5.0792, validation MSE: 12.8800
2026-06-04 06:09:54 [INFO]: Epoch 020 - training loss (MAE): 4.8948, validation MSE: 12.2237
2026-06-04 06:09:55 [INFO]: Epoch 021 - training loss (MAE): 4.7382, validation MSE: 11.6010
2026-06-04 06:09:55 [INFO]: Epoch 022 - training loss (MAE): 4.5740, validation MSE: 11.0082
2026-06-04 06:09:55 [INFO]: Epoch 023 - training loss (MAE): 4.4172, validation MSE: 10.4731
2026-06-04 06:09:55 [INFO]: Epoch 024 - training loss (MAE): 4.2628, validation MSE: 9.9663
2026-06-04 06:09:55 [INFO]: Epoch 025 - training loss (MAE): 4.1182, validation MSE: 9.4282
2026-06-04 06:09:56 [INFO]: Epoch 026 - training loss (MAE): 3.9665, validation MSE: 8.9686
2026-06-04 06:09:56 [INFO]: Epoch 027 - training loss (MAE): 3.8372, validation MSE: 8.4921
2026-06-04 06:09:56 [INFO]: Epoch 028 - training loss (MAE): 3.6915, validation MSE: 8.0496
2026-06-04 06:09:56 [INFO]: Epoch 029 - training loss (MAE): 3.5538, validation MSE: 7.6573
2026-06-04 06:09:56 [INFO]: Epoch 030 - training loss (MAE): 3.4381, validation MSE: 7.2537
2026-06-04 06:09:57 [INFO]: Epoch 031 - training loss (MAE): 3.3161, validation MSE: 6.9131
2026-06-04 06:09:57 [INFO]: Epoch 032 - training loss (MAE): 3.2128, validation MSE: 6.5280
2026-06-04 06:09:57 [INFO]: Epoch 033 - training loss (MAE): 3.0958, validation MSE: 6.1988
2026-06-04 06:09:57 [INFO]: Epoch 034 - training loss (MAE): 2.9773, validation MSE: 5.8667
2026-06-04 06:09:57 [INFO]: Epoch 035 - training loss (MAE): 2.8709, validation MSE: 5.6096
2026-06-04 06:09:58 [INFO]: Epoch 036 - training loss (MAE): 2.7702, validation MSE: 5.3413
2026-06-04 06:09:58 [INFO]: Epoch 037 - training loss (MAE): 2.6758, validation MSE: 5.0497
2026-06-04 06:09:58 [INFO]: Epoch 038 - training loss (MAE): 2.5695, validation MSE: 4.8075
2026-06-04 06:09:58 [INFO]: Epoch 039 - training loss (MAE): 2.4636, validation MSE: 4.5686
2026-06-04 06:09:58 [INFO]: Epoch 040 - training loss (MAE): 2.3798, validation MSE: 4.3596
2026-06-04 06:09:59 [INFO]: Epoch 041 - training loss (MAE): 2.2841, validation MSE: 4.1507
2026-06-04 06:09:59 [INFO]: Epoch 042 - training loss (MAE): 2.1877, validation MSE: 3.9129
2026-06-04 06:09:59 [INFO]: Epoch 043 - training loss (MAE): 2.1014, validation MSE: 3.7614
2026-06-04 06:09:59 [INFO]: Epoch 044 - training loss (MAE): 2.0245, validation MSE: 3.5822
2026-06-04 06:09:59 [INFO]: Epoch 045 - training loss (MAE): 1.9486, validation MSE: 3.4013
2026-06-04 06:10:00 [INFO]: Epoch 046 - training loss (MAE): 1.8690, validation MSE: 3.2447
2026-06-04 06:10:00 [INFO]: Epoch 047 - training loss (MAE): 1.8288, validation MSE: 3.1123
2026-06-04 06:10:00 [INFO]: Epoch 048 - training loss (MAE): 1.7509, validation MSE: 2.9226
2026-06-04 06:10:00 [INFO]: Epoch 049 - training loss (MAE): 1.7076, validation MSE: 2.7576
2026-06-04 06:10:00 [INFO]: Epoch 050 - training loss (MAE): 1.6395, validation MSE: 2.6267
2026-06-04 06:10:01 [INFO]: Epoch 051 - training loss (MAE): 1.5827, validation MSE: 2.5447
2026-06-04 06:10:01 [INFO]: Epoch 052 - training loss (MAE): 1.5360, validation MSE: 2.3860
2026-06-04 06:10:01 [INFO]: Epoch 053 - training loss (MAE): 1.4881, validation MSE: 2.2759
2026-06-04 06:10:01 [INFO]: Epoch 054 - training loss (MAE): 1.4485, validation MSE: 2.1615
2026-06-04 06:10:01 [INFO]: Epoch 055 - training loss (MAE): 1.3798, validation MSE: 2.0630
2026-06-04 06:10:02 [INFO]: Epoch 056 - training loss (MAE): 1.3464, validation MSE: 1.9670
2026-06-04 06:10:02 [INFO]: Epoch 057 - training loss (MAE): 1.3171, validation MSE: 1.8669
2026-06-04 06:10:02 [INFO]: Epoch 058 - training loss (MAE): 1.2758, validation MSE: 1.7916
2026-06-04 06:10:02 [INFO]: Epoch 059 - training loss (MAE): 1.2376, validation MSE: 1.7163
2026-06-04 06:10:02 [INFO]: Epoch 060 - training loss (MAE): 1.2035, validation MSE: 1.6301
2026-06-04 06:10:02 [INFO]: Finished training. The best model is from epoch#60.
2026-06-04 06:10:02 [INFO]: Saved the model to output/imputation/cuda/paper_campaign/tefn/solar/mr0.5/seed123/TEFN.pypots
[34m
████████╗██╗███╗   ███╗███████╗    ███████╗███████╗██████╗ ██╗███████╗███████╗    █████╗ ██╗
╚══██╔══╝██║████╗ ████║██╔════╝    ██╔════╝██╔════╝██╔══██╗██║██╔════╝██╔════╝   ██╔══██╗██║
   ██║   ██║██╔████╔██║█████╗█████╗███████╗█████╗  ██████╔╝██║█████╗  ███████╗   ███████║██║
   ██║   ██║██║╚██╔╝██║██╔══╝╚════╝╚════██║██╔══╝  ██╔══██╗██║██╔══╝  ╚════██║   ██╔══██║██║
   ██║   ██║██║ ╚═╝ ██║███████╗    ███████║███████╗██║  ██║██║███████╗███████║██╗██║  ██║██║
   ╚═╝   ╚═╝╚═╝     ╚═╝╚══════╝    ╚══════╝╚══════╝╚═╝  ╚═╝╚═╝╚══════╝╚══════╝╚═╝╚═╝  ╚═╝╚═╝
ai4ts v0.0.3 - building AI for unified time-series analysis, https://time-series.ai [0m

Use Train GPT: False
Use Lora: False
Use Profiling: False
🚀 Running imputation pipeline for model: tefn
✅ Dataset 'solar' with missing rate 0.5 loaded at: /home/Aboya_25R9803/projects/lab/SUN/iPyPOTS/datasets/rate_0.5
🚀 Starting TEFN training pipeline...
[TEFN] Testing —— MAE: 0.7512| MSE: 1.5723| RMSE: 1.2539| MRE: 0.9699| 
📊 Metrics saved to: output/imputation/cuda/paper_campaign/tefn/solar/mr0.5/seed123/metrics/tefn_metrics.json
