2026-06-04 07:52:53 [INFO]: Have set the random seed as 123 for numpy and pytorch.
2026-06-04 07:52:53 [INFO]: 🔥🔥🔥🔥🔥🔥🔥🔥🔥🔥Using device list: ['cuda:0']
2026-06-04 07:52:53 [INFO]: 🔥🔥🔥🔥🔥🔥🔥🔥🔥🔥Using the given device: cuda:0
2026-06-04 07:52:53 [INFO]: Model files will be saved to output/imputation/cuda/paper_campaign/saits/appliances_energy/mr0.1/seed123
2026-06-04 07:52:53 [INFO]: Tensorboard file will be saved to output/imputation/cuda/paper_campaign/saits/appliances_energy/mr0.1/seed123/tensorboard
2026-06-04 07:52:53 [INFO]: Using customized MAE as the training loss function.
2026-06-04 07:52:53 [INFO]: Using customized MSE as the validation metric function.
2026-06-04 07:52:54 [INFO]: SAITS initialized with the given hyperparameters.
 ├─ Total parameters: 149,760
 ├─ Trainable parameters: 149,760
 └─ Trainable ratio: 100.00%
2026-06-04 07:52:54 [INFO]: Model placed on cuda:0
2026-06-04 07:52:56 [INFO]: Epoch 001 - training loss (MAE): 1.4151, validation MSE: 0.5619
2026-06-04 07:52:57 [INFO]: Epoch 002 - training loss (MAE): 1.1221, validation MSE: 0.4538
2026-06-04 07:52:58 [INFO]: Epoch 003 - training loss (MAE): 0.9897, validation MSE: 0.3964
2026-06-04 07:53:00 [INFO]: Epoch 004 - training loss (MAE): 0.8832, validation MSE: 0.3363
2026-06-04 07:53:01 [INFO]: Epoch 005 - training loss (MAE): 0.7863, validation MSE: 0.2781
2026-06-04 07:53:02 [INFO]: Epoch 006 - training loss (MAE): 0.7067, validation MSE: 0.2339
2026-06-04 07:53:04 [INFO]: Epoch 007 - training loss (MAE): 0.6422, validation MSE: 0.2116
2026-06-04 07:53:05 [INFO]: Epoch 008 - training loss (MAE): 0.5957, validation MSE: 0.1955
2026-06-04 07:53:06 [INFO]: Epoch 009 - training loss (MAE): 0.5589, validation MSE: 0.1837
2026-06-04 07:53:07 [INFO]: Epoch 010 - training loss (MAE): 0.5322, validation MSE: 0.1725
2026-06-04 07:53:09 [INFO]: Epoch 011 - training loss (MAE): 0.5107, validation MSE: 0.1651
2026-06-04 07:53:10 [INFO]: Epoch 012 - training loss (MAE): 0.4909, validation MSE: 0.1574
2026-06-04 07:53:11 [INFO]: Epoch 013 - training loss (MAE): 0.4762, validation MSE: 0.1515
2026-06-04 07:53:12 [INFO]: Epoch 014 - training loss (MAE): 0.4626, validation MSE: 0.1472
2026-06-04 07:53:13 [INFO]: Epoch 015 - training loss (MAE): 0.4511, validation MSE: 0.1396
2026-06-04 07:53:14 [INFO]: Epoch 016 - training loss (MAE): 0.4401, validation MSE: 0.1341
2026-06-04 07:53:16 [INFO]: Epoch 017 - training loss (MAE): 0.4297, validation MSE: 0.1275
2026-06-04 07:53:17 [INFO]: Epoch 018 - training loss (MAE): 0.4192, validation MSE: 0.1249
2026-06-04 07:53:18 [INFO]: Epoch 019 - training loss (MAE): 0.4111, validation MSE: 0.1220
2026-06-04 07:53:20 [INFO]: Epoch 020 - training loss (MAE): 0.4038, validation MSE: 0.1181
2026-06-04 07:53:21 [INFO]: Epoch 021 - training loss (MAE): 0.3966, validation MSE: 0.1163
2026-06-04 07:53:22 [INFO]: Epoch 022 - training loss (MAE): 0.3907, validation MSE: 0.1153
2026-06-04 07:53:23 [INFO]: Epoch 023 - training loss (MAE): 0.3851, validation MSE: 0.1124
2026-06-04 07:53:24 [INFO]: Epoch 024 - training loss (MAE): 0.3792, validation MSE: 0.1106
2026-06-04 07:53:25 [INFO]: Epoch 025 - training loss (MAE): 0.3751, validation MSE: 0.1091
2026-06-04 07:53:27 [INFO]: Epoch 026 - training loss (MAE): 0.3718, validation MSE: 0.1066
2026-06-04 07:53:28 [INFO]: Epoch 027 - training loss (MAE): 0.3668, validation MSE: 0.1048
2026-06-04 07:53:29 [INFO]: Epoch 028 - training loss (MAE): 0.3614, validation MSE: 0.1017
2026-06-04 07:53:30 [INFO]: Epoch 029 - training loss (MAE): 0.3567, validation MSE: 0.1020
2026-06-04 07:53:32 [INFO]: Epoch 030 - training loss (MAE): 0.3546, validation MSE: 0.1008
2026-06-04 07:53:33 [INFO]: Epoch 031 - training loss (MAE): 0.3503, validation MSE: 0.0972
2026-06-04 07:53:34 [INFO]: Epoch 032 - training loss (MAE): 0.3468, validation MSE: 0.0962
2026-06-04 07:53:35 [INFO]: Epoch 033 - training loss (MAE): 0.3439, validation MSE: 0.0943
2026-06-04 07:53:37 [INFO]: Epoch 034 - training loss (MAE): 0.3414, validation MSE: 0.0934
2026-06-04 07:53:37 [INFO]: Epoch 035 - training loss (MAE): 0.3385, validation MSE: 0.0938
2026-06-04 07:53:39 [INFO]: Epoch 036 - training loss (MAE): 0.3355, validation MSE: 0.0911
2026-06-04 07:53:40 [INFO]: Epoch 037 - training loss (MAE): 0.3326, validation MSE: 0.0906
2026-06-04 07:53:40 [INFO]: Epoch 038 - training loss (MAE): 0.3297, validation MSE: 0.0899
2026-06-04 07:53:41 [INFO]: Epoch 039 - training loss (MAE): 0.3270, validation MSE: 0.0878
2026-06-04 07:53:42 [INFO]: Epoch 040 - training loss (MAE): 0.3260, validation MSE: 0.0870
2026-06-04 07:53:43 [INFO]: Epoch 041 - training loss (MAE): 0.3240, validation MSE: 0.0867
2026-06-04 07:53:44 [INFO]: Epoch 042 - training loss (MAE): 0.3220, validation MSE: 0.0868
2026-06-04 07:53:45 [INFO]: Epoch 043 - training loss (MAE): 0.3198, validation MSE: 0.0844
2026-06-04 07:53:47 [INFO]: Epoch 044 - training loss (MAE): 0.3177, validation MSE: 0.0848
2026-06-04 07:53:48 [INFO]: Epoch 045 - training loss (MAE): 0.3155, validation MSE: 0.0842
2026-06-04 07:53:49 [INFO]: Epoch 046 - training loss (MAE): 0.3129, validation MSE: 0.0842
2026-06-04 07:53:49 [INFO]: Epoch 047 - training loss (MAE): 0.3121, validation MSE: 0.0837
2026-06-04 07:53:51 [INFO]: Epoch 048 - training loss (MAE): 0.3098, validation MSE: 0.0824
2026-06-04 07:53:52 [INFO]: Epoch 049 - training loss (MAE): 0.3082, validation MSE: 0.0823
2026-06-04 07:53:52 [INFO]: Epoch 050 - training loss (MAE): 0.3062, validation MSE: 0.0820
2026-06-04 07:53:53 [INFO]: Epoch 051 - training loss (MAE): 0.3060, validation MSE: 0.0809
2026-06-04 07:53:54 [INFO]: Epoch 052 - training loss (MAE): 0.3054, validation MSE: 0.0819
2026-06-04 07:53:55 [INFO]: Epoch 053 - training loss (MAE): 0.3035, validation MSE: 0.0802
2026-06-04 07:53:56 [INFO]: Epoch 054 - training loss (MAE): 0.3012, validation MSE: 0.0787
2026-06-04 07:53:57 [INFO]: Epoch 055 - training loss (MAE): 0.2994, validation MSE: 0.0800
2026-06-04 07:53:58 [INFO]: Epoch 056 - training loss (MAE): 0.2982, validation MSE: 0.0794
2026-06-04 07:53:59 [INFO]: Epoch 057 - training loss (MAE): 0.2961, validation MSE: 0.0784
2026-06-04 07:54:00 [INFO]: Epoch 058 - training loss (MAE): 0.2945, validation MSE: 0.0783
2026-06-04 07:54:01 [INFO]: Epoch 059 - training loss (MAE): 0.2938, validation MSE: 0.0765
2026-06-04 07:54:02 [INFO]: Epoch 060 - training loss (MAE): 0.2926, validation MSE: 0.0770
2026-06-04 07:54:02 [INFO]: Finished training. The best model is from epoch#59.
2026-06-04 07:54:02 [INFO]: Saved the model to output/imputation/cuda/paper_campaign/saits/appliances_energy/mr0.1/seed123/SAITS.pypots
[34m
████████╗██╗███╗   ███╗███████╗    ███████╗███████╗██████╗ ██╗███████╗███████╗    █████╗ ██╗
╚══██╔══╝██║████╗ ████║██╔════╝    ██╔════╝██╔════╝██╔══██╗██║██╔════╝██╔════╝   ██╔══██╗██║
   ██║   ██║██╔████╔██║█████╗█████╗███████╗█████╗  ██████╔╝██║█████╗  ███████╗   ███████║██║
   ██║   ██║██║╚██╔╝██║██╔══╝╚════╝╚════██║██╔══╝  ██╔══██╗██║██╔══╝  ╚════██║   ██╔══██║██║
   ██║   ██║██║ ╚═╝ ██║███████╗    ███████║███████╗██║  ██║██║███████╗███████║██╗██║  ██║██║
   ╚═╝   ╚═╝╚═╝     ╚═╝╚══════╝    ╚══════╝╚══════╝╚═╝  ╚═╝╚═╝╚══════╝╚══════╝╚═╝╚═╝  ╚═╝╚═╝
ai4ts v0.0.3 - building AI for unified time-series analysis, https://time-series.ai [0m

Use Train GPT: False
Use Lora: False
Use Profiling: False
🚀 Running imputation pipeline for model: saits
✅ Dataset 'appliances_energy' with missing rate 0.1 loaded at: /home/Aboya_25R9803/projects/lab/SUN/iPyPOTS/datasets/rate_0.1
🚀 Starting SAITS training pipeline...
[SAITS] Testing —— MAE: 0.3414| MSE: 0.2312| RMSE: 0.4808| MRE: 0.3388| 
📊 Metrics saved to: output/imputation/cuda/paper_campaign/saits/appliances_energy/mr0.1/seed123/metrics/saits_metrics.json
