2026-06-04 09:20:15 [INFO]: Have set the random seed as 456 for numpy and pytorch.
2026-06-04 09:20:16 [INFO]: 🔥🔥🔥🔥🔥🔥🔥🔥🔥🔥Using device list: ['cuda:0']
2026-06-04 09:20:16 [INFO]: 🔥🔥🔥🔥🔥🔥🔥🔥🔥🔥Using the given device: cuda:0
2026-06-04 09:20:16 [INFO]: Model files will be saved to output/imputation/cuda/paper_campaign/saits/citylearn_zone5/mr0.5/seed456
2026-06-04 09:20:16 [INFO]: Tensorboard file will be saved to output/imputation/cuda/paper_campaign/saits/citylearn_zone5/mr0.5/seed456/tensorboard
2026-06-04 09:20:16 [INFO]: Using customized MAE as the training loss function.
2026-06-04 09:20:16 [INFO]: Using customized MSE as the validation metric function.
2026-06-04 09:20:16 [INFO]: SAITS initialized with the given hyperparameters.
 ├─ Total parameters: 144,912
 ├─ Trainable parameters: 144,912
 └─ Trainable ratio: 100.00%
2026-06-04 09:20:17 [INFO]: Model placed on cuda:0
2026-06-04 09:20:21 [INFO]: Epoch 001 - training loss (MAE): 1.3903, validation MSE: 0.7260
2026-06-04 09:20:24 [INFO]: Epoch 002 - training loss (MAE): 0.9666, validation MSE: 0.5476
2026-06-04 09:20:28 [INFO]: Epoch 003 - training loss (MAE): 0.7864, validation MSE: 0.4468
2026-06-04 09:20:31 [INFO]: Epoch 004 - training loss (MAE): 0.6813, validation MSE: 0.3980
2026-06-04 09:20:35 [INFO]: Epoch 005 - training loss (MAE): 0.6163, validation MSE: 0.3670
2026-06-04 09:20:38 [INFO]: Epoch 006 - training loss (MAE): 0.5704, validation MSE: 0.3371
2026-06-04 09:20:42 [INFO]: Epoch 007 - training loss (MAE): 0.5321, validation MSE: 0.3015
2026-06-04 09:20:45 [INFO]: Epoch 008 - training loss (MAE): 0.4996, validation MSE: 0.2796
2026-06-04 09:20:49 [INFO]: Epoch 009 - training loss (MAE): 0.4714, validation MSE: 0.2632
2026-06-04 09:20:52 [INFO]: Epoch 010 - training loss (MAE): 0.4482, validation MSE: 0.2438
2026-06-04 09:20:56 [INFO]: Epoch 011 - training loss (MAE): 0.4272, validation MSE: 0.2299
2026-06-04 09:20:59 [INFO]: Epoch 012 - training loss (MAE): 0.4090, validation MSE: 0.2134
2026-06-04 09:21:02 [INFO]: Epoch 013 - training loss (MAE): 0.3921, validation MSE: 0.1983
2026-06-04 09:21:06 [INFO]: Epoch 014 - training loss (MAE): 0.3782, validation MSE: 0.1856
2026-06-04 09:21:09 [INFO]: Epoch 015 - training loss (MAE): 0.3652, validation MSE: 0.1725
2026-06-04 09:21:13 [INFO]: Epoch 016 - training loss (MAE): 0.3524, validation MSE: 0.1606
2026-06-04 09:21:16 [INFO]: Epoch 017 - training loss (MAE): 0.3425, validation MSE: 0.1515
2026-06-04 09:21:19 [INFO]: Epoch 018 - training loss (MAE): 0.3328, validation MSE: 0.1412
2026-06-04 09:21:22 [INFO]: Epoch 019 - training loss (MAE): 0.3251, validation MSE: 0.1360
2026-06-04 09:21:25 [INFO]: Epoch 020 - training loss (MAE): 0.3175, validation MSE: 0.1288
2026-06-04 09:21:28 [INFO]: Epoch 021 - training loss (MAE): 0.3108, validation MSE: 0.1277
2026-06-04 09:21:31 [INFO]: Epoch 022 - training loss (MAE): 0.3060, validation MSE: 0.1213
2026-06-04 09:21:34 [INFO]: Epoch 023 - training loss (MAE): 0.3012, validation MSE: 0.1192
2026-06-04 09:21:37 [INFO]: Epoch 024 - training loss (MAE): 0.2952, validation MSE: 0.1156
2026-06-04 09:21:40 [INFO]: Epoch 025 - training loss (MAE): 0.2908, validation MSE: 0.1150
2026-06-04 09:21:43 [INFO]: Epoch 026 - training loss (MAE): 0.2865, validation MSE: 0.1117
2026-06-04 09:21:46 [INFO]: Epoch 027 - training loss (MAE): 0.2828, validation MSE: 0.1093
2026-06-04 09:21:49 [INFO]: Epoch 028 - training loss (MAE): 0.2792, validation MSE: 0.1058
2026-06-04 09:21:52 [INFO]: Epoch 029 - training loss (MAE): 0.2759, validation MSE: 0.1050
2026-06-04 09:21:55 [INFO]: Epoch 030 - training loss (MAE): 0.2721, validation MSE: 0.1032
2026-06-04 09:21:58 [INFO]: Epoch 031 - training loss (MAE): 0.2688, validation MSE: 0.0998
2026-06-04 09:22:01 [INFO]: Epoch 032 - training loss (MAE): 0.2667, validation MSE: 0.0990
2026-06-04 09:22:05 [INFO]: Epoch 033 - training loss (MAE): 0.2638, validation MSE: 0.0962
2026-06-04 09:22:08 [INFO]: Epoch 034 - training loss (MAE): 0.2616, validation MSE: 0.0957
2026-06-04 09:22:12 [INFO]: Epoch 035 - training loss (MAE): 0.2590, validation MSE: 0.0938
2026-06-04 09:22:15 [INFO]: Epoch 036 - training loss (MAE): 0.2563, validation MSE: 0.0928
2026-06-04 09:22:18 [INFO]: Epoch 037 - training loss (MAE): 0.2540, validation MSE: 0.0922
2026-06-04 09:22:22 [INFO]: Epoch 038 - training loss (MAE): 0.2515, validation MSE: 0.0915
2026-06-04 09:22:26 [INFO]: Epoch 039 - training loss (MAE): 0.2508, validation MSE: 0.0906
2026-06-04 09:22:29 [INFO]: Epoch 040 - training loss (MAE): 0.2486, validation MSE: 0.0898
2026-06-04 09:22:33 [INFO]: Epoch 041 - training loss (MAE): 0.2459, validation MSE: 0.0887
2026-06-04 09:22:36 [INFO]: Epoch 042 - training loss (MAE): 0.2446, validation MSE: 0.0874
2026-06-04 09:22:40 [INFO]: Epoch 043 - training loss (MAE): 0.2432, validation MSE: 0.0872
2026-06-04 09:22:43 [INFO]: Epoch 044 - training loss (MAE): 0.2409, validation MSE: 0.0873
2026-06-04 09:22:46 [INFO]: Epoch 045 - training loss (MAE): 0.2409, validation MSE: 0.0856
2026-06-04 09:22:50 [INFO]: Epoch 046 - training loss (MAE): 0.2380, validation MSE: 0.0866
2026-06-04 09:22:53 [INFO]: Epoch 047 - training loss (MAE): 0.2367, validation MSE: 0.0840
2026-06-04 09:22:57 [INFO]: Epoch 048 - training loss (MAE): 0.2352, validation MSE: 0.0850
2026-06-04 09:23:00 [INFO]: Epoch 049 - training loss (MAE): 0.2341, validation MSE: 0.0839
2026-06-04 09:23:03 [INFO]: Epoch 050 - training loss (MAE): 0.2327, validation MSE: 0.0822
2026-06-04 09:23:06 [INFO]: Epoch 051 - training loss (MAE): 0.2319, validation MSE: 0.0849
2026-06-04 09:23:08 [INFO]: Epoch 052 - training loss (MAE): 0.2304, validation MSE: 0.0812
2026-06-04 09:23:11 [INFO]: Epoch 053 - training loss (MAE): 0.2288, validation MSE: 0.0814
2026-06-04 09:23:14 [INFO]: Epoch 054 - training loss (MAE): 0.2272, validation MSE: 0.0806
2026-06-04 09:23:17 [INFO]: Epoch 055 - training loss (MAE): 0.2270, validation MSE: 0.0799
2026-06-04 09:23:20 [INFO]: Epoch 056 - training loss (MAE): 0.2260, validation MSE: 0.0781
2026-06-04 09:23:23 [INFO]: Epoch 057 - training loss (MAE): 0.2250, validation MSE: 0.0780
2026-06-04 09:23:26 [INFO]: Epoch 058 - training loss (MAE): 0.2236, validation MSE: 0.0776
2026-06-04 09:23:29 [INFO]: Epoch 059 - training loss (MAE): 0.2234, validation MSE: 0.0792
2026-06-04 09:23:31 [INFO]: Epoch 060 - training loss (MAE): 0.2220, validation MSE: 0.0790
2026-06-04 09:23:31 [INFO]: Finished training. The best model is from epoch#58.
2026-06-04 09:23:31 [INFO]: Saved the model to output/imputation/cuda/paper_campaign/saits/citylearn_zone5/mr0.5/seed456/SAITS.pypots
[34m
████████╗██╗███╗   ███╗███████╗    ███████╗███████╗██████╗ ██╗███████╗███████╗    █████╗ ██╗
╚══██╔══╝██║████╗ ████║██╔════╝    ██╔════╝██╔════╝██╔══██╗██║██╔════╝██╔════╝   ██╔══██╗██║
   ██║   ██║██╔████╔██║█████╗█████╗███████╗█████╗  ██████╔╝██║█████╗  ███████╗   ███████║██║
   ██║   ██║██║╚██╔╝██║██╔══╝╚════╝╚════██║██╔══╝  ██╔══██╗██║██╔══╝  ╚════██║   ██╔══██║██║
   ██║   ██║██║ ╚═╝ ██║███████╗    ███████║███████╗██║  ██║██║███████╗███████║██╗██║  ██║██║
   ╚═╝   ╚═╝╚═╝     ╚═╝╚══════╝    ╚══════╝╚══════╝╚═╝  ╚═╝╚═╝╚══════╝╚══════╝╚═╝╚═╝  ╚═╝╚═╝
ai4ts v0.0.3 - building AI for unified time-series analysis, https://time-series.ai [0m

Use Train GPT: False
Use Lora: False
Use Profiling: False
🚀 Running imputation pipeline for model: saits
✅ Dataset 'citylearn_zone5' with missing rate 0.5 loaded at: /home/Aboya_25R9803/projects/lab/SUN/iPyPOTS/datasets/rate_0.5
🚀 Starting SAITS training pipeline...
[SAITS] Testing —— MAE: 0.1494| MSE: 0.0633| RMSE: 0.2517| MRE: 0.1834| 
📊 Metrics saved to: output/imputation/cuda/paper_campaign/saits/citylearn_zone5/mr0.5/seed456/metrics/saits_metrics.json
