2026-06-04 08:07:35 [INFO]: Have set the random seed as 123 for numpy and pytorch.
2026-06-04 08:07:35 [INFO]: 🔥🔥🔥🔥🔥🔥🔥🔥🔥🔥Using device list: ['cuda:0']
2026-06-04 08:07:35 [INFO]: 🔥🔥🔥🔥🔥🔥🔥🔥🔥🔥Using the given device: cuda:0
2026-06-04 08:07:36 [INFO]: Model files will be saved to output/imputation/cuda/paper_campaign/tefn/appliances_energy/mr0.3/seed123
2026-06-04 08:07:36 [INFO]: Tensorboard file will be saved to output/imputation/cuda/paper_campaign/tefn/appliances_energy/mr0.3/seed123/tensorboard
2026-06-04 08:07:36 [INFO]: Using customized MAE as the training loss function.
2026-06-04 08:07:36 [INFO]: Using customized MSE as the validation metric function.
2026-06-04 08:07:36 [INFO]: Model placed on cuda:0
2026-06-04 08:07:36 [INFO]: TEFN initialized with the given hyperparameters.
 ├─ Total parameters: 5,408
 ├─ Trainable parameters: 5,408
 └─ Trainable ratio: 100.00%
2026-06-04 08:07:37 [INFO]: Epoch 001 - training loss (MAE): 10.2250, validation MSE: 36.4707
2026-06-04 08:07:38 [INFO]: Epoch 002 - training loss (MAE): 8.8995, validation MSE: 29.8173
2026-06-04 08:07:39 [INFO]: Epoch 003 - training loss (MAE): 8.0381, validation MSE: 25.2999
2026-06-04 08:07:40 [INFO]: Epoch 004 - training loss (MAE): 7.3934, validation MSE: 21.9839
2026-06-04 08:07:41 [INFO]: Epoch 005 - training loss (MAE): 6.8256, validation MSE: 19.2668
2026-06-04 08:07:42 [INFO]: Epoch 006 - training loss (MAE): 6.2991, validation MSE: 16.9271
2026-06-04 08:07:43 [INFO]: Epoch 007 - training loss (MAE): 5.8073, validation MSE: 14.8937
2026-06-04 08:07:44 [INFO]: Epoch 008 - training loss (MAE): 5.3498, validation MSE: 13.1440
2026-06-04 08:07:45 [INFO]: Epoch 009 - training loss (MAE): 4.9217, validation MSE: 11.6322
2026-06-04 08:07:46 [INFO]: Epoch 010 - training loss (MAE): 4.5233, validation MSE: 10.3021
2026-06-04 08:07:47 [INFO]: Epoch 011 - training loss (MAE): 4.1474, validation MSE: 9.1221
2026-06-04 08:07:47 [INFO]: Epoch 012 - training loss (MAE): 3.7862, validation MSE: 8.0671
2026-06-04 08:07:48 [INFO]: Epoch 013 - training loss (MAE): 3.4471, validation MSE: 7.0942
2026-06-04 08:07:49 [INFO]: Epoch 014 - training loss (MAE): 3.1328, validation MSE: 6.2350
2026-06-04 08:07:50 [INFO]: Epoch 015 - training loss (MAE): 2.8415, validation MSE: 5.4729
2026-06-04 08:07:51 [INFO]: Epoch 016 - training loss (MAE): 2.5781, validation MSE: 4.8190
2026-06-04 08:07:52 [INFO]: Epoch 017 - training loss (MAE): 2.3493, validation MSE: 4.2490
2026-06-04 08:07:53 [INFO]: Epoch 018 - training loss (MAE): 2.1503, validation MSE: 3.7621
2026-06-04 08:07:53 [INFO]: Epoch 019 - training loss (MAE): 1.9727, validation MSE: 3.3435
2026-06-04 08:07:54 [INFO]: Epoch 020 - training loss (MAE): 1.8164, validation MSE: 2.9913
2026-06-04 08:07:55 [INFO]: Epoch 021 - training loss (MAE): 1.6779, validation MSE: 2.6905
2026-06-04 08:07:56 [INFO]: Epoch 022 - training loss (MAE): 1.5630, validation MSE: 2.4537
2026-06-04 08:07:57 [INFO]: Epoch 023 - training loss (MAE): 1.4649, validation MSE: 2.2500
2026-06-04 08:07:58 [INFO]: Epoch 024 - training loss (MAE): 1.3871, validation MSE: 2.0894
2026-06-04 08:07:59 [INFO]: Epoch 025 - training loss (MAE): 1.3252, validation MSE: 1.9446
2026-06-04 08:07:59 [INFO]: Epoch 026 - training loss (MAE): 1.2741, validation MSE: 1.8154
2026-06-04 08:08:00 [INFO]: Epoch 027 - training loss (MAE): 1.2279, validation MSE: 1.6977
2026-06-04 08:08:01 [INFO]: Epoch 028 - training loss (MAE): 1.1866, validation MSE: 1.5910
2026-06-04 08:08:02 [INFO]: Epoch 029 - training loss (MAE): 1.1504, validation MSE: 1.4991
2026-06-04 08:08:03 [INFO]: Epoch 030 - training loss (MAE): 1.1147, validation MSE: 1.4143
2026-06-04 08:08:04 [INFO]: Epoch 031 - training loss (MAE): 1.0842, validation MSE: 1.3296
2026-06-04 08:08:05 [INFO]: Epoch 032 - training loss (MAE): 1.0551, validation MSE: 1.2567
2026-06-04 08:08:06 [INFO]: Epoch 033 - training loss (MAE): 1.0270, validation MSE: 1.1860
2026-06-04 08:08:07 [INFO]: Epoch 034 - training loss (MAE): 1.0008, validation MSE: 1.1222
2026-06-04 08:08:08 [INFO]: Epoch 035 - training loss (MAE): 0.9749, validation MSE: 1.0580
2026-06-04 08:08:09 [INFO]: Epoch 036 - training loss (MAE): 0.9507, validation MSE: 1.0069
2026-06-04 08:08:09 [INFO]: Epoch 037 - training loss (MAE): 0.9280, validation MSE: 0.9519
2026-06-04 08:08:10 [INFO]: Epoch 038 - training loss (MAE): 0.9056, validation MSE: 0.9110
2026-06-04 08:08:11 [INFO]: Epoch 039 - training loss (MAE): 0.8833, validation MSE: 0.8656
2026-06-04 08:08:12 [INFO]: Epoch 040 - training loss (MAE): 0.8645, validation MSE: 0.8221
2026-06-04 08:08:13 [INFO]: Epoch 041 - training loss (MAE): 0.8421, validation MSE: 0.7808
2026-06-04 08:08:14 [INFO]: Epoch 042 - training loss (MAE): 0.8216, validation MSE: 0.7434
2026-06-04 08:08:15 [INFO]: Epoch 043 - training loss (MAE): 0.8019, validation MSE: 0.7111
2026-06-04 08:08:16 [INFO]: Epoch 044 - training loss (MAE): 0.7833, validation MSE: 0.6802
2026-06-04 08:08:17 [INFO]: Epoch 045 - training loss (MAE): 0.7653, validation MSE: 0.6524
2026-06-04 08:08:18 [INFO]: Epoch 046 - training loss (MAE): 0.7479, validation MSE: 0.6252
2026-06-04 08:08:19 [INFO]: Epoch 047 - training loss (MAE): 0.7315, validation MSE: 0.6048
2026-06-04 08:08:19 [INFO]: Epoch 048 - training loss (MAE): 0.7155, validation MSE: 0.5828
2026-06-04 08:08:20 [INFO]: Epoch 049 - training loss (MAE): 0.7012, validation MSE: 0.5659
2026-06-04 08:08:21 [INFO]: Epoch 050 - training loss (MAE): 0.6897, validation MSE: 0.5548
2026-06-04 08:08:22 [INFO]: Epoch 051 - training loss (MAE): 0.6761, validation MSE: 0.5344
2026-06-04 08:08:22 [INFO]: Epoch 052 - training loss (MAE): 0.6662, validation MSE: 0.5250
2026-06-04 08:08:23 [INFO]: Epoch 053 - training loss (MAE): 0.6551, validation MSE: 0.5130
2026-06-04 08:08:24 [INFO]: Epoch 054 - training loss (MAE): 0.6471, validation MSE: 0.5028
2026-06-04 08:08:24 [INFO]: Epoch 055 - training loss (MAE): 0.6399, validation MSE: 0.4962
2026-06-04 08:08:25 [INFO]: Epoch 056 - training loss (MAE): 0.6335, validation MSE: 0.4901
2026-06-04 08:08:26 [INFO]: Epoch 057 - training loss (MAE): 0.6273, validation MSE: 0.4822
2026-06-04 08:08:27 [INFO]: Epoch 058 - training loss (MAE): 0.6233, validation MSE: 0.4759
2026-06-04 08:08:28 [INFO]: Epoch 059 - training loss (MAE): 0.6193, validation MSE: 0.4704
2026-06-04 08:08:28 [INFO]: Epoch 060 - training loss (MAE): 0.6135, validation MSE: 0.4672
2026-06-04 08:08:28 [INFO]: Finished training. The best model is from epoch#60.
2026-06-04 08:08:28 [INFO]: Saved the model to output/imputation/cuda/paper_campaign/tefn/appliances_energy/mr0.3/seed123/TEFN.pypots
[34m
████████╗██╗███╗   ███╗███████╗    ███████╗███████╗██████╗ ██╗███████╗███████╗    █████╗ ██╗
╚══██╔══╝██║████╗ ████║██╔════╝    ██╔════╝██╔════╝██╔══██╗██║██╔════╝██╔════╝   ██╔══██╗██║
   ██║   ██║██╔████╔██║█████╗█████╗███████╗█████╗  ██████╔╝██║█████╗  ███████╗   ███████║██║
   ██║   ██║██║╚██╔╝██║██╔══╝╚════╝╚════██║██╔══╝  ██╔══██╗██║██╔══╝  ╚════██║   ██╔══██║██║
   ██║   ██║██║ ╚═╝ ██║███████╗    ███████║███████╗██║  ██║██║███████╗███████║██╗██║  ██║██║
   ╚═╝   ╚═╝╚═╝     ╚═╝╚══════╝    ╚══════╝╚══════╝╚═╝  ╚═╝╚═╝╚══════╝╚══════╝╚═╝╚═╝  ╚═╝╚═╝
ai4ts v0.0.3 - building AI for unified time-series analysis, https://time-series.ai [0m

Use Train GPT: False
Use Lora: False
Use Profiling: False
🚀 Running imputation pipeline for model: tefn
✅ Dataset 'appliances_energy' with missing rate 0.3 loaded at: /home/Aboya_25R9803/projects/lab/SUN/iPyPOTS/datasets/rate_0.3
🚀 Starting TEFN training pipeline...
[TEFN] Testing —— MAE: 0.6357| MSE: 0.7423| RMSE: 0.8616| MRE: 0.6306| 
📊 Metrics saved to: output/imputation/cuda/paper_campaign/tefn/appliances_energy/mr0.3/seed123/metrics/tefn_metrics.json
