2026-06-04 04:50:45 [INFO]: Have set the random seed as 123 for numpy and pytorch.
2026-06-04 04:50:53 [INFO]: 🔥🔥🔥🔥🔥🔥🔥🔥🔥🔥Using device list: ['cuda:0']
2026-06-04 04:50:53 [INFO]: 🔥🔥🔥🔥🔥🔥🔥🔥🔥🔥Using the given device: cuda:0
2026-06-04 04:50:54 [INFO]: Model files will be saved to output/imputation/cuda/paper_campaign/saits/household_power/mr0.1/seed123
2026-06-04 04:50:54 [INFO]: Tensorboard file will be saved to output/imputation/cuda/paper_campaign/saits/household_power/mr0.1/seed123/tensorboard
2026-06-04 04:50:54 [INFO]: Using customized MAE as the training loss function.
2026-06-04 04:50:54 [INFO]: Using customized MSE as the validation metric function.
2026-06-04 04:50:54 [INFO]: SAITS initialized with the given hyperparameters.
 ├─ Total parameters: 139,350
 ├─ Trainable parameters: 139,350
 └─ Trainable ratio: 100.00%
2026-06-04 04:50:54 [INFO]: Model placed on cuda:0
2026-06-04 04:50:56 [INFO]: Epoch 001 - training loss (MAE): 1.3963, validation MSE: 0.8651
2026-06-04 04:50:58 [INFO]: Epoch 002 - training loss (MAE): 1.1094, validation MSE: 0.7730
2026-06-04 04:51:00 [INFO]: Epoch 003 - training loss (MAE): 0.9681, validation MSE: 0.6968
2026-06-04 04:51:02 [INFO]: Epoch 004 - training loss (MAE): 0.8621, validation MSE: 0.5608
2026-06-04 04:51:03 [INFO]: Epoch 005 - training loss (MAE): 0.7471, validation MSE: 0.5256
2026-06-04 04:51:05 [INFO]: Epoch 006 - training loss (MAE): 0.6849, validation MSE: 0.5073
2026-06-04 04:51:07 [INFO]: Epoch 007 - training loss (MAE): 0.6462, validation MSE: 0.4889
2026-06-04 04:51:08 [INFO]: Epoch 008 - training loss (MAE): 0.6146, validation MSE: 0.4771
2026-06-04 04:51:10 [INFO]: Epoch 009 - training loss (MAE): 0.5893, validation MSE: 0.4706
2026-06-04 04:51:12 [INFO]: Epoch 010 - training loss (MAE): 0.5706, validation MSE: 0.4598
2026-06-04 04:51:14 [INFO]: Epoch 011 - training loss (MAE): 0.5500, validation MSE: 0.4373
2026-06-04 04:51:15 [INFO]: Epoch 012 - training loss (MAE): 0.5181, validation MSE: 0.3720
2026-06-04 04:51:17 [INFO]: Epoch 013 - training loss (MAE): 0.4730, validation MSE: 0.3396
2026-06-04 04:51:19 [INFO]: Epoch 014 - training loss (MAE): 0.4454, validation MSE: 0.3255
2026-06-04 04:51:20 [INFO]: Epoch 015 - training loss (MAE): 0.4278, validation MSE: 0.3190
2026-06-04 04:51:22 [INFO]: Epoch 016 - training loss (MAE): 0.4170, validation MSE: 0.3138
2026-06-04 04:51:24 [INFO]: Epoch 017 - training loss (MAE): 0.4079, validation MSE: 0.3084
2026-06-04 04:51:26 [INFO]: Epoch 018 - training loss (MAE): 0.3984, validation MSE: 0.3032
2026-06-04 04:51:28 [INFO]: Epoch 019 - training loss (MAE): 0.3916, validation MSE: 0.2979
2026-06-04 04:51:30 [INFO]: Epoch 020 - training loss (MAE): 0.3855, validation MSE: 0.2972
2026-06-04 04:51:31 [INFO]: Epoch 021 - training loss (MAE): 0.3792, validation MSE: 0.2886
2026-06-04 04:51:33 [INFO]: Epoch 022 - training loss (MAE): 0.3735, validation MSE: 0.2838
2026-06-04 04:51:35 [INFO]: Epoch 023 - training loss (MAE): 0.3679, validation MSE: 0.2803
2026-06-04 04:51:36 [INFO]: Epoch 024 - training loss (MAE): 0.3640, validation MSE: 0.2729
2026-06-04 04:51:38 [INFO]: Epoch 025 - training loss (MAE): 0.3602, validation MSE: 0.2695
2026-06-04 04:51:40 [INFO]: Epoch 026 - training loss (MAE): 0.3542, validation MSE: 0.2630
2026-06-04 04:51:41 [INFO]: Epoch 027 - training loss (MAE): 0.3502, validation MSE: 0.2558
2026-06-04 04:51:43 [INFO]: Epoch 028 - training loss (MAE): 0.3484, validation MSE: 0.2425
2026-06-04 04:51:45 [INFO]: Epoch 029 - training loss (MAE): 0.3436, validation MSE: 0.2374
2026-06-04 04:51:47 [INFO]: Epoch 030 - training loss (MAE): 0.3406, validation MSE: 0.2333
2026-06-04 04:51:49 [INFO]: Epoch 031 - training loss (MAE): 0.3363, validation MSE: 0.2229
2026-06-04 04:51:50 [INFO]: Epoch 032 - training loss (MAE): 0.3347, validation MSE: 0.2213
2026-06-04 04:51:52 [INFO]: Epoch 033 - training loss (MAE): 0.3312, validation MSE: 0.2162
2026-06-04 04:51:54 [INFO]: Epoch 034 - training loss (MAE): 0.3284, validation MSE: 0.2150
2026-06-04 04:51:56 [INFO]: Epoch 035 - training loss (MAE): 0.3260, validation MSE: 0.2102
2026-06-04 04:51:58 [INFO]: Epoch 036 - training loss (MAE): 0.3242, validation MSE: 0.2095
2026-06-04 04:51:59 [INFO]: Epoch 037 - training loss (MAE): 0.3225, validation MSE: 0.2036
2026-06-04 04:52:01 [INFO]: Epoch 038 - training loss (MAE): 0.3194, validation MSE: 0.1974
2026-06-04 04:52:03 [INFO]: Epoch 039 - training loss (MAE): 0.3172, validation MSE: 0.1981
2026-06-04 04:52:05 [INFO]: Epoch 040 - training loss (MAE): 0.3164, validation MSE: 0.1987
2026-06-04 04:52:06 [INFO]: Epoch 041 - training loss (MAE): 0.3144, validation MSE: 0.1961
2026-06-04 04:52:08 [INFO]: Epoch 042 - training loss (MAE): 0.3117, validation MSE: 0.1928
2026-06-04 04:52:10 [INFO]: Epoch 043 - training loss (MAE): 0.3102, validation MSE: 0.1919
2026-06-04 04:52:12 [INFO]: Epoch 044 - training loss (MAE): 0.3083, validation MSE: 0.1928
2026-06-04 04:52:14 [INFO]: Epoch 045 - training loss (MAE): 0.3077, validation MSE: 0.1880
2026-06-04 04:52:16 [INFO]: Epoch 046 - training loss (MAE): 0.3058, validation MSE: 0.1890
2026-06-04 04:52:17 [INFO]: Epoch 047 - training loss (MAE): 0.3061, validation MSE: 0.1840
2026-06-04 04:52:20 [INFO]: Epoch 048 - training loss (MAE): 0.3035, validation MSE: 0.1856
2026-06-04 04:52:22 [INFO]: Epoch 049 - training loss (MAE): 0.3007, validation MSE: 0.1900
2026-06-04 04:52:24 [INFO]: Epoch 050 - training loss (MAE): 0.2995, validation MSE: 0.1830
2026-06-04 04:52:25 [INFO]: Epoch 051 - training loss (MAE): 0.2980, validation MSE: 0.1789
2026-06-04 04:52:27 [INFO]: Epoch 052 - training loss (MAE): 0.2977, validation MSE: 0.1780
2026-06-04 04:52:29 [INFO]: Epoch 053 - training loss (MAE): 0.2950, validation MSE: 0.1749
2026-06-04 04:52:30 [INFO]: Epoch 054 - training loss (MAE): 0.2947, validation MSE: 0.1760
2026-06-04 04:52:32 [INFO]: Epoch 055 - training loss (MAE): 0.2941, validation MSE: 0.1765
2026-06-04 04:52:34 [INFO]: Epoch 056 - training loss (MAE): 0.2924, validation MSE: 0.1807
2026-06-04 04:52:36 [INFO]: Epoch 057 - training loss (MAE): 0.2922, validation MSE: 0.1765
2026-06-04 04:52:38 [INFO]: Epoch 058 - training loss (MAE): 0.2902, validation MSE: 0.1732
2026-06-04 04:52:40 [INFO]: Epoch 059 - training loss (MAE): 0.2888, validation MSE: 0.1718
2026-06-04 04:52:42 [INFO]: Epoch 060 - training loss (MAE): 0.2872, validation MSE: 0.1741
2026-06-04 04:52:42 [INFO]: Finished training. The best model is from epoch#59.
2026-06-04 04:52:42 [INFO]: Saved the model to output/imputation/cuda/paper_campaign/saits/household_power/mr0.1/seed123/SAITS.pypots
[34m
████████╗██╗███╗   ███╗███████╗    ███████╗███████╗██████╗ ██╗███████╗███████╗    █████╗ ██╗
╚══██╔══╝██║████╗ ████║██╔════╝    ██╔════╝██╔════╝██╔══██╗██║██╔════╝██╔════╝   ██╔══██╗██║
   ██║   ██║██╔████╔██║█████╗█████╗███████╗█████╗  ██████╔╝██║█████╗  ███████╗   ███████║██║
   ██║   ██║██║╚██╔╝██║██╔══╝╚════╝╚════██║██╔══╝  ██╔══██╗██║██╔══╝  ╚════██║   ██╔══██║██║
   ██║   ██║██║ ╚═╝ ██║███████╗    ███████║███████╗██║  ██║██║███████╗███████║██╗██║  ██║██║
   ╚═╝   ╚═╝╚═╝     ╚═╝╚══════╝    ╚══════╝╚══════╝╚═╝  ╚═╝╚═╝╚══════╝╚══════╝╚═╝╚═╝  ╚═╝╚═╝
ai4ts v0.0.3 - building AI for unified time-series analysis, https://time-series.ai [0m

Use Train GPT: False
Use Lora: False
Use Profiling: False
🚀 Running imputation pipeline for model: saits
✅ Dataset 'household_power' with missing rate 0.1 loaded at: /home/Aboya_25R9803/projects/lab/SUN/iPyPOTS/datasets/rate_0.1
🚀 Starting SAITS training pipeline...
[SAITS] Testing —— MAE: 0.1385| MSE: 0.1238| RMSE: 0.3518| MRE: 0.1910| 
📊 Metrics saved to: output/imputation/cuda/paper_campaign/saits/household_power/mr0.1/seed123/metrics/saits_metrics.json
