2026-06-04 09:59:45 [INFO]: Have set the random seed as 123 for numpy and pytorch.
2026-06-04 09:59:46 [INFO]: 🔥🔥🔥🔥🔥🔥🔥🔥🔥🔥Using device list: ['cuda:0']
2026-06-04 09:59:46 [INFO]: 🔥🔥🔥🔥🔥🔥🔥🔥🔥🔥Using the given device: cuda:0
2026-06-04 09:59:47 [INFO]: Model files will be saved to output/imputation/cuda/paper_campaign/tslanet/citylearn_zone5/mr0.3/seed123
2026-06-04 09:59:47 [INFO]: Tensorboard file will be saved to output/imputation/cuda/paper_campaign/tslanet/citylearn_zone5/mr0.3/seed123/tensorboard
2026-06-04 09:59:47 [INFO]: Model placed on cuda:0
2026-06-04 09:59:47 [INFO]: TSLANet initialized with the given hyperparameters.
 ├─ Total parameters: 416,106
 ├─ Trainable parameters: 416,106
 └─ Trainable ratio: 100.00%
2026-06-04 09:59:50 [INFO]: Epoch 001 - training loss (default): 0.1153, validation loss: 0.0862
2026-06-04 09:59:53 [INFO]: Epoch 002 - training loss (default): 0.0362, validation loss: 0.0637
2026-06-04 09:59:55 [INFO]: Epoch 003 - training loss (default): 0.0224, validation loss: 0.0509
2026-06-04 09:59:58 [INFO]: Epoch 004 - training loss (default): 0.0163, validation loss: 0.0421
2026-06-04 10:00:00 [INFO]: Epoch 005 - training loss (default): 0.0127, validation loss: 0.0351
2026-06-04 10:00:03 [INFO]: Epoch 006 - training loss (default): 0.0104, validation loss: 0.0297
2026-06-04 10:00:05 [INFO]: Epoch 007 - training loss (default): 0.0086, validation loss: 0.0256
2026-06-04 10:00:08 [INFO]: Epoch 008 - training loss (default): 0.0075, validation loss: 0.0229
2026-06-04 10:00:10 [INFO]: Epoch 009 - training loss (default): 0.0064, validation loss: 0.0206
2026-06-04 10:00:12 [INFO]: Epoch 010 - training loss (default): 0.0057, validation loss: 0.0190
2026-06-04 10:00:15 [INFO]: Epoch 011 - training loss (default): 0.0051, validation loss: 0.0176
2026-06-04 10:00:17 [INFO]: Epoch 012 - training loss (default): 0.0046, validation loss: 0.0168
2026-06-04 10:00:20 [INFO]: Epoch 013 - training loss (default): 0.0042, validation loss: 0.0157
2026-06-04 10:00:23 [INFO]: Epoch 014 - training loss (default): 0.0038, validation loss: 0.0148
2026-06-04 10:00:26 [INFO]: Epoch 015 - training loss (default): 0.0035, validation loss: 0.0140
2026-06-04 10:00:29 [INFO]: Epoch 016 - training loss (default): 0.0033, validation loss: 0.0131
2026-06-04 10:00:32 [INFO]: Epoch 017 - training loss (default): 0.0030, validation loss: 0.0125
2026-06-04 10:00:35 [INFO]: Epoch 018 - training loss (default): 0.0028, validation loss: 0.0121
2026-06-04 10:00:38 [INFO]: Epoch 019 - training loss (default): 0.0026, validation loss: 0.0112
2026-06-04 10:00:41 [INFO]: Epoch 020 - training loss (default): 0.0025, validation loss: 0.0109
2026-06-04 10:00:44 [INFO]: Epoch 021 - training loss (default): 0.0023, validation loss: 0.0105
2026-06-04 10:00:47 [INFO]: Epoch 022 - training loss (default): 0.0021, validation loss: 0.0099
2026-06-04 10:00:50 [INFO]: Epoch 023 - training loss (default): 0.0020, validation loss: 0.0096
2026-06-04 10:00:53 [INFO]: Epoch 024 - training loss (default): 0.0019, validation loss: 0.0090
2026-06-04 10:00:56 [INFO]: Epoch 025 - training loss (default): 0.0018, validation loss: 0.0088
2026-06-04 10:00:58 [INFO]: Epoch 026 - training loss (default): 0.0017, validation loss: 0.0085
2026-06-04 10:01:01 [INFO]: Epoch 027 - training loss (default): 0.0016, validation loss: 0.0080
2026-06-04 10:01:04 [INFO]: Epoch 028 - training loss (default): 0.0015, validation loss: 0.0078
2026-06-04 10:01:07 [INFO]: Epoch 029 - training loss (default): 0.0014, validation loss: 0.0074
2026-06-04 10:01:10 [INFO]: Epoch 030 - training loss (default): 0.0014, validation loss: 0.0072
2026-06-04 10:01:13 [INFO]: Epoch 031 - training loss (default): 0.0013, validation loss: 0.0069
2026-06-04 10:01:16 [INFO]: Epoch 032 - training loss (default): 0.0012, validation loss: 0.0067
2026-06-04 10:01:19 [INFO]: Epoch 033 - training loss (default): 0.0012, validation loss: 0.0065
2026-06-04 10:01:22 [INFO]: Epoch 034 - training loss (default): 0.0011, validation loss: 0.0063
2026-06-04 10:01:25 [INFO]: Epoch 035 - training loss (default): 0.0011, validation loss: 0.0060
2026-06-04 10:01:28 [INFO]: Epoch 036 - training loss (default): 0.0010, validation loss: 0.0057
2026-06-04 10:01:31 [INFO]: Epoch 037 - training loss (default): 0.0009, validation loss: 0.0056
2026-06-04 10:01:33 [INFO]: Epoch 038 - training loss (default): 0.0009, validation loss: 0.0053
2026-06-04 10:01:36 [INFO]: Epoch 039 - training loss (default): 0.0009, validation loss: 0.0052
2026-06-04 10:01:39 [INFO]: Epoch 040 - training loss (default): 0.0008, validation loss: 0.0050
2026-06-04 10:01:42 [INFO]: Epoch 041 - training loss (default): 0.0008, validation loss: 0.0048
2026-06-04 10:01:45 [INFO]: Epoch 042 - training loss (default): 0.0007, validation loss: 0.0046
2026-06-04 10:01:47 [INFO]: Epoch 043 - training loss (default): 0.0007, validation loss: 0.0045
2026-06-04 10:01:49 [INFO]: Epoch 044 - training loss (default): 0.0007, validation loss: 0.0043
2026-06-04 10:01:52 [INFO]: Epoch 045 - training loss (default): 0.0007, validation loss: 0.0041
2026-06-04 10:01:54 [INFO]: Epoch 046 - training loss (default): 0.0006, validation loss: 0.0040
2026-06-04 10:01:57 [INFO]: Epoch 047 - training loss (default): 0.0006, validation loss: 0.0040
2026-06-04 10:01:59 [INFO]: Epoch 048 - training loss (default): 0.0006, validation loss: 0.0038
2026-06-04 10:02:02 [INFO]: Epoch 049 - training loss (default): 0.0006, validation loss: 0.0037
2026-06-04 10:02:05 [INFO]: Epoch 050 - training loss (default): 0.0005, validation loss: 0.0035
2026-06-04 10:02:07 [INFO]: Epoch 051 - training loss (default): 0.0005, validation loss: 0.0034
2026-06-04 10:02:10 [INFO]: Epoch 052 - training loss (default): 0.0005, validation loss: 0.0034
2026-06-04 10:02:12 [INFO]: Epoch 053 - training loss (default): 0.0005, validation loss: 0.0032
2026-06-04 10:02:15 [INFO]: Epoch 054 - training loss (default): 0.0005, validation loss: 0.0031
2026-06-04 10:02:17 [INFO]: Epoch 055 - training loss (default): 0.0004, validation loss: 0.0029
2026-06-04 10:02:20 [INFO]: Epoch 056 - training loss (default): 0.0004, validation loss: 0.0029
2026-06-04 10:02:23 [INFO]: Epoch 057 - training loss (default): 0.0004, validation loss: 0.0028
2026-06-04 10:02:25 [INFO]: Epoch 058 - training loss (default): 0.0004, validation loss: 0.0027
2026-06-04 10:02:28 [INFO]: Epoch 059 - training loss (default): 0.0004, validation loss: 0.0026
2026-06-04 10:02:31 [INFO]: Epoch 060 - training loss (default): 0.0004, validation loss: 0.0025
2026-06-04 10:02:31 [INFO]: Finished training. The best model is from epoch#60.
2026-06-04 10:02:31 [INFO]: Saved the model to output/imputation/cuda/paper_campaign/tslanet/citylearn_zone5/mr0.3/seed123/TSLANet.pypots
[34m
████████╗██╗███╗   ███╗███████╗    ███████╗███████╗██████╗ ██╗███████╗███████╗    █████╗ ██╗
╚══██╔══╝██║████╗ ████║██╔════╝    ██╔════╝██╔════╝██╔══██╗██║██╔════╝██╔════╝   ██╔══██╗██║
   ██║   ██║██╔████╔██║█████╗█████╗███████╗█████╗  ██████╔╝██║█████╗  ███████╗   ███████║██║
   ██║   ██║██║╚██╔╝██║██╔══╝╚════╝╚════██║██╔══╝  ██╔══██╗██║██╔══╝  ╚════██║   ██╔══██║██║
   ██║   ██║██║ ╚═╝ ██║███████╗    ███████║███████╗██║  ██║██║███████╗███████║██╗██║  ██║██║
   ╚═╝   ╚═╝╚═╝     ╚═╝╚══════╝    ╚══════╝╚══════╝╚═╝  ╚═╝╚═╝╚══════╝╚══════╝╚═╝╚═╝  ╚═╝╚═╝
ai4ts v0.0.3 - building AI for unified time-series analysis, https://time-series.ai [0m

Use Train GPT: False
Use Lora: False
Use Profiling: False
🚀 Running imputation pipeline for model: tslanet
✅ Dataset 'citylearn_zone5' with missing rate 0.3 loaded at: /home/Aboya_25R9803/projects/lab/SUN/iPyPOTS/datasets/rate_0.3
🚀 Starting TSLANet training pipeline...
[TSLANet] Testing —— MAE: 0.8223| MSE: 0.9459| RMSE: 0.9726| MRE: 1.0087| 
📊 Metrics saved to: output/imputation/cuda/paper_campaign/tslanet/citylearn_zone5/mr0.3/seed123/metrics/tslanet_metrics.json
