2026-06-04 06:08:12 [INFO]: Have set the random seed as 42 for numpy and pytorch.
2026-06-04 06:08:12 [INFO]: You're using dataset solar_alabama, please cite it properly in your work. You can find its reference information at the below link: 
https://github.com/WenjieDu/TSDB/tree/main/dataset_profiles/solar_alabama
2026-06-04 06:08:12 [INFO]: Dataset solar_alabama has already been downloaded. Processing directly...
2026-06-04 06:08:12 [INFO]: Dataset solar_alabama has already been cached. Loading from cache directly...
2026-06-04 06:08:12 [INFO]: Loaded successfully!
2026-06-04 06:08:12 [INFO]: months selected as train set are <PeriodArray>
['2006-01', '2006-02', '2006-03', '2006-04', '2006-05', '2006-06']
Length: 6, dtype: period[M]
2026-06-04 06:08:12 [INFO]: months selected as val set are <PeriodArray>
['2006-07', '2006-08', '2006-09']
Length: 3, dtype: period[M]
2026-06-04 06:08:12 [INFO]: months selected as test set are <PeriodArray>
['2006-10', '2006-11', '2006-12']
Length: 3, dtype: period[M]
2026-06-04 06:08:12 [INFO]: Total sample number: 2190
2026-06-04 06:08:12 [INFO]: Training set size: 1086 (49.59%)
2026-06-04 06:08:12 [INFO]: Validation set size: 552 (25.21%)
2026-06-04 06:08:12 [INFO]: Test set size: 552 (25.21%)
2026-06-04 06:08:12 [INFO]: Number of steps: 24
2026-06-04 06:08:12 [INFO]: Number of features: 137
2026-06-04 06:08:12 [INFO]: Train set missing rate: 30.00%
2026-06-04 06:08:12 [INFO]: Validating set missing rate: 29.97%
2026-06-04 06:08:12 [INFO]: Test set missing rate: 30.04%
2026-06-04 06:08:12 [INFO]: 🔥🔥🔥🔥🔥🔥🔥🔥🔥🔥Using device list: ['cuda:0']
2026-06-04 06:08:12 [INFO]: 🔥🔥🔥🔥🔥🔥🔥🔥🔥🔥Using the given device: cuda:0
2026-06-04 06:08:12 [INFO]: Model files will be saved to output/imputation/cuda/paper_campaign/tefn/solar/mr0.3/seed42
2026-06-04 06:08:12 [INFO]: Tensorboard file will be saved to output/imputation/cuda/paper_campaign/tefn/solar/mr0.3/seed42/tensorboard
2026-06-04 06:08:12 [INFO]: Using customized MAE as the training loss function.
2026-06-04 06:08:12 [INFO]: Using customized MSE as the validation metric function.
2026-06-04 06:08:12 [INFO]: Model placed on cuda:0
2026-06-04 06:08:12 [INFO]: TEFN initialized with the given hyperparameters.
 ├─ Total parameters: 42,827
 ├─ Trainable parameters: 42,827
 └─ Trainable ratio: 100.00%
2026-06-04 06:08:13 [INFO]: Epoch 001 - training loss (MAE): 8.9492, validation MSE: 28.2066
2026-06-04 06:08:14 [INFO]: Epoch 002 - training loss (MAE): 8.2783, validation MSE: 27.0842
2026-06-04 06:08:14 [INFO]: Epoch 003 - training loss (MAE): 7.9828, validation MSE: 26.4474
2026-06-04 06:08:14 [INFO]: Epoch 004 - training loss (MAE): 7.7640, validation MSE: 25.0831
2026-06-04 06:08:15 [INFO]: Epoch 005 - training loss (MAE): 7.5339, validation MSE: 23.5838
2026-06-04 06:08:15 [INFO]: Epoch 006 - training loss (MAE): 7.3144, validation MSE: 22.2471
2026-06-04 06:08:16 [INFO]: Epoch 007 - training loss (MAE): 7.0967, validation MSE: 21.0921
2026-06-04 06:08:16 [INFO]: Epoch 008 - training loss (MAE): 6.8874, validation MSE: 20.0932
2026-06-04 06:08:16 [INFO]: Epoch 009 - training loss (MAE): 6.6854, validation MSE: 19.2111
2026-06-04 06:08:17 [INFO]: Epoch 010 - training loss (MAE): 6.4755, validation MSE: 18.3300
2026-06-04 06:08:17 [INFO]: Epoch 011 - training loss (MAE): 6.2699, validation MSE: 17.4907
2026-06-04 06:08:17 [INFO]: Epoch 012 - training loss (MAE): 6.0837, validation MSE: 16.6362
2026-06-04 06:08:17 [INFO]: Epoch 013 - training loss (MAE): 5.8793, validation MSE: 15.8405
2026-06-04 06:08:18 [INFO]: Epoch 014 - training loss (MAE): 5.6918, validation MSE: 15.0966
2026-06-04 06:08:18 [INFO]: Epoch 015 - training loss (MAE): 5.5081, validation MSE: 14.3427
2026-06-04 06:08:18 [INFO]: Epoch 016 - training loss (MAE): 5.3215, validation MSE: 13.6391
2026-06-04 06:08:18 [INFO]: Epoch 017 - training loss (MAE): 5.1427, validation MSE: 12.9743
2026-06-04 06:08:19 [INFO]: Epoch 018 - training loss (MAE): 4.9599, validation MSE: 12.3116
2026-06-04 06:08:19 [INFO]: Epoch 019 - training loss (MAE): 4.7782, validation MSE: 11.7306
2026-06-04 06:08:19 [INFO]: Epoch 020 - training loss (MAE): 4.6177, validation MSE: 11.1192
2026-06-04 06:08:20 [INFO]: Epoch 021 - training loss (MAE): 4.4372, validation MSE: 10.6001
2026-06-04 06:08:20 [INFO]: Epoch 022 - training loss (MAE): 4.2787, validation MSE: 10.0827
2026-06-04 06:08:20 [INFO]: Epoch 023 - training loss (MAE): 4.1279, validation MSE: 9.5515
2026-06-04 06:08:21 [INFO]: Epoch 024 - training loss (MAE): 3.9712, validation MSE: 9.0843
2026-06-04 06:08:21 [INFO]: Epoch 025 - training loss (MAE): 3.8231, validation MSE: 8.6364
2026-06-04 06:08:21 [INFO]: Epoch 026 - training loss (MAE): 3.6939, validation MSE: 8.2038
2026-06-04 06:08:22 [INFO]: Epoch 027 - training loss (MAE): 3.5520, validation MSE: 7.7978
2026-06-04 06:08:22 [INFO]: Epoch 028 - training loss (MAE): 3.4343, validation MSE: 7.4424
2026-06-04 06:08:22 [INFO]: Epoch 029 - training loss (MAE): 3.2944, validation MSE: 7.0783
2026-06-04 06:08:22 [INFO]: Epoch 030 - training loss (MAE): 3.1771, validation MSE: 6.7304
2026-06-04 06:08:23 [INFO]: Epoch 031 - training loss (MAE): 3.0478, validation MSE: 6.4034
2026-06-04 06:08:23 [INFO]: Epoch 032 - training loss (MAE): 2.9570, validation MSE: 6.0925
2026-06-04 06:08:23 [INFO]: Epoch 033 - training loss (MAE): 2.8485, validation MSE: 5.7907
2026-06-04 06:08:24 [INFO]: Epoch 034 - training loss (MAE): 2.7475, validation MSE: 5.5023
2026-06-04 06:08:24 [INFO]: Epoch 035 - training loss (MAE): 2.6457, validation MSE: 5.2525
2026-06-04 06:08:24 [INFO]: Epoch 036 - training loss (MAE): 2.5772, validation MSE: 4.9676
2026-06-04 06:08:25 [INFO]: Epoch 037 - training loss (MAE): 2.4720, validation MSE: 4.7329
2026-06-04 06:08:25 [INFO]: Epoch 038 - training loss (MAE): 2.3796, validation MSE: 4.4857
2026-06-04 06:08:25 [INFO]: Epoch 039 - training loss (MAE): 2.3166, validation MSE: 4.2724
2026-06-04 06:08:26 [INFO]: Epoch 040 - training loss (MAE): 2.2388, validation MSE: 4.0608
2026-06-04 06:08:26 [INFO]: Epoch 041 - training loss (MAE): 2.1656, validation MSE: 3.8312
2026-06-04 06:08:26 [INFO]: Epoch 042 - training loss (MAE): 2.0989, validation MSE: 3.6688
2026-06-04 06:08:27 [INFO]: Epoch 043 - training loss (MAE): 2.0216, validation MSE: 3.4634
2026-06-04 06:08:27 [INFO]: Epoch 044 - training loss (MAE): 1.9595, validation MSE: 3.3044
2026-06-04 06:08:27 [INFO]: Epoch 045 - training loss (MAE): 1.8975, validation MSE: 3.1336
2026-06-04 06:08:27 [INFO]: Epoch 046 - training loss (MAE): 1.8403, validation MSE: 2.9893
2026-06-04 06:08:28 [INFO]: Epoch 047 - training loss (MAE): 1.7769, validation MSE: 2.8453
2026-06-04 06:08:28 [INFO]: Epoch 048 - training loss (MAE): 1.7283, validation MSE: 2.6827
2026-06-04 06:08:28 [INFO]: Epoch 049 - training loss (MAE): 1.6673, validation MSE: 2.5700
2026-06-04 06:08:29 [INFO]: Epoch 050 - training loss (MAE): 1.6239, validation MSE: 2.4393
2026-06-04 06:08:29 [INFO]: Epoch 051 - training loss (MAE): 1.5645, validation MSE: 2.3208
2026-06-04 06:08:29 [INFO]: Epoch 052 - training loss (MAE): 1.5165, validation MSE: 2.2013
2026-06-04 06:08:30 [INFO]: Epoch 053 - training loss (MAE): 1.4628, validation MSE: 2.1211
2026-06-04 06:08:30 [INFO]: Epoch 054 - training loss (MAE): 1.4341, validation MSE: 2.0082
2026-06-04 06:08:30 [INFO]: Epoch 055 - training loss (MAE): 1.3621, validation MSE: 1.9166
2026-06-04 06:08:31 [INFO]: Epoch 056 - training loss (MAE): 1.3295, validation MSE: 1.8413
2026-06-04 06:08:31 [INFO]: Epoch 057 - training loss (MAE): 1.2892, validation MSE: 1.7500
2026-06-04 06:08:31 [INFO]: Epoch 058 - training loss (MAE): 1.2370, validation MSE: 1.7022
2026-06-04 06:08:31 [INFO]: Epoch 059 - training loss (MAE): 1.2021, validation MSE: 1.6242
2026-06-04 06:08:32 [INFO]: Epoch 060 - training loss (MAE): 1.1562, validation MSE: 1.5449
2026-06-04 06:08:32 [INFO]: Finished training. The best model is from epoch#60.
2026-06-04 06:08:32 [INFO]: Saved the model to output/imputation/cuda/paper_campaign/tefn/solar/mr0.3/seed42/TEFN.pypots
[34m
████████╗██╗███╗   ███╗███████╗    ███████╗███████╗██████╗ ██╗███████╗███████╗    █████╗ ██╗
╚══██╔══╝██║████╗ ████║██╔════╝    ██╔════╝██╔════╝██╔══██╗██║██╔════╝██╔════╝   ██╔══██╗██║
   ██║   ██║██╔████╔██║█████╗█████╗███████╗█████╗  ██████╔╝██║█████╗  ███████╗   ███████║██║
   ██║   ██║██║╚██╔╝██║██╔══╝╚════╝╚════██║██╔══╝  ██╔══██╗██║██╔══╝  ╚════██║   ██╔══██║██║
   ██║   ██║██║ ╚═╝ ██║███████╗    ███████║███████╗██║  ██║██║███████╗███████║██╗██║  ██║██║
   ╚═╝   ╚═╝╚═╝     ╚═╝╚══════╝    ╚══════╝╚══════╝╚═╝  ╚═╝╚═╝╚══════╝╚══════╝╚═╝╚═╝  ╚═╝╚═╝
ai4ts v0.0.3 - building AI for unified time-series analysis, https://time-series.ai [0m

Use Train GPT: False
Use Lora: False
Use Profiling: False
🚀 Running imputation pipeline for model: tefn
✅ Dataset 'solar' with missing rate 0.3 loaded at: /home/Aboya_25R9803/projects/lab/SUN/iPyPOTS/datasets/rate_0.3
🚀 Starting TEFN training pipeline...
[TEFN] Testing —— MAE: 0.7513| MSE: 1.4452| RMSE: 1.2022| MRE: 0.9698| 
📊 Metrics saved to: output/imputation/cuda/paper_campaign/tefn/solar/mr0.3/seed42/metrics/tefn_metrics.json
