2026-06-04 05:22:25 [INFO]: Have set the random seed as 42 for numpy and pytorch.
2026-06-04 05:22:27 [INFO]: 🔥🔥🔥🔥🔥🔥🔥🔥🔥🔥Using device list: ['cuda:0']
2026-06-04 05:22:27 [INFO]: 🔥🔥🔥🔥🔥🔥🔥🔥🔥🔥Using the given device: cuda:0
2026-06-04 05:22:27 [INFO]: Model files will be saved to output/imputation/cuda/paper_campaign/tefn/opsd_germany/mr0.1/seed42
2026-06-04 05:22:27 [INFO]: Tensorboard file will be saved to output/imputation/cuda/paper_campaign/tefn/opsd_germany/mr0.1/seed42/tensorboard
2026-06-04 05:22:27 [INFO]: Using customized MAE as the training loss function.
2026-06-04 05:22:27 [INFO]: Using customized MSE as the validation metric function.
2026-06-04 05:22:27 [INFO]: Model placed on cuda:0
2026-06-04 05:22:27 [INFO]: TEFN initialized with the given hyperparameters.
 ├─ Total parameters: 5,906
 ├─ Trainable parameters: 5,906
 └─ Trainable ratio: 100.00%
2026-06-04 05:22:30 [INFO]: Epoch 001 - training loss (MAE): 8.1509, validation MSE: 21.8452
2026-06-04 05:22:32 [INFO]: Epoch 002 - training loss (MAE): 6.4633, validation MSE: 14.3765
2026-06-04 05:22:34 [INFO]: Epoch 003 - training loss (MAE): 5.0430, validation MSE: 9.0168
2026-06-04 05:22:37 [INFO]: Epoch 004 - training loss (MAE): 3.7136, validation MSE: 5.4732
2026-06-04 05:22:40 [INFO]: Epoch 005 - training loss (MAE): 2.8040, validation MSE: 3.6573
2026-06-04 05:22:41 [INFO]: Epoch 006 - training loss (MAE): 2.2656, validation MSE: 2.5821
2026-06-04 05:22:43 [INFO]: Epoch 007 - training loss (MAE): 1.8956, validation MSE: 1.9088
2026-06-04 05:22:45 [INFO]: Epoch 008 - training loss (MAE): 1.6277, validation MSE: 1.4638
2026-06-04 05:22:47 [INFO]: Epoch 009 - training loss (MAE): 1.4300, validation MSE: 1.1826
2026-06-04 05:22:48 [INFO]: Epoch 010 - training loss (MAE): 1.2873, validation MSE: 1.0031
2026-06-04 05:22:51 [INFO]: Epoch 011 - training loss (MAE): 1.1787, validation MSE: 0.8869
2026-06-04 05:22:53 [INFO]: Epoch 012 - training loss (MAE): 1.0950, validation MSE: 0.8128
2026-06-04 05:22:54 [INFO]: Epoch 013 - training loss (MAE): 1.0255, validation MSE: 0.7608
2026-06-04 05:22:56 [INFO]: Epoch 014 - training loss (MAE): 0.9673, validation MSE: 0.7306
2026-06-04 05:22:58 [INFO]: Epoch 015 - training loss (MAE): 0.9198, validation MSE: 0.7194
2026-06-04 05:22:59 [INFO]: Epoch 016 - training loss (MAE): 0.8788, validation MSE: 0.7067
2026-06-04 05:23:00 [INFO]: Epoch 017 - training loss (MAE): 0.8444, validation MSE: 0.7000
2026-06-04 05:23:02 [INFO]: Epoch 018 - training loss (MAE): 0.8154, validation MSE: 0.6975
2026-06-04 05:23:05 [INFO]: Epoch 019 - training loss (MAE): 0.7939, validation MSE: 0.6978
2026-06-04 05:23:06 [INFO]: Epoch 020 - training loss (MAE): 0.7768, validation MSE: 0.6980
2026-06-04 05:23:07 [INFO]: Epoch 021 - training loss (MAE): 0.7633, validation MSE: 0.6997
2026-06-04 05:23:08 [INFO]: Epoch 022 - training loss (MAE): 0.7511, validation MSE: 0.7015
2026-06-04 05:23:09 [INFO]: Epoch 023 - training loss (MAE): 0.7411, validation MSE: 0.7086
2026-06-04 05:23:11 [INFO]: Epoch 024 - training loss (MAE): 0.7318, validation MSE: 0.7134
2026-06-04 05:23:12 [INFO]: Epoch 025 - training loss (MAE): 0.7236, validation MSE: 0.7153
2026-06-04 05:23:13 [INFO]: Epoch 026 - training loss (MAE): 0.7161, validation MSE: 0.7169
2026-06-04 05:23:14 [INFO]: Epoch 027 - training loss (MAE): 0.7105, validation MSE: 0.7192
2026-06-04 05:23:16 [INFO]: Epoch 028 - training loss (MAE): 0.7049, validation MSE: 0.7199
2026-06-04 05:23:17 [INFO]: Epoch 029 - training loss (MAE): 0.6989, validation MSE: 0.7253
2026-06-04 05:23:18 [INFO]: Epoch 030 - training loss (MAE): 0.6960, validation MSE: 0.7241
2026-06-04 05:23:18 [INFO]: Exceeded the training patience. Terminating the training procedure...
2026-06-04 05:23:18 [INFO]: Finished training. The best model is from epoch#18.
2026-06-04 05:23:18 [INFO]: Saved the model to output/imputation/cuda/paper_campaign/tefn/opsd_germany/mr0.1/seed42/TEFN.pypots
[34m
████████╗██╗███╗   ███╗███████╗    ███████╗███████╗██████╗ ██╗███████╗███████╗    █████╗ ██╗
╚══██╔══╝██║████╗ ████║██╔════╝    ██╔════╝██╔════╝██╔══██╗██║██╔════╝██╔════╝   ██╔══██╗██║
   ██║   ██║██╔████╔██║█████╗█████╗███████╗█████╗  ██████╔╝██║█████╗  ███████╗   ███████║██║
   ██║   ██║██║╚██╔╝██║██╔══╝╚════╝╚════██║██╔══╝  ██╔══██╗██║██╔══╝  ╚════██║   ██╔══██║██║
   ██║   ██║██║ ╚═╝ ██║███████╗    ███████║███████╗██║  ██║██║███████╗███████║██╗██║  ██║██║
   ╚═╝   ╚═╝╚═╝     ╚═╝╚══════╝    ╚══════╝╚══════╝╚═╝  ╚═╝╚═╝╚══════╝╚══════╝╚═╝╚═╝  ╚═╝╚═╝
ai4ts v0.0.3 - building AI for unified time-series analysis, https://time-series.ai [0m

Use Train GPT: False
Use Lora: False
Use Profiling: False
🚀 Running imputation pipeline for model: tefn
✅ Dataset 'opsd_germany' with missing rate 0.1 loaded at: /home/Aboya_25R9803/projects/lab/SUN/iPyPOTS/datasets/rate_0.1
🚀 Starting TEFN training pipeline...
[TEFN] Testing —— MAE: 0.6153| MSE: 0.7692| RMSE: 0.8770| MRE: 0.6766| 
📊 Metrics saved to: output/imputation/cuda/paper_campaign/tefn/opsd_germany/mr0.1/seed42/metrics/tefn_metrics.json
