[34m
████████╗██╗███╗   ███╗███████╗    ███████╗███████╗██████╗ ██╗███████╗███████╗    █████╗ ██╗
╚══██╔══╝██║████╗ ████║██╔════╝    ██╔════╝██╔════╝██╔══██╗██║██╔════╝██╔════╝   ██╔══██╗██║
   ██║   ██║██╔████╔██║█████╗█████╗███████╗█████╗  ██████╔╝██║█████╗  ███████╗   ███████║██║
   ██║   ██║██║╚██╔╝██║██╔══╝╚════╝╚════██║██╔══╝  ██╔══██╗██║██╔══╝  ╚════██║   ██╔══██║██║
   ██║   ██║██║ ╚═╝ ██║███████╗    ███████║███████╗██║  ██║██║███████╗███████║██╗██║  ██║██║
   ╚═╝   ╚═╝╚═╝     ╚═╝╚══════╝    ╚══════╝╚══════╝╚═╝  ╚═╝╚═╝╚══════╝╚══════╝╚═╝╚═╝  ╚═╝╚═╝
ai4ts v0.0.3 - building AI for unified time-series analysis, https://time-series.ai [0m

Use Train GPT: False
Use Lora: False
Use Profiling: False
2026-06-04 13:16:31 [INFO]: Have set the random seed as 42 for numpy and pytorch.
🚀 Running imputation pipeline for model: tefn
2026-06-04 13:16:31 [INFO]: You're using dataset electricity_transformer_temperature, please cite it properly in your work. You can find its reference information at the below link: 
https://github.com/WenjieDu/TSDB/tree/main/dataset_profiles/electricity_transformer_temperature
2026-06-04 13:16:31 [INFO]: Dataset electricity_transformer_temperature has already been downloaded. Processing directly...
2026-06-04 13:16:31 [INFO]: Dataset electricity_transformer_temperature has already been cached. Loading from cache directly...
2026-06-04 13:16:31 [INFO]: Loaded successfully!
2026-06-04 13:16:31 [INFO]: months selected as train set are <PeriodArray>
['2016-07', '2016-08', '2016-09', '2016-10', '2016-11', '2016-12', '2017-01',
 '2017-02', '2017-03', '2017-04', '2017-05', '2017-06', '2017-07', '2017-08']
Length: 14, dtype: period[M]
2026-06-04 13:16:31 [INFO]: months selected as val set are <PeriodArray>
['2017-09', '2017-10', '2017-11', '2017-12', '2018-01']
Length: 5, dtype: period[M]
2026-06-04 13:16:31 [INFO]: months selected as test set are <PeriodArray>
['2018-02', '2018-03', '2018-04', '2018-05', '2018-06']
Length: 5, dtype: period[M]
2026-06-04 13:16:31 [INFO]: Total sample number: 180
2026-06-04 13:16:31 [INFO]: Training set size: 106 (58.89%)
2026-06-04 13:16:31 [INFO]: Validation set size: 38 (21.11%)
2026-06-04 13:16:31 [INFO]: Test set size: 36 (20.00%)
2026-06-04 13:16:31 [INFO]: Number of steps: 96
2026-06-04 13:16:31 [INFO]: Number of features: 7
2026-06-04 13:16:31 [INFO]: Train set missing rate: 10.04%
2026-06-04 13:16:31 [INFO]: Validating set missing rate: 10.00%
2026-06-04 13:16:31 [INFO]: Test set missing rate: 10.10%
✅ Dataset 'etth1' with missing rate 0.1 loaded at: /home/Aboya_25R9803/projects/lab/SUN/iPyPOTS/datasets/rate_0.1
🚀 Starting TEFN training pipeline...
2026-06-04 13:16:31 [INFO]: 🔥🔥🔥🔥🔥🔥🔥🔥🔥🔥Using device list: ['cuda:0']
2026-06-04 13:16:31 [INFO]: 🔥🔥🔥🔥🔥🔥🔥🔥🔥🔥Using the given device: cuda:0
2026-06-04 13:16:31 [INFO]: Model files will be saved to output/imputation/cuda/paper_campaign/tefn/etth1/mr0.1/seed42
2026-06-04 13:16:31 [INFO]: Tensorboard file will be saved to output/imputation/cuda/paper_campaign/tefn/etth1/mr0.1/seed42/tensorboard
2026-06-04 13:16:31 [INFO]: Using customized MAE as the training loss function.
2026-06-04 13:16:31 [INFO]: Using customized MSE as the validation metric function.
2026-06-04 13:16:31 [INFO]: Model placed on cuda:0
2026-06-04 13:16:31 [INFO]: TEFN initialized with the given hyperparameters.
 ├─ Total parameters: 3,401
 ├─ Trainable parameters: 3,401
 └─ Trainable ratio: 100.00%
2026-06-04 13:16:31 [INFO]: Epoch 001 - training loss (MAE): 9.6327, validation MSE: 36.1718
2026-06-04 13:16:31 [INFO]: Epoch 002 - training loss (MAE): 9.6060, validation MSE: 35.7067
2026-06-04 13:16:32 [INFO]: Epoch 003 - training loss (MAE): 9.5535, validation MSE: 35.2498
2026-06-04 13:16:32 [INFO]: Epoch 004 - training loss (MAE): 9.5186, validation MSE: 34.8011
2026-06-04 13:16:32 [INFO]: Epoch 005 - training loss (MAE): 9.4201, validation MSE: 34.3600
2026-06-04 13:16:32 [INFO]: Epoch 006 - training loss (MAE): 9.3682, validation MSE: 33.9262
2026-06-04 13:16:32 [INFO]: Epoch 007 - training loss (MAE): 9.3005, validation MSE: 33.4997
2026-06-04 13:16:32 [INFO]: Epoch 008 - training loss (MAE): 9.2529, validation MSE: 33.0795
2026-06-04 13:16:32 [INFO]: Epoch 009 - training loss (MAE): 9.1152, validation MSE: 32.6645
2026-06-04 13:16:32 [INFO]: Epoch 010 - training loss (MAE): 9.1308, validation MSE: 32.2559
2026-06-04 13:16:32 [INFO]: Epoch 011 - training loss (MAE): 9.0813, validation MSE: 31.8531
2026-06-04 13:16:32 [INFO]: Epoch 012 - training loss (MAE): 8.9721, validation MSE: 31.4557
2026-06-04 13:16:32 [INFO]: Epoch 013 - training loss (MAE): 8.9747, validation MSE: 31.0627
2026-06-04 13:16:32 [INFO]: Epoch 014 - training loss (MAE): 8.9070, validation MSE: 30.6747
2026-06-04 13:16:32 [INFO]: Epoch 015 - training loss (MAE): 8.8726, validation MSE: 30.2906
2026-06-04 13:16:32 [INFO]: Epoch 016 - training loss (MAE): 8.8177, validation MSE: 29.9120
2026-06-04 13:16:32 [INFO]: Epoch 017 - training loss (MAE): 8.6922, validation MSE: 29.5385
2026-06-04 13:16:32 [INFO]: Epoch 018 - training loss (MAE): 8.6816, validation MSE: 29.1701
2026-06-04 13:16:32 [INFO]: Epoch 019 - training loss (MAE): 8.6609, validation MSE: 28.8058
2026-06-04 13:16:32 [INFO]: Epoch 020 - training loss (MAE): 8.6113, validation MSE: 28.4455
2026-06-04 13:16:32 [INFO]: Epoch 021 - training loss (MAE): 8.5092, validation MSE: 28.0907
2026-06-04 13:16:32 [INFO]: Epoch 022 - training loss (MAE): 8.4904, validation MSE: 27.7405
2026-06-04 13:16:32 [INFO]: Epoch 023 - training loss (MAE): 8.4529, validation MSE: 27.3943
2026-06-04 13:16:32 [INFO]: Epoch 024 - training loss (MAE): 8.3761, validation MSE: 27.0510
2026-06-04 13:16:32 [INFO]: Epoch 025 - training loss (MAE): 8.3214, validation MSE: 26.7123
2026-06-04 13:16:32 [INFO]: Epoch 026 - training loss (MAE): 8.2541, validation MSE: 26.3783
2026-06-04 13:16:32 [INFO]: Epoch 027 - training loss (MAE): 8.2075, validation MSE: 26.0492
2026-06-04 13:16:32 [INFO]: Epoch 028 - training loss (MAE): 8.1536, validation MSE: 25.7239
2026-06-04 13:16:32 [INFO]: Epoch 029 - training loss (MAE): 8.1125, validation MSE: 25.4020
2026-06-04 13:16:32 [INFO]: Epoch 030 - training loss (MAE): 8.0617, validation MSE: 25.0835
2026-06-04 13:16:32 [INFO]: Epoch 031 - training loss (MAE): 7.9961, validation MSE: 24.7693
2026-06-04 13:16:32 [INFO]: Epoch 032 - training loss (MAE): 7.9435, validation MSE: 24.4594
2026-06-04 13:16:32 [INFO]: Epoch 033 - training loss (MAE): 7.9185, validation MSE: 24.1532
2026-06-04 13:16:32 [INFO]: Epoch 034 - training loss (MAE): 7.8203, validation MSE: 23.8516
2026-06-04 13:16:32 [INFO]: Epoch 035 - training loss (MAE): 7.7689, validation MSE: 23.5547
2026-06-04 13:16:32 [INFO]: Epoch 036 - training loss (MAE): 7.7522, validation MSE: 23.2620
2026-06-04 13:16:32 [INFO]: Epoch 037 - training loss (MAE): 7.7041, validation MSE: 22.9730
2026-06-04 13:16:32 [INFO]: Epoch 038 - training loss (MAE): 7.6748, validation MSE: 22.6878
2026-06-04 13:16:32 [INFO]: Epoch 039 - training loss (MAE): 7.6141, validation MSE: 22.4059
2026-06-04 13:16:32 [INFO]: Epoch 040 - training loss (MAE): 7.5858, validation MSE: 22.1279
2026-06-04 13:16:32 [INFO]: Epoch 041 - training loss (MAE): 7.5281, validation MSE: 21.8539
2026-06-04 13:16:32 [INFO]: Epoch 042 - training loss (MAE): 7.5215, validation MSE: 21.5838
2026-06-04 13:16:32 [INFO]: Epoch 043 - training loss (MAE): 7.4596, validation MSE: 21.3165
2026-06-04 13:16:32 [INFO]: Epoch 044 - training loss (MAE): 7.4026, validation MSE: 21.0527
2026-06-04 13:16:33 [INFO]: Epoch 045 - training loss (MAE): 7.3239, validation MSE: 20.7922
2026-06-04 13:16:33 [INFO]: Epoch 046 - training loss (MAE): 7.3428, validation MSE: 20.5347
2026-06-04 13:16:33 [INFO]: Epoch 047 - training loss (MAE): 7.2826, validation MSE: 20.2804
2026-06-04 13:16:33 [INFO]: Epoch 048 - training loss (MAE): 7.1883, validation MSE: 20.0293
2026-06-04 13:16:33 [INFO]: Epoch 049 - training loss (MAE): 7.1396, validation MSE: 19.7814
2026-06-04 13:16:33 [INFO]: Epoch 050 - training loss (MAE): 7.0762, validation MSE: 19.5367
2026-06-04 13:16:33 [INFO]: Epoch 051 - training loss (MAE): 7.0613, validation MSE: 19.2949
2026-06-04 13:16:33 [INFO]: Epoch 052 - training loss (MAE): 6.9851, validation MSE: 19.0565
2026-06-04 13:16:33 [INFO]: Epoch 053 - training loss (MAE): 6.9693, validation MSE: 18.8210
2026-06-04 13:16:33 [INFO]: Epoch 054 - training loss (MAE): 6.9531, validation MSE: 18.5884
2026-06-04 13:16:33 [INFO]: Epoch 055 - training loss (MAE): 6.8754, validation MSE: 18.3580
2026-06-04 13:16:33 [INFO]: Epoch 056 - training loss (MAE): 6.8300, validation MSE: 18.1302
2026-06-04 13:16:33 [INFO]: Epoch 057 - training loss (MAE): 6.7599, validation MSE: 17.9060
2026-06-04 13:16:33 [INFO]: Epoch 058 - training loss (MAE): 6.7523, validation MSE: 17.6846
2026-06-04 13:16:33 [INFO]: Epoch 059 - training loss (MAE): 6.7149, validation MSE: 17.4662
2026-06-04 13:16:33 [INFO]: Epoch 060 - training loss (MAE): 6.6489, validation MSE: 17.2504
2026-06-04 13:16:33 [INFO]: Finished training. The best model is from epoch#60.
2026-06-04 13:16:33 [INFO]: Saved the model to output/imputation/cuda/paper_campaign/tefn/etth1/mr0.1/seed42/TEFN.pypots
[TEFN] Testing —— MAE: 3.2800| MSE: 18.7945| RMSE: 4.3353| MRE: 3.9491| 
📊 Metrics saved to: output/imputation/cuda/paper_campaign/tefn/etth1/mr0.1/seed42/metrics/tefn_metrics.json
