2026-06-04 04:45:48 [INFO]: Have set the random seed as 456 for numpy and pytorch.
2026-06-04 04:45:48 [INFO]: You're using dataset electricity_transformer_temperature, please cite it properly in your work. You can find its reference information at the below link: 
https://github.com/WenjieDu/TSDB/tree/main/dataset_profiles/electricity_transformer_temperature
2026-06-04 04:45:48 [INFO]: Dataset electricity_transformer_temperature has already been downloaded. Processing directly...
2026-06-04 04:45:48 [INFO]: Dataset electricity_transformer_temperature has already been cached. Loading from cache directly...
2026-06-04 04:45:48 [INFO]: Loaded successfully!
2026-06-04 04:45:48 [INFO]: months selected as train set are <PeriodArray>
['2016-07', '2016-08', '2016-09', '2016-10', '2016-11', '2016-12', '2017-01',
 '2017-02', '2017-03', '2017-04', '2017-05', '2017-06', '2017-07', '2017-08']
Length: 14, dtype: period[M]
2026-06-04 04:45:48 [INFO]: months selected as val set are <PeriodArray>
['2017-09', '2017-10', '2017-11', '2017-12', '2018-01']
Length: 5, dtype: period[M]
2026-06-04 04:45:48 [INFO]: months selected as test set are <PeriodArray>
['2018-02', '2018-03', '2018-04', '2018-05', '2018-06']
Length: 5, dtype: period[M]
2026-06-04 04:45:48 [INFO]: Total sample number: 725
2026-06-04 04:45:48 [INFO]: Training set size: 427 (58.90%)
2026-06-04 04:45:48 [INFO]: Validation set size: 153 (21.10%)
2026-06-04 04:45:48 [INFO]: Test set size: 145 (20.00%)
2026-06-04 04:45:48 [INFO]: Number of steps: 96
2026-06-04 04:45:48 [INFO]: Number of features: 7
2026-06-04 04:45:48 [INFO]: Train set missing rate: 29.99%
2026-06-04 04:45:48 [INFO]: Validating set missing rate: 29.75%
2026-06-04 04:45:48 [INFO]: Test set missing rate: 29.80%
2026-06-04 04:45:48 [INFO]: 🔥🔥🔥🔥🔥🔥🔥🔥🔥🔥Using device list: ['cuda:0']
2026-06-04 04:45:48 [INFO]: 🔥🔥🔥🔥🔥🔥🔥🔥🔥🔥Using the given device: cuda:0
2026-06-04 04:45:49 [INFO]: Model files will be saved to output/imputation/cuda/paper_campaign/saits/ettm1/mr0.3/seed456
2026-06-04 04:45:49 [INFO]: Tensorboard file will be saved to output/imputation/cuda/paper_campaign/saits/ettm1/mr0.3/seed456/tensorboard
2026-06-04 04:45:49 [INFO]: Using customized MAE as the training loss function.
2026-06-04 04:45:49 [INFO]: Using customized MSE as the validation metric function.
2026-06-04 04:45:49 [INFO]: SAITS initialized with the given hyperparameters.
 ├─ Total parameters: 136,478
 ├─ Trainable parameters: 136,478
 └─ Trainable ratio: 100.00%
2026-06-04 04:45:49 [INFO]: Model placed on cuda:0
2026-06-04 04:45:50 [INFO]: Epoch 001 - training loss (MAE): 1.6527, validation MSE: 0.9309
2026-06-04 04:45:50 [INFO]: Epoch 002 - training loss (MAE): 1.5030, validation MSE: 0.8925
2026-06-04 04:45:50 [INFO]: Epoch 003 - training loss (MAE): 1.4330, validation MSE: 0.8810
2026-06-04 04:45:50 [INFO]: Epoch 004 - training loss (MAE): 1.3520, validation MSE: 0.8566
2026-06-04 04:45:50 [INFO]: Epoch 005 - training loss (MAE): 1.2854, validation MSE: 0.8120
2026-06-04 04:45:50 [INFO]: Epoch 006 - training loss (MAE): 1.2172, validation MSE: 0.7568
2026-06-04 04:45:50 [INFO]: Epoch 007 - training loss (MAE): 1.1477, validation MSE: 0.7016
2026-06-04 04:45:50 [INFO]: Epoch 008 - training loss (MAE): 1.1063, validation MSE: 0.6730
2026-06-04 04:45:50 [INFO]: Epoch 009 - training loss (MAE): 1.0817, validation MSE: 0.6491
2026-06-04 04:45:50 [INFO]: Epoch 010 - training loss (MAE): 1.0563, validation MSE: 0.6113
2026-06-04 04:45:50 [INFO]: Epoch 011 - training loss (MAE): 1.0265, validation MSE: 0.5646
2026-06-04 04:45:51 [INFO]: Epoch 012 - training loss (MAE): 1.0040, validation MSE: 0.5262
2026-06-04 04:45:51 [INFO]: Epoch 013 - training loss (MAE): 0.9853, validation MSE: 0.4898
2026-06-04 04:45:51 [INFO]: Epoch 014 - training loss (MAE): 0.9623, validation MSE: 0.4561
2026-06-04 04:45:51 [INFO]: Epoch 015 - training loss (MAE): 0.9386, validation MSE: 0.4281
2026-06-04 04:45:51 [INFO]: Epoch 016 - training loss (MAE): 0.9193, validation MSE: 0.4059
2026-06-04 04:45:51 [INFO]: Epoch 017 - training loss (MAE): 0.8962, validation MSE: 0.3777
2026-06-04 04:45:51 [INFO]: Epoch 018 - training loss (MAE): 0.8725, validation MSE: 0.3521
2026-06-04 04:45:51 [INFO]: Epoch 019 - training loss (MAE): 0.8593, validation MSE: 0.3376
2026-06-04 04:45:51 [INFO]: Epoch 020 - training loss (MAE): 0.8452, validation MSE: 0.3184
2026-06-04 04:45:51 [INFO]: Epoch 021 - training loss (MAE): 0.8270, validation MSE: 0.2993
2026-06-04 04:45:51 [INFO]: Epoch 022 - training loss (MAE): 0.8103, validation MSE: 0.2830
2026-06-04 04:45:51 [INFO]: Epoch 023 - training loss (MAE): 0.7976, validation MSE: 0.2618
2026-06-04 04:45:52 [INFO]: Epoch 024 - training loss (MAE): 0.7887, validation MSE: 0.2480
2026-06-04 04:45:52 [INFO]: Epoch 025 - training loss (MAE): 0.7737, validation MSE: 0.2370
2026-06-04 04:45:52 [INFO]: Epoch 026 - training loss (MAE): 0.7614, validation MSE: 0.2288
2026-06-04 04:45:52 [INFO]: Epoch 027 - training loss (MAE): 0.7479, validation MSE: 0.2185
2026-06-04 04:45:52 [INFO]: Epoch 028 - training loss (MAE): 0.7364, validation MSE: 0.2055
2026-06-04 04:45:52 [INFO]: Epoch 029 - training loss (MAE): 0.7273, validation MSE: 0.1956
2026-06-04 04:45:52 [INFO]: Epoch 030 - training loss (MAE): 0.7212, validation MSE: 0.1912
2026-06-04 04:45:52 [INFO]: Epoch 031 - training loss (MAE): 0.7072, validation MSE: 0.1842
2026-06-04 04:45:52 [INFO]: Epoch 032 - training loss (MAE): 0.7047, validation MSE: 0.1764
2026-06-04 04:45:52 [INFO]: Epoch 033 - training loss (MAE): 0.6947, validation MSE: 0.1696
2026-06-04 04:45:52 [INFO]: Epoch 034 - training loss (MAE): 0.6861, validation MSE: 0.1580
2026-06-04 04:45:53 [INFO]: Epoch 035 - training loss (MAE): 0.6780, validation MSE: 0.1496
2026-06-04 04:45:53 [INFO]: Epoch 036 - training loss (MAE): 0.6716, validation MSE: 0.1432
2026-06-04 04:45:53 [INFO]: Epoch 037 - training loss (MAE): 0.6634, validation MSE: 0.1420
2026-06-04 04:45:53 [INFO]: Epoch 038 - training loss (MAE): 0.6552, validation MSE: 0.1331
2026-06-04 04:45:53 [INFO]: Epoch 039 - training loss (MAE): 0.6491, validation MSE: 0.1320
2026-06-04 04:45:53 [INFO]: Epoch 040 - training loss (MAE): 0.6429, validation MSE: 0.1280
2026-06-04 04:45:53 [INFO]: Epoch 041 - training loss (MAE): 0.6390, validation MSE: 0.1231
2026-06-04 04:45:53 [INFO]: Epoch 042 - training loss (MAE): 0.6339, validation MSE: 0.1213
2026-06-04 04:45:53 [INFO]: Epoch 043 - training loss (MAE): 0.6278, validation MSE: 0.1172
2026-06-04 04:45:54 [INFO]: Epoch 044 - training loss (MAE): 0.6214, validation MSE: 0.1165
2026-06-04 04:45:54 [INFO]: Epoch 045 - training loss (MAE): 0.6162, validation MSE: 0.1105
2026-06-04 04:45:54 [INFO]: Epoch 046 - training loss (MAE): 0.6119, validation MSE: 0.1134
2026-06-04 04:45:54 [INFO]: Epoch 047 - training loss (MAE): 0.6086, validation MSE: 0.1047
2026-06-04 04:45:54 [INFO]: Epoch 048 - training loss (MAE): 0.6007, validation MSE: 0.1071
2026-06-04 04:45:54 [INFO]: Epoch 049 - training loss (MAE): 0.6010, validation MSE: 0.1023
2026-06-04 04:45:54 [INFO]: Epoch 050 - training loss (MAE): 0.5878, validation MSE: 0.1029
2026-06-04 04:45:54 [INFO]: Epoch 051 - training loss (MAE): 0.5896, validation MSE: 0.1012
2026-06-04 04:45:54 [INFO]: Epoch 052 - training loss (MAE): 0.5838, validation MSE: 0.0972
2026-06-04 04:45:54 [INFO]: Epoch 053 - training loss (MAE): 0.5819, validation MSE: 0.0979
2026-06-04 04:45:55 [INFO]: Epoch 054 - training loss (MAE): 0.5806, validation MSE: 0.0936
2026-06-04 04:45:55 [INFO]: Epoch 055 - training loss (MAE): 0.5793, validation MSE: 0.0954
2026-06-04 04:45:55 [INFO]: Epoch 056 - training loss (MAE): 0.5750, validation MSE: 0.0903
2026-06-04 04:45:55 [INFO]: Epoch 057 - training loss (MAE): 0.5683, validation MSE: 0.0917
2026-06-04 04:45:55 [INFO]: Epoch 058 - training loss (MAE): 0.5654, validation MSE: 0.0884
2026-06-04 04:45:55 [INFO]: Epoch 059 - training loss (MAE): 0.5603, validation MSE: 0.0907
2026-06-04 04:45:55 [INFO]: Epoch 060 - training loss (MAE): 0.5553, validation MSE: 0.0872
2026-06-04 04:45:55 [INFO]: Finished training. The best model is from epoch#60.
2026-06-04 04:45:55 [INFO]: Saved the model to output/imputation/cuda/paper_campaign/saits/ettm1/mr0.3/seed456/SAITS.pypots
[34m
████████╗██╗███╗   ███╗███████╗    ███████╗███████╗██████╗ ██╗███████╗███████╗    █████╗ ██╗
╚══██╔══╝██║████╗ ████║██╔════╝    ██╔════╝██╔════╝██╔══██╗██║██╔════╝██╔════╝   ██╔══██╗██║
   ██║   ██║██╔████╔██║█████╗█████╗███████╗█████╗  ██████╔╝██║█████╗  ███████╗   ███████║██║
   ██║   ██║██║╚██╔╝██║██╔══╝╚════╝╚════██║██╔══╝  ██╔══██╗██║██╔══╝  ╚════██║   ██╔══██║██║
   ██║   ██║██║ ╚═╝ ██║███████╗    ███████║███████╗██║  ██║██║███████╗███████║██╗██║  ██║██║
   ╚═╝   ╚═╝╚═╝     ╚═╝╚══════╝    ╚══════╝╚══════╝╚═╝  ╚═╝╚═╝╚══════╝╚══════╝╚═╝╚═╝  ╚═╝╚═╝
ai4ts v0.0.3 - building AI for unified time-series analysis, https://time-series.ai [0m

Use Train GPT: False
Use Lora: False
Use Profiling: False
🚀 Running imputation pipeline for model: saits
✅ Dataset 'ettm1' with missing rate 0.3 loaded at: /home/Aboya_25R9803/projects/lab/SUN/iPyPOTS/datasets/rate_0.3
🚀 Starting SAITS training pipeline...
[SAITS] Testing —— MAE: 0.2481| MSE: 0.1301| RMSE: 0.3608| MRE: 0.2922| 
📊 Metrics saved to: output/imputation/cuda/paper_campaign/saits/ettm1/mr0.3/seed456/metrics/saits_metrics.json
