2026-06-04 05:23:44 [INFO]: Have set the random seed as 42 for numpy and pytorch.
2026-06-04 05:23:52 [INFO]: 🔥🔥🔥🔥🔥🔥🔥🔥🔥🔥Using device list: ['cuda:0']
2026-06-04 05:23:52 [INFO]: 🔥🔥🔥🔥🔥🔥🔥🔥🔥🔥Using the given device: cuda:0
2026-06-04 05:23:53 [INFO]: Model files will be saved to output/imputation/cuda/paper_campaign/tefn/household_power/mr0.5/seed42
2026-06-04 05:23:53 [INFO]: Tensorboard file will be saved to output/imputation/cuda/paper_campaign/tefn/household_power/mr0.5/seed42/tensorboard
2026-06-04 05:23:53 [INFO]: Using customized MAE as the training loss function.
2026-06-04 05:23:53 [INFO]: Using customized MSE as the validation metric function.
2026-06-04 05:23:53 [INFO]: Model placed on cuda:0
2026-06-04 05:23:53 [INFO]: TEFN initialized with the given hyperparameters.
 ├─ Total parameters: 5,981
 ├─ Trainable parameters: 5,981
 └─ Trainable ratio: 100.00%
2026-06-04 05:23:54 [INFO]: Epoch 001 - training loss (MAE): 8.5186, validation MSE: 23.3495
2026-06-04 05:23:55 [INFO]: Epoch 002 - training loss (MAE): 7.1805, validation MSE: 18.3095
2026-06-04 05:23:56 [INFO]: Epoch 003 - training loss (MAE): 6.1319, validation MSE: 14.5234
2026-06-04 05:23:58 [INFO]: Epoch 004 - training loss (MAE): 5.2756, validation MSE: 11.6471
2026-06-04 05:23:59 [INFO]: Epoch 005 - training loss (MAE): 4.5694, validation MSE: 9.4912
2026-06-04 05:24:00 [INFO]: Epoch 006 - training loss (MAE): 3.9779, validation MSE: 7.8306
2026-06-04 05:24:01 [INFO]: Epoch 007 - training loss (MAE): 3.4696, validation MSE: 6.4973
2026-06-04 05:24:02 [INFO]: Epoch 008 - training loss (MAE): 3.0182, validation MSE: 5.4041
2026-06-04 05:24:04 [INFO]: Epoch 009 - training loss (MAE): 2.6138, validation MSE: 4.5050
2026-06-04 05:24:05 [INFO]: Epoch 010 - training loss (MAE): 2.2667, validation MSE: 3.7805
2026-06-04 05:24:06 [INFO]: Epoch 011 - training loss (MAE): 1.9882, validation MSE: 3.1970
2026-06-04 05:24:07 [INFO]: Epoch 012 - training loss (MAE): 1.7678, validation MSE: 2.7324
2026-06-04 05:24:08 [INFO]: Epoch 013 - training loss (MAE): 1.5833, validation MSE: 2.3599
2026-06-04 05:24:10 [INFO]: Epoch 014 - training loss (MAE): 1.4283, validation MSE: 2.0661
2026-06-04 05:24:11 [INFO]: Epoch 015 - training loss (MAE): 1.2965, validation MSE: 1.8357
2026-06-04 05:24:12 [INFO]: Epoch 016 - training loss (MAE): 1.1853, validation MSE: 1.6626
2026-06-04 05:24:13 [INFO]: Epoch 017 - training loss (MAE): 1.0943, validation MSE: 1.5289
2026-06-04 05:24:14 [INFO]: Epoch 018 - training loss (MAE): 1.0214, validation MSE: 1.4342
2026-06-04 05:24:15 [INFO]: Epoch 019 - training loss (MAE): 0.9670, validation MSE: 1.3665
2026-06-04 05:24:17 [INFO]: Epoch 020 - training loss (MAE): 0.9258, validation MSE: 1.3106
2026-06-04 05:24:18 [INFO]: Epoch 021 - training loss (MAE): 0.8911, validation MSE: 1.2692
2026-06-04 05:24:19 [INFO]: Epoch 022 - training loss (MAE): 0.8622, validation MSE: 1.2353
2026-06-04 05:24:20 [INFO]: Epoch 023 - training loss (MAE): 0.8374, validation MSE: 1.2054
2026-06-04 05:24:22 [INFO]: Epoch 024 - training loss (MAE): 0.8129, validation MSE: 1.1888
2026-06-04 05:24:23 [INFO]: Epoch 025 - training loss (MAE): 0.7894, validation MSE: 1.1705
2026-06-04 05:24:24 [INFO]: Epoch 026 - training loss (MAE): 0.7690, validation MSE: 1.1657
2026-06-04 05:24:25 [INFO]: Epoch 027 - training loss (MAE): 0.7551, validation MSE: 1.1598
2026-06-04 05:24:27 [INFO]: Epoch 028 - training loss (MAE): 0.7429, validation MSE: 1.1567
2026-06-04 05:24:28 [INFO]: Epoch 029 - training loss (MAE): 0.7320, validation MSE: 1.1495
2026-06-04 05:24:29 [INFO]: Epoch 030 - training loss (MAE): 0.7239, validation MSE: 1.1423
2026-06-04 05:24:30 [INFO]: Epoch 031 - training loss (MAE): 0.7154, validation MSE: 1.1409
2026-06-04 05:24:32 [INFO]: Epoch 032 - training loss (MAE): 0.7067, validation MSE: 1.1414
2026-06-04 05:24:33 [INFO]: Epoch 033 - training loss (MAE): 0.7002, validation MSE: 1.1374
2026-06-04 05:24:34 [INFO]: Epoch 034 - training loss (MAE): 0.6930, validation MSE: 1.1341
2026-06-04 05:24:35 [INFO]: Epoch 035 - training loss (MAE): 0.6874, validation MSE: 1.1308
2026-06-04 05:24:36 [INFO]: Epoch 036 - training loss (MAE): 0.6822, validation MSE: 1.1309
2026-06-04 05:24:38 [INFO]: Epoch 037 - training loss (MAE): 0.6782, validation MSE: 1.1298
2026-06-04 05:24:40 [INFO]: Epoch 038 - training loss (MAE): 0.6770, validation MSE: 1.1274
2026-06-04 05:24:43 [INFO]: Epoch 039 - training loss (MAE): 0.6725, validation MSE: 1.1274
2026-06-04 05:24:44 [INFO]: Epoch 040 - training loss (MAE): 0.6703, validation MSE: 1.1277
2026-06-04 05:24:45 [INFO]: Epoch 041 - training loss (MAE): 0.6695, validation MSE: 1.1227
2026-06-04 05:24:46 [INFO]: Epoch 042 - training loss (MAE): 0.6670, validation MSE: 1.1239
2026-06-04 05:24:48 [INFO]: Epoch 043 - training loss (MAE): 0.6645, validation MSE: 1.1214
2026-06-04 05:24:49 [INFO]: Epoch 044 - training loss (MAE): 0.6621, validation MSE: 1.1185
2026-06-04 05:24:50 [INFO]: Epoch 045 - training loss (MAE): 0.6601, validation MSE: 1.1249
2026-06-04 05:24:51 [INFO]: Epoch 046 - training loss (MAE): 0.6595, validation MSE: 1.1189
2026-06-04 05:24:52 [INFO]: Epoch 047 - training loss (MAE): 0.6584, validation MSE: 1.1196
2026-06-04 05:24:53 [INFO]: Epoch 048 - training loss (MAE): 0.6569, validation MSE: 1.1189
2026-06-04 05:24:54 [INFO]: Epoch 049 - training loss (MAE): 0.6567, validation MSE: 1.1174
2026-06-04 05:24:55 [INFO]: Epoch 050 - training loss (MAE): 0.6543, validation MSE: 1.1184
2026-06-04 05:24:56 [INFO]: Epoch 051 - training loss (MAE): 0.6540, validation MSE: 1.1202
2026-06-04 05:24:57 [INFO]: Epoch 052 - training loss (MAE): 0.6540, validation MSE: 1.1198
2026-06-04 05:24:57 [INFO]: Epoch 053 - training loss (MAE): 0.6516, validation MSE: 1.1161
2026-06-04 05:24:58 [INFO]: Epoch 054 - training loss (MAE): 0.6503, validation MSE: 1.1174
2026-06-04 05:24:59 [INFO]: Epoch 055 - training loss (MAE): 0.6485, validation MSE: 1.1168
2026-06-04 05:25:00 [INFO]: Epoch 056 - training loss (MAE): 0.6484, validation MSE: 1.1153
2026-06-04 05:25:01 [INFO]: Epoch 057 - training loss (MAE): 0.6480, validation MSE: 1.1174
2026-06-04 05:25:02 [INFO]: Epoch 058 - training loss (MAE): 0.6471, validation MSE: 1.1162
2026-06-04 05:25:03 [INFO]: Epoch 059 - training loss (MAE): 0.6476, validation MSE: 1.1187
2026-06-04 05:25:04 [INFO]: Epoch 060 - training loss (MAE): 0.6464, validation MSE: 1.1170
2026-06-04 05:25:04 [INFO]: Finished training. The best model is from epoch#56.
2026-06-04 05:25:04 [INFO]: Saved the model to output/imputation/cuda/paper_campaign/tefn/household_power/mr0.5/seed42/TEFN.pypots
[34m
████████╗██╗███╗   ███╗███████╗    ███████╗███████╗██████╗ ██╗███████╗███████╗    █████╗ ██╗
╚══██╔══╝██║████╗ ████║██╔════╝    ██╔════╝██╔════╝██╔══██╗██║██╔════╝██╔════╝   ██╔══██╗██║
   ██║   ██║██╔████╔██║█████╗█████╗███████╗█████╗  ██████╔╝██║█████╗  ███████╗   ███████║██║
   ██║   ██║██║╚██╔╝██║██╔══╝╚════╝╚════██║██╔══╝  ██╔══██╗██║██╔══╝  ╚════██║   ██╔══██║██║
   ██║   ██║██║ ╚═╝ ██║███████╗    ███████║███████╗██║  ██║██║███████╗███████║██╗██║  ██║██║
   ╚═╝   ╚═╝╚═╝     ╚═╝╚══════╝    ╚══════╝╚══════╝╚═╝  ╚═╝╚═╝╚══════╝╚══════╝╚═╝╚═╝  ╚═╝╚═╝
ai4ts v0.0.3 - building AI for unified time-series analysis, https://time-series.ai [0m

Use Train GPT: False
Use Lora: False
Use Profiling: False
🚀 Running imputation pipeline for model: tefn
✅ Dataset 'household_power' with missing rate 0.5 loaded at: /home/Aboya_25R9803/projects/lab/SUN/iPyPOTS/datasets/rate_0.5
🚀 Starting TEFN training pipeline...
[TEFN] Testing —— MAE: 0.6099| MSE: 0.8379| RMSE: 0.9154| MRE: 0.8403| 
📊 Metrics saved to: output/imputation/cuda/paper_campaign/tefn/household_power/mr0.5/seed42/metrics/tefn_metrics.json
