2026-06-04 05:37:53 [INFO]: Have set the random seed as 42 for numpy and pytorch.
2026-06-04 05:38:01 [INFO]: 🔥🔥🔥🔥🔥🔥🔥🔥🔥🔥Using device list: ['cuda:0']
2026-06-04 05:38:01 [INFO]: 🔥🔥🔥🔥🔥🔥🔥🔥🔥🔥Using the given device: cuda:0
2026-06-04 05:38:01 [INFO]: Model files will be saved to output/imputation/cuda/paper_campaign/tslanet/household_power/mr0.3/seed42
2026-06-04 05:38:01 [INFO]: Tensorboard file will be saved to output/imputation/cuda/paper_campaign/tslanet/household_power/mr0.3/seed42/tensorboard
2026-06-04 05:38:01 [INFO]: Model placed on cuda:0
2026-06-04 05:38:01 [INFO]: TSLANet initialized with the given hyperparameters.
 ├─ Total parameters: 416,106
 ├─ Trainable parameters: 416,106
 └─ Trainable ratio: 100.00%
2026-06-04 05:38:03 [INFO]: Epoch 001 - training loss (default): 0.1781, validation loss: 0.0859
2026-06-04 05:38:05 [INFO]: Epoch 002 - training loss (default): 0.0691, validation loss: 0.0456
2026-06-04 05:38:07 [INFO]: Epoch 003 - training loss (default): 0.0427, validation loss: 0.0329
2026-06-04 05:38:08 [INFO]: Epoch 004 - training loss (default): 0.0318, validation loss: 0.0256
2026-06-04 05:38:10 [INFO]: Epoch 005 - training loss (default): 0.0256, validation loss: 0.0216
2026-06-04 05:38:11 [INFO]: Epoch 006 - training loss (default): 0.0213, validation loss: 0.0187
2026-06-04 05:38:13 [INFO]: Epoch 007 - training loss (default): 0.0175, validation loss: 0.0166
2026-06-04 05:38:14 [INFO]: Epoch 008 - training loss (default): 0.0154, validation loss: 0.0143
2026-06-04 05:38:16 [INFO]: Epoch 009 - training loss (default): 0.0133, validation loss: 0.0132
2026-06-04 05:38:18 [INFO]: Epoch 010 - training loss (default): 0.0115, validation loss: 0.0110
2026-06-04 05:38:19 [INFO]: Epoch 011 - training loss (default): 0.0100, validation loss: 0.0102
2026-06-04 05:38:21 [INFO]: Epoch 012 - training loss (default): 0.0087, validation loss: 0.0086
2026-06-04 05:38:22 [INFO]: Epoch 013 - training loss (default): 0.0076, validation loss: 0.0079
2026-06-04 05:38:24 [INFO]: Epoch 014 - training loss (default): 0.0068, validation loss: 0.0068
2026-06-04 05:38:26 [INFO]: Epoch 015 - training loss (default): 0.0061, validation loss: 0.0060
2026-06-04 05:38:27 [INFO]: Epoch 016 - training loss (default): 0.0052, validation loss: 0.0056
2026-06-04 05:38:29 [INFO]: Epoch 017 - training loss (default): 0.0046, validation loss: 0.0051
2026-06-04 05:38:30 [INFO]: Epoch 018 - training loss (default): 0.0041, validation loss: 0.0043
2026-06-04 05:38:32 [INFO]: Epoch 019 - training loss (default): 0.0036, validation loss: 0.0038
2026-06-04 05:38:33 [INFO]: Epoch 020 - training loss (default): 0.0032, validation loss: 0.0035
2026-06-04 05:38:35 [INFO]: Epoch 021 - training loss (default): 0.0028, validation loss: 0.0031
2026-06-04 05:38:37 [INFO]: Epoch 022 - training loss (default): 0.0025, validation loss: 0.0028
2026-06-04 05:38:38 [INFO]: Epoch 023 - training loss (default): 0.0022, validation loss: 0.0025
2026-06-04 05:38:40 [INFO]: Epoch 024 - training loss (default): 0.0020, validation loss: 0.0024
2026-06-04 05:38:42 [INFO]: Epoch 025 - training loss (default): 0.0018, validation loss: 0.0021
2026-06-04 05:38:43 [INFO]: Epoch 026 - training loss (default): 0.0016, validation loss: 0.0018
2026-06-04 05:38:45 [INFO]: Epoch 027 - training loss (default): 0.0014, validation loss: 0.0016
2026-06-04 05:38:46 [INFO]: Epoch 028 - training loss (default): 0.0013, validation loss: 0.0015
2026-06-04 05:38:48 [INFO]: Epoch 029 - training loss (default): 0.0011, validation loss: 0.0014
2026-06-04 05:38:50 [INFO]: Epoch 030 - training loss (default): 0.0010, validation loss: 0.0012
2026-06-04 05:38:51 [INFO]: Epoch 031 - training loss (default): 0.0009, validation loss: 0.0011
2026-06-04 05:38:53 [INFO]: Epoch 032 - training loss (default): 0.0008, validation loss: 0.0010
2026-06-04 05:38:54 [INFO]: Epoch 033 - training loss (default): 0.0007, validation loss: 0.0009
2026-06-04 05:38:56 [INFO]: Epoch 034 - training loss (default): 0.0006, validation loss: 0.0008
2026-06-04 05:38:58 [INFO]: Epoch 035 - training loss (default): 0.0006, validation loss: 0.0007
2026-06-04 05:38:59 [INFO]: Epoch 036 - training loss (default): 0.0005, validation loss: 0.0006
2026-06-04 05:39:00 [INFO]: Epoch 037 - training loss (default): 0.0005, validation loss: 0.0006
2026-06-04 05:39:02 [INFO]: Epoch 038 - training loss (default): 0.0004, validation loss: 0.0005
2026-06-04 05:39:03 [INFO]: Epoch 039 - training loss (default): 0.0004, validation loss: 0.0005
2026-06-04 05:39:04 [INFO]: Epoch 040 - training loss (default): 0.0003, validation loss: 0.0004
2026-06-04 05:39:06 [INFO]: Epoch 041 - training loss (default): 0.0003, validation loss: 0.0004
2026-06-04 05:39:07 [INFO]: Epoch 042 - training loss (default): 0.0003, validation loss: 0.0003
2026-06-04 05:39:09 [INFO]: Epoch 043 - training loss (default): 0.0003, validation loss: 0.0003
2026-06-04 05:39:10 [INFO]: Epoch 044 - training loss (default): 0.0002, validation loss: 0.0003
2026-06-04 05:39:11 [INFO]: Epoch 045 - training loss (default): 0.0002, validation loss: 0.0003
2026-06-04 05:39:13 [INFO]: Epoch 046 - training loss (default): 0.0002, validation loss: 0.0002
2026-06-04 05:39:14 [INFO]: Epoch 047 - training loss (default): 0.0002, validation loss: 0.0002
2026-06-04 05:39:16 [INFO]: Epoch 048 - training loss (default): 0.0002, validation loss: 0.0002
2026-06-04 05:39:17 [INFO]: Epoch 049 - training loss (default): 0.0001, validation loss: 0.0002
2026-06-04 05:39:19 [INFO]: Epoch 050 - training loss (default): 0.0001, validation loss: 0.0002
2026-06-04 05:39:20 [INFO]: Epoch 051 - training loss (default): 0.0001, validation loss: 0.0001
2026-06-04 05:39:21 [INFO]: Epoch 052 - training loss (default): 0.0001, validation loss: 0.0001
2026-06-04 05:39:23 [INFO]: Epoch 053 - training loss (default): 0.0001, validation loss: 0.0001
2026-06-04 05:39:24 [INFO]: Epoch 054 - training loss (default): 0.0001, validation loss: 0.0001
2026-06-04 05:39:26 [INFO]: Epoch 055 - training loss (default): 0.0001, validation loss: 0.0001
2026-06-04 05:39:27 [INFO]: Epoch 056 - training loss (default): 0.0001, validation loss: 0.0001
2026-06-04 05:39:29 [INFO]: Epoch 057 - training loss (default): 0.0001, validation loss: 0.0001
2026-06-04 05:39:30 [INFO]: Epoch 058 - training loss (default): 0.0001, validation loss: 0.0001
2026-06-04 05:39:31 [INFO]: Epoch 059 - training loss (default): 0.0001, validation loss: 0.0001
2026-06-04 05:39:33 [INFO]: Epoch 060 - training loss (default): 0.0000, validation loss: 0.0001
2026-06-04 05:39:33 [INFO]: Finished training. The best model is from epoch#60.
2026-06-04 05:39:33 [INFO]: Saved the model to output/imputation/cuda/paper_campaign/tslanet/household_power/mr0.3/seed42/TSLANet.pypots
[34m
████████╗██╗███╗   ███╗███████╗    ███████╗███████╗██████╗ ██╗███████╗███████╗    █████╗ ██╗
╚══██╔══╝██║████╗ ████║██╔════╝    ██╔════╝██╔════╝██╔══██╗██║██╔════╝██╔════╝   ██╔══██╗██║
   ██║   ██║██╔████╔██║█████╗█████╗███████╗█████╗  ██████╔╝██║█████╗  ███████╗   ███████║██║
   ██║   ██║██║╚██╔╝██║██╔══╝╚════╝╚════██║██╔══╝  ██╔══██╗██║██╔══╝  ╚════██║   ██╔══██║██║
   ██║   ██║██║ ╚═╝ ██║███████╗    ███████║███████╗██║  ██║██║███████╗███████║██╗██║  ██║██║
   ╚═╝   ╚═╝╚═╝     ╚═╝╚══════╝    ╚══════╝╚══════╝╚═╝  ╚═╝╚═╝╚══════╝╚══════╝╚═╝╚═╝  ╚═╝╚═╝
ai4ts v0.0.3 - building AI for unified time-series analysis, https://time-series.ai [0m

Use Train GPT: False
Use Lora: False
Use Profiling: False
🚀 Running imputation pipeline for model: tslanet
✅ Dataset 'household_power' with missing rate 0.3 loaded at: /home/Aboya_25R9803/projects/lab/SUN/iPyPOTS/datasets/rate_0.3
🚀 Starting TSLANet training pipeline...
[TSLANet] Testing —— MAE: 0.7310| MSE: 0.8619| RMSE: 0.9284| MRE: 1.0069| 
📊 Metrics saved to: output/imputation/cuda/paper_campaign/tslanet/household_power/mr0.3/seed42/metrics/tslanet_metrics.json
