2026-06-04 04:52:53 [INFO]: Have set the random seed as 456 for numpy and pytorch.
2026-06-04 04:53:01 [INFO]: 🔥🔥🔥🔥🔥🔥🔥🔥🔥🔥Using device list: ['cuda:0']
2026-06-04 04:53:01 [INFO]: 🔥🔥🔥🔥🔥🔥🔥🔥🔥🔥Using the given device: cuda:0
2026-06-04 04:53:02 [INFO]: Model files will be saved to output/imputation/cuda/paper_campaign/saits/household_power/mr0.1/seed456
2026-06-04 04:53:02 [INFO]: Tensorboard file will be saved to output/imputation/cuda/paper_campaign/saits/household_power/mr0.1/seed456/tensorboard
2026-06-04 04:53:02 [INFO]: Using customized MAE as the training loss function.
2026-06-04 04:53:02 [INFO]: Using customized MSE as the validation metric function.
2026-06-04 04:53:02 [INFO]: SAITS initialized with the given hyperparameters.
 ├─ Total parameters: 139,350
 ├─ Trainable parameters: 139,350
 └─ Trainable ratio: 100.00%
2026-06-04 04:53:02 [INFO]: Model placed on cuda:0
2026-06-04 04:53:05 [INFO]: Epoch 001 - training loss (MAE): 1.3981, validation MSE: 0.8892
2026-06-04 04:53:06 [INFO]: Epoch 002 - training loss (MAE): 1.1400, validation MSE: 0.7765
2026-06-04 04:53:09 [INFO]: Epoch 003 - training loss (MAE): 0.9989, validation MSE: 0.7068
2026-06-04 04:53:11 [INFO]: Epoch 004 - training loss (MAE): 0.8898, validation MSE: 0.5741
2026-06-04 04:53:13 [INFO]: Epoch 005 - training loss (MAE): 0.7832, validation MSE: 0.5393
2026-06-04 04:53:15 [INFO]: Epoch 006 - training loss (MAE): 0.7231, validation MSE: 0.5230
2026-06-04 04:53:17 [INFO]: Epoch 007 - training loss (MAE): 0.6783, validation MSE: 0.5093
2026-06-04 04:53:19 [INFO]: Epoch 008 - training loss (MAE): 0.6418, validation MSE: 0.4909
2026-06-04 04:53:21 [INFO]: Epoch 009 - training loss (MAE): 0.6127, validation MSE: 0.4791
2026-06-04 04:53:23 [INFO]: Epoch 010 - training loss (MAE): 0.5922, validation MSE: 0.4715
2026-06-04 04:53:25 [INFO]: Epoch 011 - training loss (MAE): 0.5743, validation MSE: 0.4658
2026-06-04 04:53:27 [INFO]: Epoch 012 - training loss (MAE): 0.5578, validation MSE: 0.4541
2026-06-04 04:53:29 [INFO]: Epoch 013 - training loss (MAE): 0.5354, validation MSE: 0.4247
2026-06-04 04:53:31 [INFO]: Epoch 014 - training loss (MAE): 0.4942, validation MSE: 0.3565
2026-06-04 04:53:33 [INFO]: Epoch 015 - training loss (MAE): 0.4525, validation MSE: 0.3392
2026-06-04 04:53:35 [INFO]: Epoch 016 - training loss (MAE): 0.4314, validation MSE: 0.3314
2026-06-04 04:53:37 [INFO]: Epoch 017 - training loss (MAE): 0.4162, validation MSE: 0.3248
2026-06-04 04:53:39 [INFO]: Epoch 018 - training loss (MAE): 0.4053, validation MSE: 0.3210
2026-06-04 04:53:41 [INFO]: Epoch 019 - training loss (MAE): 0.3965, validation MSE: 0.3129
2026-06-04 04:53:43 [INFO]: Epoch 020 - training loss (MAE): 0.3891, validation MSE: 0.3072
2026-06-04 04:53:44 [INFO]: Epoch 021 - training loss (MAE): 0.3808, validation MSE: 0.3003
2026-06-04 04:53:46 [INFO]: Epoch 022 - training loss (MAE): 0.3753, validation MSE: 0.2972
2026-06-04 04:53:48 [INFO]: Epoch 023 - training loss (MAE): 0.3698, validation MSE: 0.2905
2026-06-04 04:53:50 [INFO]: Epoch 024 - training loss (MAE): 0.3637, validation MSE: 0.2819
2026-06-04 04:53:52 [INFO]: Epoch 025 - training loss (MAE): 0.3594, validation MSE: 0.2761
2026-06-04 04:53:54 [INFO]: Epoch 026 - training loss (MAE): 0.3546, validation MSE: 0.2767
2026-06-04 04:53:55 [INFO]: Epoch 027 - training loss (MAE): 0.3500, validation MSE: 0.2697
2026-06-04 04:53:58 [INFO]: Epoch 028 - training loss (MAE): 0.3461, validation MSE: 0.2639
2026-06-04 04:54:00 [INFO]: Epoch 029 - training loss (MAE): 0.3426, validation MSE: 0.2570
2026-06-04 04:54:01 [INFO]: Epoch 030 - training loss (MAE): 0.3392, validation MSE: 0.2523
2026-06-04 04:54:03 [INFO]: Epoch 031 - training loss (MAE): 0.3358, validation MSE: 0.2446
2026-06-04 04:54:05 [INFO]: Epoch 032 - training loss (MAE): 0.3340, validation MSE: 0.2399
2026-06-04 04:54:07 [INFO]: Epoch 033 - training loss (MAE): 0.3305, validation MSE: 0.2325
2026-06-04 04:54:09 [INFO]: Epoch 034 - training loss (MAE): 0.3276, validation MSE: 0.2224
2026-06-04 04:54:11 [INFO]: Epoch 035 - training loss (MAE): 0.3251, validation MSE: 0.2207
2026-06-04 04:54:13 [INFO]: Epoch 036 - training loss (MAE): 0.3227, validation MSE: 0.2148
2026-06-04 04:54:14 [INFO]: Epoch 037 - training loss (MAE): 0.3197, validation MSE: 0.2119
2026-06-04 04:54:16 [INFO]: Epoch 038 - training loss (MAE): 0.3178, validation MSE: 0.2122
2026-06-04 04:54:19 [INFO]: Epoch 039 - training loss (MAE): 0.3154, validation MSE: 0.2083
2026-06-04 04:54:21 [INFO]: Epoch 040 - training loss (MAE): 0.3140, validation MSE: 0.2093
2026-06-04 04:54:23 [INFO]: Epoch 041 - training loss (MAE): 0.3106, validation MSE: 0.2061
2026-06-04 04:54:25 [INFO]: Epoch 042 - training loss (MAE): 0.3089, validation MSE: 0.1998
2026-06-04 04:54:27 [INFO]: Epoch 043 - training loss (MAE): 0.3076, validation MSE: 0.2005
2026-06-04 04:54:29 [INFO]: Epoch 044 - training loss (MAE): 0.3054, validation MSE: 0.1990
2026-06-04 04:54:31 [INFO]: Epoch 045 - training loss (MAE): 0.3037, validation MSE: 0.1994
2026-06-04 04:54:33 [INFO]: Epoch 046 - training loss (MAE): 0.3017, validation MSE: 0.1940
2026-06-04 04:54:35 [INFO]: Epoch 047 - training loss (MAE): 0.3010, validation MSE: 0.1952
2026-06-04 04:54:37 [INFO]: Epoch 048 - training loss (MAE): 0.2992, validation MSE: 0.1968
2026-06-04 04:54:40 [INFO]: Epoch 049 - training loss (MAE): 0.2988, validation MSE: 0.1940
2026-06-04 04:54:42 [INFO]: Epoch 050 - training loss (MAE): 0.2955, validation MSE: 0.1941
2026-06-04 04:54:44 [INFO]: Epoch 051 - training loss (MAE): 0.2945, validation MSE: 0.1909
2026-06-04 04:54:45 [INFO]: Epoch 052 - training loss (MAE): 0.2935, validation MSE: 0.1877
2026-06-04 04:54:47 [INFO]: Epoch 053 - training loss (MAE): 0.2919, validation MSE: 0.1907
2026-06-04 04:54:49 [INFO]: Epoch 054 - training loss (MAE): 0.2913, validation MSE: 0.1889
2026-06-04 04:54:51 [INFO]: Epoch 055 - training loss (MAE): 0.2903, validation MSE: 0.1918
2026-06-04 04:54:53 [INFO]: Epoch 056 - training loss (MAE): 0.2882, validation MSE: 0.1891
2026-06-04 04:54:54 [INFO]: Epoch 057 - training loss (MAE): 0.2873, validation MSE: 0.1846
2026-06-04 04:54:57 [INFO]: Epoch 058 - training loss (MAE): 0.2855, validation MSE: 0.1835
2026-06-04 04:54:58 [INFO]: Epoch 059 - training loss (MAE): 0.2844, validation MSE: 0.1825
2026-06-04 04:55:00 [INFO]: Epoch 060 - training loss (MAE): 0.2828, validation MSE: 0.1862
2026-06-04 04:55:00 [INFO]: Finished training. The best model is from epoch#59.
2026-06-04 04:55:00 [INFO]: Saved the model to output/imputation/cuda/paper_campaign/saits/household_power/mr0.1/seed456/SAITS.pypots
[34m
████████╗██╗███╗   ███╗███████╗    ███████╗███████╗██████╗ ██╗███████╗███████╗    █████╗ ██╗
╚══██╔══╝██║████╗ ████║██╔════╝    ██╔════╝██╔════╝██╔══██╗██║██╔════╝██╔════╝   ██╔══██╗██║
   ██║   ██║██╔████╔██║█████╗█████╗███████╗█████╗  ██████╔╝██║█████╗  ███████╗   ███████║██║
   ██║   ██║██║╚██╔╝██║██╔══╝╚════╝╚════██║██╔══╝  ██╔══██╗██║██╔══╝  ╚════██║   ██╔══██║██║
   ██║   ██║██║ ╚═╝ ██║███████╗    ███████║███████╗██║  ██║██║███████╗███████║██╗██║  ██║██║
   ╚═╝   ╚═╝╚═╝     ╚═╝╚══════╝    ╚══════╝╚══════╝╚═╝  ╚═╝╚═╝╚══════╝╚══════╝╚═╝╚═╝  ╚═╝╚═╝
ai4ts v0.0.3 - building AI for unified time-series analysis, https://time-series.ai [0m

Use Train GPT: False
Use Lora: False
Use Profiling: False
🚀 Running imputation pipeline for model: saits
✅ Dataset 'household_power' with missing rate 0.1 loaded at: /home/Aboya_25R9803/projects/lab/SUN/iPyPOTS/datasets/rate_0.1
🚀 Starting SAITS training pipeline...
[SAITS] Testing —— MAE: 0.1430| MSE: 0.1312| RMSE: 0.3622| MRE: 0.1967| 
📊 Metrics saved to: output/imputation/cuda/paper_campaign/saits/household_power/mr0.1/seed456/metrics/saits_metrics.json
