2026-06-04 08:13:44 [INFO]: Have set the random seed as 42 for numpy and pytorch.
2026-06-04 08:13:45 [INFO]: 🔥🔥🔥🔥🔥🔥🔥🔥🔥🔥Using device list: ['cuda:0']
2026-06-04 08:13:45 [INFO]: 🔥🔥🔥🔥🔥🔥🔥🔥🔥🔥Using the given device: cuda:0
2026-06-04 08:13:45 [INFO]: Model files will be saved to output/imputation/cuda/paper_campaign/tslanet/appliances_energy/mr0.1/seed42
2026-06-04 08:13:45 [INFO]: Tensorboard file will be saved to output/imputation/cuda/paper_campaign/tslanet/appliances_energy/mr0.1/seed42/tensorboard
2026-06-04 08:13:45 [INFO]: Model placed on cuda:0
2026-06-04 08:13:45 [INFO]: TSLANet initialized with the given hyperparameters.
 ├─ Total parameters: 176,394
 ├─ Trainable parameters: 176,394
 └─ Trainable ratio: 100.00%
2026-06-04 08:13:47 [INFO]: Epoch 001 - training loss (default): 0.1352, validation loss: 0.0629
2026-06-04 08:13:48 [INFO]: Epoch 002 - training loss (default): 0.0535, validation loss: 0.0432
2026-06-04 08:13:49 [INFO]: Epoch 003 - training loss (default): 0.0360, validation loss: 0.0331
2026-06-04 08:13:50 [INFO]: Epoch 004 - training loss (default): 0.0270, validation loss: 0.0253
2026-06-04 08:13:51 [INFO]: Epoch 005 - training loss (default): 0.0211, validation loss: 0.0195
2026-06-04 08:13:52 [INFO]: Epoch 006 - training loss (default): 0.0169, validation loss: 0.0163
2026-06-04 08:13:53 [INFO]: Epoch 007 - training loss (default): 0.0145, validation loss: 0.0139
2026-06-04 08:13:54 [INFO]: Epoch 008 - training loss (default): 0.0128, validation loss: 0.0128
2026-06-04 08:13:55 [INFO]: Epoch 009 - training loss (default): 0.0113, validation loss: 0.0117
2026-06-04 08:13:56 [INFO]: Epoch 010 - training loss (default): 0.0106, validation loss: 0.0107
2026-06-04 08:13:57 [INFO]: Epoch 011 - training loss (default): 0.0095, validation loss: 0.0105
2026-06-04 08:13:59 [INFO]: Epoch 012 - training loss (default): 0.0089, validation loss: 0.0094
2026-06-04 08:14:00 [INFO]: Epoch 013 - training loss (default): 0.0084, validation loss: 0.0095
2026-06-04 08:14:01 [INFO]: Epoch 014 - training loss (default): 0.0078, validation loss: 0.0087
2026-06-04 08:14:02 [INFO]: Epoch 015 - training loss (default): 0.0074, validation loss: 0.0085
2026-06-04 08:14:03 [INFO]: Epoch 016 - training loss (default): 0.0069, validation loss: 0.0078
2026-06-04 08:14:04 [INFO]: Epoch 017 - training loss (default): 0.0067, validation loss: 0.0075
2026-06-04 08:14:06 [INFO]: Epoch 018 - training loss (default): 0.0062, validation loss: 0.0076
2026-06-04 08:14:07 [INFO]: Epoch 019 - training loss (default): 0.0059, validation loss: 0.0070
2026-06-04 08:14:08 [INFO]: Epoch 020 - training loss (default): 0.0057, validation loss: 0.0069
2026-06-04 08:14:09 [INFO]: Epoch 021 - training loss (default): 0.0053, validation loss: 0.0065
2026-06-04 08:14:10 [INFO]: Epoch 022 - training loss (default): 0.0051, validation loss: 0.0060
2026-06-04 08:14:12 [INFO]: Epoch 023 - training loss (default): 0.0048, validation loss: 0.0059
2026-06-04 08:14:13 [INFO]: Epoch 024 - training loss (default): 0.0047, validation loss: 0.0059
2026-06-04 08:14:14 [INFO]: Epoch 025 - training loss (default): 0.0043, validation loss: 0.0054
2026-06-04 08:14:15 [INFO]: Epoch 026 - training loss (default): 0.0042, validation loss: 0.0053
2026-06-04 08:14:16 [INFO]: Epoch 027 - training loss (default): 0.0041, validation loss: 0.0051
2026-06-04 08:14:17 [INFO]: Epoch 028 - training loss (default): 0.0039, validation loss: 0.0050
2026-06-04 08:14:18 [INFO]: Epoch 029 - training loss (default): 0.0038, validation loss: 0.0048
2026-06-04 08:14:19 [INFO]: Epoch 030 - training loss (default): 0.0036, validation loss: 0.0046
2026-06-04 08:14:21 [INFO]: Epoch 031 - training loss (default): 0.0035, validation loss: 0.0043
2026-06-04 08:14:22 [INFO]: Epoch 032 - training loss (default): 0.0034, validation loss: 0.0042
2026-06-04 08:14:23 [INFO]: Epoch 033 - training loss (default): 0.0032, validation loss: 0.0041
2026-06-04 08:14:24 [INFO]: Epoch 034 - training loss (default): 0.0031, validation loss: 0.0039
2026-06-04 08:14:25 [INFO]: Epoch 035 - training loss (default): 0.0030, validation loss: 0.0038
2026-06-04 08:14:26 [INFO]: Epoch 036 - training loss (default): 0.0029, validation loss: 0.0037
2026-06-04 08:14:27 [INFO]: Epoch 037 - training loss (default): 0.0028, validation loss: 0.0034
2026-06-04 08:14:28 [INFO]: Epoch 038 - training loss (default): 0.0027, validation loss: 0.0034
2026-06-04 08:14:29 [INFO]: Epoch 039 - training loss (default): 0.0025, validation loss: 0.0033
2026-06-04 08:14:30 [INFO]: Epoch 040 - training loss (default): 0.0025, validation loss: 0.0031
2026-06-04 08:14:32 [INFO]: Epoch 041 - training loss (default): 0.0024, validation loss: 0.0032
2026-06-04 08:14:33 [INFO]: Epoch 042 - training loss (default): 0.0023, validation loss: 0.0029
2026-06-04 08:14:34 [INFO]: Epoch 043 - training loss (default): 0.0023, validation loss: 0.0028
2026-06-04 08:14:35 [INFO]: Epoch 044 - training loss (default): 0.0021, validation loss: 0.0027
2026-06-04 08:14:36 [INFO]: Epoch 045 - training loss (default): 0.0020, validation loss: 0.0027
2026-06-04 08:14:37 [INFO]: Epoch 046 - training loss (default): 0.0020, validation loss: 0.0026
2026-06-04 08:14:38 [INFO]: Epoch 047 - training loss (default): 0.0019, validation loss: 0.0025
2026-06-04 08:14:39 [INFO]: Epoch 048 - training loss (default): 0.0019, validation loss: 0.0025
2026-06-04 08:14:40 [INFO]: Epoch 049 - training loss (default): 0.0018, validation loss: 0.0024
2026-06-04 08:14:42 [INFO]: Epoch 050 - training loss (default): 0.0017, validation loss: 0.0023
2026-06-04 08:14:43 [INFO]: Epoch 051 - training loss (default): 0.0017, validation loss: 0.0022
2026-06-04 08:14:44 [INFO]: Epoch 052 - training loss (default): 0.0017, validation loss: 0.0020
2026-06-04 08:14:45 [INFO]: Epoch 053 - training loss (default): 0.0016, validation loss: 0.0020
2026-06-04 08:14:46 [INFO]: Epoch 054 - training loss (default): 0.0016, validation loss: 0.0020
2026-06-04 08:14:47 [INFO]: Epoch 055 - training loss (default): 0.0015, validation loss: 0.0020
2026-06-04 08:14:48 [INFO]: Epoch 056 - training loss (default): 0.0014, validation loss: 0.0020
2026-06-04 08:14:49 [INFO]: Epoch 057 - training loss (default): 0.0014, validation loss: 0.0019
2026-06-04 08:14:50 [INFO]: Epoch 058 - training loss (default): 0.0014, validation loss: 0.0018
2026-06-04 08:14:51 [INFO]: Epoch 059 - training loss (default): 0.0014, validation loss: 0.0017
2026-06-04 08:14:52 [INFO]: Epoch 060 - training loss (default): 0.0013, validation loss: 0.0017
2026-06-04 08:14:52 [INFO]: Finished training. The best model is from epoch#59.
2026-06-04 08:14:52 [INFO]: Saved the model to output/imputation/cuda/paper_campaign/tslanet/appliances_energy/mr0.1/seed42/TSLANet.pypots
[34m
████████╗██╗███╗   ███╗███████╗    ███████╗███████╗██████╗ ██╗███████╗███████╗    █████╗ ██╗
╚══██╔══╝██║████╗ ████║██╔════╝    ██╔════╝██╔════╝██╔══██╗██║██╔════╝██╔════╝   ██╔══██╗██║
   ██║   ██║██╔████╔██║█████╗█████╗███████╗█████╗  ██████╔╝██║█████╗  ███████╗   ███████║██║
   ██║   ██║██║╚██╔╝██║██╔══╝╚════╝╚════██║██╔══╝  ██╔══██╗██║██╔══╝  ╚════██║   ██╔══██║██║
   ██║   ██║██║ ╚═╝ ██║███████╗    ███████║███████╗██║  ██║██║███████╗███████║██╗██║  ██║██║
   ╚═╝   ╚═╝╚═╝     ╚═╝╚══════╝    ╚══════╝╚══════╝╚═╝  ╚═╝╚═╝╚══════╝╚══════╝╚═╝╚═╝  ╚═╝╚═╝
ai4ts v0.0.3 - building AI for unified time-series analysis, https://time-series.ai [0m

Use Train GPT: False
Use Lora: False
Use Profiling: False
🚀 Running imputation pipeline for model: tslanet
✅ Dataset 'appliances_energy' with missing rate 0.1 loaded at: /home/Aboya_25R9803/projects/lab/SUN/iPyPOTS/datasets/rate_0.1
🚀 Starting TSLANet training pipeline...
[TSLANet] Testing —— MAE: 1.0176| MSE: 1.5317| RMSE: 1.2376| MRE: 1.0097| 
📊 Metrics saved to: output/imputation/cuda/paper_campaign/tslanet/appliances_energy/mr0.1/seed42/metrics/tslanet_metrics.json
