2026-06-04 05:23:57 [INFO]: Have set the random seed as 456 for numpy and pytorch.
2026-06-04 05:23:57 [INFO]: You're using dataset electricity_transformer_temperature, please cite it properly in your work. You can find its reference information at the below link: 
https://github.com/WenjieDu/TSDB/tree/main/dataset_profiles/electricity_transformer_temperature
2026-06-04 05:23:57 [INFO]: Dataset electricity_transformer_temperature has already been downloaded. Processing directly...
2026-06-04 05:23:57 [INFO]: Dataset electricity_transformer_temperature has already been cached. Loading from cache directly...
2026-06-04 05:23:58 [INFO]: Loaded successfully!
2026-06-04 05:23:58 [INFO]: months selected as train set are <PeriodArray>
['2016-07', '2016-08', '2016-09', '2016-10', '2016-11', '2016-12', '2017-01',
 '2017-02', '2017-03', '2017-04', '2017-05', '2017-06', '2017-07', '2017-08']
Length: 14, dtype: period[M]
2026-06-04 05:23:58 [INFO]: months selected as val set are <PeriodArray>
['2017-09', '2017-10', '2017-11', '2017-12', '2018-01']
Length: 5, dtype: period[M]
2026-06-04 05:23:58 [INFO]: months selected as test set are <PeriodArray>
['2018-02', '2018-03', '2018-04', '2018-05', '2018-06']
Length: 5, dtype: period[M]
2026-06-04 05:23:58 [INFO]: Total sample number: 725
2026-06-04 05:23:58 [INFO]: Training set size: 427 (58.90%)
2026-06-04 05:23:58 [INFO]: Validation set size: 153 (21.10%)
2026-06-04 05:23:58 [INFO]: Test set size: 145 (20.00%)
2026-06-04 05:23:58 [INFO]: Number of steps: 96
2026-06-04 05:23:58 [INFO]: Number of features: 7
2026-06-04 05:23:58 [INFO]: Train set missing rate: 29.99%
2026-06-04 05:23:58 [INFO]: Validating set missing rate: 29.75%
2026-06-04 05:23:58 [INFO]: Test set missing rate: 29.80%
2026-06-04 05:23:58 [INFO]: 🔥🔥🔥🔥🔥🔥🔥🔥🔥🔥Using device list: ['cuda:0']
2026-06-04 05:23:58 [INFO]: 🔥🔥🔥🔥🔥🔥🔥🔥🔥🔥Using the given device: cuda:0
2026-06-04 05:23:58 [INFO]: Model files will be saved to output/imputation/cuda/paper_campaign/timemixerpp/ettm1/mr0.3/seed456
2026-06-04 05:23:58 [INFO]: Tensorboard file will be saved to output/imputation/cuda/paper_campaign/timemixerpp/ettm1/mr0.3/seed456/tensorboard
2026-06-04 05:23:58 [INFO]: Using customized MAE as the training loss function.
2026-06-04 05:23:58 [INFO]: Using customized MSE as the validation metric function.
2026-06-04 05:23:58 [INFO]: Model placed on cuda:0
2026-06-04 05:23:58 [INFO]: TimeMixerPP initialized with the given hyperparameters.
 ├─ Total parameters: 18,837,061
 ├─ Trainable parameters: 18,832,197
 └─ Trainable ratio: 99.97%
2026-06-04 05:24:12 [INFO]: Epoch 001 - training loss (MAE): 0.8092, validation MSE: 1.7832
2026-06-04 05:24:24 [INFO]: Epoch 002 - training loss (MAE): 0.8765, validation MSE: 0.7840
2026-06-04 05:24:36 [INFO]: Epoch 003 - training loss (MAE): 0.6345, validation MSE: 0.4362
2026-06-04 05:24:49 [INFO]: Epoch 004 - training loss (MAE): 0.4922, validation MSE: 0.3962
2026-06-04 05:25:01 [INFO]: Epoch 005 - training loss (MAE): 0.4539, validation MSE: 0.3229
2026-06-04 05:25:14 [INFO]: Epoch 006 - training loss (MAE): 0.4201, validation MSE: 0.2711
2026-06-04 05:25:26 [INFO]: Epoch 007 - training loss (MAE): 0.4061, validation MSE: 0.3440
2026-06-04 05:25:39 [INFO]: Epoch 008 - training loss (MAE): 0.3840, validation MSE: 0.3212
2026-06-04 05:25:51 [INFO]: Epoch 009 - training loss (MAE): 0.3705, validation MSE: 0.2485
2026-06-04 05:26:04 [INFO]: Epoch 010 - training loss (MAE): 0.3516, validation MSE: 0.3411
2026-06-04 05:26:16 [INFO]: Epoch 011 - training loss (MAE): 0.3338, validation MSE: 0.2114
2026-06-04 05:26:28 [INFO]: Epoch 012 - training loss (MAE): 0.3185, validation MSE: 0.2888
2026-06-04 05:26:41 [INFO]: Epoch 013 - training loss (MAE): 0.3037, validation MSE: 0.2211
2026-06-04 05:26:53 [INFO]: Epoch 014 - training loss (MAE): 0.2873, validation MSE: 0.1986
2026-06-04 05:27:06 [INFO]: Epoch 015 - training loss (MAE): 0.2685, validation MSE: 0.2020
2026-06-04 05:27:19 [INFO]: Epoch 016 - training loss (MAE): 0.2487, validation MSE: 0.2034
2026-06-04 05:27:31 [INFO]: Epoch 017 - training loss (MAE): 0.2384, validation MSE: 0.2072
2026-06-04 05:27:43 [INFO]: Epoch 018 - training loss (MAE): 0.2318, validation MSE: 0.1936
2026-06-04 05:27:56 [INFO]: Epoch 019 - training loss (MAE): 0.2179, validation MSE: 0.1879
2026-06-04 05:28:08 [INFO]: Epoch 020 - training loss (MAE): 0.2074, validation MSE: 0.1942
2026-06-04 05:28:21 [INFO]: Epoch 021 - training loss (MAE): 0.2083, validation MSE: 0.2200
2026-06-04 05:28:33 [INFO]: Epoch 022 - training loss (MAE): 0.1939, validation MSE: 0.2033
2026-06-04 05:28:46 [INFO]: Epoch 023 - training loss (MAE): 0.1823, validation MSE: 0.1896
2026-06-04 05:28:58 [INFO]: Epoch 024 - training loss (MAE): 0.1836, validation MSE: 0.2191
2026-06-04 05:29:11 [INFO]: Epoch 025 - training loss (MAE): 0.1900, validation MSE: 0.2258
2026-06-04 05:29:23 [INFO]: Epoch 026 - training loss (MAE): 0.1798, validation MSE: 0.2503
2026-06-04 05:29:36 [INFO]: Epoch 027 - training loss (MAE): 0.1765, validation MSE: 0.2415
2026-06-04 05:29:48 [INFO]: Epoch 028 - training loss (MAE): 0.1646, validation MSE: 0.2198
2026-06-04 05:30:01 [INFO]: Epoch 029 - training loss (MAE): 0.1588, validation MSE: 0.2989
2026-06-04 05:30:13 [INFO]: Epoch 030 - training loss (MAE): 0.1584, validation MSE: 0.2905
2026-06-04 05:30:26 [INFO]: Epoch 031 - training loss (MAE): 0.1548, validation MSE: 0.2480
2026-06-04 05:30:26 [INFO]: Exceeded the training patience. Terminating the training procedure...
2026-06-04 05:30:26 [INFO]: Finished training. The best model is from epoch#19.
2026-06-04 05:30:26 [INFO]: Saved the model to output/imputation/cuda/paper_campaign/timemixerpp/ettm1/mr0.3/seed456/TimeMixerPP.pypots
[34m
████████╗██╗███╗   ███╗███████╗    ███████╗███████╗██████╗ ██╗███████╗███████╗    █████╗ ██╗
╚══██╔══╝██║████╗ ████║██╔════╝    ██╔════╝██╔════╝██╔══██╗██║██╔════╝██╔════╝   ██╔══██╗██║
   ██║   ██║██╔████╔██║█████╗█████╗███████╗█████╗  ██████╔╝██║█████╗  ███████╗   ███████║██║
   ██║   ██║██║╚██╔╝██║██╔══╝╚════╝╚════██║██╔══╝  ██╔══██╗██║██╔══╝  ╚════██║   ██╔══██║██║
   ██║   ██║██║ ╚═╝ ██║███████╗    ███████║███████╗██║  ██║██║███████╗███████║██╗██║  ██║██║
   ╚═╝   ╚═╝╚═╝     ╚═╝╚══════╝    ╚══════╝╚══════╝╚═╝  ╚═╝╚═╝╚══════╝╚══════╝╚═╝╚═╝  ╚═╝╚═╝
ai4ts v0.0.3 - building AI for unified time-series analysis, https://time-series.ai [0m

Use Train GPT: False
Use Lora: False
Use Profiling: False
🚀 Running imputation pipeline for model: timemixerpp
✅ Dataset 'ettm1' with missing rate 0.3 loaded at: /home/Aboya_25R9803/projects/lab/SUN/iPyPOTS/datasets/rate_0.3
🚀 Starting TimeMixer++ training pipeline...
[TimeMixer++] Testing —— MAE: 0.3680| MSE: 0.2767| RMSE: 0.5260| MRE: 0.4334|
📊 Metrics saved to: output/imputation/cuda/paper_campaign/timemixerpp/ettm1/mr0.3/seed456/metrics/timemixerpp_metrics.json
