[34m
████████╗██╗███╗   ███╗███████╗    ███████╗███████╗██████╗ ██╗███████╗███████╗    █████╗ ██╗
╚══██╔══╝██║████╗ ████║██╔════╝    ██╔════╝██╔════╝██╔══██╗██║██╔════╝██╔════╝   ██╔══██╗██║
   ██║   ██║██╔████╔██║█████╗█████╗███████╗█████╗  ██████╔╝██║█████╗  ███████╗   ███████║██║
   ██║   ██║██║╚██╔╝██║██╔══╝╚════╝╚════██║██╔══╝  ██╔══██╗██║██╔══╝  ╚════██║   ██╔══██║██║
   ██║   ██║██║ ╚═╝ ██║███████╗    ███████║███████╗██║  ██║██║███████╗███████║██╗██║  ██║██║
   ╚═╝   ╚═╝╚═╝     ╚═╝╚══════╝    ╚══════╝╚══════╝╚═╝  ╚═╝╚═╝╚══════╝╚══════╝╚═╝╚═╝  ╚═╝╚═╝
ai4ts v0.0.3 - building AI for unified time-series analysis, https://time-series.ai [0m

Use Train GPT: False
Use Lora: False
Use Profiling: False
2026-06-04 13:20:12 [INFO]: Have set the random seed as 42 for numpy and pytorch.
🚀 Running imputation pipeline for model: tslanet
2026-06-04 13:20:12 [INFO]: You're using dataset electricity_transformer_temperature, please cite it properly in your work. You can find its reference information at the below link: 
https://github.com/WenjieDu/TSDB/tree/main/dataset_profiles/electricity_transformer_temperature
2026-06-04 13:20:12 [INFO]: Dataset electricity_transformer_temperature has already been downloaded. Processing directly...
2026-06-04 13:20:12 [INFO]: Dataset electricity_transformer_temperature has already been cached. Loading from cache directly...
2026-06-04 13:20:12 [INFO]: Loaded successfully!
2026-06-04 13:20:12 [INFO]: months selected as train set are <PeriodArray>
['2016-07', '2016-08', '2016-09', '2016-10', '2016-11', '2016-12', '2017-01',
 '2017-02', '2017-03', '2017-04', '2017-05', '2017-06', '2017-07', '2017-08']
Length: 14, dtype: period[M]
2026-06-04 13:20:12 [INFO]: months selected as val set are <PeriodArray>
['2017-09', '2017-10', '2017-11', '2017-12', '2018-01']
Length: 5, dtype: period[M]
2026-06-04 13:20:12 [INFO]: months selected as test set are <PeriodArray>
['2018-02', '2018-03', '2018-04', '2018-05', '2018-06']
Length: 5, dtype: period[M]
2026-06-04 13:20:12 [INFO]: Total sample number: 180
2026-06-04 13:20:12 [INFO]: Training set size: 106 (58.89%)
2026-06-04 13:20:12 [INFO]: Validation set size: 38 (21.11%)
2026-06-04 13:20:12 [INFO]: Test set size: 36 (20.00%)
2026-06-04 13:20:12 [INFO]: Number of steps: 96
2026-06-04 13:20:12 [INFO]: Number of features: 7
2026-06-04 13:20:12 [INFO]: Train set missing rate: 49.97%
2026-06-04 13:20:12 [INFO]: Validating set missing rate: 49.74%
2026-06-04 13:20:12 [INFO]: Test set missing rate: 49.99%
✅ Dataset 'etth1' with missing rate 0.5 loaded at: /home/Aboya_25R9803/projects/lab/SUN/iPyPOTS/datasets/rate_0.5
🚀 Starting TSLANet training pipeline...
2026-06-04 13:20:12 [INFO]: 🔥🔥🔥🔥🔥🔥🔥🔥🔥🔥Using device list: ['cuda:0']
2026-06-04 13:20:12 [INFO]: 🔥🔥🔥🔥🔥🔥🔥🔥🔥🔥Using the given device: cuda:0
2026-06-04 13:20:12 [INFO]: Model files will be saved to output/imputation/cuda/paper_campaign/tslanet/etth1/mr0.5/seed42
2026-06-04 13:20:12 [INFO]: Tensorboard file will be saved to output/imputation/cuda/paper_campaign/tslanet/etth1/mr0.5/seed42/tensorboard
2026-06-04 13:20:13 [INFO]: Model placed on cuda:0
2026-06-04 13:20:13 [INFO]: TSLANet initialized with the given hyperparameters.
 ├─ Total parameters: 217,890
 ├─ Trainable parameters: 217,890
 └─ Trainable ratio: 100.00%
2026-06-04 13:20:13 [INFO]: Epoch 001 - training loss (default): 0.2532, validation loss: 0.2045
2026-06-04 13:20:13 [INFO]: Epoch 002 - training loss (default): 0.1970, validation loss: 0.1778
2026-06-04 13:20:14 [INFO]: Epoch 003 - training loss (default): 0.1717, validation loss: 0.1594
2026-06-04 13:20:14 [INFO]: Epoch 004 - training loss (default): 0.1591, validation loss: 0.1431
2026-06-04 13:20:14 [INFO]: Epoch 005 - training loss (default): 0.1464, validation loss: 0.1256
2026-06-04 13:20:14 [INFO]: Epoch 006 - training loss (default): 0.1343, validation loss: 0.1183
2026-06-04 13:20:14 [INFO]: Epoch 007 - training loss (default): 0.1192, validation loss: 0.1162
2026-06-04 13:20:14 [INFO]: Epoch 008 - training loss (default): 0.1203, validation loss: 0.1039
2026-06-04 13:20:14 [INFO]: Epoch 009 - training loss (default): 0.1097, validation loss: 0.1001
2026-06-04 13:20:14 [INFO]: Epoch 010 - training loss (default): 0.1061, validation loss: 0.0958
2026-06-04 13:20:14 [INFO]: Epoch 011 - training loss (default): 0.0965, validation loss: 0.0936
2026-06-04 13:20:14 [INFO]: Epoch 012 - training loss (default): 0.0933, validation loss: 0.0904
2026-06-04 13:20:14 [INFO]: Epoch 013 - training loss (default): 0.0896, validation loss: 0.0813
2026-06-04 13:20:14 [INFO]: Epoch 014 - training loss (default): 0.0874, validation loss: 0.0840
2026-06-04 13:20:14 [INFO]: Epoch 015 - training loss (default): 0.0829, validation loss: 0.0812
2026-06-04 13:20:14 [INFO]: Epoch 016 - training loss (default): 0.0780, validation loss: 0.0733
2026-06-04 13:20:14 [INFO]: Epoch 017 - training loss (default): 0.0768, validation loss: 0.0680
2026-06-04 13:20:14 [INFO]: Epoch 018 - training loss (default): 0.0787, validation loss: 0.0643
2026-06-04 13:20:14 [INFO]: Epoch 019 - training loss (default): 0.0684, validation loss: 0.0637
2026-06-04 13:20:14 [INFO]: Epoch 020 - training loss (default): 0.0697, validation loss: 0.0621
2026-06-04 13:20:14 [INFO]: Epoch 021 - training loss (default): 0.0677, validation loss: 0.0569
2026-06-04 13:20:14 [INFO]: Epoch 022 - training loss (default): 0.0638, validation loss: 0.0575
2026-06-04 13:20:14 [INFO]: Epoch 023 - training loss (default): 0.0599, validation loss: 0.0550
2026-06-04 13:20:14 [INFO]: Epoch 024 - training loss (default): 0.0607, validation loss: 0.0532
2026-06-04 13:20:14 [INFO]: Epoch 025 - training loss (default): 0.0548, validation loss: 0.0523
2026-06-04 13:20:14 [INFO]: Epoch 026 - training loss (default): 0.0518, validation loss: 0.0531
2026-06-04 13:20:14 [INFO]: Epoch 027 - training loss (default): 0.0531, validation loss: 0.0464
2026-06-04 13:20:14 [INFO]: Epoch 028 - training loss (default): 0.0470, validation loss: 0.0416
2026-06-04 13:20:14 [INFO]: Epoch 029 - training loss (default): 0.0491, validation loss: 0.0410
2026-06-04 13:20:14 [INFO]: Epoch 030 - training loss (default): 0.0474, validation loss: 0.0447
2026-06-04 13:20:14 [INFO]: Epoch 031 - training loss (default): 0.0453, validation loss: 0.0382
2026-06-04 13:20:14 [INFO]: Epoch 032 - training loss (default): 0.0450, validation loss: 0.0383
2026-06-04 13:20:14 [INFO]: Epoch 033 - training loss (default): 0.0420, validation loss: 0.0359
2026-06-04 13:20:14 [INFO]: Epoch 034 - training loss (default): 0.0442, validation loss: 0.0324
2026-06-04 13:20:14 [INFO]: Epoch 035 - training loss (default): 0.0386, validation loss: 0.0373
2026-06-04 13:20:14 [INFO]: Epoch 036 - training loss (default): 0.0388, validation loss: 0.0344
2026-06-04 13:20:14 [INFO]: Epoch 037 - training loss (default): 0.0382, validation loss: 0.0321
2026-06-04 13:20:14 [INFO]: Epoch 038 - training loss (default): 0.0374, validation loss: 0.0310
2026-06-04 13:20:15 [INFO]: Epoch 039 - training loss (default): 0.0375, validation loss: 0.0341
2026-06-04 13:20:15 [INFO]: Epoch 040 - training loss (default): 0.0356, validation loss: 0.0272
2026-06-04 13:20:15 [INFO]: Epoch 041 - training loss (default): 0.0375, validation loss: 0.0318
2026-06-04 13:20:15 [INFO]: Epoch 042 - training loss (default): 0.0325, validation loss: 0.0272
2026-06-04 13:20:15 [INFO]: Epoch 043 - training loss (default): 0.0339, validation loss: 0.0216
2026-06-04 13:20:15 [INFO]: Epoch 044 - training loss (default): 0.0326, validation loss: 0.0267
2026-06-04 13:20:15 [INFO]: Epoch 045 - training loss (default): 0.0301, validation loss: 0.0290
2026-06-04 13:20:15 [INFO]: Epoch 046 - training loss (default): 0.0304, validation loss: 0.0347
2026-06-04 13:20:15 [INFO]: Epoch 047 - training loss (default): 0.0314, validation loss: 0.0240
2026-06-04 13:20:15 [INFO]: Epoch 048 - training loss (default): 0.0294, validation loss: 0.0249
2026-06-04 13:20:15 [INFO]: Epoch 049 - training loss (default): 0.0284, validation loss: 0.0279
2026-06-04 13:20:15 [INFO]: Epoch 050 - training loss (default): 0.0299, validation loss: 0.0237
2026-06-04 13:20:15 [INFO]: Epoch 051 - training loss (default): 0.0275, validation loss: 0.0216
2026-06-04 13:20:15 [INFO]: Epoch 052 - training loss (default): 0.0283, validation loss: 0.0229
2026-06-04 13:20:15 [INFO]: Epoch 053 - training loss (default): 0.0252, validation loss: 0.0194
2026-06-04 13:20:15 [INFO]: Epoch 054 - training loss (default): 0.0259, validation loss: 0.0231
2026-06-04 13:20:15 [INFO]: Epoch 055 - training loss (default): 0.0270, validation loss: 0.0211
2026-06-04 13:20:15 [INFO]: Epoch 056 - training loss (default): 0.0248, validation loss: 0.0197
2026-06-04 13:20:15 [INFO]: Epoch 057 - training loss (default): 0.0253, validation loss: 0.0208
2026-06-04 13:20:15 [INFO]: Epoch 058 - training loss (default): 0.0242, validation loss: 0.0223
2026-06-04 13:20:15 [INFO]: Epoch 059 - training loss (default): 0.0227, validation loss: 0.0214
2026-06-04 13:20:15 [INFO]: Epoch 060 - training loss (default): 0.0237, validation loss: 0.0213
2026-06-04 13:20:15 [INFO]: Finished training. The best model is from epoch#53.
2026-06-04 13:20:15 [INFO]: Saved the model to output/imputation/cuda/paper_campaign/tslanet/etth1/mr0.5/seed42/TSLANet.pypots
[TSLANet] Testing —— MAE: 0.8873| MSE: 1.3584| RMSE: 1.1655| MRE: 1.0396| 
📊 Metrics saved to: output/imputation/cuda/paper_campaign/tslanet/etth1/mr0.5/seed42/metrics/tslanet_metrics.json
