2026-06-04 06:10:12 [INFO]: Have set the random seed as 456 for numpy and pytorch.
2026-06-04 06:10:12 [INFO]: You're using dataset solar_alabama, please cite it properly in your work. You can find its reference information at the below link: 
https://github.com/WenjieDu/TSDB/tree/main/dataset_profiles/solar_alabama
2026-06-04 06:10:12 [INFO]: Dataset solar_alabama has already been downloaded. Processing directly...
2026-06-04 06:10:12 [INFO]: Dataset solar_alabama has already been cached. Loading from cache directly...
2026-06-04 06:10:12 [INFO]: Loaded successfully!
2026-06-04 06:10:12 [INFO]: months selected as train set are <PeriodArray>
['2006-01', '2006-02', '2006-03', '2006-04', '2006-05', '2006-06']
Length: 6, dtype: period[M]
2026-06-04 06:10:12 [INFO]: months selected as val set are <PeriodArray>
['2006-07', '2006-08', '2006-09']
Length: 3, dtype: period[M]
2026-06-04 06:10:12 [INFO]: months selected as test set are <PeriodArray>
['2006-10', '2006-11', '2006-12']
Length: 3, dtype: period[M]
2026-06-04 06:10:12 [INFO]: Total sample number: 2190
2026-06-04 06:10:12 [INFO]: Training set size: 1086 (49.59%)
2026-06-04 06:10:12 [INFO]: Validation set size: 552 (25.21%)
2026-06-04 06:10:12 [INFO]: Test set size: 552 (25.21%)
2026-06-04 06:10:12 [INFO]: Number of steps: 24
2026-06-04 06:10:12 [INFO]: Number of features: 137
2026-06-04 06:10:12 [INFO]: Train set missing rate: 49.97%
2026-06-04 06:10:12 [INFO]: Validating set missing rate: 50.03%
2026-06-04 06:10:12 [INFO]: Test set missing rate: 49.99%
2026-06-04 06:10:12 [INFO]: 🔥🔥🔥🔥🔥🔥🔥🔥🔥🔥Using device list: ['cuda:0']
2026-06-04 06:10:12 [INFO]: 🔥🔥🔥🔥🔥🔥🔥🔥🔥🔥Using the given device: cuda:0
2026-06-04 06:10:13 [INFO]: Model files will be saved to output/imputation/cuda/paper_campaign/tefn/solar/mr0.5/seed456
2026-06-04 06:10:13 [INFO]: Tensorboard file will be saved to output/imputation/cuda/paper_campaign/tefn/solar/mr0.5/seed456/tensorboard
2026-06-04 06:10:13 [INFO]: Using customized MAE as the training loss function.
2026-06-04 06:10:13 [INFO]: Using customized MSE as the validation metric function.
2026-06-04 06:10:13 [INFO]: Model placed on cuda:0
2026-06-04 06:10:13 [INFO]: TEFN initialized with the given hyperparameters.
 ├─ Total parameters: 42,827
 ├─ Trainable parameters: 42,827
 └─ Trainable ratio: 100.00%
2026-06-04 06:10:14 [INFO]: Epoch 001 - training loss (MAE): 8.7435, validation MSE: 25.7017
2026-06-04 06:10:14 [INFO]: Epoch 002 - training loss (MAE): 7.8572, validation MSE: 22.8355
2026-06-04 06:10:14 [INFO]: Epoch 003 - training loss (MAE): 7.2668, validation MSE: 21.4525
2026-06-04 06:10:14 [INFO]: Epoch 004 - training loss (MAE): 6.8838, validation MSE: 20.6263
2026-06-04 06:10:14 [INFO]: Epoch 005 - training loss (MAE): 6.5538, validation MSE: 19.8061
2026-06-04 06:10:15 [INFO]: Epoch 006 - training loss (MAE): 6.2883, validation MSE: 18.8415
2026-06-04 06:10:15 [INFO]: Epoch 007 - training loss (MAE): 6.0080, validation MSE: 17.7583
2026-06-04 06:10:15 [INFO]: Epoch 008 - training loss (MAE): 5.7159, validation MSE: 16.6613
2026-06-04 06:10:15 [INFO]: Epoch 009 - training loss (MAE): 5.4998, validation MSE: 15.6148
2026-06-04 06:10:15 [INFO]: Epoch 010 - training loss (MAE): 5.2322, validation MSE: 14.6338
2026-06-04 06:10:16 [INFO]: Epoch 011 - training loss (MAE): 5.0063, validation MSE: 13.6900
2026-06-04 06:10:16 [INFO]: Epoch 012 - training loss (MAE): 4.7896, validation MSE: 12.8065
2026-06-04 06:10:16 [INFO]: Epoch 013 - training loss (MAE): 4.5589, validation MSE: 11.9292
2026-06-04 06:10:16 [INFO]: Epoch 014 - training loss (MAE): 4.3573, validation MSE: 11.0952
2026-06-04 06:10:16 [INFO]: Epoch 015 - training loss (MAE): 4.1495, validation MSE: 10.3303
2026-06-04 06:10:17 [INFO]: Epoch 016 - training loss (MAE): 3.9526, validation MSE: 9.6106
2026-06-04 06:10:17 [INFO]: Epoch 017 - training loss (MAE): 3.7718, validation MSE: 8.9216
2026-06-04 06:10:17 [INFO]: Epoch 018 - training loss (MAE): 3.5694, validation MSE: 8.2954
2026-06-04 06:10:17 [INFO]: Epoch 019 - training loss (MAE): 3.4151, validation MSE: 7.7616
2026-06-04 06:10:17 [INFO]: Epoch 020 - training loss (MAE): 3.2206, validation MSE: 7.2679
2026-06-04 06:10:18 [INFO]: Epoch 021 - training loss (MAE): 3.0631, validation MSE: 6.8041
2026-06-04 06:10:18 [INFO]: Epoch 022 - training loss (MAE): 2.9147, validation MSE: 6.3605
2026-06-04 06:10:18 [INFO]: Epoch 023 - training loss (MAE): 2.7576, validation MSE: 5.9592
2026-06-04 06:10:18 [INFO]: Epoch 024 - training loss (MAE): 2.6210, validation MSE: 5.5900
2026-06-04 06:10:19 [INFO]: Epoch 025 - training loss (MAE): 2.4884, validation MSE: 5.2446
2026-06-04 06:10:19 [INFO]: Epoch 026 - training loss (MAE): 2.3522, validation MSE: 4.9195
2026-06-04 06:10:19 [INFO]: Epoch 027 - training loss (MAE): 2.2374, validation MSE: 4.5645
2026-06-04 06:10:19 [INFO]: Epoch 028 - training loss (MAE): 2.1333, validation MSE: 4.2407
2026-06-04 06:10:19 [INFO]: Epoch 029 - training loss (MAE): 2.0289, validation MSE: 3.9751
2026-06-04 06:10:20 [INFO]: Epoch 030 - training loss (MAE): 1.9389, validation MSE: 3.7189
2026-06-04 06:10:20 [INFO]: Epoch 031 - training loss (MAE): 1.8477, validation MSE: 3.4728
2026-06-04 06:10:20 [INFO]: Epoch 032 - training loss (MAE): 1.7672, validation MSE: 3.2315
2026-06-04 06:10:20 [INFO]: Epoch 033 - training loss (MAE): 1.6808, validation MSE: 3.0151
2026-06-04 06:10:20 [INFO]: Epoch 034 - training loss (MAE): 1.6073, validation MSE: 2.8427
2026-06-04 06:10:21 [INFO]: Epoch 035 - training loss (MAE): 1.5303, validation MSE: 2.6684
2026-06-04 06:10:21 [INFO]: Epoch 036 - training loss (MAE): 1.4679, validation MSE: 2.4850
2026-06-04 06:10:21 [INFO]: Epoch 037 - training loss (MAE): 1.4195, validation MSE: 2.3485
2026-06-04 06:10:21 [INFO]: Epoch 038 - training loss (MAE): 1.3426, validation MSE: 2.1941
2026-06-04 06:10:21 [INFO]: Epoch 039 - training loss (MAE): 1.2906, validation MSE: 2.0915
2026-06-04 06:10:22 [INFO]: Epoch 040 - training loss (MAE): 1.2451, validation MSE: 1.9731
2026-06-04 06:10:22 [INFO]: Epoch 041 - training loss (MAE): 1.2006, validation MSE: 1.8400
2026-06-04 06:10:22 [INFO]: Epoch 042 - training loss (MAE): 1.1537, validation MSE: 1.7423
2026-06-04 06:10:22 [INFO]: Epoch 043 - training loss (MAE): 1.1113, validation MSE: 1.6390
2026-06-04 06:10:22 [INFO]: Epoch 044 - training loss (MAE): 1.0749, validation MSE: 1.5511
2026-06-04 06:10:23 [INFO]: Epoch 045 - training loss (MAE): 1.0303, validation MSE: 1.4601
2026-06-04 06:10:23 [INFO]: Epoch 046 - training loss (MAE): 0.9877, validation MSE: 1.3947
2026-06-04 06:10:23 [INFO]: Epoch 047 - training loss (MAE): 0.9523, validation MSE: 1.3030
2026-06-04 06:10:23 [INFO]: Epoch 048 - training loss (MAE): 0.9346, validation MSE: 1.2418
2026-06-04 06:10:23 [INFO]: Epoch 049 - training loss (MAE): 0.9029, validation MSE: 1.1898
2026-06-04 06:10:24 [INFO]: Epoch 050 - training loss (MAE): 0.8766, validation MSE: 1.1185
2026-06-04 06:10:24 [INFO]: Epoch 051 - training loss (MAE): 0.8492, validation MSE: 1.0704
2026-06-04 06:10:24 [INFO]: Epoch 052 - training loss (MAE): 0.8196, validation MSE: 1.0100
2026-06-04 06:10:24 [INFO]: Epoch 053 - training loss (MAE): 0.7797, validation MSE: 0.9684
2026-06-04 06:10:24 [INFO]: Epoch 054 - training loss (MAE): 0.7608, validation MSE: 0.9165
2026-06-04 06:10:25 [INFO]: Epoch 055 - training loss (MAE): 0.7433, validation MSE: 0.8721
2026-06-04 06:10:25 [INFO]: Epoch 056 - training loss (MAE): 0.7208, validation MSE: 0.8377
2026-06-04 06:10:25 [INFO]: Epoch 057 - training loss (MAE): 0.7039, validation MSE: 0.8091
2026-06-04 06:10:25 [INFO]: Epoch 058 - training loss (MAE): 0.6767, validation MSE: 0.7568
2026-06-04 06:10:25 [INFO]: Epoch 059 - training loss (MAE): 0.6517, validation MSE: 0.7375
2026-06-04 06:10:26 [INFO]: Epoch 060 - training loss (MAE): 0.6441, validation MSE: 0.7139
2026-06-04 06:10:26 [INFO]: Finished training. The best model is from epoch#60.
2026-06-04 06:10:26 [INFO]: Saved the model to output/imputation/cuda/paper_campaign/tefn/solar/mr0.5/seed456/TEFN.pypots
[34m
████████╗██╗███╗   ███╗███████╗    ███████╗███████╗██████╗ ██╗███████╗███████╗    █████╗ ██╗
╚══██╔══╝██║████╗ ████║██╔════╝    ██╔════╝██╔════╝██╔══██╗██║██╔════╝██╔════╝   ██╔══██╗██║
   ██║   ██║██╔████╔██║█████╗█████╗███████╗█████╗  ██████╔╝██║█████╗  ███████╗   ███████║██║
   ██║   ██║██║╚██╔╝██║██╔══╝╚════╝╚════██║██╔══╝  ██╔══██╗██║██╔══╝  ╚════██║   ██╔══██║██║
   ██║   ██║██║ ╚═╝ ██║███████╗    ███████║███████╗██║  ██║██║███████╗███████║██╗██║  ██║██║
   ╚═╝   ╚═╝╚═╝     ╚═╝╚══════╝    ╚══════╝╚══════╝╚═╝  ╚═╝╚═╝╚══════╝╚══════╝╚═╝╚═╝  ╚═╝╚═╝
ai4ts v0.0.3 - building AI for unified time-series analysis, https://time-series.ai [0m

Use Train GPT: False
Use Lora: False
Use Profiling: False
🚀 Running imputation pipeline for model: tefn
✅ Dataset 'solar' with missing rate 0.5 loaded at: /home/Aboya_25R9803/projects/lab/SUN/iPyPOTS/datasets/rate_0.5
🚀 Starting TEFN training pipeline...
[TEFN] Testing —— MAE: 0.5131| MSE: 0.6731| RMSE: 0.8204| MRE: 0.6626| 
📊 Metrics saved to: output/imputation/cuda/paper_campaign/tefn/solar/mr0.5/seed456/metrics/tefn_metrics.json
