2026-06-04 04:51:41 [INFO]: Have set the random seed as 456 for numpy and pytorch.
2026-06-04 04:51:44 [INFO]: 🔥🔥🔥🔥🔥🔥🔥🔥🔥🔥Using device list: ['cuda:0']
2026-06-04 04:51:44 [INFO]: 🔥🔥🔥🔥🔥🔥🔥🔥🔥🔥Using the given device: cuda:0
2026-06-04 04:51:44 [INFO]: Model files will be saved to output/imputation/cuda/paper_campaign/saits/opsd_germany/mr0.1/seed456
2026-06-04 04:51:44 [INFO]: Tensorboard file will be saved to output/imputation/cuda/paper_campaign/saits/opsd_germany/mr0.1/seed456/tensorboard
2026-06-04 04:51:44 [INFO]: Using customized MAE as the training loss function.
2026-06-04 04:51:44 [INFO]: Using customized MSE as the validation metric function.
2026-06-04 04:51:44 [INFO]: SAITS initialized with the given hyperparameters.
 ├─ Total parameters: 138,752
 ├─ Trainable parameters: 138,752
 └─ Trainable ratio: 100.00%
2026-06-04 04:51:44 [INFO]: Model placed on cuda:0
2026-06-04 04:51:47 [INFO]: Epoch 001 - training loss (MAE): 1.2688, validation MSE: 0.4545
2026-06-04 04:51:50 [INFO]: Epoch 002 - training loss (MAE): 0.8229, validation MSE: 0.3178
2026-06-04 04:51:52 [INFO]: Epoch 003 - training loss (MAE): 0.6589, validation MSE: 0.2536
2026-06-04 04:51:55 [INFO]: Epoch 004 - training loss (MAE): 0.5585, validation MSE: 0.2221
2026-06-04 04:51:58 [INFO]: Epoch 005 - training loss (MAE): 0.4796, validation MSE: 0.1938
2026-06-04 04:52:00 [INFO]: Epoch 006 - training loss (MAE): 0.4373, validation MSE: 0.1653
2026-06-04 04:52:03 [INFO]: Epoch 007 - training loss (MAE): 0.4023, validation MSE: 0.1251
2026-06-04 04:52:05 [INFO]: Epoch 008 - training loss (MAE): 0.3575, validation MSE: 0.0687
2026-06-04 04:52:08 [INFO]: Epoch 009 - training loss (MAE): 0.3107, validation MSE: 0.0494
2026-06-04 04:52:10 [INFO]: Epoch 010 - training loss (MAE): 0.2826, validation MSE: 0.0404
2026-06-04 04:52:13 [INFO]: Epoch 011 - training loss (MAE): 0.2633, validation MSE: 0.0344
2026-06-04 04:52:15 [INFO]: Epoch 012 - training loss (MAE): 0.2487, validation MSE: 0.0299
2026-06-04 04:52:18 [INFO]: Epoch 013 - training loss (MAE): 0.2368, validation MSE: 0.0260
2026-06-04 04:52:21 [INFO]: Epoch 014 - training loss (MAE): 0.2266, validation MSE: 0.0234
2026-06-04 04:52:23 [INFO]: Epoch 015 - training loss (MAE): 0.2193, validation MSE: 0.0224
2026-06-04 04:52:26 [INFO]: Epoch 016 - training loss (MAE): 0.2130, validation MSE: 0.0199
2026-06-04 04:52:28 [INFO]: Epoch 017 - training loss (MAE): 0.2080, validation MSE: 0.0190
2026-06-04 04:52:31 [INFO]: Epoch 018 - training loss (MAE): 0.2028, validation MSE: 0.0180
2026-06-04 04:52:33 [INFO]: Epoch 019 - training loss (MAE): 0.1994, validation MSE: 0.0170
2026-06-04 04:52:35 [INFO]: Epoch 020 - training loss (MAE): 0.1966, validation MSE: 0.0159
2026-06-04 04:52:38 [INFO]: Epoch 021 - training loss (MAE): 0.1920, validation MSE: 0.0153
2026-06-04 04:52:41 [INFO]: Epoch 022 - training loss (MAE): 0.1900, validation MSE: 0.0147
2026-06-04 04:52:43 [INFO]: Epoch 023 - training loss (MAE): 0.1881, validation MSE: 0.0140
2026-06-04 04:52:46 [INFO]: Epoch 024 - training loss (MAE): 0.1846, validation MSE: 0.0143
2026-06-04 04:52:48 [INFO]: Epoch 025 - training loss (MAE): 0.1841, validation MSE: 0.0134
2026-06-04 04:52:50 [INFO]: Epoch 026 - training loss (MAE): 0.1811, validation MSE: 0.0130
2026-06-04 04:52:53 [INFO]: Epoch 027 - training loss (MAE): 0.1787, validation MSE: 0.0122
2026-06-04 04:52:56 [INFO]: Epoch 028 - training loss (MAE): 0.1770, validation MSE: 0.0122
2026-06-04 04:52:58 [INFO]: Epoch 029 - training loss (MAE): 0.1755, validation MSE: 0.0119
2026-06-04 04:53:01 [INFO]: Epoch 030 - training loss (MAE): 0.1742, validation MSE: 0.0123
2026-06-04 04:53:03 [INFO]: Epoch 031 - training loss (MAE): 0.1729, validation MSE: 0.0117
2026-06-04 04:53:05 [INFO]: Epoch 032 - training loss (MAE): 0.1716, validation MSE: 0.0113
2026-06-04 04:53:08 [INFO]: Epoch 033 - training loss (MAE): 0.1702, validation MSE: 0.0113
2026-06-04 04:53:10 [INFO]: Epoch 034 - training loss (MAE): 0.1685, validation MSE: 0.0110
2026-06-04 04:53:13 [INFO]: Epoch 035 - training loss (MAE): 0.1681, validation MSE: 0.0107
2026-06-04 04:53:15 [INFO]: Epoch 036 - training loss (MAE): 0.1661, validation MSE: 0.0104
2026-06-04 04:53:18 [INFO]: Epoch 037 - training loss (MAE): 0.1652, validation MSE: 0.0102
2026-06-04 04:53:20 [INFO]: Epoch 038 - training loss (MAE): 0.1648, validation MSE: 0.0110
2026-06-04 04:53:23 [INFO]: Epoch 039 - training loss (MAE): 0.1630, validation MSE: 0.0102
2026-06-04 04:53:25 [INFO]: Epoch 040 - training loss (MAE): 0.1624, validation MSE: 0.0101
2026-06-04 04:53:28 [INFO]: Epoch 041 - training loss (MAE): 0.1614, validation MSE: 0.0103
2026-06-04 04:53:30 [INFO]: Epoch 042 - training loss (MAE): 0.1604, validation MSE: 0.0097
2026-06-04 04:53:33 [INFO]: Epoch 043 - training loss (MAE): 0.1597, validation MSE: 0.0101
2026-06-04 04:53:35 [INFO]: Epoch 044 - training loss (MAE): 0.1581, validation MSE: 0.0097
2026-06-04 04:53:37 [INFO]: Epoch 045 - training loss (MAE): 0.1571, validation MSE: 0.0092
2026-06-04 04:53:40 [INFO]: Epoch 046 - training loss (MAE): 0.1570, validation MSE: 0.0097
2026-06-04 04:53:42 [INFO]: Epoch 047 - training loss (MAE): 0.1563, validation MSE: 0.0094
2026-06-04 04:53:45 [INFO]: Epoch 048 - training loss (MAE): 0.1549, validation MSE: 0.0091
2026-06-04 04:53:47 [INFO]: Epoch 049 - training loss (MAE): 0.1542, validation MSE: 0.0091
2026-06-04 04:53:50 [INFO]: Epoch 050 - training loss (MAE): 0.1541, validation MSE: 0.0089
2026-06-04 04:53:52 [INFO]: Epoch 051 - training loss (MAE): 0.1536, validation MSE: 0.0089
2026-06-04 04:53:55 [INFO]: Epoch 052 - training loss (MAE): 0.1517, validation MSE: 0.0092
2026-06-04 04:53:57 [INFO]: Epoch 053 - training loss (MAE): 0.1520, validation MSE: 0.0088
2026-06-04 04:54:00 [INFO]: Epoch 054 - training loss (MAE): 0.1504, validation MSE: 0.0085
2026-06-04 04:54:02 [INFO]: Epoch 055 - training loss (MAE): 0.1513, validation MSE: 0.0086
2026-06-04 04:54:05 [INFO]: Epoch 056 - training loss (MAE): 0.1492, validation MSE: 0.0085
2026-06-04 04:54:07 [INFO]: Epoch 057 - training loss (MAE): 0.1480, validation MSE: 0.0085
2026-06-04 04:54:10 [INFO]: Epoch 058 - training loss (MAE): 0.1477, validation MSE: 0.0085
2026-06-04 04:54:12 [INFO]: Epoch 059 - training loss (MAE): 0.1467, validation MSE: 0.0079
2026-06-04 04:54:15 [INFO]: Epoch 060 - training loss (MAE): 0.1464, validation MSE: 0.0079
2026-06-04 04:54:15 [INFO]: Finished training. The best model is from epoch#60.
2026-06-04 04:54:15 [INFO]: Saved the model to output/imputation/cuda/paper_campaign/saits/opsd_germany/mr0.1/seed456/SAITS.pypots
[34m
████████╗██╗███╗   ███╗███████╗    ███████╗███████╗██████╗ ██╗███████╗███████╗    █████╗ ██╗
╚══██╔══╝██║████╗ ████║██╔════╝    ██╔════╝██╔════╝██╔══██╗██║██╔════╝██╔════╝   ██╔══██╗██║
   ██║   ██║██╔████╔██║█████╗█████╗███████╗█████╗  ██████╔╝██║█████╗  ███████╗   ███████║██║
   ██║   ██║██║╚██╔╝██║██╔══╝╚════╝╚════██║██╔══╝  ██╔══██╗██║██╔══╝  ╚════██║   ██╔══██║██║
   ██║   ██║██║ ╚═╝ ██║███████╗    ███████║███████╗██║  ██║██║███████╗███████║██╗██║  ██║██║
   ╚═╝   ╚═╝╚═╝     ╚═╝╚══════╝    ╚══════╝╚══════╝╚═╝  ╚═╝╚═╝╚══════╝╚══════╝╚═╝╚═╝  ╚═╝╚═╝
ai4ts v0.0.3 - building AI for unified time-series analysis, https://time-series.ai [0m

Use Train GPT: False
Use Lora: False
Use Profiling: False
🚀 Running imputation pipeline for model: saits
✅ Dataset 'opsd_germany' with missing rate 0.1 loaded at: /home/Aboya_25R9803/projects/lab/SUN/iPyPOTS/datasets/rate_0.1
🚀 Starting SAITS training pipeline...
[SAITS] Testing —— MAE: 0.0672| MSE: 0.0117| RMSE: 0.1082| MRE: 0.0740| 
📊 Metrics saved to: output/imputation/cuda/paper_campaign/saits/opsd_germany/mr0.1/seed456/metrics/saits_metrics.json
