2026-06-04 09:39:27 [INFO]: Have set the random seed as 123 for numpy and pytorch.
2026-06-04 09:39:28 [INFO]: 🔥🔥🔥🔥🔥🔥🔥🔥🔥🔥Using device list: ['cuda:0']
2026-06-04 09:39:28 [INFO]: 🔥🔥🔥🔥🔥🔥🔥🔥🔥🔥Using the given device: cuda:0
2026-06-04 09:39:29 [INFO]: Model files will be saved to output/imputation/cuda/paper_campaign/tefn/citylearn_zone5/mr0.5/seed123
2026-06-04 09:39:29 [INFO]: Tensorboard file will be saved to output/imputation/cuda/paper_campaign/tefn/citylearn_zone5/mr0.5/seed123/tensorboard
2026-06-04 09:39:29 [INFO]: Using customized MAE as the training loss function.
2026-06-04 09:39:29 [INFO]: Using customized MSE as the validation metric function.
2026-06-04 09:39:29 [INFO]: Model placed on cuda:0
2026-06-04 09:39:29 [INFO]: TEFN initialized with the given hyperparameters.
 ├─ Total parameters: 6,836
 ├─ Trainable parameters: 6,836
 └─ Trainable ratio: 100.00%
2026-06-04 09:39:31 [INFO]: Epoch 001 - training loss (MAE): 9.0199, validation MSE: 28.6031
2026-06-04 09:39:32 [INFO]: Epoch 002 - training loss (MAE): 7.7775, validation MSE: 22.9196
2026-06-04 09:39:34 [INFO]: Epoch 003 - training loss (MAE): 6.7724, validation MSE: 18.1983
2026-06-04 09:39:35 [INFO]: Epoch 004 - training loss (MAE): 5.8283, validation MSE: 14.1882
2026-06-04 09:39:36 [INFO]: Epoch 005 - training loss (MAE): 4.9278, validation MSE: 10.8684
2026-06-04 09:39:40 [INFO]: Epoch 006 - training loss (MAE): 4.1283, validation MSE: 8.5042
2026-06-04 09:39:42 [INFO]: Epoch 007 - training loss (MAE): 3.4716, validation MSE: 6.8839
2026-06-04 09:39:43 [INFO]: Epoch 008 - training loss (MAE): 2.9522, validation MSE: 5.6356
2026-06-04 09:39:45 [INFO]: Epoch 009 - training loss (MAE): 2.5341, validation MSE: 4.6700
2026-06-04 09:39:46 [INFO]: Epoch 010 - training loss (MAE): 2.1851, validation MSE: 3.9320
2026-06-04 09:39:48 [INFO]: Epoch 011 - training loss (MAE): 1.8961, validation MSE: 3.3970
2026-06-04 09:39:49 [INFO]: Epoch 012 - training loss (MAE): 1.6709, validation MSE: 3.0014
2026-06-04 09:39:51 [INFO]: Epoch 013 - training loss (MAE): 1.4975, validation MSE: 2.6901
2026-06-04 09:39:52 [INFO]: Epoch 014 - training loss (MAE): 1.3650, validation MSE: 2.4653
2026-06-04 09:39:53 [INFO]: Epoch 015 - training loss (MAE): 1.2687, validation MSE: 2.2846
2026-06-04 09:39:55 [INFO]: Epoch 016 - training loss (MAE): 1.1988, validation MSE: 2.1315
2026-06-04 09:39:57 [INFO]: Epoch 017 - training loss (MAE): 1.1403, validation MSE: 1.9893
2026-06-04 09:39:58 [INFO]: Epoch 018 - training loss (MAE): 1.0872, validation MSE: 1.8666
2026-06-04 09:40:00 [INFO]: Epoch 019 - training loss (MAE): 1.0403, validation MSE: 1.7504
2026-06-04 09:40:02 [INFO]: Epoch 020 - training loss (MAE): 0.9972, validation MSE: 1.6470
2026-06-04 09:40:04 [INFO]: Epoch 021 - training loss (MAE): 0.9600, validation MSE: 1.5604
2026-06-04 09:40:05 [INFO]: Epoch 022 - training loss (MAE): 0.9270, validation MSE: 1.4766
2026-06-04 09:40:07 [INFO]: Epoch 023 - training loss (MAE): 0.8993, validation MSE: 1.4030
2026-06-04 09:40:09 [INFO]: Epoch 024 - training loss (MAE): 0.8749, validation MSE: 1.3423
2026-06-04 09:40:12 [INFO]: Epoch 025 - training loss (MAE): 0.8526, validation MSE: 1.2933
2026-06-04 09:40:13 [INFO]: Epoch 026 - training loss (MAE): 0.8335, validation MSE: 1.2394
2026-06-04 09:40:15 [INFO]: Epoch 027 - training loss (MAE): 0.8172, validation MSE: 1.1978
2026-06-04 09:40:17 [INFO]: Epoch 028 - training loss (MAE): 0.8034, validation MSE: 1.1605
2026-06-04 09:40:19 [INFO]: Epoch 029 - training loss (MAE): 0.7904, validation MSE: 1.1254
2026-06-04 09:40:21 [INFO]: Epoch 030 - training loss (MAE): 0.7796, validation MSE: 1.0918
2026-06-04 09:40:22 [INFO]: Epoch 031 - training loss (MAE): 0.7696, validation MSE: 1.0719
2026-06-04 09:40:24 [INFO]: Epoch 032 - training loss (MAE): 0.7599, validation MSE: 1.0456
2026-06-04 09:40:25 [INFO]: Epoch 033 - training loss (MAE): 0.7529, validation MSE: 1.0318
2026-06-04 09:40:26 [INFO]: Epoch 034 - training loss (MAE): 0.7474, validation MSE: 1.0169
2026-06-04 09:40:28 [INFO]: Epoch 035 - training loss (MAE): 0.7411, validation MSE: 1.0142
2026-06-04 09:40:29 [INFO]: Epoch 036 - training loss (MAE): 0.7362, validation MSE: 1.0026
2026-06-04 09:40:31 [INFO]: Epoch 037 - training loss (MAE): 0.7305, validation MSE: 0.9947
2026-06-04 09:40:32 [INFO]: Epoch 038 - training loss (MAE): 0.7277, validation MSE: 0.9908
2026-06-04 09:40:34 [INFO]: Epoch 039 - training loss (MAE): 0.7240, validation MSE: 0.9823
2026-06-04 09:40:35 [INFO]: Epoch 040 - training loss (MAE): 0.7205, validation MSE: 0.9757
2026-06-04 09:40:37 [INFO]: Epoch 041 - training loss (MAE): 0.7172, validation MSE: 0.9638
2026-06-04 09:40:39 [INFO]: Epoch 042 - training loss (MAE): 0.7147, validation MSE: 0.9543
2026-06-04 09:40:42 [INFO]: Epoch 043 - training loss (MAE): 0.7125, validation MSE: 0.9473
2026-06-04 09:40:43 [INFO]: Epoch 044 - training loss (MAE): 0.7107, validation MSE: 0.9405
2026-06-04 09:40:45 [INFO]: Epoch 045 - training loss (MAE): 0.7084, validation MSE: 0.9356
2026-06-04 09:40:47 [INFO]: Epoch 046 - training loss (MAE): 0.7062, validation MSE: 0.9340
2026-06-04 09:40:49 [INFO]: Epoch 047 - training loss (MAE): 0.7051, validation MSE: 0.9303
2026-06-04 09:40:50 [INFO]: Epoch 048 - training loss (MAE): 0.7036, validation MSE: 0.9244
2026-06-04 09:40:51 [INFO]: Epoch 049 - training loss (MAE): 0.7020, validation MSE: 0.9207
2026-06-04 09:40:52 [INFO]: Epoch 050 - training loss (MAE): 0.7012, validation MSE: 0.9195
2026-06-04 09:40:53 [INFO]: Epoch 051 - training loss (MAE): 0.7004, validation MSE: 0.9155
2026-06-04 09:40:54 [INFO]: Epoch 052 - training loss (MAE): 0.6990, validation MSE: 0.9148
2026-06-04 09:40:56 [INFO]: Epoch 053 - training loss (MAE): 0.6980, validation MSE: 0.9103
2026-06-04 09:40:57 [INFO]: Epoch 054 - training loss (MAE): 0.6975, validation MSE: 0.9099
2026-06-04 09:40:58 [INFO]: Epoch 055 - training loss (MAE): 0.6969, validation MSE: 0.9079
2026-06-04 09:41:00 [INFO]: Epoch 056 - training loss (MAE): 0.6966, validation MSE: 0.9097
2026-06-04 09:41:01 [INFO]: Epoch 057 - training loss (MAE): 0.6965, validation MSE: 0.9063
2026-06-04 09:41:02 [INFO]: Epoch 058 - training loss (MAE): 0.6958, validation MSE: 0.9062
2026-06-04 09:41:03 [INFO]: Epoch 059 - training loss (MAE): 0.6955, validation MSE: 0.9072
2026-06-04 09:41:05 [INFO]: Epoch 060 - training loss (MAE): 0.6949, validation MSE: 0.9081
2026-06-04 09:41:05 [INFO]: Finished training. The best model is from epoch#58.
2026-06-04 09:41:05 [INFO]: Saved the model to output/imputation/cuda/paper_campaign/tefn/citylearn_zone5/mr0.5/seed123/TEFN.pypots
[34m
████████╗██╗███╗   ███╗███████╗    ███████╗███████╗██████╗ ██╗███████╗███████╗    █████╗ ██╗
╚══██╔══╝██║████╗ ████║██╔════╝    ██╔════╝██╔════╝██╔══██╗██║██╔════╝██╔════╝   ██╔══██╗██║
   ██║   ██║██╔████╔██║█████╗█████╗███████╗█████╗  ██████╔╝██║█████╗  ███████╗   ███████║██║
   ██║   ██║██║╚██╔╝██║██╔══╝╚════╝╚════██║██╔══╝  ██╔══██╗██║██╔══╝  ╚════██║   ██╔══██║██║
   ██║   ██║██║ ╚═╝ ██║███████╗    ███████║███████╗██║  ██║██║███████╗███████║██╗██║  ██║██║
   ╚═╝   ╚═╝╚═╝     ╚═╝╚══════╝    ╚══════╝╚══════╝╚═╝  ╚═╝╚═╝╚══════╝╚══════╝╚═╝╚═╝  ╚═╝╚═╝
ai4ts v0.0.3 - building AI for unified time-series analysis, https://time-series.ai [0m

Use Train GPT: False
Use Lora: False
Use Profiling: False
🚀 Running imputation pipeline for model: tefn
✅ Dataset 'citylearn_zone5' with missing rate 0.5 loaded at: /home/Aboya_25R9803/projects/lab/SUN/iPyPOTS/datasets/rate_0.5
🚀 Starting TEFN training pipeline...
[TEFN] Testing —— MAE: 0.5910| MSE: 0.6626| RMSE: 0.8140| MRE: 0.7254| 
📊 Metrics saved to: output/imputation/cuda/paper_campaign/tefn/citylearn_zone5/mr0.5/seed123/metrics/tefn_metrics.json
