2026-06-04 10:06:39 [INFO]: Have set the random seed as 42 for numpy and pytorch.
2026-06-04 10:06:40 [INFO]: 🔥🔥🔥🔥🔥🔥🔥🔥🔥🔥Using device list: ['cuda:0']
2026-06-04 10:06:40 [INFO]: 🔥🔥🔥🔥🔥🔥🔥🔥🔥🔥Using the given device: cuda:0
2026-06-04 10:06:41 [INFO]: Model files will be saved to output/imputation/cuda/paper_campaign/tslanet/citylearn_zone5/mr0.5/seed42
2026-06-04 10:06:41 [INFO]: Tensorboard file will be saved to output/imputation/cuda/paper_campaign/tslanet/citylearn_zone5/mr0.5/seed42/tensorboard
2026-06-04 10:06:41 [INFO]: Model placed on cuda:0
2026-06-04 10:06:41 [INFO]: TSLANet initialized with the given hyperparameters.
 ├─ Total parameters: 416,106
 ├─ Trainable parameters: 416,106
 └─ Trainable ratio: 100.00%
2026-06-04 10:06:44 [INFO]: Epoch 001 - training loss (default): 0.1276, validation loss: 0.0954
2026-06-04 10:06:47 [INFO]: Epoch 002 - training loss (default): 0.0409, validation loss: 0.0721
2026-06-04 10:06:49 [INFO]: Epoch 003 - training loss (default): 0.0248, validation loss: 0.0574
2026-06-04 10:06:52 [INFO]: Epoch 004 - training loss (default): 0.0178, validation loss: 0.0466
2026-06-04 10:06:55 [INFO]: Epoch 005 - training loss (default): 0.0138, validation loss: 0.0384
2026-06-04 10:06:58 [INFO]: Epoch 006 - training loss (default): 0.0114, validation loss: 0.0328
2026-06-04 10:07:01 [INFO]: Epoch 007 - training loss (default): 0.0095, validation loss: 0.0287
2026-06-04 10:07:04 [INFO]: Epoch 008 - training loss (default): 0.0081, validation loss: 0.0253
2026-06-04 10:07:07 [INFO]: Epoch 009 - training loss (default): 0.0071, validation loss: 0.0232
2026-06-04 10:07:10 [INFO]: Epoch 010 - training loss (default): 0.0062, validation loss: 0.0212
2026-06-04 10:07:13 [INFO]: Epoch 011 - training loss (default): 0.0056, validation loss: 0.0196
2026-06-04 10:07:15 [INFO]: Epoch 012 - training loss (default): 0.0051, validation loss: 0.0182
2026-06-04 10:07:18 [INFO]: Epoch 013 - training loss (default): 0.0046, validation loss: 0.0170
2026-06-04 10:07:21 [INFO]: Epoch 014 - training loss (default): 0.0042, validation loss: 0.0162
2026-06-04 10:07:24 [INFO]: Epoch 015 - training loss (default): 0.0038, validation loss: 0.0152
2026-06-04 10:07:27 [INFO]: Epoch 016 - training loss (default): 0.0035, validation loss: 0.0145
2026-06-04 10:07:30 [INFO]: Epoch 017 - training loss (default): 0.0033, validation loss: 0.0138
2026-06-04 10:07:33 [INFO]: Epoch 018 - training loss (default): 0.0031, validation loss: 0.0133
2026-06-04 10:07:36 [INFO]: Epoch 019 - training loss (default): 0.0028, validation loss: 0.0127
2026-06-04 10:07:39 [INFO]: Epoch 020 - training loss (default): 0.0026, validation loss: 0.0122
2026-06-04 10:07:42 [INFO]: Epoch 021 - training loss (default): 0.0024, validation loss: 0.0115
2026-06-04 10:07:45 [INFO]: Epoch 022 - training loss (default): 0.0023, validation loss: 0.0112
2026-06-04 10:07:47 [INFO]: Epoch 023 - training loss (default): 0.0021, validation loss: 0.0107
2026-06-04 10:07:50 [INFO]: Epoch 024 - training loss (default): 0.0020, validation loss: 0.0103
2026-06-04 10:07:53 [INFO]: Epoch 025 - training loss (default): 0.0019, validation loss: 0.0099
2026-06-04 10:07:56 [INFO]: Epoch 026 - training loss (default): 0.0018, validation loss: 0.0095
2026-06-04 10:07:59 [INFO]: Epoch 027 - training loss (default): 0.0017, validation loss: 0.0093
2026-06-04 10:08:02 [INFO]: Epoch 028 - training loss (default): 0.0016, validation loss: 0.0090
2026-06-04 10:08:04 [INFO]: Epoch 029 - training loss (default): 0.0015, validation loss: 0.0085
2026-06-04 10:08:07 [INFO]: Epoch 030 - training loss (default): 0.0014, validation loss: 0.0082
2026-06-04 10:08:10 [INFO]: Epoch 031 - training loss (default): 0.0014, validation loss: 0.0079
2026-06-04 10:08:13 [INFO]: Epoch 032 - training loss (default): 0.0013, validation loss: 0.0077
2026-06-04 10:08:15 [INFO]: Epoch 033 - training loss (default): 0.0012, validation loss: 0.0075
2026-06-04 10:08:18 [INFO]: Epoch 034 - training loss (default): 0.0012, validation loss: 0.0072
2026-06-04 10:08:21 [INFO]: Epoch 035 - training loss (default): 0.0011, validation loss: 0.0069
2026-06-04 10:08:24 [INFO]: Epoch 036 - training loss (default): 0.0011, validation loss: 0.0067
2026-06-04 10:08:27 [INFO]: Epoch 037 - training loss (default): 0.0010, validation loss: 0.0064
2026-06-04 10:08:29 [INFO]: Epoch 038 - training loss (default): 0.0009, validation loss: 0.0063
2026-06-04 10:08:32 [INFO]: Epoch 039 - training loss (default): 0.0009, validation loss: 0.0061
2026-06-04 10:08:35 [INFO]: Epoch 040 - training loss (default): 0.0009, validation loss: 0.0059
2026-06-04 10:08:37 [INFO]: Epoch 041 - training loss (default): 0.0008, validation loss: 0.0057
2026-06-04 10:08:39 [INFO]: Epoch 042 - training loss (default): 0.0008, validation loss: 0.0055
2026-06-04 10:08:42 [INFO]: Epoch 043 - training loss (default): 0.0008, validation loss: 0.0052
2026-06-04 10:08:45 [INFO]: Epoch 044 - training loss (default): 0.0007, validation loss: 0.0052
2026-06-04 10:08:47 [INFO]: Epoch 045 - training loss (default): 0.0007, validation loss: 0.0050
2026-06-04 10:08:50 [INFO]: Epoch 046 - training loss (default): 0.0007, validation loss: 0.0048
2026-06-04 10:08:52 [INFO]: Epoch 047 - training loss (default): 0.0006, validation loss: 0.0046
2026-06-04 10:08:55 [INFO]: Epoch 048 - training loss (default): 0.0006, validation loss: 0.0045
2026-06-04 10:08:58 [INFO]: Epoch 049 - training loss (default): 0.0006, validation loss: 0.0044
2026-06-04 10:09:01 [INFO]: Epoch 050 - training loss (default): 0.0006, validation loss: 0.0042
2026-06-04 10:09:04 [INFO]: Epoch 051 - training loss (default): 0.0005, validation loss: 0.0041
2026-06-04 10:09:07 [INFO]: Epoch 052 - training loss (default): 0.0005, validation loss: 0.0040
2026-06-04 10:09:10 [INFO]: Epoch 053 - training loss (default): 0.0005, validation loss: 0.0038
2026-06-04 10:09:13 [INFO]: Epoch 054 - training loss (default): 0.0005, validation loss: 0.0037
2026-06-04 10:09:16 [INFO]: Epoch 055 - training loss (default): 0.0005, validation loss: 0.0036
2026-06-04 10:09:19 [INFO]: Epoch 056 - training loss (default): 0.0004, validation loss: 0.0035
2026-06-04 10:09:21 [INFO]: Epoch 057 - training loss (default): 0.0004, validation loss: 0.0033
2026-06-04 10:09:24 [INFO]: Epoch 058 - training loss (default): 0.0004, validation loss: 0.0033
2026-06-04 10:09:27 [INFO]: Epoch 059 - training loss (default): 0.0004, validation loss: 0.0032
2026-06-04 10:09:30 [INFO]: Epoch 060 - training loss (default): 0.0004, validation loss: 0.0032
2026-06-04 10:09:30 [INFO]: Finished training. The best model is from epoch#60.
2026-06-04 10:09:30 [INFO]: Saved the model to output/imputation/cuda/paper_campaign/tslanet/citylearn_zone5/mr0.5/seed42/TSLANet.pypots
[34m
████████╗██╗███╗   ███╗███████╗    ███████╗███████╗██████╗ ██╗███████╗███████╗    █████╗ ██╗
╚══██╔══╝██║████╗ ████║██╔════╝    ██╔════╝██╔════╝██╔══██╗██║██╔════╝██╔════╝   ██╔══██╗██║
   ██║   ██║██╔████╔██║█████╗█████╗███████╗█████╗  ██████╔╝██║█████╗  ███████╗   ███████║██║
   ██║   ██║██║╚██╔╝██║██╔══╝╚════╝╚════██║██╔══╝  ██╔══██╗██║██╔══╝  ╚════██║   ██╔══██║██║
   ██║   ██║██║ ╚═╝ ██║███████╗    ███████║███████╗██║  ██║██║███████╗███████║██╗██║  ██║██║
   ╚═╝   ╚═╝╚═╝     ╚═╝╚══════╝    ╚══════╝╚══════╝╚═╝  ╚═╝╚═╝╚══════╝╚══════╝╚═╝╚═╝  ╚═╝╚═╝
ai4ts v0.0.3 - building AI for unified time-series analysis, https://time-series.ai [0m

Use Train GPT: False
Use Lora: False
Use Profiling: False
🚀 Running imputation pipeline for model: tslanet
✅ Dataset 'citylearn_zone5' with missing rate 0.5 loaded at: /home/Aboya_25R9803/projects/lab/SUN/iPyPOTS/datasets/rate_0.5
🚀 Starting TSLANet training pipeline...
[TSLANet] Testing —— MAE: 0.8219| MSE: 0.9455| RMSE: 0.9724| MRE: 1.0092| 
📊 Metrics saved to: output/imputation/cuda/paper_campaign/tslanet/citylearn_zone5/mr0.5/seed42/metrics/tslanet_metrics.json
