2026-06-04 05:00:31 [INFO]: Have set the random seed as 123 for numpy and pytorch.
2026-06-04 05:00:31 [INFO]: You're using dataset electricity_load_diagrams, please cite it properly in your work. You can find its reference information at the below link: 
https://github.com/WenjieDu/TSDB/tree/main/dataset_profiles/electricity_load_diagrams
2026-06-04 05:00:31 [INFO]: Dataset electricity_load_diagrams has already been downloaded. Processing directly...
2026-06-04 05:00:31 [INFO]: Dataset electricity_load_diagrams has already been cached. Loading from cache directly...
2026-06-04 05:00:32 [INFO]: Loaded successfully!
2026-06-04 05:00:32 [INFO]: months selected as test set are <PeriodArray>
['2011-01', '2011-02', '2011-03', '2011-04', '2011-05', '2011-06', '2011-07',
 '2011-08', '2011-09', '2011-10']
Length: 10, dtype: period[M]
2026-06-04 05:00:32 [INFO]: months selected as val set are <PeriodArray>
['2011-11', '2011-12', '2012-01', '2012-02', '2012-03', '2012-04', '2012-05',
 '2012-06', '2012-07', '2012-08']
Length: 10, dtype: period[M]
2026-06-04 05:00:32 [INFO]: months selected as train set are <PeriodArray>
['2012-09', '2012-10', '2012-11', '2012-12', '2013-01', '2013-02', '2013-03',
 '2013-04', '2013-05', '2013-06', '2013-07', '2013-08', '2013-09', '2013-10',
 '2013-11', '2013-12', '2014-01', '2014-02', '2014-03', '2014-04', '2014-05',
 '2014-06', '2014-07', '2014-08', '2014-09', '2014-10', '2014-11', '2014-12',
 '2015-01']
Length: 29, dtype: period[M]
2026-06-04 05:00:33 [INFO]: Total sample number: 5843
2026-06-04 05:00:33 [INFO]: Training set size: 3408 (58.33%)
2026-06-04 05:00:33 [INFO]: Validation set size: 1220 (20.88%)
2026-06-04 05:00:33 [INFO]: Test set size: 1215 (20.79%)
2026-06-04 05:00:33 [INFO]: Number of steps: 24
2026-06-04 05:00:33 [INFO]: Number of features: 370
2026-06-04 05:00:33 [INFO]: Train set missing rate: 10.00%
2026-06-04 05:00:33 [INFO]: Validating set missing rate: 10.01%
2026-06-04 05:00:33 [INFO]: Test set missing rate: 10.02%
2026-06-04 05:00:34 [INFO]: 🔥🔥🔥🔥🔥🔥🔥🔥🔥🔥Using device list: ['cuda:0']
2026-06-04 05:00:34 [INFO]: 🔥🔥🔥🔥🔥🔥🔥🔥🔥🔥Using the given device: cuda:0
2026-06-04 05:00:34 [INFO]: Model files will be saved to output/imputation/cuda/paper_campaign/tefn/eld/mr0.1/seed123
2026-06-04 05:00:34 [INFO]: Tensorboard file will be saved to output/imputation/cuda/paper_campaign/tefn/eld/mr0.1/seed123/tensorboard
2026-06-04 05:00:34 [INFO]: Using customized MAE as the training loss function.
2026-06-04 05:00:34 [INFO]: Using customized MSE as the validation metric function.
2026-06-04 05:00:34 [INFO]: Model placed on cuda:0
2026-06-04 05:00:34 [INFO]: TEFN initialized with the given hyperparameters.
 ├─ Total parameters: 286,778
 ├─ Trainable parameters: 286,778
 └─ Trainable ratio: 100.00%
2026-06-04 05:00:36 [INFO]: Epoch 001 - training loss (MAE): 7.9312, validation MSE: 33.6199
2026-06-04 05:00:38 [INFO]: Epoch 002 - training loss (MAE): 6.8841, validation MSE: 26.7165
2026-06-04 05:00:39 [INFO]: Epoch 003 - training loss (MAE): 6.2133, validation MSE: 21.6649
2026-06-04 05:00:40 [INFO]: Epoch 004 - training loss (MAE): 5.6379, validation MSE: 18.1857
2026-06-04 05:00:42 [INFO]: Epoch 005 - training loss (MAE): 5.1333, validation MSE: 15.6638
2026-06-04 05:00:43 [INFO]: Epoch 006 - training loss (MAE): 4.6701, validation MSE: 13.6493
2026-06-04 05:00:44 [INFO]: Epoch 007 - training loss (MAE): 4.2383, validation MSE: 11.9140
2026-06-04 05:00:46 [INFO]: Epoch 008 - training loss (MAE): 3.8372, validation MSE: 10.4996
2026-06-04 05:00:47 [INFO]: Epoch 009 - training loss (MAE): 3.4597, validation MSE: 9.2705
2026-06-04 05:00:49 [INFO]: Epoch 010 - training loss (MAE): 3.1050, validation MSE: 8.3179
2026-06-04 05:00:50 [INFO]: Epoch 011 - training loss (MAE): 2.7792, validation MSE: 7.4670
2026-06-04 05:00:51 [INFO]: Epoch 012 - training loss (MAE): 2.4724, validation MSE: 6.7773
2026-06-04 05:00:52 [INFO]: Epoch 013 - training loss (MAE): 2.1938, validation MSE: 6.0963
2026-06-04 05:00:53 [INFO]: Epoch 014 - training loss (MAE): 1.9459, validation MSE: 5.6752
2026-06-04 05:00:54 [INFO]: Epoch 015 - training loss (MAE): 1.7297, validation MSE: 5.2013
2026-06-04 05:00:56 [INFO]: Epoch 016 - training loss (MAE): 1.5505, validation MSE: 4.8784
2026-06-04 05:00:57 [INFO]: Epoch 017 - training loss (MAE): 1.3959, validation MSE: 4.6088
2026-06-04 05:00:58 [INFO]: Epoch 018 - training loss (MAE): 1.2671, validation MSE: 4.3461
2026-06-04 05:00:59 [INFO]: Epoch 019 - training loss (MAE): 1.1644, validation MSE: 4.1472
2026-06-04 05:01:00 [INFO]: Epoch 020 - training loss (MAE): 1.0837, validation MSE: 4.0439
2026-06-04 05:01:01 [INFO]: Epoch 021 - training loss (MAE): 1.0186, validation MSE: 3.8841
2026-06-04 05:01:02 [INFO]: Epoch 022 - training loss (MAE): 0.9581, validation MSE: 3.7526
2026-06-04 05:01:04 [INFO]: Epoch 023 - training loss (MAE): 0.9054, validation MSE: 3.6674
2026-06-04 05:01:05 [INFO]: Epoch 024 - training loss (MAE): 0.8617, validation MSE: 3.6096
2026-06-04 05:01:06 [INFO]: Epoch 025 - training loss (MAE): 0.8249, validation MSE: 3.5655
2026-06-04 05:01:07 [INFO]: Epoch 026 - training loss (MAE): 0.7885, validation MSE: 3.5398
2026-06-04 05:01:08 [INFO]: Epoch 027 - training loss (MAE): 0.7595, validation MSE: 3.4397
2026-06-04 05:01:09 [INFO]: Epoch 028 - training loss (MAE): 0.7361, validation MSE: 3.4008
2026-06-04 05:01:10 [INFO]: Epoch 029 - training loss (MAE): 0.7150, validation MSE: 3.3665
2026-06-04 05:01:12 [INFO]: Epoch 030 - training loss (MAE): 0.6940, validation MSE: 3.3838
2026-06-04 05:01:13 [INFO]: Epoch 031 - training loss (MAE): 0.6751, validation MSE: 3.3303
2026-06-04 05:01:14 [INFO]: Epoch 032 - training loss (MAE): 0.6586, validation MSE: 3.2478
2026-06-04 05:01:15 [INFO]: Epoch 033 - training loss (MAE): 0.6490, validation MSE: 3.2739
2026-06-04 05:01:16 [INFO]: Epoch 034 - training loss (MAE): 0.6293, validation MSE: 3.2302
2026-06-04 05:01:17 [INFO]: Epoch 035 - training loss (MAE): 0.6183, validation MSE: 3.2315
2026-06-04 05:01:18 [INFO]: Epoch 036 - training loss (MAE): 0.6073, validation MSE: 3.2141
2026-06-04 05:01:19 [INFO]: Epoch 037 - training loss (MAE): 0.5936, validation MSE: 3.2326
2026-06-04 05:01:21 [INFO]: Epoch 038 - training loss (MAE): 0.5858, validation MSE: 3.1767
2026-06-04 05:01:22 [INFO]: Epoch 039 - training loss (MAE): 0.5784, validation MSE: 3.1737
2026-06-04 05:01:23 [INFO]: Epoch 040 - training loss (MAE): 0.5734, validation MSE: 3.1735
2026-06-04 05:01:25 [INFO]: Epoch 041 - training loss (MAE): 0.5677, validation MSE: 3.1608
2026-06-04 05:01:26 [INFO]: Epoch 042 - training loss (MAE): 0.5655, validation MSE: 3.1671
2026-06-04 05:01:28 [INFO]: Epoch 043 - training loss (MAE): 0.5630, validation MSE: 3.1624
2026-06-04 05:01:29 [INFO]: Epoch 044 - training loss (MAE): 0.5609, validation MSE: 3.1284
2026-06-04 05:01:30 [INFO]: Epoch 045 - training loss (MAE): 0.5608, validation MSE: 3.1677
2026-06-04 05:01:32 [INFO]: Epoch 046 - training loss (MAE): 0.5605, validation MSE: 3.1599
2026-06-04 05:01:33 [INFO]: Epoch 047 - training loss (MAE): 0.5594, validation MSE: 3.1455
2026-06-04 05:01:34 [INFO]: Epoch 048 - training loss (MAE): 0.5613, validation MSE: 3.1328
2026-06-04 05:01:36 [INFO]: Epoch 049 - training loss (MAE): 0.5571, validation MSE: 3.1417
2026-06-04 05:01:37 [INFO]: Epoch 050 - training loss (MAE): 0.5572, validation MSE: 3.1445
2026-06-04 05:01:38 [INFO]: Epoch 051 - training loss (MAE): 0.5550, validation MSE: 3.1399
2026-06-04 05:01:39 [INFO]: Epoch 052 - training loss (MAE): 0.5567, validation MSE: 3.1435
2026-06-04 05:01:40 [INFO]: Epoch 053 - training loss (MAE): 0.5556, validation MSE: 3.1522
2026-06-04 05:01:41 [INFO]: Epoch 054 - training loss (MAE): 0.5548, validation MSE: 3.1131
2026-06-04 05:01:42 [INFO]: Epoch 055 - training loss (MAE): 0.5552, validation MSE: 3.1213
2026-06-04 05:01:44 [INFO]: Epoch 056 - training loss (MAE): 0.5550, validation MSE: 3.1366
2026-06-04 05:01:45 [INFO]: Epoch 057 - training loss (MAE): 0.5548, validation MSE: 3.0988
2026-06-04 05:01:46 [INFO]: Epoch 058 - training loss (MAE): 0.5540, validation MSE: 3.1110
2026-06-04 05:01:47 [INFO]: Epoch 059 - training loss (MAE): 0.5528, validation MSE: 3.1081
2026-06-04 05:01:48 [INFO]: Epoch 060 - training loss (MAE): 0.5521, validation MSE: 3.1205
2026-06-04 05:01:48 [INFO]: Finished training. The best model is from epoch#57.
2026-06-04 05:01:48 [INFO]: Saved the model to output/imputation/cuda/paper_campaign/tefn/eld/mr0.1/seed123/TEFN.pypots
[34m
████████╗██╗███╗   ███╗███████╗    ███████╗███████╗██████╗ ██╗███████╗███████╗    █████╗ ██╗
╚══██╔══╝██║████╗ ████║██╔════╝    ██╔════╝██╔════╝██╔══██╗██║██╔════╝██╔════╝   ██╔══██╗██║
   ██║   ██║██╔████╔██║█████╗█████╗███████╗█████╗  ██████╔╝██║█████╗  ███████╗   ███████║██║
   ██║   ██║██║╚██╔╝██║██╔══╝╚════╝╚════██║██╔══╝  ██╔══██╗██║██╔══╝  ╚════██║   ██╔══██║██║
   ██║   ██║██║ ╚═╝ ██║███████╗    ███████║███████╗██║  ██║██║███████╗███████║██╗██║  ██║██║
   ╚═╝   ╚═╝╚═╝     ╚═╝╚══════╝    ╚══════╝╚══════╝╚═╝  ╚═╝╚═╝╚══════╝╚══════╝╚═╝╚═╝  ╚═╝╚═╝
ai4ts v0.0.3 - building AI for unified time-series analysis, https://time-series.ai [0m

Use Train GPT: False
Use Lora: False
Use Profiling: False
🚀 Running imputation pipeline for model: tefn
✅ Dataset 'eld' with missing rate 0.1 loaded at: /home/Aboya_25R9803/projects/lab/SUN/iPyPOTS/datasets/rate_0.1
🚀 Starting TEFN training pipeline...
[TEFN] Testing —— MAE: 1.0508| MSE: 2.5507| RMSE: 1.5971| MRE: 0.5622| 
📊 Metrics saved to: output/imputation/cuda/paper_campaign/tefn/eld/mr0.1/seed123/metrics/tefn_metrics.json
