[34m
████████╗██╗███╗   ███╗███████╗    ███████╗███████╗██████╗ ██╗███████╗███████╗    █████╗ ██╗
╚══██╔══╝██║████╗ ████║██╔════╝    ██╔════╝██╔════╝██╔══██╗██║██╔════╝██╔════╝   ██╔══██╗██║
   ██║   ██║██╔████╔██║█████╗█████╗███████╗█████╗  ██████╔╝██║█████╗  ███████╗   ███████║██║
   ██║   ██║██║╚██╔╝██║██╔══╝╚════╝╚════██║██╔══╝  ██╔══██╗██║██╔══╝  ╚════██║   ██╔══██║██║
   ██║   ██║██║ ╚═╝ ██║███████╗    ███████║███████╗██║  ██║██║███████╗███████║██╗██║  ██║██║
   ╚═╝   ╚═╝╚═╝     ╚═╝╚══════╝    ╚══════╝╚══════╝╚═╝  ╚═╝╚═╝╚══════╝╚══════╝╚═╝╚═╝  ╚═╝╚═╝
ai4ts v0.0.3 - building AI for unified time-series analysis, https://time-series.ai [0m

Use Train GPT: False
Use Lora: False
Use Profiling: False
2026-06-04 13:09:56 [INFO]: Have set the random seed as 42 for numpy and pytorch.
🚀 Running imputation pipeline for model: mean
2026-06-04 13:09:56 [INFO]: You're using dataset electricity_transformer_temperature, please cite it properly in your work. You can find its reference information at the below link: 
https://github.com/WenjieDu/TSDB/tree/main/dataset_profiles/electricity_transformer_temperature
2026-06-04 13:09:56 [INFO]: Dataset electricity_transformer_temperature has already been downloaded. Processing directly...
2026-06-04 13:09:56 [INFO]: Dataset electricity_transformer_temperature has already been cached. Loading from cache directly...
2026-06-04 13:09:56 [INFO]: Loaded successfully!
2026-06-04 13:09:56 [INFO]: months selected as train set are <PeriodArray>
['2016-07', '2016-08', '2016-09', '2016-10', '2016-11', '2016-12', '2017-01',
 '2017-02', '2017-03', '2017-04', '2017-05', '2017-06', '2017-07', '2017-08']
Length: 14, dtype: period[M]
2026-06-04 13:09:56 [INFO]: months selected as val set are <PeriodArray>
['2017-09', '2017-10', '2017-11', '2017-12', '2018-01']
Length: 5, dtype: period[M]
2026-06-04 13:09:56 [INFO]: months selected as test set are <PeriodArray>
['2018-02', '2018-03', '2018-04', '2018-05', '2018-06']
Length: 5, dtype: period[M]
2026-06-04 13:09:56 [INFO]: Total sample number: 180
2026-06-04 13:09:56 [INFO]: Training set size: 106 (58.89%)
2026-06-04 13:09:56 [INFO]: Validation set size: 38 (21.11%)
2026-06-04 13:09:56 [INFO]: Test set size: 36 (20.00%)
2026-06-04 13:09:56 [INFO]: Number of steps: 96
2026-06-04 13:09:56 [INFO]: Number of features: 7
2026-06-04 13:09:56 [INFO]: Train set missing rate: 49.97%
2026-06-04 13:09:56 [INFO]: Validating set missing rate: 49.74%
2026-06-04 13:09:56 [INFO]: Test set missing rate: 49.99%
✅ Dataset 'etth1' with missing rate 0.5 loaded at: /home/Aboya_25R9803/projects/lab/SUN/iPyPOTS/datasets/rate_0.5
🚀 Starting Mean imputation baseline...
2026-06-04 13:09:56 [INFO]: 🔥🔥🔥🔥🔥🔥🔥🔥🔥🔥Using device list: None
2026-06-04 13:09:56 [INFO]: 🔥🔥🔥🔥🔥🔥🔥🔥🔥🔥No given device, using default device: cuda
[Mean] Testing —— MAE: 0.7407| MSE: 0.9984| RMSE: 0.9992| MRE: 0.8678| 
📊 Metrics saved to: output/imputation/cuda/paper_campaign/mean/etth1/mr0.5/seed42/metrics/mean_metrics.json
