2026-06-04 10:10:00 [INFO]: Have set the random seed as 123 for numpy and pytorch.
2026-06-04 10:10:01 [INFO]: 🔥🔥🔥🔥🔥🔥🔥🔥🔥🔥Using device list: ['cuda:0']
2026-06-04 10:10:01 [INFO]: 🔥🔥🔥🔥🔥🔥🔥🔥🔥🔥Using the given device: cuda:0
2026-06-04 10:10:02 [INFO]: Model files will be saved to output/imputation/cuda/paper_campaign/tslanet/citylearn_zone5/mr0.5/seed123
2026-06-04 10:10:02 [INFO]: Tensorboard file will be saved to output/imputation/cuda/paper_campaign/tslanet/citylearn_zone5/mr0.5/seed123/tensorboard
2026-06-04 10:10:02 [INFO]: Model placed on cuda:0
2026-06-04 10:10:02 [INFO]: TSLANet initialized with the given hyperparameters.
 ├─ Total parameters: 416,106
 ├─ Trainable parameters: 416,106
 └─ Trainable ratio: 100.00%
2026-06-04 10:10:05 [INFO]: Epoch 001 - training loss (default): 0.1153, validation loss: 0.0899
2026-06-04 10:10:07 [INFO]: Epoch 002 - training loss (default): 0.0362, validation loss: 0.0686
2026-06-04 10:10:09 [INFO]: Epoch 003 - training loss (default): 0.0224, validation loss: 0.0554
2026-06-04 10:10:11 [INFO]: Epoch 004 - training loss (default): 0.0163, validation loss: 0.0459
2026-06-04 10:10:13 [INFO]: Epoch 005 - training loss (default): 0.0127, validation loss: 0.0384
2026-06-04 10:10:16 [INFO]: Epoch 006 - training loss (default): 0.0104, validation loss: 0.0325
2026-06-04 10:10:18 [INFO]: Epoch 007 - training loss (default): 0.0086, validation loss: 0.0281
2026-06-04 10:10:20 [INFO]: Epoch 008 - training loss (default): 0.0075, validation loss: 0.0251
2026-06-04 10:10:22 [INFO]: Epoch 009 - training loss (default): 0.0064, validation loss: 0.0227
2026-06-04 10:10:25 [INFO]: Epoch 010 - training loss (default): 0.0057, validation loss: 0.0209
2026-06-04 10:10:27 [INFO]: Epoch 011 - training loss (default): 0.0051, validation loss: 0.0196
2026-06-04 10:10:29 [INFO]: Epoch 012 - training loss (default): 0.0046, validation loss: 0.0185
2026-06-04 10:10:32 [INFO]: Epoch 013 - training loss (default): 0.0042, validation loss: 0.0174
2026-06-04 10:10:34 [INFO]: Epoch 014 - training loss (default): 0.0038, validation loss: 0.0165
2026-06-04 10:10:36 [INFO]: Epoch 015 - training loss (default): 0.0035, validation loss: 0.0156
2026-06-04 10:10:38 [INFO]: Epoch 016 - training loss (default): 0.0033, validation loss: 0.0146
2026-06-04 10:10:41 [INFO]: Epoch 017 - training loss (default): 0.0030, validation loss: 0.0140
2026-06-04 10:10:43 [INFO]: Epoch 018 - training loss (default): 0.0028, validation loss: 0.0136
2026-06-04 10:10:46 [INFO]: Epoch 019 - training loss (default): 0.0026, validation loss: 0.0127
2026-06-04 10:10:48 [INFO]: Epoch 020 - training loss (default): 0.0025, validation loss: 0.0121
2026-06-04 10:10:50 [INFO]: Epoch 021 - training loss (default): 0.0023, validation loss: 0.0118
2026-06-04 10:10:53 [INFO]: Epoch 022 - training loss (default): 0.0021, validation loss: 0.0113
2026-06-04 10:10:55 [INFO]: Epoch 023 - training loss (default): 0.0020, validation loss: 0.0109
2026-06-04 10:10:57 [INFO]: Epoch 024 - training loss (default): 0.0019, validation loss: 0.0103
2026-06-04 10:10:59 [INFO]: Epoch 025 - training loss (default): 0.0018, validation loss: 0.0100
2026-06-04 10:11:02 [INFO]: Epoch 026 - training loss (default): 0.0017, validation loss: 0.0096
2026-06-04 10:11:04 [INFO]: Epoch 027 - training loss (default): 0.0016, validation loss: 0.0091
2026-06-04 10:11:07 [INFO]: Epoch 028 - training loss (default): 0.0015, validation loss: 0.0089
2026-06-04 10:11:09 [INFO]: Epoch 029 - training loss (default): 0.0014, validation loss: 0.0085
2026-06-04 10:11:11 [INFO]: Epoch 030 - training loss (default): 0.0014, validation loss: 0.0082
2026-06-04 10:11:13 [INFO]: Epoch 031 - training loss (default): 0.0013, validation loss: 0.0079
2026-06-04 10:11:16 [INFO]: Epoch 032 - training loss (default): 0.0012, validation loss: 0.0077
2026-06-04 10:11:18 [INFO]: Epoch 033 - training loss (default): 0.0012, validation loss: 0.0073
2026-06-04 10:11:20 [INFO]: Epoch 034 - training loss (default): 0.0011, validation loss: 0.0072
2026-06-04 10:11:23 [INFO]: Epoch 035 - training loss (default): 0.0011, validation loss: 0.0069
2026-06-04 10:11:25 [INFO]: Epoch 036 - training loss (default): 0.0010, validation loss: 0.0065
2026-06-04 10:11:28 [INFO]: Epoch 037 - training loss (default): 0.0009, validation loss: 0.0063
2026-06-04 10:11:30 [INFO]: Epoch 038 - training loss (default): 0.0009, validation loss: 0.0061
2026-06-04 10:11:32 [INFO]: Epoch 039 - training loss (default): 0.0009, validation loss: 0.0059
2026-06-04 10:11:35 [INFO]: Epoch 040 - training loss (default): 0.0008, validation loss: 0.0058
2026-06-04 10:11:37 [INFO]: Epoch 041 - training loss (default): 0.0008, validation loss: 0.0056
2026-06-04 10:11:40 [INFO]: Epoch 042 - training loss (default): 0.0007, validation loss: 0.0053
2026-06-04 10:11:42 [INFO]: Epoch 043 - training loss (default): 0.0007, validation loss: 0.0052
2026-06-04 10:11:44 [INFO]: Epoch 044 - training loss (default): 0.0007, validation loss: 0.0050
2026-06-04 10:11:47 [INFO]: Epoch 045 - training loss (default): 0.0007, validation loss: 0.0047
2026-06-04 10:11:49 [INFO]: Epoch 046 - training loss (default): 0.0006, validation loss: 0.0046
2026-06-04 10:11:51 [INFO]: Epoch 047 - training loss (default): 0.0006, validation loss: 0.0046
2026-06-04 10:11:53 [INFO]: Epoch 048 - training loss (default): 0.0006, validation loss: 0.0043
2026-06-04 10:11:56 [INFO]: Epoch 049 - training loss (default): 0.0006, validation loss: 0.0042
2026-06-04 10:11:58 [INFO]: Epoch 050 - training loss (default): 0.0005, validation loss: 0.0041
2026-06-04 10:12:00 [INFO]: Epoch 051 - training loss (default): 0.0005, validation loss: 0.0039
2026-06-04 10:12:03 [INFO]: Epoch 052 - training loss (default): 0.0005, validation loss: 0.0038
2026-06-04 10:12:05 [INFO]: Epoch 053 - training loss (default): 0.0005, validation loss: 0.0036
2026-06-04 10:12:07 [INFO]: Epoch 054 - training loss (default): 0.0005, validation loss: 0.0035
2026-06-04 10:12:10 [INFO]: Epoch 055 - training loss (default): 0.0004, validation loss: 0.0034
2026-06-04 10:12:12 [INFO]: Epoch 056 - training loss (default): 0.0004, validation loss: 0.0034
2026-06-04 10:12:15 [INFO]: Epoch 057 - training loss (default): 0.0004, validation loss: 0.0032
2026-06-04 10:12:17 [INFO]: Epoch 058 - training loss (default): 0.0004, validation loss: 0.0032
2026-06-04 10:12:19 [INFO]: Epoch 059 - training loss (default): 0.0004, validation loss: 0.0030
2026-06-04 10:12:21 [INFO]: Epoch 060 - training loss (default): 0.0004, validation loss: 0.0029
2026-06-04 10:12:21 [INFO]: Finished training. The best model is from epoch#60.
2026-06-04 10:12:21 [INFO]: Saved the model to output/imputation/cuda/paper_campaign/tslanet/citylearn_zone5/mr0.5/seed123/TSLANet.pypots
[34m
████████╗██╗███╗   ███╗███████╗    ███████╗███████╗██████╗ ██╗███████╗███████╗    █████╗ ██╗
╚══██╔══╝██║████╗ ████║██╔════╝    ██╔════╝██╔════╝██╔══██╗██║██╔════╝██╔════╝   ██╔══██╗██║
   ██║   ██║██╔████╔██║█████╗█████╗███████╗█████╗  ██████╔╝██║█████╗  ███████╗   ███████║██║
   ██║   ██║██║╚██╔╝██║██╔══╝╚════╝╚════██║██╔══╝  ██╔══██╗██║██╔══╝  ╚════██║   ██╔══██║██║
   ██║   ██║██║ ╚═╝ ██║███████╗    ███████║███████╗██║  ██║██║███████╗███████║██╗██║  ██║██║
   ╚═╝   ╚═╝╚═╝     ╚═╝╚══════╝    ╚══════╝╚══════╝╚═╝  ╚═╝╚═╝╚══════╝╚══════╝╚═╝╚═╝  ╚═╝╚═╝
ai4ts v0.0.3 - building AI for unified time-series analysis, https://time-series.ai [0m

Use Train GPT: False
Use Lora: False
Use Profiling: False
🚀 Running imputation pipeline for model: tslanet
✅ Dataset 'citylearn_zone5' with missing rate 0.5 loaded at: /home/Aboya_25R9803/projects/lab/SUN/iPyPOTS/datasets/rate_0.5
🚀 Starting TSLANet training pipeline...
[TSLANet] Testing —— MAE: 0.8221| MSE: 0.9458| RMSE: 0.9725| MRE: 1.0091| 
📊 Metrics saved to: output/imputation/cuda/paper_campaign/tslanet/citylearn_zone5/mr0.5/seed123/metrics/tslanet_metrics.json
