2026-06-04 04:55:09 [INFO]: Have set the random seed as 42 for numpy and pytorch.
2026-06-04 04:55:17 [INFO]: 🔥🔥🔥🔥🔥🔥🔥🔥🔥🔥Using device list: ['cuda:0']
2026-06-04 04:55:17 [INFO]: 🔥🔥🔥🔥🔥🔥🔥🔥🔥🔥Using the given device: cuda:0
2026-06-04 04:55:18 [INFO]: Model files will be saved to output/imputation/cuda/paper_campaign/saits/household_power/mr0.3/seed42
2026-06-04 04:55:18 [INFO]: Tensorboard file will be saved to output/imputation/cuda/paper_campaign/saits/household_power/mr0.3/seed42/tensorboard
2026-06-04 04:55:18 [INFO]: Using customized MAE as the training loss function.
2026-06-04 04:55:18 [INFO]: Using customized MSE as the validation metric function.
2026-06-04 04:55:18 [INFO]: SAITS initialized with the given hyperparameters.
 ├─ Total parameters: 139,350
 ├─ Trainable parameters: 139,350
 └─ Trainable ratio: 100.00%
2026-06-04 04:55:18 [INFO]: Model placed on cuda:0
2026-06-04 04:55:20 [INFO]: Epoch 001 - training loss (MAE): 1.4116, validation MSE: 0.9318
2026-06-04 04:55:22 [INFO]: Epoch 002 - training loss (MAE): 1.1323, validation MSE: 0.8167
2026-06-04 04:55:24 [INFO]: Epoch 003 - training loss (MAE): 0.9877, validation MSE: 0.7176
2026-06-04 04:55:26 [INFO]: Epoch 004 - training loss (MAE): 0.8640, validation MSE: 0.5955
2026-06-04 04:55:27 [INFO]: Epoch 005 - training loss (MAE): 0.7608, validation MSE: 0.5703
2026-06-04 04:55:29 [INFO]: Epoch 006 - training loss (MAE): 0.7009, validation MSE: 0.5565
2026-06-04 04:55:31 [INFO]: Epoch 007 - training loss (MAE): 0.6608, validation MSE: 0.5458
2026-06-04 04:55:32 [INFO]: Epoch 008 - training loss (MAE): 0.6279, validation MSE: 0.5449
2026-06-04 04:55:34 [INFO]: Epoch 009 - training loss (MAE): 0.5986, validation MSE: 0.5345
2026-06-04 04:55:36 [INFO]: Epoch 010 - training loss (MAE): 0.5766, validation MSE: 0.5275
2026-06-04 04:55:38 [INFO]: Epoch 011 - training loss (MAE): 0.5592, validation MSE: 0.5212
2026-06-04 04:55:39 [INFO]: Epoch 012 - training loss (MAE): 0.5429, validation MSE: 0.5074
2026-06-04 04:55:41 [INFO]: Epoch 013 - training loss (MAE): 0.5225, validation MSE: 0.4680
2026-06-04 04:55:43 [INFO]: Epoch 014 - training loss (MAE): 0.4813, validation MSE: 0.3966
2026-06-04 04:55:45 [INFO]: Epoch 015 - training loss (MAE): 0.4422, validation MSE: 0.3756
2026-06-04 04:55:46 [INFO]: Epoch 016 - training loss (MAE): 0.4226, validation MSE: 0.3706
2026-06-04 04:55:48 [INFO]: Epoch 017 - training loss (MAE): 0.4090, validation MSE: 0.3628
2026-06-04 04:55:50 [INFO]: Epoch 018 - training loss (MAE): 0.3990, validation MSE: 0.3539
2026-06-04 04:55:51 [INFO]: Epoch 019 - training loss (MAE): 0.3898, validation MSE: 0.3513
2026-06-04 04:55:53 [INFO]: Epoch 020 - training loss (MAE): 0.3843, validation MSE: 0.3348
2026-06-04 04:55:55 [INFO]: Epoch 021 - training loss (MAE): 0.3760, validation MSE: 0.3384
2026-06-04 04:55:56 [INFO]: Epoch 022 - training loss (MAE): 0.3702, validation MSE: 0.3310
2026-06-04 04:55:58 [INFO]: Epoch 023 - training loss (MAE): 0.3646, validation MSE: 0.3242
2026-06-04 04:56:00 [INFO]: Epoch 024 - training loss (MAE): 0.3583, validation MSE: 0.3189
2026-06-04 04:56:02 [INFO]: Epoch 025 - training loss (MAE): 0.3541, validation MSE: 0.3152
2026-06-04 04:56:03 [INFO]: Epoch 026 - training loss (MAE): 0.3498, validation MSE: 0.3029
2026-06-04 04:56:05 [INFO]: Epoch 027 - training loss (MAE): 0.3444, validation MSE: 0.3017
2026-06-04 04:56:07 [INFO]: Epoch 028 - training loss (MAE): 0.3411, validation MSE: 0.2990
2026-06-04 04:56:08 [INFO]: Epoch 029 - training loss (MAE): 0.3369, validation MSE: 0.2915
2026-06-04 04:56:10 [INFO]: Epoch 030 - training loss (MAE): 0.3333, validation MSE: 0.2826
2026-06-04 04:56:12 [INFO]: Epoch 031 - training loss (MAE): 0.3291, validation MSE: 0.2710
2026-06-04 04:56:14 [INFO]: Epoch 032 - training loss (MAE): 0.3269, validation MSE: 0.2671
2026-06-04 04:56:15 [INFO]: Epoch 033 - training loss (MAE): 0.3233, validation MSE: 0.2598
2026-06-04 04:56:17 [INFO]: Epoch 034 - training loss (MAE): 0.3198, validation MSE: 0.2600
2026-06-04 04:56:19 [INFO]: Epoch 035 - training loss (MAE): 0.3168, validation MSE: 0.2542
2026-06-04 04:56:20 [INFO]: Epoch 036 - training loss (MAE): 0.3142, validation MSE: 0.2505
2026-06-04 04:56:22 [INFO]: Epoch 037 - training loss (MAE): 0.3107, validation MSE: 0.2517
2026-06-04 04:56:24 [INFO]: Epoch 038 - training loss (MAE): 0.3084, validation MSE: 0.2470
2026-06-04 04:56:26 [INFO]: Epoch 039 - training loss (MAE): 0.3066, validation MSE: 0.2403
2026-06-04 04:56:27 [INFO]: Epoch 040 - training loss (MAE): 0.3035, validation MSE: 0.2366
2026-06-04 04:56:29 [INFO]: Epoch 041 - training loss (MAE): 0.3003, validation MSE: 0.2373
2026-06-04 04:56:31 [INFO]: Epoch 042 - training loss (MAE): 0.2994, validation MSE: 0.2380
2026-06-04 04:56:32 [INFO]: Epoch 043 - training loss (MAE): 0.2964, validation MSE: 0.2395
2026-06-04 04:56:34 [INFO]: Epoch 044 - training loss (MAE): 0.2950, validation MSE: 0.2398
2026-06-04 04:56:36 [INFO]: Epoch 045 - training loss (MAE): 0.2932, validation MSE: 0.2348
2026-06-04 04:56:37 [INFO]: Epoch 046 - training loss (MAE): 0.2904, validation MSE: 0.2334
2026-06-04 04:56:39 [INFO]: Epoch 047 - training loss (MAE): 0.2893, validation MSE: 0.2357
2026-06-04 04:56:41 [INFO]: Epoch 048 - training loss (MAE): 0.2872, validation MSE: 0.2292
2026-06-04 04:56:43 [INFO]: Epoch 049 - training loss (MAE): 0.2854, validation MSE: 0.2304
2026-06-04 04:56:44 [INFO]: Epoch 050 - training loss (MAE): 0.2843, validation MSE: 0.2321
2026-06-04 04:56:46 [INFO]: Epoch 051 - training loss (MAE): 0.2829, validation MSE: 0.2290
2026-06-04 04:56:48 [INFO]: Epoch 052 - training loss (MAE): 0.2813, validation MSE: 0.2321
2026-06-04 04:56:49 [INFO]: Epoch 053 - training loss (MAE): 0.2795, validation MSE: 0.2310
2026-06-04 04:56:51 [INFO]: Epoch 054 - training loss (MAE): 0.2788, validation MSE: 0.2267
2026-06-04 04:56:53 [INFO]: Epoch 055 - training loss (MAE): 0.2782, validation MSE: 0.2254
2026-06-04 04:56:55 [INFO]: Epoch 056 - training loss (MAE): 0.2758, validation MSE: 0.2311
2026-06-04 04:56:56 [INFO]: Epoch 057 - training loss (MAE): 0.2749, validation MSE: 0.2278
2026-06-04 04:56:58 [INFO]: Epoch 058 - training loss (MAE): 0.2738, validation MSE: 0.2246
2026-06-04 04:57:00 [INFO]: Epoch 059 - training loss (MAE): 0.2730, validation MSE: 0.2267
2026-06-04 04:57:02 [INFO]: Epoch 060 - training loss (MAE): 0.2716, validation MSE: 0.2243
2026-06-04 04:57:02 [INFO]: Finished training. The best model is from epoch#60.
2026-06-04 04:57:02 [INFO]: Saved the model to output/imputation/cuda/paper_campaign/saits/household_power/mr0.3/seed42/SAITS.pypots
[34m
████████╗██╗███╗   ███╗███████╗    ███████╗███████╗██████╗ ██╗███████╗███████╗    █████╗ ██╗
╚══██╔══╝██║████╗ ████║██╔════╝    ██╔════╝██╔════╝██╔══██╗██║██╔════╝██╔════╝   ██╔══██╗██║
   ██║   ██║██╔████╔██║█████╗█████╗███████╗█████╗  ██████╔╝██║█████╗  ███████╗   ███████║██║
   ██║   ██║██║╚██╔╝██║██╔══╝╚════╝╚════██║██╔══╝  ██╔══██╗██║██╔══╝  ╚════██║   ██╔══██║██║
   ██║   ██║██║ ╚═╝ ██║███████╗    ███████║███████╗██║  ██║██║███████╗███████║██╗██║  ██║██║
   ╚═╝   ╚═╝╚═╝     ╚═╝╚══════╝    ╚══════╝╚══════╝╚═╝  ╚═╝╚═╝╚══════╝╚══════╝╚═╝╚═╝  ╚═╝╚═╝
ai4ts v0.0.3 - building AI for unified time-series analysis, https://time-series.ai [0m

Use Train GPT: False
Use Lora: False
Use Profiling: False
🚀 Running imputation pipeline for model: saits
✅ Dataset 'household_power' with missing rate 0.3 loaded at: /home/Aboya_25R9803/projects/lab/SUN/iPyPOTS/datasets/rate_0.3
🚀 Starting SAITS training pipeline...
[SAITS] Testing —— MAE: 0.1570| MSE: 0.1588| RMSE: 0.3985| MRE: 0.2163| 
📊 Metrics saved to: output/imputation/cuda/paper_campaign/saits/household_power/mr0.3/seed42/metrics/saits_metrics.json
