[34m
████████╗██╗███╗   ███╗███████╗    ███████╗███████╗██████╗ ██╗███████╗███████╗    █████╗ ██╗
╚══██╔══╝██║████╗ ████║██╔════╝    ██╔════╝██╔════╝██╔══██╗██║██╔════╝██╔════╝   ██╔══██╗██║
   ██║   ██║██╔████╔██║█████╗█████╗███████╗█████╗  ██████╔╝██║█████╗  ███████╗   ███████║██║
   ██║   ██║██║╚██╔╝██║██╔══╝╚════╝╚════██║██╔══╝  ██╔══██╗██║██╔══╝  ╚════██║   ██╔══██║██║
   ██║   ██║██║ ╚═╝ ██║███████╗    ███████║███████╗██║  ██║██║███████╗███████║██╗██║  ██║██║
   ╚═╝   ╚═╝╚═╝     ╚═╝╚══════╝    ╚══════╝╚══════╝╚═╝  ╚═╝╚═╝╚══════╝╚══════╝╚═╝╚═╝  ╚═╝╚═╝
ai4ts v0.0.3 - building AI for unified time-series analysis, https://time-series.ai [0m

Use Train GPT: False
Use Lora: False
Use Profiling: False
2026-06-04 13:16:48 [INFO]: Have set the random seed as 123 for numpy and pytorch.
🚀 Running imputation pipeline for model: tefn
2026-06-04 13:16:48 [INFO]: You're using dataset electricity_transformer_temperature, please cite it properly in your work. You can find its reference information at the below link: 
https://github.com/WenjieDu/TSDB/tree/main/dataset_profiles/electricity_transformer_temperature
2026-06-04 13:16:48 [INFO]: Dataset electricity_transformer_temperature has already been downloaded. Processing directly...
2026-06-04 13:16:48 [INFO]: Dataset electricity_transformer_temperature has already been cached. Loading from cache directly...
2026-06-04 13:16:48 [INFO]: Loaded successfully!
2026-06-04 13:16:48 [INFO]: months selected as train set are <PeriodArray>
['2016-07', '2016-08', '2016-09', '2016-10', '2016-11', '2016-12', '2017-01',
 '2017-02', '2017-03', '2017-04', '2017-05', '2017-06', '2017-07', '2017-08']
Length: 14, dtype: period[M]
2026-06-04 13:16:48 [INFO]: months selected as val set are <PeriodArray>
['2017-09', '2017-10', '2017-11', '2017-12', '2018-01']
Length: 5, dtype: period[M]
2026-06-04 13:16:48 [INFO]: months selected as test set are <PeriodArray>
['2018-02', '2018-03', '2018-04', '2018-05', '2018-06']
Length: 5, dtype: period[M]
2026-06-04 13:16:48 [INFO]: Total sample number: 180
2026-06-04 13:16:48 [INFO]: Training set size: 106 (58.89%)
2026-06-04 13:16:48 [INFO]: Validation set size: 38 (21.11%)
2026-06-04 13:16:48 [INFO]: Test set size: 36 (20.00%)
2026-06-04 13:16:48 [INFO]: Number of steps: 96
2026-06-04 13:16:48 [INFO]: Number of features: 7
2026-06-04 13:16:48 [INFO]: Train set missing rate: 9.92%
2026-06-04 13:16:48 [INFO]: Validating set missing rate: 9.84%
2026-06-04 13:16:48 [INFO]: Test set missing rate: 10.33%
✅ Dataset 'etth1' with missing rate 0.1 loaded at: /home/Aboya_25R9803/projects/lab/SUN/iPyPOTS/datasets/rate_0.1
🚀 Starting TEFN training pipeline...
2026-06-04 13:16:48 [INFO]: 🔥🔥🔥🔥🔥🔥🔥🔥🔥🔥Using device list: ['cuda:0']
2026-06-04 13:16:48 [INFO]: 🔥🔥🔥🔥🔥🔥🔥🔥🔥🔥Using the given device: cuda:0
2026-06-04 13:16:48 [INFO]: Model files will be saved to output/imputation/cuda/paper_campaign/tefn/etth1/mr0.1/seed123
2026-06-04 13:16:48 [INFO]: Tensorboard file will be saved to output/imputation/cuda/paper_campaign/tefn/etth1/mr0.1/seed123/tensorboard
2026-06-04 13:16:48 [INFO]: Using customized MAE as the training loss function.
2026-06-04 13:16:48 [INFO]: Using customized MSE as the validation metric function.
2026-06-04 13:16:48 [INFO]: Model placed on cuda:0
2026-06-04 13:16:48 [INFO]: TEFN initialized with the given hyperparameters.
 ├─ Total parameters: 3,401
 ├─ Trainable parameters: 3,401
 └─ Trainable ratio: 100.00%
2026-06-04 13:16:48 [INFO]: Epoch 001 - training loss (MAE): 8.3157, validation MSE: 31.5887
2026-06-04 13:16:49 [INFO]: Epoch 002 - training loss (MAE): 8.2498, validation MSE: 31.1243
2026-06-04 13:16:49 [INFO]: Epoch 003 - training loss (MAE): 8.2677, validation MSE: 30.6675
2026-06-04 13:16:49 [INFO]: Epoch 004 - training loss (MAE): 8.1369, validation MSE: 30.2205
2026-06-04 13:16:49 [INFO]: Epoch 005 - training loss (MAE): 8.1385, validation MSE: 29.7823
2026-06-04 13:16:49 [INFO]: Epoch 006 - training loss (MAE): 8.0778, validation MSE: 29.3533
2026-06-04 13:16:49 [INFO]: Epoch 007 - training loss (MAE): 8.0181, validation MSE: 28.9335
2026-06-04 13:16:49 [INFO]: Epoch 008 - training loss (MAE): 7.9341, validation MSE: 28.5224
2026-06-04 13:16:49 [INFO]: Epoch 009 - training loss (MAE): 7.9173, validation MSE: 28.1218
2026-06-04 13:16:49 [INFO]: Epoch 010 - training loss (MAE): 7.8478, validation MSE: 27.7302
2026-06-04 13:16:49 [INFO]: Epoch 011 - training loss (MAE): 7.8103, validation MSE: 27.3474
2026-06-04 13:16:49 [INFO]: Epoch 012 - training loss (MAE): 7.7768, validation MSE: 26.9725
2026-06-04 13:16:49 [INFO]: Epoch 013 - training loss (MAE): 7.7350, validation MSE: 26.6070
2026-06-04 13:16:49 [INFO]: Epoch 014 - training loss (MAE): 7.6602, validation MSE: 26.2490
2026-06-04 13:16:49 [INFO]: Epoch 015 - training loss (MAE): 7.6470, validation MSE: 25.8993
2026-06-04 13:16:49 [INFO]: Epoch 016 - training loss (MAE): 7.6048, validation MSE: 25.5565
2026-06-04 13:16:49 [INFO]: Epoch 017 - training loss (MAE): 7.5055, validation MSE: 25.2201
2026-06-04 13:16:49 [INFO]: Epoch 018 - training loss (MAE): 7.4781, validation MSE: 24.8910
2026-06-04 13:16:49 [INFO]: Epoch 019 - training loss (MAE): 7.4438, validation MSE: 24.5684
2026-06-04 13:16:49 [INFO]: Epoch 020 - training loss (MAE): 7.4316, validation MSE: 24.2534
2026-06-04 13:16:49 [INFO]: Epoch 021 - training loss (MAE): 7.3293, validation MSE: 23.9448
2026-06-04 13:16:49 [INFO]: Epoch 022 - training loss (MAE): 7.3180, validation MSE: 23.6426
2026-06-04 13:16:49 [INFO]: Epoch 023 - training loss (MAE): 7.2630, validation MSE: 23.3463
2026-06-04 13:16:49 [INFO]: Epoch 024 - training loss (MAE): 7.2005, validation MSE: 23.0556
2026-06-04 13:16:49 [INFO]: Epoch 025 - training loss (MAE): 7.1666, validation MSE: 22.7700
2026-06-04 13:16:49 [INFO]: Epoch 026 - training loss (MAE): 7.1329, validation MSE: 22.4900
2026-06-04 13:16:49 [INFO]: Epoch 027 - training loss (MAE): 7.0606, validation MSE: 22.2141
2026-06-04 13:16:49 [INFO]: Epoch 028 - training loss (MAE): 7.0289, validation MSE: 21.9437
2026-06-04 13:16:49 [INFO]: Epoch 029 - training loss (MAE): 7.0260, validation MSE: 21.6775
2026-06-04 13:16:49 [INFO]: Epoch 030 - training loss (MAE): 6.9704, validation MSE: 21.4160
2026-06-04 13:16:49 [INFO]: Epoch 031 - training loss (MAE): 6.9189, validation MSE: 21.1590
2026-06-04 13:16:49 [INFO]: Epoch 032 - training loss (MAE): 6.8535, validation MSE: 20.9065
2026-06-04 13:16:49 [INFO]: Epoch 033 - training loss (MAE): 6.8666, validation MSE: 20.6588
2026-06-04 13:16:49 [INFO]: Epoch 034 - training loss (MAE): 6.7860, validation MSE: 20.4155
2026-06-04 13:16:49 [INFO]: Epoch 035 - training loss (MAE): 6.7156, validation MSE: 20.1762
2026-06-04 13:16:49 [INFO]: Epoch 036 - training loss (MAE): 6.7245, validation MSE: 19.9402
2026-06-04 13:16:49 [INFO]: Epoch 037 - training loss (MAE): 6.6714, validation MSE: 19.7076
2026-06-04 13:16:50 [INFO]: Epoch 038 - training loss (MAE): 6.6158, validation MSE: 19.4778
2026-06-04 13:16:50 [INFO]: Epoch 039 - training loss (MAE): 6.5899, validation MSE: 19.2515
2026-06-04 13:16:50 [INFO]: Epoch 040 - training loss (MAE): 6.5228, validation MSE: 19.0276
2026-06-04 13:16:50 [INFO]: Epoch 041 - training loss (MAE): 6.5069, validation MSE: 18.8064
2026-06-04 13:16:50 [INFO]: Epoch 042 - training loss (MAE): 6.4447, validation MSE: 18.5878
2026-06-04 13:16:50 [INFO]: Epoch 043 - training loss (MAE): 6.4393, validation MSE: 18.3713
2026-06-04 13:16:50 [INFO]: Epoch 044 - training loss (MAE): 6.4489, validation MSE: 18.1563
2026-06-04 13:16:50 [INFO]: Epoch 045 - training loss (MAE): 6.3311, validation MSE: 17.9442
2026-06-04 13:16:50 [INFO]: Epoch 046 - training loss (MAE): 6.3711, validation MSE: 17.7348
2026-06-04 13:16:50 [INFO]: Epoch 047 - training loss (MAE): 6.2951, validation MSE: 17.5282
2026-06-04 13:16:50 [INFO]: Epoch 048 - training loss (MAE): 6.2588, validation MSE: 17.3234
2026-06-04 13:16:50 [INFO]: Epoch 049 - training loss (MAE): 6.2208, validation MSE: 17.1204
2026-06-04 13:16:50 [INFO]: Epoch 050 - training loss (MAE): 6.1792, validation MSE: 16.9199
2026-06-04 13:16:50 [INFO]: Epoch 051 - training loss (MAE): 6.1306, validation MSE: 16.7210
2026-06-04 13:16:50 [INFO]: Epoch 052 - training loss (MAE): 6.1053, validation MSE: 16.5238
2026-06-04 13:16:50 [INFO]: Epoch 053 - training loss (MAE): 6.0650, validation MSE: 16.3283
2026-06-04 13:16:50 [INFO]: Epoch 054 - training loss (MAE): 6.0220, validation MSE: 16.1348
2026-06-04 13:16:50 [INFO]: Epoch 055 - training loss (MAE): 5.9786, validation MSE: 15.9434
2026-06-04 13:16:50 [INFO]: Epoch 056 - training loss (MAE): 5.9697, validation MSE: 15.7537
2026-06-04 13:16:50 [INFO]: Epoch 057 - training loss (MAE): 5.9453, validation MSE: 15.5660
2026-06-04 13:16:50 [INFO]: Epoch 058 - training loss (MAE): 5.8503, validation MSE: 15.3800
2026-06-04 13:16:50 [INFO]: Epoch 059 - training loss (MAE): 5.8318, validation MSE: 15.1956
2026-06-04 13:16:50 [INFO]: Epoch 060 - training loss (MAE): 5.7906, validation MSE: 15.0134
2026-06-04 13:16:50 [INFO]: Finished training. The best model is from epoch#60.
2026-06-04 13:16:50 [INFO]: Saved the model to output/imputation/cuda/paper_campaign/tefn/etth1/mr0.1/seed123/TEFN.pypots
[TEFN] Testing —— MAE: 2.9417| MSE: 14.3417| RMSE: 3.7870| MRE: 3.4170| 
📊 Metrics saved to: output/imputation/cuda/paper_campaign/tefn/etth1/mr0.1/seed123/metrics/tefn_metrics.json
