2026-06-04 05:07:18 [INFO]: Have set the random seed as 123 for numpy and pytorch.
2026-06-04 05:07:27 [INFO]: 🔥🔥🔥🔥🔥🔥🔥🔥🔥🔥Using device list: ['cuda:0']
2026-06-04 05:07:27 [INFO]: 🔥🔥🔥🔥🔥🔥🔥🔥🔥🔥Using the given device: cuda:0
2026-06-04 05:07:27 [INFO]: Model files will be saved to output/imputation/cuda/paper_campaign/saits/household_power/mr0.5/seed123
2026-06-04 05:07:27 [INFO]: Tensorboard file will be saved to output/imputation/cuda/paper_campaign/saits/household_power/mr0.5/seed123/tensorboard
2026-06-04 05:07:27 [INFO]: Using customized MAE as the training loss function.
2026-06-04 05:07:27 [INFO]: Using customized MSE as the validation metric function.
2026-06-04 05:07:27 [INFO]: SAITS initialized with the given hyperparameters.
 ├─ Total parameters: 139,350
 ├─ Trainable parameters: 139,350
 └─ Trainable ratio: 100.00%
2026-06-04 05:07:27 [INFO]: Model placed on cuda:0
2026-06-04 05:07:31 [INFO]: Epoch 001 - training loss (MAE): 1.3963, validation MSE: 0.9546
2026-06-04 05:07:35 [INFO]: Epoch 002 - training loss (MAE): 1.1094, validation MSE: 0.8920
2026-06-04 05:07:38 [INFO]: Epoch 003 - training loss (MAE): 0.9681, validation MSE: 0.8293
2026-06-04 05:07:42 [INFO]: Epoch 004 - training loss (MAE): 0.8621, validation MSE: 0.6984
2026-06-04 05:07:45 [INFO]: Epoch 005 - training loss (MAE): 0.7471, validation MSE: 0.6677
2026-06-04 05:07:48 [INFO]: Epoch 006 - training loss (MAE): 0.6849, validation MSE: 0.6602
2026-06-04 05:07:52 [INFO]: Epoch 007 - training loss (MAE): 0.6462, validation MSE: 0.6415
2026-06-04 05:07:55 [INFO]: Epoch 008 - training loss (MAE): 0.6146, validation MSE: 0.6300
2026-06-04 05:07:58 [INFO]: Epoch 009 - training loss (MAE): 0.5893, validation MSE: 0.6266
2026-06-04 05:08:01 [INFO]: Epoch 010 - training loss (MAE): 0.5706, validation MSE: 0.6223
2026-06-04 05:08:04 [INFO]: Epoch 011 - training loss (MAE): 0.5500, validation MSE: 0.6029
2026-06-04 05:08:07 [INFO]: Epoch 012 - training loss (MAE): 0.5181, validation MSE: 0.5313
2026-06-04 05:08:09 [INFO]: Epoch 013 - training loss (MAE): 0.4730, validation MSE: 0.4879
2026-06-04 05:08:12 [INFO]: Epoch 014 - training loss (MAE): 0.4454, validation MSE: 0.4619
2026-06-04 05:08:15 [INFO]: Epoch 015 - training loss (MAE): 0.4278, validation MSE: 0.4519
2026-06-04 05:08:18 [INFO]: Epoch 016 - training loss (MAE): 0.4170, validation MSE: 0.4455
2026-06-04 05:08:20 [INFO]: Epoch 017 - training loss (MAE): 0.4079, validation MSE: 0.4402
2026-06-04 05:08:23 [INFO]: Epoch 018 - training loss (MAE): 0.3984, validation MSE: 0.4373
2026-06-04 05:08:26 [INFO]: Epoch 019 - training loss (MAE): 0.3916, validation MSE: 0.4334
2026-06-04 05:08:29 [INFO]: Epoch 020 - training loss (MAE): 0.3855, validation MSE: 0.4360
2026-06-04 05:08:32 [INFO]: Epoch 021 - training loss (MAE): 0.3792, validation MSE: 0.4239
2026-06-04 05:08:35 [INFO]: Epoch 022 - training loss (MAE): 0.3735, validation MSE: 0.4169
2026-06-04 05:08:39 [INFO]: Epoch 023 - training loss (MAE): 0.3679, validation MSE: 0.4172
2026-06-04 05:08:42 [INFO]: Epoch 024 - training loss (MAE): 0.3640, validation MSE: 0.4110
2026-06-04 05:08:45 [INFO]: Epoch 025 - training loss (MAE): 0.3602, validation MSE: 0.4028
2026-06-04 05:08:49 [INFO]: Epoch 026 - training loss (MAE): 0.3542, validation MSE: 0.3983
2026-06-04 05:08:52 [INFO]: Epoch 027 - training loss (MAE): 0.3502, validation MSE: 0.3954
2026-06-04 05:08:55 [INFO]: Epoch 028 - training loss (MAE): 0.3484, validation MSE: 0.3808
2026-06-04 05:08:59 [INFO]: Epoch 029 - training loss (MAE): 0.3436, validation MSE: 0.3806
2026-06-04 05:09:02 [INFO]: Epoch 030 - training loss (MAE): 0.3406, validation MSE: 0.3781
2026-06-04 05:09:05 [INFO]: Epoch 031 - training loss (MAE): 0.3363, validation MSE: 0.3644
2026-06-04 05:09:09 [INFO]: Epoch 032 - training loss (MAE): 0.3347, validation MSE: 0.3633
2026-06-04 05:09:12 [INFO]: Epoch 033 - training loss (MAE): 0.3312, validation MSE: 0.3582
2026-06-04 05:09:15 [INFO]: Epoch 034 - training loss (MAE): 0.3284, validation MSE: 0.3581
2026-06-04 05:09:19 [INFO]: Epoch 035 - training loss (MAE): 0.3260, validation MSE: 0.3585
2026-06-04 05:09:22 [INFO]: Epoch 036 - training loss (MAE): 0.3242, validation MSE: 0.3582
2026-06-04 05:09:25 [INFO]: Epoch 037 - training loss (MAE): 0.3225, validation MSE: 0.3481
2026-06-04 05:09:29 [INFO]: Epoch 038 - training loss (MAE): 0.3194, validation MSE: 0.3445
2026-06-04 05:09:32 [INFO]: Epoch 039 - training loss (MAE): 0.3172, validation MSE: 0.3519
2026-06-04 05:09:35 [INFO]: Epoch 040 - training loss (MAE): 0.3164, validation MSE: 0.3529
2026-06-04 05:09:38 [INFO]: Epoch 041 - training loss (MAE): 0.3144, validation MSE: 0.3479
2026-06-04 05:09:41 [INFO]: Epoch 042 - training loss (MAE): 0.3117, validation MSE: 0.3456
2026-06-04 05:09:44 [INFO]: Epoch 043 - training loss (MAE): 0.3102, validation MSE: 0.3418
2026-06-04 05:09:46 [INFO]: Epoch 044 - training loss (MAE): 0.3083, validation MSE: 0.3404
2026-06-04 05:09:49 [INFO]: Epoch 045 - training loss (MAE): 0.3077, validation MSE: 0.3425
2026-06-04 05:09:52 [INFO]: Epoch 046 - training loss (MAE): 0.3058, validation MSE: 0.3446
2026-06-04 05:09:55 [INFO]: Epoch 047 - training loss (MAE): 0.3061, validation MSE: 0.3393
2026-06-04 05:09:58 [INFO]: Epoch 048 - training loss (MAE): 0.3035, validation MSE: 0.3359
2026-06-04 05:10:01 [INFO]: Epoch 049 - training loss (MAE): 0.3007, validation MSE: 0.3398
2026-06-04 05:10:03 [INFO]: Epoch 050 - training loss (MAE): 0.2995, validation MSE: 0.3314
2026-06-04 05:10:06 [INFO]: Epoch 051 - training loss (MAE): 0.2980, validation MSE: 0.3270
2026-06-04 05:10:09 [INFO]: Epoch 052 - training loss (MAE): 0.2977, validation MSE: 0.3304
2026-06-04 05:10:12 [INFO]: Epoch 053 - training loss (MAE): 0.2950, validation MSE: 0.3247
2026-06-04 05:10:15 [INFO]: Epoch 054 - training loss (MAE): 0.2947, validation MSE: 0.3251
2026-06-04 05:10:18 [INFO]: Epoch 055 - training loss (MAE): 0.2941, validation MSE: 0.3297
2026-06-04 05:10:21 [INFO]: Epoch 056 - training loss (MAE): 0.2924, validation MSE: 0.3353
2026-06-04 05:10:25 [INFO]: Epoch 057 - training loss (MAE): 0.2922, validation MSE: 0.3297
2026-06-04 05:10:28 [INFO]: Epoch 058 - training loss (MAE): 0.2902, validation MSE: 0.3259
2026-06-04 05:10:31 [INFO]: Epoch 059 - training loss (MAE): 0.2888, validation MSE: 0.3229
2026-06-04 05:10:34 [INFO]: Epoch 060 - training loss (MAE): 0.2872, validation MSE: 0.3298
2026-06-04 05:10:34 [INFO]: Finished training. The best model is from epoch#59.
2026-06-04 05:10:34 [INFO]: Saved the model to output/imputation/cuda/paper_campaign/saits/household_power/mr0.5/seed123/SAITS.pypots
[34m
████████╗██╗███╗   ███╗███████╗    ███████╗███████╗██████╗ ██╗███████╗███████╗    █████╗ ██╗
╚══██╔══╝██║████╗ ████║██╔════╝    ██╔════╝██╔════╝██╔══██╗██║██╔════╝██╔════╝   ██╔══██╗██║
   ██║   ██║██╔████╔██║█████╗█████╗███████╗█████╗  ██████╔╝██║█████╗  ███████╗   ███████║██║
   ██║   ██║██║╚██╔╝██║██╔══╝╚════╝╚════██║██╔══╝  ██╔══██╗██║██╔══╝  ╚════██║   ██╔══██║██║
   ██║   ██║██║ ╚═╝ ██║███████╗    ███████║███████╗██║  ██║██║███████╗███████║██╗██║  ██║██║
   ╚═╝   ╚═╝╚═╝     ╚═╝╚══════╝    ╚══════╝╚══════╝╚═╝  ╚═╝╚═╝╚══════╝╚══════╝╚═╝╚═╝  ╚═╝╚═╝
ai4ts v0.0.3 - building AI for unified time-series analysis, https://time-series.ai [0m

Use Train GPT: False
Use Lora: False
Use Profiling: False
🚀 Running imputation pipeline for model: saits
✅ Dataset 'household_power' with missing rate 0.5 loaded at: /home/Aboya_25R9803/projects/lab/SUN/iPyPOTS/datasets/rate_0.5
🚀 Starting SAITS training pipeline...
[SAITS] Testing —— MAE: 0.2030| MSE: 0.2260| RMSE: 0.4754| MRE: 0.2795| 
📊 Metrics saved to: output/imputation/cuda/paper_campaign/saits/household_power/mr0.5/seed123/metrics/saits_metrics.json
