2026-06-04 05:40:01 [INFO]: Have set the random seed as 42 for numpy and pytorch.
2026-06-04 05:40:03 [INFO]: 🔥🔥🔥🔥🔥🔥🔥🔥🔥🔥Using device list: ['cuda:0']
2026-06-04 05:40:03 [INFO]: 🔥🔥🔥🔥🔥🔥🔥🔥🔥🔥Using the given device: cuda:0
2026-06-04 05:40:04 [INFO]: Model files will be saved to output/imputation/cuda/paper_campaign/tslanet/opsd_germany/mr0.1/seed42
2026-06-04 05:40:04 [INFO]: Tensorboard file will be saved to output/imputation/cuda/paper_campaign/tslanet/opsd_germany/mr0.1/seed42/tensorboard
2026-06-04 05:40:04 [INFO]: Model placed on cuda:0
2026-06-04 05:40:04 [INFO]: TSLANet initialized with the given hyperparameters.
 ├─ Total parameters: 416,106
 ├─ Trainable parameters: 416,106
 └─ Trainable ratio: 100.00%
2026-06-04 05:40:06 [INFO]: Epoch 001 - training loss (default): 0.0800, validation loss: 0.0540
2026-06-04 05:40:09 [INFO]: Epoch 002 - training loss (default): 0.0175, validation loss: 0.0407
2026-06-04 05:40:11 [INFO]: Epoch 003 - training loss (default): 0.0099, validation loss: 0.0370
2026-06-04 05:40:13 [INFO]: Epoch 004 - training loss (default): 0.0070, validation loss: 0.0336
2026-06-04 05:40:15 [INFO]: Epoch 005 - training loss (default): 0.0053, validation loss: 0.0310
2026-06-04 05:40:17 [INFO]: Epoch 006 - training loss (default): 0.0042, validation loss: 0.0287
2026-06-04 05:40:20 [INFO]: Epoch 007 - training loss (default): 0.0034, validation loss: 0.0270
2026-06-04 05:40:22 [INFO]: Epoch 008 - training loss (default): 0.0029, validation loss: 0.0256
2026-06-04 05:40:24 [INFO]: Epoch 009 - training loss (default): 0.0024, validation loss: 0.0241
2026-06-04 05:40:26 [INFO]: Epoch 010 - training loss (default): 0.0021, validation loss: 0.0230
2026-06-04 05:40:28 [INFO]: Epoch 011 - training loss (default): 0.0019, validation loss: 0.0221
2026-06-04 05:40:30 [INFO]: Epoch 012 - training loss (default): 0.0016, validation loss: 0.0214
2026-06-04 05:40:32 [INFO]: Epoch 013 - training loss (default): 0.0014, validation loss: 0.0207
2026-06-04 05:40:35 [INFO]: Epoch 014 - training loss (default): 0.0013, validation loss: 0.0198
2026-06-04 05:40:37 [INFO]: Epoch 015 - training loss (default): 0.0012, validation loss: 0.0193
2026-06-04 05:40:39 [INFO]: Epoch 016 - training loss (default): 0.0011, validation loss: 0.0188
2026-06-04 05:40:41 [INFO]: Epoch 017 - training loss (default): 0.0010, validation loss: 0.0184
2026-06-04 05:40:43 [INFO]: Epoch 018 - training loss (default): 0.0009, validation loss: 0.0180
2026-06-04 05:40:44 [INFO]: Epoch 019 - training loss (default): 0.0008, validation loss: 0.0177
2026-06-04 05:40:46 [INFO]: Epoch 020 - training loss (default): 0.0007, validation loss: 0.0172
2026-06-04 05:40:48 [INFO]: Epoch 021 - training loss (default): 0.0007, validation loss: 0.0165
2026-06-04 05:40:50 [INFO]: Epoch 022 - training loss (default): 0.0006, validation loss: 0.0162
2026-06-04 05:40:52 [INFO]: Epoch 023 - training loss (default): 0.0006, validation loss: 0.0160
2026-06-04 05:40:54 [INFO]: Epoch 024 - training loss (default): 0.0006, validation loss: 0.0156
2026-06-04 05:40:56 [INFO]: Epoch 025 - training loss (default): 0.0005, validation loss: 0.0154
2026-06-04 05:40:58 [INFO]: Epoch 026 - training loss (default): 0.0005, validation loss: 0.0151
2026-06-04 05:41:00 [INFO]: Epoch 027 - training loss (default): 0.0005, validation loss: 0.0148
2026-06-04 05:41:02 [INFO]: Epoch 028 - training loss (default): 0.0004, validation loss: 0.0145
2026-06-04 05:41:04 [INFO]: Epoch 029 - training loss (default): 0.0004, validation loss: 0.0144
2026-06-04 05:41:06 [INFO]: Epoch 030 - training loss (default): 0.0004, validation loss: 0.0140
2026-06-04 05:41:08 [INFO]: Epoch 031 - training loss (default): 0.0004, validation loss: 0.0138
2026-06-04 05:41:10 [INFO]: Epoch 032 - training loss (default): 0.0003, validation loss: 0.0135
2026-06-04 05:41:12 [INFO]: Epoch 033 - training loss (default): 0.0003, validation loss: 0.0132
2026-06-04 05:41:14 [INFO]: Epoch 034 - training loss (default): 0.0003, validation loss: 0.0131
2026-06-04 05:41:16 [INFO]: Epoch 035 - training loss (default): 0.0003, validation loss: 0.0125
2026-06-04 05:41:18 [INFO]: Epoch 036 - training loss (default): 0.0003, validation loss: 0.0125
2026-06-04 05:41:20 [INFO]: Epoch 037 - training loss (default): 0.0003, validation loss: 0.0123
2026-06-04 05:41:22 [INFO]: Epoch 038 - training loss (default): 0.0003, validation loss: 0.0120
2026-06-04 05:41:24 [INFO]: Epoch 039 - training loss (default): 0.0002, validation loss: 0.0118
2026-06-04 05:41:26 [INFO]: Epoch 040 - training loss (default): 0.0002, validation loss: 0.0117
2026-06-04 05:41:29 [INFO]: Epoch 041 - training loss (default): 0.0002, validation loss: 0.0114
2026-06-04 05:41:31 [INFO]: Epoch 042 - training loss (default): 0.0002, validation loss: 0.0111
2026-06-04 05:41:33 [INFO]: Epoch 043 - training loss (default): 0.0002, validation loss: 0.0110
2026-06-04 05:41:35 [INFO]: Epoch 044 - training loss (default): 0.0002, validation loss: 0.0108
2026-06-04 05:41:37 [INFO]: Epoch 045 - training loss (default): 0.0002, validation loss: 0.0107
2026-06-04 05:41:39 [INFO]: Epoch 046 - training loss (default): 0.0002, validation loss: 0.0104
2026-06-04 05:41:40 [INFO]: Epoch 047 - training loss (default): 0.0002, validation loss: 0.0103
2026-06-04 05:41:42 [INFO]: Epoch 048 - training loss (default): 0.0002, validation loss: 0.0103
2026-06-04 05:41:44 [INFO]: Epoch 049 - training loss (default): 0.0002, validation loss: 0.0100
2026-06-04 05:41:46 [INFO]: Epoch 050 - training loss (default): 0.0002, validation loss: 0.0099
2026-06-04 05:41:48 [INFO]: Epoch 051 - training loss (default): 0.0002, validation loss: 0.0096
2026-06-04 05:41:50 [INFO]: Epoch 052 - training loss (default): 0.0001, validation loss: 0.0096
2026-06-04 05:41:52 [INFO]: Epoch 053 - training loss (default): 0.0001, validation loss: 0.0094
2026-06-04 05:41:54 [INFO]: Epoch 054 - training loss (default): 0.0001, validation loss: 0.0094
2026-06-04 05:41:56 [INFO]: Epoch 055 - training loss (default): 0.0001, validation loss: 0.0091
2026-06-04 05:41:58 [INFO]: Epoch 056 - training loss (default): 0.0001, validation loss: 0.0090
2026-06-04 05:42:00 [INFO]: Epoch 057 - training loss (default): 0.0001, validation loss: 0.0088
2026-06-04 05:42:02 [INFO]: Epoch 058 - training loss (default): 0.0001, validation loss: 0.0087
2026-06-04 05:42:03 [INFO]: Epoch 059 - training loss (default): 0.0001, validation loss: 0.0085
2026-06-04 05:42:05 [INFO]: Epoch 060 - training loss (default): 0.0001, validation loss: 0.0085
2026-06-04 05:42:05 [INFO]: Finished training. The best model is from epoch#59.
2026-06-04 05:42:05 [INFO]: Saved the model to output/imputation/cuda/paper_campaign/tslanet/opsd_germany/mr0.1/seed42/TSLANet.pypots
[34m
████████╗██╗███╗   ███╗███████╗    ███████╗███████╗██████╗ ██╗███████╗███████╗    █████╗ ██╗
╚══██╔══╝██║████╗ ████║██╔════╝    ██╔════╝██╔════╝██╔══██╗██║██╔════╝██╔════╝   ██╔══██╗██║
   ██║   ██║██╔████╔██║█████╗█████╗███████╗█████╗  ██████╔╝██║█████╗  ███████╗   ███████║██║
   ██║   ██║██║╚██╔╝██║██╔══╝╚════╝╚════██║██╔══╝  ██╔══██╗██║██╔══╝  ╚════██║   ██╔══██║██║
   ██║   ██║██║ ╚═╝ ██║███████╗    ███████║███████╗██║  ██║██║███████╗███████║██╗██║  ██║██║
   ╚═╝   ╚═╝╚═╝     ╚═╝╚══════╝    ╚══════╝╚══════╝╚═╝  ╚═╝╚═╝╚══════╝╚══════╝╚═╝╚═╝  ╚═╝╚═╝
ai4ts v0.0.3 - building AI for unified time-series analysis, https://time-series.ai [0m

Use Train GPT: False
Use Lora: False
Use Profiling: False
🚀 Running imputation pipeline for model: tslanet
✅ Dataset 'opsd_germany' with missing rate 0.1 loaded at: /home/Aboya_25R9803/projects/lab/SUN/iPyPOTS/datasets/rate_0.1
🚀 Starting TSLANet training pipeline...
[TSLANet] Testing —— MAE: 0.9163| MSE: 1.2244| RMSE: 1.1065| MRE: 1.0076| 
📊 Metrics saved to: output/imputation/cuda/paper_campaign/tslanet/opsd_germany/mr0.1/seed42/metrics/tslanet_metrics.json
