[34m
████████╗██╗███╗   ███╗███████╗    ███████╗███████╗██████╗ ██╗███████╗███████╗    █████╗ ██╗
╚══██╔══╝██║████╗ ████║██╔════╝    ██╔════╝██╔════╝██╔══██╗██║██╔════╝██╔════╝   ██╔══██╗██║
   ██║   ██║██╔████╔██║█████╗█████╗███████╗█████╗  ██████╔╝██║█████╗  ███████╗   ███████║██║
   ██║   ██║██║╚██╔╝██║██╔══╝╚════╝╚════██║██╔══╝  ██╔══██╗██║██╔══╝  ╚════██║   ██╔══██║██║
   ██║   ██║██║ ╚═╝ ██║███████╗    ███████║███████╗██║  ██║██║███████╗███████║██╗██║  ██║██║
   ╚═╝   ╚═╝╚═╝     ╚═╝╚══════╝    ╚══════╝╚══════╝╚═╝  ╚═╝╚═╝╚══════╝╚══════╝╚═╝╚═╝  ╚═╝╚═╝
ai4ts v0.0.3 - building AI for unified time-series analysis, https://time-series.ai [0m

Use Train GPT: False
Use Lora: False
Use Profiling: False
2026-06-04 13:19:44 [INFO]: Have set the random seed as 123 for numpy and pytorch.
🚀 Running imputation pipeline for model: tslanet
2026-06-04 13:19:44 [INFO]: You're using dataset electricity_transformer_temperature, please cite it properly in your work. You can find its reference information at the below link: 
https://github.com/WenjieDu/TSDB/tree/main/dataset_profiles/electricity_transformer_temperature
2026-06-04 13:19:44 [INFO]: Dataset electricity_transformer_temperature has already been downloaded. Processing directly...
2026-06-04 13:19:44 [INFO]: Dataset electricity_transformer_temperature has already been cached. Loading from cache directly...
2026-06-04 13:19:44 [INFO]: Loaded successfully!
2026-06-04 13:19:44 [INFO]: months selected as train set are <PeriodArray>
['2016-07', '2016-08', '2016-09', '2016-10', '2016-11', '2016-12', '2017-01',
 '2017-02', '2017-03', '2017-04', '2017-05', '2017-06', '2017-07', '2017-08']
Length: 14, dtype: period[M]
2026-06-04 13:19:44 [INFO]: months selected as val set are <PeriodArray>
['2017-09', '2017-10', '2017-11', '2017-12', '2018-01']
Length: 5, dtype: period[M]
2026-06-04 13:19:44 [INFO]: months selected as test set are <PeriodArray>
['2018-02', '2018-03', '2018-04', '2018-05', '2018-06']
Length: 5, dtype: period[M]
2026-06-04 13:19:44 [INFO]: Total sample number: 180
2026-06-04 13:19:44 [INFO]: Training set size: 106 (58.89%)
2026-06-04 13:19:44 [INFO]: Validation set size: 38 (21.11%)
2026-06-04 13:19:44 [INFO]: Test set size: 36 (20.00%)
2026-06-04 13:19:44 [INFO]: Number of steps: 96
2026-06-04 13:19:44 [INFO]: Number of features: 7
2026-06-04 13:19:44 [INFO]: Train set missing rate: 29.88%
2026-06-04 13:19:44 [INFO]: Validating set missing rate: 30.09%
2026-06-04 13:19:44 [INFO]: Test set missing rate: 30.06%
✅ Dataset 'etth1' with missing rate 0.3 loaded at: /home/Aboya_25R9803/projects/lab/SUN/iPyPOTS/datasets/rate_0.3
🚀 Starting TSLANet training pipeline...
2026-06-04 13:19:44 [INFO]: 🔥🔥🔥🔥🔥🔥🔥🔥🔥🔥Using device list: ['cuda:0']
2026-06-04 13:19:44 [INFO]: 🔥🔥🔥🔥🔥🔥🔥🔥🔥🔥Using the given device: cuda:0
2026-06-04 13:19:44 [INFO]: Model files will be saved to output/imputation/cuda/paper_campaign/tslanet/etth1/mr0.3/seed123
2026-06-04 13:19:44 [INFO]: Tensorboard file will be saved to output/imputation/cuda/paper_campaign/tslanet/etth1/mr0.3/seed123/tensorboard
2026-06-04 13:19:44 [INFO]: Model placed on cuda:0
2026-06-04 13:19:44 [INFO]: TSLANet initialized with the given hyperparameters.
 ├─ Total parameters: 217,890
 ├─ Trainable parameters: 217,890
 └─ Trainable ratio: 100.00%
2026-06-04 13:19:45 [INFO]: Epoch 001 - training loss (default): 0.2849, validation loss: 0.2324
2026-06-04 13:19:45 [INFO]: Epoch 002 - training loss (default): 0.2371, validation loss: 0.2007
2026-06-04 13:19:45 [INFO]: Epoch 003 - training loss (default): 0.2036, validation loss: 0.1803
2026-06-04 13:19:45 [INFO]: Epoch 004 - training loss (default): 0.1821, validation loss: 0.1608
2026-06-04 13:19:45 [INFO]: Epoch 005 - training loss (default): 0.1610, validation loss: 0.1471
2026-06-04 13:19:45 [INFO]: Epoch 006 - training loss (default): 0.1486, validation loss: 0.1386
2026-06-04 13:19:45 [INFO]: Epoch 007 - training loss (default): 0.1385, validation loss: 0.1330
2026-06-04 13:19:45 [INFO]: Epoch 008 - training loss (default): 0.1283, validation loss: 0.1202
2026-06-04 13:19:45 [INFO]: Epoch 009 - training loss (default): 0.1254, validation loss: 0.1113
2026-06-04 13:19:45 [INFO]: Epoch 010 - training loss (default): 0.1136, validation loss: 0.1040
2026-06-04 13:19:45 [INFO]: Epoch 011 - training loss (default): 0.1064, validation loss: 0.1019
2026-06-04 13:19:45 [INFO]: Epoch 012 - training loss (default): 0.1008, validation loss: 0.1004
2026-06-04 13:19:45 [INFO]: Epoch 013 - training loss (default): 0.0987, validation loss: 0.0878
2026-06-04 13:19:45 [INFO]: Epoch 014 - training loss (default): 0.0919, validation loss: 0.0893
2026-06-04 13:19:45 [INFO]: Epoch 015 - training loss (default): 0.0853, validation loss: 0.0916
2026-06-04 13:19:45 [INFO]: Epoch 016 - training loss (default): 0.0841, validation loss: 0.0850
2026-06-04 13:19:45 [INFO]: Epoch 017 - training loss (default): 0.0835, validation loss: 0.0764
2026-06-04 13:19:45 [INFO]: Epoch 018 - training loss (default): 0.0781, validation loss: 0.0750
2026-06-04 13:19:45 [INFO]: Epoch 019 - training loss (default): 0.0750, validation loss: 0.0732
2026-06-04 13:19:45 [INFO]: Epoch 020 - training loss (default): 0.0716, validation loss: 0.0726
2026-06-04 13:19:45 [INFO]: Epoch 021 - training loss (default): 0.0712, validation loss: 0.0669
2026-06-04 13:19:45 [INFO]: Epoch 022 - training loss (default): 0.0693, validation loss: 0.0709
2026-06-04 13:19:45 [INFO]: Epoch 023 - training loss (default): 0.0687, validation loss: 0.0625
2026-06-04 13:19:45 [INFO]: Epoch 024 - training loss (default): 0.0617, validation loss: 0.0538
2026-06-04 13:19:45 [INFO]: Epoch 025 - training loss (default): 0.0616, validation loss: 0.0561
2026-06-04 13:19:45 [INFO]: Epoch 026 - training loss (default): 0.0605, validation loss: 0.0518
2026-06-04 13:19:45 [INFO]: Epoch 027 - training loss (default): 0.0566, validation loss: 0.0535
2026-06-04 13:19:45 [INFO]: Epoch 028 - training loss (default): 0.0567, validation loss: 0.0479
2026-06-04 13:19:45 [INFO]: Epoch 029 - training loss (default): 0.0553, validation loss: 0.0457
2026-06-04 13:19:45 [INFO]: Epoch 030 - training loss (default): 0.0526, validation loss: 0.0467
2026-06-04 13:19:45 [INFO]: Epoch 031 - training loss (default): 0.0512, validation loss: 0.0472
2026-06-04 13:19:45 [INFO]: Epoch 032 - training loss (default): 0.0475, validation loss: 0.0410
2026-06-04 13:19:45 [INFO]: Epoch 033 - training loss (default): 0.0464, validation loss: 0.0428
2026-06-04 13:19:45 [INFO]: Epoch 034 - training loss (default): 0.0451, validation loss: 0.0417
2026-06-04 13:19:45 [INFO]: Epoch 035 - training loss (default): 0.0424, validation loss: 0.0393
2026-06-04 13:19:45 [INFO]: Epoch 036 - training loss (default): 0.0423, validation loss: 0.0364
2026-06-04 13:19:45 [INFO]: Epoch 037 - training loss (default): 0.0426, validation loss: 0.0351
2026-06-04 13:19:45 [INFO]: Epoch 038 - training loss (default): 0.0436, validation loss: 0.0388
2026-06-04 13:19:45 [INFO]: Epoch 039 - training loss (default): 0.0410, validation loss: 0.0392
2026-06-04 13:19:45 [INFO]: Epoch 040 - training loss (default): 0.0376, validation loss: 0.0351
2026-06-04 13:19:46 [INFO]: Epoch 041 - training loss (default): 0.0348, validation loss: 0.0357
2026-06-04 13:19:46 [INFO]: Epoch 042 - training loss (default): 0.0394, validation loss: 0.0303
2026-06-04 13:19:46 [INFO]: Epoch 043 - training loss (default): 0.0358, validation loss: 0.0314
2026-06-04 13:19:46 [INFO]: Epoch 044 - training loss (default): 0.0386, validation loss: 0.0282
2026-06-04 13:19:46 [INFO]: Epoch 045 - training loss (default): 0.0360, validation loss: 0.0254
2026-06-04 13:19:46 [INFO]: Epoch 046 - training loss (default): 0.0351, validation loss: 0.0295
2026-06-04 13:19:46 [INFO]: Epoch 047 - training loss (default): 0.0325, validation loss: 0.0285
2026-06-04 13:19:46 [INFO]: Epoch 048 - training loss (default): 0.0326, validation loss: 0.0280
2026-06-04 13:19:46 [INFO]: Epoch 049 - training loss (default): 0.0320, validation loss: 0.0236
2026-06-04 13:19:46 [INFO]: Epoch 050 - training loss (default): 0.0325, validation loss: 0.0266
2026-06-04 13:19:46 [INFO]: Epoch 051 - training loss (default): 0.0293, validation loss: 0.0281
2026-06-04 13:19:46 [INFO]: Epoch 052 - training loss (default): 0.0303, validation loss: 0.0285
2026-06-04 13:19:46 [INFO]: Epoch 053 - training loss (default): 0.0313, validation loss: 0.0263
2026-06-04 13:19:46 [INFO]: Epoch 054 - training loss (default): 0.0277, validation loss: 0.0245
2026-06-04 13:19:46 [INFO]: Epoch 055 - training loss (default): 0.0307, validation loss: 0.0234
2026-06-04 13:19:46 [INFO]: Epoch 056 - training loss (default): 0.0285, validation loss: 0.0261
2026-06-04 13:19:46 [INFO]: Epoch 057 - training loss (default): 0.0291, validation loss: 0.0222
2026-06-04 13:19:46 [INFO]: Epoch 058 - training loss (default): 0.0267, validation loss: 0.0232
2026-06-04 13:19:46 [INFO]: Epoch 059 - training loss (default): 0.0282, validation loss: 0.0235
2026-06-04 13:19:46 [INFO]: Epoch 060 - training loss (default): 0.0281, validation loss: 0.0215
2026-06-04 13:19:46 [INFO]: Finished training. The best model is from epoch#60.
2026-06-04 13:19:46 [INFO]: Saved the model to output/imputation/cuda/paper_campaign/tslanet/etth1/mr0.3/seed123/TSLANet.pypots
[TSLANet] Testing —— MAE: 0.9026| MSE: 1.3910| RMSE: 1.1794| MRE: 1.0555| 
📊 Metrics saved to: output/imputation/cuda/paper_campaign/tslanet/etth1/mr0.3/seed123/metrics/tslanet_metrics.json
