2026-06-04 05:03:56 [INFO]: Have set the random seed as 42 for numpy and pytorch.
2026-06-04 05:04:04 [INFO]: 🔥🔥🔥🔥🔥🔥🔥🔥🔥🔥Using device list: ['cuda:0']
2026-06-04 05:04:04 [INFO]: 🔥🔥🔥🔥🔥🔥🔥🔥🔥🔥Using the given device: cuda:0
2026-06-04 05:04:05 [INFO]: Model files will be saved to output/imputation/cuda/paper_campaign/saits/household_power/mr0.5/seed42
2026-06-04 05:04:05 [INFO]: Tensorboard file will be saved to output/imputation/cuda/paper_campaign/saits/household_power/mr0.5/seed42/tensorboard
2026-06-04 05:04:05 [INFO]: Using customized MAE as the training loss function.
2026-06-04 05:04:05 [INFO]: Using customized MSE as the validation metric function.
2026-06-04 05:04:05 [INFO]: SAITS initialized with the given hyperparameters.
 ├─ Total parameters: 139,350
 ├─ Trainable parameters: 139,350
 └─ Trainable ratio: 100.00%
2026-06-04 05:04:05 [INFO]: Model placed on cuda:0
2026-06-04 05:04:08 [INFO]: Epoch 001 - training loss (MAE): 1.4116, validation MSE: 0.9892
2026-06-04 05:04:11 [INFO]: Epoch 002 - training loss (MAE): 1.1323, validation MSE: 0.8929
2026-06-04 05:04:14 [INFO]: Epoch 003 - training loss (MAE): 0.9877, validation MSE: 0.8086
2026-06-04 05:04:17 [INFO]: Epoch 004 - training loss (MAE): 0.8640, validation MSE: 0.6892
2026-06-04 05:04:20 [INFO]: Epoch 005 - training loss (MAE): 0.7608, validation MSE: 0.6682
2026-06-04 05:04:23 [INFO]: Epoch 006 - training loss (MAE): 0.7009, validation MSE: 0.6572
2026-06-04 05:04:26 [INFO]: Epoch 007 - training loss (MAE): 0.6608, validation MSE: 0.6537
2026-06-04 05:04:30 [INFO]: Epoch 008 - training loss (MAE): 0.6279, validation MSE: 0.6576
2026-06-04 05:04:33 [INFO]: Epoch 009 - training loss (MAE): 0.5986, validation MSE: 0.6464
2026-06-04 05:04:36 [INFO]: Epoch 010 - training loss (MAE): 0.5766, validation MSE: 0.6413
2026-06-04 05:04:40 [INFO]: Epoch 011 - training loss (MAE): 0.5592, validation MSE: 0.6395
2026-06-04 05:04:43 [INFO]: Epoch 012 - training loss (MAE): 0.5429, validation MSE: 0.6300
2026-06-04 05:04:46 [INFO]: Epoch 013 - training loss (MAE): 0.5225, validation MSE: 0.5911
2026-06-04 05:04:50 [INFO]: Epoch 014 - training loss (MAE): 0.4813, validation MSE: 0.5115
2026-06-04 05:04:53 [INFO]: Epoch 015 - training loss (MAE): 0.4422, validation MSE: 0.4803
2026-06-04 05:04:56 [INFO]: Epoch 016 - training loss (MAE): 0.4226, validation MSE: 0.4747
2026-06-04 05:05:00 [INFO]: Epoch 017 - training loss (MAE): 0.4090, validation MSE: 0.4652
2026-06-04 05:05:03 [INFO]: Epoch 018 - training loss (MAE): 0.3990, validation MSE: 0.4535
2026-06-04 05:05:06 [INFO]: Epoch 019 - training loss (MAE): 0.3898, validation MSE: 0.4523
2026-06-04 05:05:10 [INFO]: Epoch 020 - training loss (MAE): 0.3843, validation MSE: 0.4307
2026-06-04 05:05:13 [INFO]: Epoch 021 - training loss (MAE): 0.3760, validation MSE: 0.4400
2026-06-04 05:05:16 [INFO]: Epoch 022 - training loss (MAE): 0.3702, validation MSE: 0.4293
2026-06-04 05:05:19 [INFO]: Epoch 023 - training loss (MAE): 0.3646, validation MSE: 0.4240
2026-06-04 05:05:23 [INFO]: Epoch 024 - training loss (MAE): 0.3583, validation MSE: 0.4173
2026-06-04 05:05:26 [INFO]: Epoch 025 - training loss (MAE): 0.3541, validation MSE: 0.4096
2026-06-04 05:05:29 [INFO]: Epoch 026 - training loss (MAE): 0.3498, validation MSE: 0.3960
2026-06-04 05:05:32 [INFO]: Epoch 027 - training loss (MAE): 0.3444, validation MSE: 0.3971
2026-06-04 05:05:35 [INFO]: Epoch 028 - training loss (MAE): 0.3411, validation MSE: 0.3933
2026-06-04 05:05:37 [INFO]: Epoch 029 - training loss (MAE): 0.3369, validation MSE: 0.3888
2026-06-04 05:05:40 [INFO]: Epoch 030 - training loss (MAE): 0.3333, validation MSE: 0.3764
2026-06-04 05:05:43 [INFO]: Epoch 031 - training loss (MAE): 0.3291, validation MSE: 0.3609
2026-06-04 05:05:46 [INFO]: Epoch 032 - training loss (MAE): 0.3269, validation MSE: 0.3585
2026-06-04 05:05:49 [INFO]: Epoch 033 - training loss (MAE): 0.3233, validation MSE: 0.3537
2026-06-04 05:05:51 [INFO]: Epoch 034 - training loss (MAE): 0.3198, validation MSE: 0.3527
2026-06-04 05:05:54 [INFO]: Epoch 035 - training loss (MAE): 0.3168, validation MSE: 0.3497
2026-06-04 05:05:57 [INFO]: Epoch 036 - training loss (MAE): 0.3142, validation MSE: 0.3465
2026-06-04 05:06:00 [INFO]: Epoch 037 - training loss (MAE): 0.3107, validation MSE: 0.3453
2026-06-04 05:06:03 [INFO]: Epoch 038 - training loss (MAE): 0.3084, validation MSE: 0.3419
2026-06-04 05:06:06 [INFO]: Epoch 039 - training loss (MAE): 0.3066, validation MSE: 0.3361
2026-06-04 05:06:10 [INFO]: Epoch 040 - training loss (MAE): 0.3035, validation MSE: 0.3287
2026-06-04 05:06:13 [INFO]: Epoch 041 - training loss (MAE): 0.3003, validation MSE: 0.3294
2026-06-04 05:06:16 [INFO]: Epoch 042 - training loss (MAE): 0.2994, validation MSE: 0.3312
2026-06-04 05:06:19 [INFO]: Epoch 043 - training loss (MAE): 0.2964, validation MSE: 0.3383
2026-06-04 05:06:22 [INFO]: Epoch 044 - training loss (MAE): 0.2950, validation MSE: 0.3365
2026-06-04 05:06:25 [INFO]: Epoch 045 - training loss (MAE): 0.2932, validation MSE: 0.3283
2026-06-04 05:06:28 [INFO]: Epoch 046 - training loss (MAE): 0.2904, validation MSE: 0.3243
2026-06-04 05:06:31 [INFO]: Epoch 047 - training loss (MAE): 0.2893, validation MSE: 0.3287
2026-06-04 05:06:34 [INFO]: Epoch 048 - training loss (MAE): 0.2872, validation MSE: 0.3245
2026-06-04 05:06:36 [INFO]: Epoch 049 - training loss (MAE): 0.2854, validation MSE: 0.3278
2026-06-04 05:06:39 [INFO]: Epoch 050 - training loss (MAE): 0.2843, validation MSE: 0.3283
2026-06-04 05:06:42 [INFO]: Epoch 051 - training loss (MAE): 0.2829, validation MSE: 0.3226
2026-06-04 05:06:45 [INFO]: Epoch 052 - training loss (MAE): 0.2813, validation MSE: 0.3250
2026-06-04 05:06:47 [INFO]: Epoch 053 - training loss (MAE): 0.2795, validation MSE: 0.3277
2026-06-04 05:06:50 [INFO]: Epoch 054 - training loss (MAE): 0.2788, validation MSE: 0.3196
2026-06-04 05:06:53 [INFO]: Epoch 055 - training loss (MAE): 0.2782, validation MSE: 0.3248
2026-06-04 05:06:56 [INFO]: Epoch 056 - training loss (MAE): 0.2758, validation MSE: 0.3279
2026-06-04 05:06:59 [INFO]: Epoch 057 - training loss (MAE): 0.2749, validation MSE: 0.3235
2026-06-04 05:07:02 [INFO]: Epoch 058 - training loss (MAE): 0.2738, validation MSE: 0.3192
2026-06-04 05:07:06 [INFO]: Epoch 059 - training loss (MAE): 0.2730, validation MSE: 0.3201
2026-06-04 05:07:09 [INFO]: Epoch 060 - training loss (MAE): 0.2716, validation MSE: 0.3175
2026-06-04 05:07:09 [INFO]: Finished training. The best model is from epoch#60.
2026-06-04 05:07:09 [INFO]: Saved the model to output/imputation/cuda/paper_campaign/saits/household_power/mr0.5/seed42/SAITS.pypots
[34m
████████╗██╗███╗   ███╗███████╗    ███████╗███████╗██████╗ ██╗███████╗███████╗    █████╗ ██╗
╚══██╔══╝██║████╗ ████║██╔════╝    ██╔════╝██╔════╝██╔══██╗██║██╔════╝██╔════╝   ██╔══██╗██║
   ██║   ██║██╔████╔██║█████╗█████╗███████╗█████╗  ██████╔╝██║█████╗  ███████╗   ███████║██║
   ██║   ██║██║╚██╔╝██║██╔══╝╚════╝╚════██║██╔══╝  ██╔══██╗██║██╔══╝  ╚════██║   ██╔══██║██║
   ██║   ██║██║ ╚═╝ ██║███████╗    ███████║███████╗██║  ██║██║███████╗███████║██╗██║  ██║██║
   ╚═╝   ╚═╝╚═╝     ╚═╝╚══════╝    ╚══════╝╚══════╝╚═╝  ╚═╝╚═╝╚══════╝╚══════╝╚═╝╚═╝  ╚═╝╚═╝
ai4ts v0.0.3 - building AI for unified time-series analysis, https://time-series.ai [0m

Use Train GPT: False
Use Lora: False
Use Profiling: False
🚀 Running imputation pipeline for model: saits
✅ Dataset 'household_power' with missing rate 0.5 loaded at: /home/Aboya_25R9803/projects/lab/SUN/iPyPOTS/datasets/rate_0.5
🚀 Starting SAITS training pipeline...
[SAITS] Testing —— MAE: 0.1997| MSE: 0.2181| RMSE: 0.4670| MRE: 0.2751| 
📊 Metrics saved to: output/imputation/cuda/paper_campaign/saits/household_power/mr0.5/seed42/metrics/saits_metrics.json
