2026-06-04 08:01:38 [INFO]: Have set the random seed as 123 for numpy and pytorch.
2026-06-04 08:01:39 [INFO]: 🔥🔥🔥🔥🔥🔥🔥🔥🔥🔥Using device list: ['cuda:0']
2026-06-04 08:01:39 [INFO]: 🔥🔥🔥🔥🔥🔥🔥🔥🔥🔥Using the given device: cuda:0
2026-06-04 08:01:39 [INFO]: Model files will be saved to output/imputation/cuda/paper_campaign/saits/appliances_energy/mr0.5/seed123
2026-06-04 08:01:39 [INFO]: Tensorboard file will be saved to output/imputation/cuda/paper_campaign/saits/appliances_energy/mr0.5/seed123/tensorboard
2026-06-04 08:01:39 [INFO]: Using customized MAE as the training loss function.
2026-06-04 08:01:39 [INFO]: Using customized MSE as the validation metric function.
2026-06-04 08:01:39 [INFO]: SAITS initialized with the given hyperparameters.
 ├─ Total parameters: 149,760
 ├─ Trainable parameters: 149,760
 └─ Trainable ratio: 100.00%
2026-06-04 08:01:39 [INFO]: Model placed on cuda:0
2026-06-04 08:01:41 [INFO]: Epoch 001 - training loss (MAE): 1.4151, validation MSE: 0.6147
2026-06-04 08:01:43 [INFO]: Epoch 002 - training loss (MAE): 1.1221, validation MSE: 0.4913
2026-06-04 08:01:44 [INFO]: Epoch 003 - training loss (MAE): 0.9897, validation MSE: 0.4468
2026-06-04 08:01:45 [INFO]: Epoch 004 - training loss (MAE): 0.8832, validation MSE: 0.3996
2026-06-04 08:01:47 [INFO]: Epoch 005 - training loss (MAE): 0.7863, validation MSE: 0.3446
2026-06-04 08:01:48 [INFO]: Epoch 006 - training loss (MAE): 0.7067, validation MSE: 0.3004
2026-06-04 08:01:49 [INFO]: Epoch 007 - training loss (MAE): 0.6422, validation MSE: 0.2765
2026-06-04 08:01:51 [INFO]: Epoch 008 - training loss (MAE): 0.5957, validation MSE: 0.2619
2026-06-04 08:01:52 [INFO]: Epoch 009 - training loss (MAE): 0.5589, validation MSE: 0.2461
2026-06-04 08:01:53 [INFO]: Epoch 010 - training loss (MAE): 0.5322, validation MSE: 0.2386
2026-06-04 08:01:55 [INFO]: Epoch 011 - training loss (MAE): 0.5107, validation MSE: 0.2341
2026-06-04 08:01:56 [INFO]: Epoch 012 - training loss (MAE): 0.4909, validation MSE: 0.2264
2026-06-04 08:01:57 [INFO]: Epoch 013 - training loss (MAE): 0.4762, validation MSE: 0.2218
2026-06-04 08:01:59 [INFO]: Epoch 014 - training loss (MAE): 0.4626, validation MSE: 0.2140
2026-06-04 08:02:00 [INFO]: Epoch 015 - training loss (MAE): 0.4511, validation MSE: 0.2066
2026-06-04 08:02:01 [INFO]: Epoch 016 - training loss (MAE): 0.4401, validation MSE: 0.2040
2026-06-04 08:02:03 [INFO]: Epoch 017 - training loss (MAE): 0.4297, validation MSE: 0.1950
2026-06-04 08:02:04 [INFO]: Epoch 018 - training loss (MAE): 0.4192, validation MSE: 0.1938
2026-06-04 08:02:05 [INFO]: Epoch 019 - training loss (MAE): 0.4111, validation MSE: 0.1892
2026-06-04 08:02:06 [INFO]: Epoch 020 - training loss (MAE): 0.4038, validation MSE: 0.1830
2026-06-04 08:02:08 [INFO]: Epoch 021 - training loss (MAE): 0.3966, validation MSE: 0.1812
2026-06-04 08:02:09 [INFO]: Epoch 022 - training loss (MAE): 0.3907, validation MSE: 0.1791
2026-06-04 08:02:10 [INFO]: Epoch 023 - training loss (MAE): 0.3851, validation MSE: 0.1821
2026-06-04 08:02:12 [INFO]: Epoch 024 - training loss (MAE): 0.3792, validation MSE: 0.1761
2026-06-04 08:02:13 [INFO]: Epoch 025 - training loss (MAE): 0.3751, validation MSE: 0.1738
2026-06-04 08:02:14 [INFO]: Epoch 026 - training loss (MAE): 0.3718, validation MSE: 0.1736
2026-06-04 08:02:15 [INFO]: Epoch 027 - training loss (MAE): 0.3668, validation MSE: 0.1715
2026-06-04 08:02:17 [INFO]: Epoch 028 - training loss (MAE): 0.3614, validation MSE: 0.1697
2026-06-04 08:02:18 [INFO]: Epoch 029 - training loss (MAE): 0.3567, validation MSE: 0.1698
2026-06-04 08:02:19 [INFO]: Epoch 030 - training loss (MAE): 0.3546, validation MSE: 0.1702
2026-06-04 08:02:20 [INFO]: Epoch 031 - training loss (MAE): 0.3503, validation MSE: 0.1689
2026-06-04 08:02:22 [INFO]: Epoch 032 - training loss (MAE): 0.3468, validation MSE: 0.1677
2026-06-04 08:02:23 [INFO]: Epoch 033 - training loss (MAE): 0.3439, validation MSE: 0.1652
2026-06-04 08:02:24 [INFO]: Epoch 034 - training loss (MAE): 0.3414, validation MSE: 0.1626
2026-06-04 08:02:25 [INFO]: Epoch 035 - training loss (MAE): 0.3385, validation MSE: 0.1640
2026-06-04 08:02:27 [INFO]: Epoch 036 - training loss (MAE): 0.3355, validation MSE: 0.1622
2026-06-04 08:02:28 [INFO]: Epoch 037 - training loss (MAE): 0.3326, validation MSE: 0.1611
2026-06-04 08:02:29 [INFO]: Epoch 038 - training loss (MAE): 0.3297, validation MSE: 0.1640
2026-06-04 08:02:30 [INFO]: Epoch 039 - training loss (MAE): 0.3270, validation MSE: 0.1590
2026-06-04 08:02:32 [INFO]: Epoch 040 - training loss (MAE): 0.3260, validation MSE: 0.1592
2026-06-04 08:02:33 [INFO]: Epoch 041 - training loss (MAE): 0.3240, validation MSE: 0.1582
2026-06-04 08:02:34 [INFO]: Epoch 042 - training loss (MAE): 0.3220, validation MSE: 0.1569
2026-06-04 08:02:34 [INFO]: Epoch 043 - training loss (MAE): 0.3198, validation MSE: 0.1568
2026-06-04 08:02:35 [INFO]: Epoch 044 - training loss (MAE): 0.3177, validation MSE: 0.1557
2026-06-04 08:02:36 [INFO]: Epoch 045 - training loss (MAE): 0.3155, validation MSE: 0.1584
2026-06-04 08:02:37 [INFO]: Epoch 046 - training loss (MAE): 0.3129, validation MSE: 0.1571
2026-06-04 08:02:38 [INFO]: Epoch 047 - training loss (MAE): 0.3121, validation MSE: 0.1561
2026-06-04 08:02:39 [INFO]: Epoch 048 - training loss (MAE): 0.3098, validation MSE: 0.1545
2026-06-04 08:02:40 [INFO]: Epoch 049 - training loss (MAE): 0.3082, validation MSE: 0.1551
2026-06-04 08:02:41 [INFO]: Epoch 050 - training loss (MAE): 0.3062, validation MSE: 0.1546
2026-06-04 08:02:42 [INFO]: Epoch 051 - training loss (MAE): 0.3060, validation MSE: 0.1528
2026-06-04 08:02:43 [INFO]: Epoch 052 - training loss (MAE): 0.3054, validation MSE: 0.1573
2026-06-04 08:02:44 [INFO]: Epoch 053 - training loss (MAE): 0.3035, validation MSE: 0.1515
2026-06-04 08:02:45 [INFO]: Epoch 054 - training loss (MAE): 0.3012, validation MSE: 0.1496
2026-06-04 08:02:46 [INFO]: Epoch 055 - training loss (MAE): 0.2994, validation MSE: 0.1536
2026-06-04 08:02:47 [INFO]: Epoch 056 - training loss (MAE): 0.2982, validation MSE: 0.1519
2026-06-04 08:02:48 [INFO]: Epoch 057 - training loss (MAE): 0.2961, validation MSE: 0.1497
2026-06-04 08:02:49 [INFO]: Epoch 058 - training loss (MAE): 0.2945, validation MSE: 0.1503
2026-06-04 08:02:50 [INFO]: Epoch 059 - training loss (MAE): 0.2938, validation MSE: 0.1475
2026-06-04 08:02:51 [INFO]: Epoch 060 - training loss (MAE): 0.2926, validation MSE: 0.1491
2026-06-04 08:02:51 [INFO]: Finished training. The best model is from epoch#59.
2026-06-04 08:02:51 [INFO]: Saved the model to output/imputation/cuda/paper_campaign/saits/appliances_energy/mr0.5/seed123/SAITS.pypots
[34m
████████╗██╗███╗   ███╗███████╗    ███████╗███████╗██████╗ ██╗███████╗███████╗    █████╗ ██╗
╚══██╔══╝██║████╗ ████║██╔════╝    ██╔════╝██╔════╝██╔══██╗██║██╔════╝██╔════╝   ██╔══██╗██║
   ██║   ██║██╔████╔██║█████╗█████╗███████╗█████╗  ██████╔╝██║█████╗  ███████╗   ███████║██║
   ██║   ██║██║╚██╔╝██║██╔══╝╚════╝╚════██║██╔══╝  ██╔══██╗██║██╔══╝  ╚════██║   ██╔══██║██║
   ██║   ██║██║ ╚═╝ ██║███████╗    ███████║███████╗██║  ██║██║███████╗███████║██╗██║  ██║██║
   ╚═╝   ╚═╝╚═╝     ╚═╝╚══════╝    ╚══════╝╚══════╝╚═╝  ╚═╝╚═╝╚══════╝╚══════╝╚═╝╚═╝  ╚═╝╚═╝
ai4ts v0.0.3 - building AI for unified time-series analysis, https://time-series.ai [0m

Use Train GPT: False
Use Lora: False
Use Profiling: False
🚀 Running imputation pipeline for model: saits
✅ Dataset 'appliances_energy' with missing rate 0.5 loaded at: /home/Aboya_25R9803/projects/lab/SUN/iPyPOTS/datasets/rate_0.5
🚀 Starting SAITS training pipeline...
[SAITS] Testing —— MAE: 0.4201| MSE: 0.3343| RMSE: 0.5782| MRE: 0.4169| 
📊 Metrics saved to: output/imputation/cuda/paper_campaign/saits/appliances_energy/mr0.5/seed123/metrics/saits_metrics.json
