2026-06-04 05:16:57 [INFO]: Have set the random seed as 456 for numpy and pytorch.
2026-06-04 05:17:05 [INFO]: 🔥🔥🔥🔥🔥🔥🔥🔥🔥🔥Using device list: ['cuda:0']
2026-06-04 05:17:05 [INFO]: 🔥🔥🔥🔥🔥🔥🔥🔥🔥🔥Using the given device: cuda:0
2026-06-04 05:17:06 [INFO]: Model files will be saved to output/imputation/cuda/paper_campaign/tefn/household_power/mr0.1/seed456
2026-06-04 05:17:06 [INFO]: Tensorboard file will be saved to output/imputation/cuda/paper_campaign/tefn/household_power/mr0.1/seed456/tensorboard
2026-06-04 05:17:06 [INFO]: Using customized MAE as the training loss function.
2026-06-04 05:17:06 [INFO]: Using customized MSE as the validation metric function.
2026-06-04 05:17:06 [INFO]: Model placed on cuda:0
2026-06-04 05:17:06 [INFO]: TEFN initialized with the given hyperparameters.
 ├─ Total parameters: 5,981
 ├─ Trainable parameters: 5,981
 └─ Trainable ratio: 100.00%
2026-06-04 05:17:08 [INFO]: Epoch 001 - training loss (MAE): 10.2600, validation MSE: 35.9061
2026-06-04 05:17:09 [INFO]: Epoch 002 - training loss (MAE): 8.5248, validation MSE: 25.3851
2026-06-04 05:17:10 [INFO]: Epoch 003 - training loss (MAE): 7.1354, validation MSE: 18.3365
2026-06-04 05:17:12 [INFO]: Epoch 004 - training loss (MAE): 5.9657, validation MSE: 13.3927
2026-06-04 05:17:13 [INFO]: Epoch 005 - training loss (MAE): 4.9626, validation MSE: 10.0767
2026-06-04 05:17:14 [INFO]: Epoch 006 - training loss (MAE): 4.1612, validation MSE: 7.7283
2026-06-04 05:17:16 [INFO]: Epoch 007 - training loss (MAE): 3.5344, validation MSE: 5.9046
2026-06-04 05:17:17 [INFO]: Epoch 008 - training loss (MAE): 3.0121, validation MSE: 4.5486
2026-06-04 05:17:18 [INFO]: Epoch 009 - training loss (MAE): 2.5860, validation MSE: 3.5297
2026-06-04 05:17:20 [INFO]: Epoch 010 - training loss (MAE): 2.2383, validation MSE: 2.7728
2026-06-04 05:17:21 [INFO]: Epoch 011 - training loss (MAE): 1.9774, validation MSE: 2.2305
2026-06-04 05:17:22 [INFO]: Epoch 012 - training loss (MAE): 1.7722, validation MSE: 1.8339
2026-06-04 05:17:22 [INFO]: Epoch 013 - training loss (MAE): 1.6080, validation MSE: 1.5473
2026-06-04 05:17:23 [INFO]: Epoch 014 - training loss (MAE): 1.4752, validation MSE: 1.3548
2026-06-04 05:17:24 [INFO]: Epoch 015 - training loss (MAE): 1.3682, validation MSE: 1.2186
2026-06-04 05:17:25 [INFO]: Epoch 016 - training loss (MAE): 1.2770, validation MSE: 1.1219
2026-06-04 05:17:26 [INFO]: Epoch 017 - training loss (MAE): 1.1976, validation MSE: 1.0555
2026-06-04 05:17:27 [INFO]: Epoch 018 - training loss (MAE): 1.1280, validation MSE: 1.0118
2026-06-04 05:17:28 [INFO]: Epoch 019 - training loss (MAE): 1.0673, validation MSE: 0.9881
2026-06-04 05:17:29 [INFO]: Epoch 020 - training loss (MAE): 1.0192, validation MSE: 0.9813
2026-06-04 05:17:30 [INFO]: Epoch 021 - training loss (MAE): 0.9826, validation MSE: 0.9849
2026-06-04 05:17:31 [INFO]: Epoch 022 - training loss (MAE): 0.9512, validation MSE: 0.9854
2026-06-04 05:17:32 [INFO]: Epoch 023 - training loss (MAE): 0.9244, validation MSE: 0.9825
2026-06-04 05:17:33 [INFO]: Epoch 024 - training loss (MAE): 0.9014, validation MSE: 0.9795
2026-06-04 05:17:34 [INFO]: Epoch 025 - training loss (MAE): 0.8805, validation MSE: 0.9794
2026-06-04 05:17:35 [INFO]: Epoch 026 - training loss (MAE): 0.8625, validation MSE: 0.9780
2026-06-04 05:17:35 [INFO]: Epoch 027 - training loss (MAE): 0.8441, validation MSE: 0.9744
2026-06-04 05:17:36 [INFO]: Epoch 028 - training loss (MAE): 0.8281, validation MSE: 0.9713
2026-06-04 05:17:37 [INFO]: Epoch 029 - training loss (MAE): 0.8115, validation MSE: 0.9687
2026-06-04 05:17:38 [INFO]: Epoch 030 - training loss (MAE): 0.7964, validation MSE: 0.9688
2026-06-04 05:17:39 [INFO]: Epoch 031 - training loss (MAE): 0.7853, validation MSE: 0.9677
2026-06-04 05:17:40 [INFO]: Epoch 032 - training loss (MAE): 0.7765, validation MSE: 0.9699
2026-06-04 05:17:41 [INFO]: Epoch 033 - training loss (MAE): 0.7667, validation MSE: 0.9711
2026-06-04 05:17:42 [INFO]: Epoch 034 - training loss (MAE): 0.7588, validation MSE: 0.9750
2026-06-04 05:17:43 [INFO]: Epoch 035 - training loss (MAE): 0.7500, validation MSE: 0.9763
2026-06-04 05:17:44 [INFO]: Epoch 036 - training loss (MAE): 0.7412, validation MSE: 0.9795
2026-06-04 05:17:45 [INFO]: Epoch 037 - training loss (MAE): 0.7330, validation MSE: 0.9812
2026-06-04 05:17:46 [INFO]: Epoch 038 - training loss (MAE): 0.7270, validation MSE: 0.9824
2026-06-04 05:17:47 [INFO]: Epoch 039 - training loss (MAE): 0.7205, validation MSE: 0.9832
2026-06-04 05:17:48 [INFO]: Epoch 040 - training loss (MAE): 0.7152, validation MSE: 0.9820
2026-06-04 05:17:48 [INFO]: Epoch 041 - training loss (MAE): 0.7102, validation MSE: 0.9839
2026-06-04 05:17:49 [INFO]: Epoch 042 - training loss (MAE): 0.7082, validation MSE: 0.9842
2026-06-04 05:17:50 [INFO]: Epoch 043 - training loss (MAE): 0.7023, validation MSE: 0.9836
2026-06-04 05:17:50 [INFO]: Exceeded the training patience. Terminating the training procedure...
2026-06-04 05:17:50 [INFO]: Finished training. The best model is from epoch#31.
2026-06-04 05:17:50 [INFO]: Saved the model to output/imputation/cuda/paper_campaign/tefn/household_power/mr0.1/seed456/TEFN.pypots
[34m
████████╗██╗███╗   ███╗███████╗    ███████╗███████╗██████╗ ██╗███████╗███████╗    █████╗ ██╗
╚══██╔══╝██║████╗ ████║██╔════╝    ██╔════╝██╔════╝██╔══██╗██║██╔════╝██╔════╝   ██╔══██╗██║
   ██║   ██║██╔████╔██║█████╗█████╗███████╗█████╗  ██████╔╝██║█████╗  ███████╗   ███████║██║
   ██║   ██║██║╚██╔╝██║██╔══╝╚════╝╚════██║██╔══╝  ██╔══██╗██║██╔══╝  ╚════██║   ██╔══██║██║
   ██║   ██║██║ ╚═╝ ██║███████╗    ███████║███████╗██║  ██║██║███████╗███████║██╗██║  ██║██║
   ╚═╝   ╚═╝╚═╝     ╚═╝╚══════╝    ╚══════╝╚══════╝╚═╝  ╚═╝╚═╝╚══════╝╚══════╝╚═╝╚═╝  ╚═╝╚═╝
ai4ts v0.0.3 - building AI for unified time-series analysis, https://time-series.ai [0m

Use Train GPT: False
Use Lora: False
Use Profiling: False
🚀 Running imputation pipeline for model: tefn
✅ Dataset 'household_power' with missing rate 0.1 loaded at: /home/Aboya_25R9803/projects/lab/SUN/iPyPOTS/datasets/rate_0.1
🚀 Starting TEFN training pipeline...
[TEFN] Testing —— MAE: 0.5712| MSE: 0.7619| RMSE: 0.8729| MRE: 0.7854| 
📊 Metrics saved to: output/imputation/cuda/paper_campaign/tefn/household_power/mr0.1/seed456/metrics/tefn_metrics.json
