2026-06-04 05:30:37 [INFO]: Have set the random seed as 42 for numpy and pytorch.
2026-06-04 05:30:37 [INFO]: You're using dataset electricity_transformer_temperature, please cite it properly in your work. You can find its reference information at the below link: 
https://github.com/WenjieDu/TSDB/tree/main/dataset_profiles/electricity_transformer_temperature
2026-06-04 05:30:37 [INFO]: Dataset electricity_transformer_temperature has already been downloaded. Processing directly...
2026-06-04 05:30:37 [INFO]: Dataset electricity_transformer_temperature has already been cached. Loading from cache directly...
2026-06-04 05:30:37 [INFO]: Loaded successfully!
2026-06-04 05:30:37 [INFO]: months selected as train set are <PeriodArray>
['2016-07', '2016-08', '2016-09', '2016-10', '2016-11', '2016-12', '2017-01',
 '2017-02', '2017-03', '2017-04', '2017-05', '2017-06', '2017-07', '2017-08']
Length: 14, dtype: period[M]
2026-06-04 05:30:37 [INFO]: months selected as val set are <PeriodArray>
['2017-09', '2017-10', '2017-11', '2017-12', '2018-01']
Length: 5, dtype: period[M]
2026-06-04 05:30:37 [INFO]: months selected as test set are <PeriodArray>
['2018-02', '2018-03', '2018-04', '2018-05', '2018-06']
Length: 5, dtype: period[M]
2026-06-04 05:30:37 [INFO]: Total sample number: 725
2026-06-04 05:30:37 [INFO]: Training set size: 427 (58.90%)
2026-06-04 05:30:37 [INFO]: Validation set size: 153 (21.10%)
2026-06-04 05:30:37 [INFO]: Test set size: 145 (20.00%)
2026-06-04 05:30:37 [INFO]: Number of steps: 96
2026-06-04 05:30:37 [INFO]: Number of features: 7
2026-06-04 05:30:37 [INFO]: Train set missing rate: 49.89%
2026-06-04 05:30:37 [INFO]: Validating set missing rate: 50.19%
2026-06-04 05:30:37 [INFO]: Test set missing rate: 49.72%
2026-06-04 05:30:37 [INFO]: 🔥🔥🔥🔥🔥🔥🔥🔥🔥🔥Using device list: ['cuda:0']
2026-06-04 05:30:37 [INFO]: 🔥🔥🔥🔥🔥🔥🔥🔥🔥🔥Using the given device: cuda:0
2026-06-04 05:30:38 [INFO]: Model files will be saved to output/imputation/cuda/paper_campaign/timemixerpp/ettm1/mr0.5/seed42
2026-06-04 05:30:38 [INFO]: Tensorboard file will be saved to output/imputation/cuda/paper_campaign/timemixerpp/ettm1/mr0.5/seed42/tensorboard
2026-06-04 05:30:38 [INFO]: Using customized MAE as the training loss function.
2026-06-04 05:30:38 [INFO]: Using customized MSE as the validation metric function.
2026-06-04 05:30:38 [INFO]: Model placed on cuda:0
2026-06-04 05:30:38 [INFO]: TimeMixerPP initialized with the given hyperparameters.
 ├─ Total parameters: 18,837,061
 ├─ Trainable parameters: 18,832,197
 └─ Trainable ratio: 99.97%
2026-06-04 05:30:51 [INFO]: Epoch 001 - training loss (MAE): 0.9291, validation MSE: 1.4829
2026-06-04 05:31:04 [INFO]: Epoch 002 - training loss (MAE): 1.0306, validation MSE: 2.2533
2026-06-04 05:31:16 [INFO]: Epoch 003 - training loss (MAE): 0.8473, validation MSE: 1.6457
2026-06-04 05:31:28 [INFO]: Epoch 004 - training loss (MAE): 0.5929, validation MSE: 0.7260
2026-06-04 05:31:41 [INFO]: Epoch 005 - training loss (MAE): 0.5273, validation MSE: 0.6696
2026-06-04 05:31:53 [INFO]: Epoch 006 - training loss (MAE): 0.4970, validation MSE: 0.5772
2026-06-04 05:32:06 [INFO]: Epoch 007 - training loss (MAE): 0.4661, validation MSE: 0.6189
2026-06-04 05:32:18 [INFO]: Epoch 008 - training loss (MAE): 0.4451, validation MSE: 0.4475
2026-06-04 05:32:31 [INFO]: Epoch 009 - training loss (MAE): 0.4292, validation MSE: 0.5406
2026-06-04 05:32:43 [INFO]: Epoch 010 - training loss (MAE): 0.3958, validation MSE: 0.5279
2026-06-04 05:32:56 [INFO]: Epoch 011 - training loss (MAE): 0.3804, validation MSE: 0.4299
2026-06-04 05:33:08 [INFO]: Epoch 012 - training loss (MAE): 0.3566, validation MSE: 0.3126
2026-06-04 05:33:21 [INFO]: Epoch 013 - training loss (MAE): 0.3569, validation MSE: 0.2730
2026-06-04 05:33:33 [INFO]: Epoch 014 - training loss (MAE): 0.3743, validation MSE: 0.4771
2026-06-04 05:33:46 [INFO]: Epoch 015 - training loss (MAE): 0.3390, validation MSE: 0.3276
2026-06-04 05:33:58 [INFO]: Epoch 016 - training loss (MAE): 0.3346, validation MSE: 0.2439
2026-06-04 05:34:11 [INFO]: Epoch 017 - training loss (MAE): 0.3090, validation MSE: 0.3628
2026-06-04 05:34:23 [INFO]: Epoch 018 - training loss (MAE): 0.2903, validation MSE: 0.2819
2026-06-04 05:34:36 [INFO]: Epoch 019 - training loss (MAE): 0.2761, validation MSE: 0.2444
2026-06-04 05:34:48 [INFO]: Epoch 020 - training loss (MAE): 0.2579, validation MSE: 0.2472
2026-06-04 05:35:01 [INFO]: Epoch 021 - training loss (MAE): 0.2395, validation MSE: 0.2203
2026-06-04 05:35:13 [INFO]: Epoch 022 - training loss (MAE): 0.2305, validation MSE: 0.2807
2026-06-04 05:35:26 [INFO]: Epoch 023 - training loss (MAE): 0.2361, validation MSE: 0.2291
2026-06-04 05:35:38 [INFO]: Epoch 024 - training loss (MAE): 0.2167, validation MSE: 0.2143
2026-06-04 05:35:50 [INFO]: Epoch 025 - training loss (MAE): 0.2139, validation MSE: 0.2571
2026-06-04 05:36:03 [INFO]: Epoch 026 - training loss (MAE): 0.1964, validation MSE: 0.2299
2026-06-04 05:36:15 [INFO]: Epoch 027 - training loss (MAE): 0.1890, validation MSE: 0.2217
2026-06-04 05:36:28 [INFO]: Epoch 028 - training loss (MAE): 0.1904, validation MSE: 0.2437
2026-06-04 05:36:40 [INFO]: Epoch 029 - training loss (MAE): 0.1756, validation MSE: 0.2869
2026-06-04 05:36:53 [INFO]: Epoch 030 - training loss (MAE): 0.1750, validation MSE: 0.2667
2026-06-04 05:37:05 [INFO]: Epoch 031 - training loss (MAE): 0.1743, validation MSE: 0.2682
2026-06-04 05:37:18 [INFO]: Epoch 032 - training loss (MAE): 0.1881, validation MSE: 0.2966
2026-06-04 05:37:30 [INFO]: Epoch 033 - training loss (MAE): 0.1720, validation MSE: 0.3148
2026-06-04 05:37:43 [INFO]: Epoch 034 - training loss (MAE): 0.1758, validation MSE: 0.2863
2026-06-04 05:37:55 [INFO]: Epoch 035 - training loss (MAE): 0.1592, validation MSE: 0.3085
2026-06-04 05:38:07 [INFO]: Epoch 036 - training loss (MAE): 0.1527, validation MSE: 0.3670
2026-06-04 05:38:07 [INFO]: Exceeded the training patience. Terminating the training procedure...
2026-06-04 05:38:07 [INFO]: Finished training. The best model is from epoch#24.
2026-06-04 05:38:08 [INFO]: Saved the model to output/imputation/cuda/paper_campaign/timemixerpp/ettm1/mr0.5/seed42/TimeMixerPP.pypots
[34m
████████╗██╗███╗   ███╗███████╗    ███████╗███████╗██████╗ ██╗███████╗███████╗    █████╗ ██╗
╚══██╔══╝██║████╗ ████║██╔════╝    ██╔════╝██╔════╝██╔══██╗██║██╔════╝██╔════╝   ██╔══██╗██║
   ██║   ██║██╔████╔██║█████╗█████╗███████╗█████╗  ██████╔╝██║█████╗  ███████╗   ███████║██║
   ██║   ██║██║╚██╔╝██║██╔══╝╚════╝╚════██║██╔══╝  ██╔══██╗██║██╔══╝  ╚════██║   ██╔══██║██║
   ██║   ██║██║ ╚═╝ ██║███████╗    ███████║███████╗██║  ██║██║███████╗███████║██╗██║  ██║██║
   ╚═╝   ╚═╝╚═╝     ╚═╝╚══════╝    ╚══════╝╚══════╝╚═╝  ╚═╝╚═╝╚══════╝╚══════╝╚═╝╚═╝  ╚═╝╚═╝
ai4ts v0.0.3 - building AI for unified time-series analysis, https://time-series.ai [0m

Use Train GPT: False
Use Lora: False
Use Profiling: False
🚀 Running imputation pipeline for model: timemixerpp
✅ Dataset 'ettm1' with missing rate 0.5 loaded at: /home/Aboya_25R9803/projects/lab/SUN/iPyPOTS/datasets/rate_0.5
🚀 Starting TimeMixer++ training pipeline...
[TimeMixer++] Testing —— MAE: 0.3741| MSE: 0.2687| RMSE: 0.5184| MRE: 0.4420|
📊 Metrics saved to: output/imputation/cuda/paper_campaign/timemixerpp/ettm1/mr0.5/seed42/metrics/timemixerpp_metrics.json
