2026-06-04 05:52:12 [INFO]: Have set the random seed as 456 for numpy and pytorch.
2026-06-04 05:52:12 [INFO]: You're using dataset electricity_transformer_temperature, please cite it properly in your work. You can find its reference information at the below link: 
https://github.com/WenjieDu/TSDB/tree/main/dataset_profiles/electricity_transformer_temperature
2026-06-04 05:52:12 [INFO]: Dataset electricity_transformer_temperature has already been downloaded. Processing directly...
2026-06-04 05:52:12 [INFO]: Dataset electricity_transformer_temperature has already been cached. Loading from cache directly...
2026-06-04 05:52:12 [INFO]: Loaded successfully!
2026-06-04 05:52:12 [INFO]: months selected as train set are <PeriodArray>
['2016-07', '2016-08', '2016-09', '2016-10', '2016-11', '2016-12', '2017-01',
 '2017-02', '2017-03', '2017-04', '2017-05', '2017-06', '2017-07', '2017-08']
Length: 14, dtype: period[M]
2026-06-04 05:52:12 [INFO]: months selected as val set are <PeriodArray>
['2017-09', '2017-10', '2017-11', '2017-12', '2018-01']
Length: 5, dtype: period[M]
2026-06-04 05:52:12 [INFO]: months selected as test set are <PeriodArray>
['2018-02', '2018-03', '2018-04', '2018-05', '2018-06']
Length: 5, dtype: period[M]
2026-06-04 05:52:12 [INFO]: Total sample number: 725
2026-06-04 05:52:12 [INFO]: Training set size: 427 (58.90%)
2026-06-04 05:52:12 [INFO]: Validation set size: 153 (21.10%)
2026-06-04 05:52:12 [INFO]: Test set size: 145 (20.00%)
2026-06-04 05:52:12 [INFO]: Number of steps: 96
2026-06-04 05:52:12 [INFO]: Number of features: 7
2026-06-04 05:52:12 [INFO]: Train set missing rate: 29.99%
2026-06-04 05:52:12 [INFO]: Validating set missing rate: 29.75%
2026-06-04 05:52:12 [INFO]: Test set missing rate: 29.80%
2026-06-04 05:52:12 [INFO]: 🔥🔥🔥🔥🔥🔥🔥🔥🔥🔥Using device list: ['cuda:0']
2026-06-04 05:52:12 [INFO]: 🔥🔥🔥🔥🔥🔥🔥🔥🔥🔥Using the given device: cuda:0
2026-06-04 05:52:12 [INFO]: Model files will be saved to output/imputation/cuda/paper_campaign/tslanet/ettm1/mr0.3/seed456
2026-06-04 05:52:12 [INFO]: Tensorboard file will be saved to output/imputation/cuda/paper_campaign/tslanet/ettm1/mr0.3/seed456/tensorboard
2026-06-04 05:52:12 [INFO]: Model placed on cuda:0
2026-06-04 05:52:12 [INFO]: TSLANet initialized with the given hyperparameters.
 ├─ Total parameters: 217,890
 ├─ Trainable parameters: 217,890
 └─ Trainable ratio: 100.00%
2026-06-04 05:52:13 [INFO]: Epoch 001 - training loss (default): 0.3180, validation loss: 0.2216
2026-06-04 05:52:13 [INFO]: Epoch 002 - training loss (default): 0.2232, validation loss: 0.1631
2026-06-04 05:52:13 [INFO]: Epoch 003 - training loss (default): 0.1683, validation loss: 0.1414
2026-06-04 05:52:13 [INFO]: Epoch 004 - training loss (default): 0.1473, validation loss: 0.1190
2026-06-04 05:52:14 [INFO]: Epoch 005 - training loss (default): 0.1305, validation loss: 0.1137
2026-06-04 05:52:14 [INFO]: Epoch 006 - training loss (default): 0.1167, validation loss: 0.1004
2026-06-04 05:52:14 [INFO]: Epoch 007 - training loss (default): 0.1057, validation loss: 0.0918
2026-06-04 05:52:14 [INFO]: Epoch 008 - training loss (default): 0.0998, validation loss: 0.0808
2026-06-04 05:52:14 [INFO]: Epoch 009 - training loss (default): 0.0905, validation loss: 0.0789
2026-06-04 05:52:14 [INFO]: Epoch 010 - training loss (default): 0.0827, validation loss: 0.0732
2026-06-04 05:52:14 [INFO]: Epoch 011 - training loss (default): 0.0794, validation loss: 0.0664
2026-06-04 05:52:14 [INFO]: Epoch 012 - training loss (default): 0.0736, validation loss: 0.0607
2026-06-04 05:52:14 [INFO]: Epoch 013 - training loss (default): 0.0686, validation loss: 0.0607
2026-06-04 05:52:14 [INFO]: Epoch 014 - training loss (default): 0.0618, validation loss: 0.0549
2026-06-04 05:52:14 [INFO]: Epoch 015 - training loss (default): 0.0591, validation loss: 0.0495
2026-06-04 05:52:14 [INFO]: Epoch 016 - training loss (default): 0.0603, validation loss: 0.0500
2026-06-04 05:52:14 [INFO]: Epoch 017 - training loss (default): 0.0544, validation loss: 0.0468
2026-06-04 05:52:14 [INFO]: Epoch 018 - training loss (default): 0.0525, validation loss: 0.0460
2026-06-04 05:52:14 [INFO]: Epoch 019 - training loss (default): 0.0486, validation loss: 0.0405
2026-06-04 05:52:14 [INFO]: Epoch 020 - training loss (default): 0.0463, validation loss: 0.0406
2026-06-04 05:52:14 [INFO]: Epoch 021 - training loss (default): 0.0431, validation loss: 0.0375
2026-06-04 05:52:14 [INFO]: Epoch 022 - training loss (default): 0.0429, validation loss: 0.0347
2026-06-04 05:52:14 [INFO]: Epoch 023 - training loss (default): 0.0394, validation loss: 0.0364
2026-06-04 05:52:15 [INFO]: Epoch 024 - training loss (default): 0.0380, validation loss: 0.0310
2026-06-04 05:52:15 [INFO]: Epoch 025 - training loss (default): 0.0383, validation loss: 0.0295
2026-06-04 05:52:15 [INFO]: Epoch 026 - training loss (default): 0.0361, validation loss: 0.0285
2026-06-04 05:52:15 [INFO]: Epoch 027 - training loss (default): 0.0350, validation loss: 0.0278
2026-06-04 05:52:15 [INFO]: Epoch 028 - training loss (default): 0.0333, validation loss: 0.0262
2026-06-04 05:52:15 [INFO]: Epoch 029 - training loss (default): 0.0315, validation loss: 0.0290
2026-06-04 05:52:15 [INFO]: Epoch 030 - training loss (default): 0.0321, validation loss: 0.0254
2026-06-04 05:52:15 [INFO]: Epoch 031 - training loss (default): 0.0301, validation loss: 0.0241
2026-06-04 05:52:15 [INFO]: Epoch 032 - training loss (default): 0.0287, validation loss: 0.0241
2026-06-04 05:52:15 [INFO]: Epoch 033 - training loss (default): 0.0285, validation loss: 0.0254
2026-06-04 05:52:15 [INFO]: Epoch 034 - training loss (default): 0.0282, validation loss: 0.0208
2026-06-04 05:52:15 [INFO]: Epoch 035 - training loss (default): 0.0262, validation loss: 0.0218
2026-06-04 05:52:15 [INFO]: Epoch 036 - training loss (default): 0.0265, validation loss: 0.0210
2026-06-04 05:52:15 [INFO]: Epoch 037 - training loss (default): 0.0262, validation loss: 0.0206
2026-06-04 05:52:15 [INFO]: Epoch 038 - training loss (default): 0.0254, validation loss: 0.0199
2026-06-04 05:52:16 [INFO]: Epoch 039 - training loss (default): 0.0246, validation loss: 0.0194
2026-06-04 05:52:16 [INFO]: Epoch 040 - training loss (default): 0.0248, validation loss: 0.0199
2026-06-04 05:52:16 [INFO]: Epoch 041 - training loss (default): 0.0242, validation loss: 0.0195
2026-06-04 05:52:16 [INFO]: Epoch 042 - training loss (default): 0.0231, validation loss: 0.0192
2026-06-04 05:52:16 [INFO]: Epoch 043 - training loss (default): 0.0243, validation loss: 0.0191
2026-06-04 05:52:16 [INFO]: Epoch 044 - training loss (default): 0.0227, validation loss: 0.0184
2026-06-04 05:52:16 [INFO]: Epoch 045 - training loss (default): 0.0224, validation loss: 0.0163
2026-06-04 05:52:16 [INFO]: Epoch 046 - training loss (default): 0.0222, validation loss: 0.0163
2026-06-04 05:52:16 [INFO]: Epoch 047 - training loss (default): 0.0205, validation loss: 0.0169
2026-06-04 05:52:16 [INFO]: Epoch 048 - training loss (default): 0.0205, validation loss: 0.0164
2026-06-04 05:52:16 [INFO]: Epoch 049 - training loss (default): 0.0208, validation loss: 0.0162
2026-06-04 05:52:16 [INFO]: Epoch 050 - training loss (default): 0.0197, validation loss: 0.0169
2026-06-04 05:52:16 [INFO]: Epoch 051 - training loss (default): 0.0200, validation loss: 0.0181
2026-06-04 05:52:16 [INFO]: Epoch 052 - training loss (default): 0.0190, validation loss: 0.0159
2026-06-04 05:52:16 [INFO]: Epoch 053 - training loss (default): 0.0198, validation loss: 0.0163
2026-06-04 05:52:16 [INFO]: Epoch 054 - training loss (default): 0.0192, validation loss: 0.0145
2026-06-04 05:52:16 [INFO]: Epoch 055 - training loss (default): 0.0188, validation loss: 0.0146
2026-06-04 05:52:16 [INFO]: Epoch 056 - training loss (default): 0.0188, validation loss: 0.0142
2026-06-04 05:52:16 [INFO]: Epoch 057 - training loss (default): 0.0188, validation loss: 0.0153
2026-06-04 05:52:16 [INFO]: Epoch 058 - training loss (default): 0.0185, validation loss: 0.0139
2026-06-04 05:52:17 [INFO]: Epoch 059 - training loss (default): 0.0179, validation loss: 0.0145
2026-06-04 05:52:17 [INFO]: Epoch 060 - training loss (default): 0.0177, validation loss: 0.0140
2026-06-04 05:52:17 [INFO]: Finished training. The best model is from epoch#58.
2026-06-04 05:52:17 [INFO]: Saved the model to output/imputation/cuda/paper_campaign/tslanet/ettm1/mr0.3/seed456/TSLANet.pypots
[34m
████████╗██╗███╗   ███╗███████╗    ███████╗███████╗██████╗ ██╗███████╗███████╗    █████╗ ██╗
╚══██╔══╝██║████╗ ████║██╔════╝    ██╔════╝██╔════╝██╔══██╗██║██╔════╝██╔════╝   ██╔══██╗██║
   ██║   ██║██╔████╔██║█████╗█████╗███████╗█████╗  ██████╔╝██║█████╗  ███████╗   ███████║██║
   ██║   ██║██║╚██╔╝██║██╔══╝╚════╝╚════██║██╔══╝  ██╔══██╗██║██╔══╝  ╚════██║   ██╔══██║██║
   ██║   ██║██║ ╚═╝ ██║███████╗    ███████║███████╗██║  ██║██║███████╗███████║██╗██║  ██║██║
   ╚═╝   ╚═╝╚═╝     ╚═╝╚══════╝    ╚══════╝╚══════╝╚═╝  ╚═╝╚═╝╚══════╝╚══════╝╚═╝╚═╝  ╚═╝╚═╝
ai4ts v0.0.3 - building AI for unified time-series analysis, https://time-series.ai [0m

Use Train GPT: False
Use Lora: False
Use Profiling: False
🚀 Running imputation pipeline for model: tslanet
✅ Dataset 'ettm1' with missing rate 0.3 loaded at: /home/Aboya_25R9803/projects/lab/SUN/iPyPOTS/datasets/rate_0.3
🚀 Starting TSLANet training pipeline...
[TSLANet] Testing —— MAE: 0.8939| MSE: 1.4040| RMSE: 1.1849| MRE: 1.0528| 
📊 Metrics saved to: output/imputation/cuda/paper_campaign/tslanet/ettm1/mr0.3/seed456/metrics/tslanet_metrics.json
