2026-06-04 04:48:33 [INFO]: Have set the random seed as 42 for numpy and pytorch.
2026-06-04 04:48:41 [INFO]: 🔥🔥🔥🔥🔥🔥🔥🔥🔥🔥Using device list: ['cuda:0']
2026-06-04 04:48:41 [INFO]: 🔥🔥🔥🔥🔥🔥🔥🔥🔥🔥Using the given device: cuda:0
2026-06-04 04:48:41 [INFO]: Model files will be saved to output/imputation/cuda/paper_campaign/saits/household_power/mr0.1/seed42
2026-06-04 04:48:41 [INFO]: Tensorboard file will be saved to output/imputation/cuda/paper_campaign/saits/household_power/mr0.1/seed42/tensorboard
2026-06-04 04:48:41 [INFO]: Using customized MAE as the training loss function.
2026-06-04 04:48:41 [INFO]: Using customized MSE as the validation metric function.
2026-06-04 04:48:41 [INFO]: SAITS initialized with the given hyperparameters.
 ├─ Total parameters: 139,350
 ├─ Trainable parameters: 139,350
 └─ Trainable ratio: 100.00%
2026-06-04 04:48:42 [INFO]: Model placed on cuda:0
2026-06-04 04:48:44 [INFO]: Epoch 001 - training loss (MAE): 1.4116, validation MSE: 0.8998
2026-06-04 04:48:46 [INFO]: Epoch 002 - training loss (MAE): 1.1323, validation MSE: 0.7738
2026-06-04 04:48:48 [INFO]: Epoch 003 - training loss (MAE): 0.9877, validation MSE: 0.6718
2026-06-04 04:48:50 [INFO]: Epoch 004 - training loss (MAE): 0.8640, validation MSE: 0.5451
2026-06-04 04:48:52 [INFO]: Epoch 005 - training loss (MAE): 0.7608, validation MSE: 0.5149
2026-06-04 04:48:54 [INFO]: Epoch 006 - training loss (MAE): 0.7009, validation MSE: 0.5004
2026-06-04 04:48:56 [INFO]: Epoch 007 - training loss (MAE): 0.6608, validation MSE: 0.4866
2026-06-04 04:48:58 [INFO]: Epoch 008 - training loss (MAE): 0.6279, validation MSE: 0.4836
2026-06-04 04:49:00 [INFO]: Epoch 009 - training loss (MAE): 0.5986, validation MSE: 0.4745
2026-06-04 04:49:01 [INFO]: Epoch 010 - training loss (MAE): 0.5766, validation MSE: 0.4670
2026-06-04 04:49:03 [INFO]: Epoch 011 - training loss (MAE): 0.5592, validation MSE: 0.4590
2026-06-04 04:49:05 [INFO]: Epoch 012 - training loss (MAE): 0.5429, validation MSE: 0.4445
2026-06-04 04:49:07 [INFO]: Epoch 013 - training loss (MAE): 0.5225, validation MSE: 0.4100
2026-06-04 04:49:09 [INFO]: Epoch 014 - training loss (MAE): 0.4813, validation MSE: 0.3487
2026-06-04 04:49:11 [INFO]: Epoch 015 - training loss (MAE): 0.4422, validation MSE: 0.3308
2026-06-04 04:49:13 [INFO]: Epoch 016 - training loss (MAE): 0.4226, validation MSE: 0.3263
2026-06-04 04:49:15 [INFO]: Epoch 017 - training loss (MAE): 0.4090, validation MSE: 0.3195
2026-06-04 04:49:17 [INFO]: Epoch 018 - training loss (MAE): 0.3990, validation MSE: 0.3124
2026-06-04 04:49:19 [INFO]: Epoch 019 - training loss (MAE): 0.3898, validation MSE: 0.3088
2026-06-04 04:49:20 [INFO]: Epoch 020 - training loss (MAE): 0.3843, validation MSE: 0.2944
2026-06-04 04:49:23 [INFO]: Epoch 021 - training loss (MAE): 0.3760, validation MSE: 0.2952
2026-06-04 04:49:24 [INFO]: Epoch 022 - training loss (MAE): 0.3702, validation MSE: 0.2888
2026-06-04 04:49:26 [INFO]: Epoch 023 - training loss (MAE): 0.3646, validation MSE: 0.2808
2026-06-04 04:49:28 [INFO]: Epoch 024 - training loss (MAE): 0.3583, validation MSE: 0.2760
2026-06-04 04:49:30 [INFO]: Epoch 025 - training loss (MAE): 0.3541, validation MSE: 0.2736
2026-06-04 04:49:32 [INFO]: Epoch 026 - training loss (MAE): 0.3498, validation MSE: 0.2614
2026-06-04 04:49:34 [INFO]: Epoch 027 - training loss (MAE): 0.3444, validation MSE: 0.2592
2026-06-04 04:49:36 [INFO]: Epoch 028 - training loss (MAE): 0.3411, validation MSE: 0.2565
2026-06-04 04:49:38 [INFO]: Epoch 029 - training loss (MAE): 0.3369, validation MSE: 0.2478
2026-06-04 04:49:40 [INFO]: Epoch 030 - training loss (MAE): 0.3333, validation MSE: 0.2394
2026-06-04 04:49:41 [INFO]: Epoch 031 - training loss (MAE): 0.3291, validation MSE: 0.2293
2026-06-04 04:49:43 [INFO]: Epoch 032 - training loss (MAE): 0.3269, validation MSE: 0.2242
2026-06-04 04:49:45 [INFO]: Epoch 033 - training loss (MAE): 0.3233, validation MSE: 0.2163
2026-06-04 04:49:47 [INFO]: Epoch 034 - training loss (MAE): 0.3198, validation MSE: 0.2162
2026-06-04 04:49:48 [INFO]: Epoch 035 - training loss (MAE): 0.3168, validation MSE: 0.2097
2026-06-04 04:49:50 [INFO]: Epoch 036 - training loss (MAE): 0.3142, validation MSE: 0.2060
2026-06-04 04:49:52 [INFO]: Epoch 037 - training loss (MAE): 0.3107, validation MSE: 0.2080
2026-06-04 04:49:54 [INFO]: Epoch 038 - training loss (MAE): 0.3084, validation MSE: 0.2026
2026-06-04 04:49:56 [INFO]: Epoch 039 - training loss (MAE): 0.3066, validation MSE: 0.1958
2026-06-04 04:49:58 [INFO]: Epoch 040 - training loss (MAE): 0.3035, validation MSE: 0.1922
2026-06-04 04:50:00 [INFO]: Epoch 041 - training loss (MAE): 0.3003, validation MSE: 0.1925
2026-06-04 04:50:02 [INFO]: Epoch 042 - training loss (MAE): 0.2994, validation MSE: 0.1938
2026-06-04 04:50:04 [INFO]: Epoch 043 - training loss (MAE): 0.2964, validation MSE: 0.1933
2026-06-04 04:50:06 [INFO]: Epoch 044 - training loss (MAE): 0.2950, validation MSE: 0.1936
2026-06-04 04:50:07 [INFO]: Epoch 045 - training loss (MAE): 0.2932, validation MSE: 0.1908
2026-06-04 04:50:09 [INFO]: Epoch 046 - training loss (MAE): 0.2904, validation MSE: 0.1893
2026-06-04 04:50:11 [INFO]: Epoch 047 - training loss (MAE): 0.2893, validation MSE: 0.1910
2026-06-04 04:50:13 [INFO]: Epoch 048 - training loss (MAE): 0.2872, validation MSE: 0.1834
2026-06-04 04:50:15 [INFO]: Epoch 049 - training loss (MAE): 0.2854, validation MSE: 0.1846
2026-06-04 04:50:17 [INFO]: Epoch 050 - training loss (MAE): 0.2843, validation MSE: 0.1860
2026-06-04 04:50:19 [INFO]: Epoch 051 - training loss (MAE): 0.2829, validation MSE: 0.1840
2026-06-04 04:50:21 [INFO]: Epoch 052 - training loss (MAE): 0.2813, validation MSE: 0.1865
2026-06-04 04:50:23 [INFO]: Epoch 053 - training loss (MAE): 0.2795, validation MSE: 0.1847
2026-06-04 04:50:25 [INFO]: Epoch 054 - training loss (MAE): 0.2788, validation MSE: 0.1807
2026-06-04 04:50:27 [INFO]: Epoch 055 - training loss (MAE): 0.2782, validation MSE: 0.1765
2026-06-04 04:50:29 [INFO]: Epoch 056 - training loss (MAE): 0.2758, validation MSE: 0.1841
2026-06-04 04:50:30 [INFO]: Epoch 057 - training loss (MAE): 0.2749, validation MSE: 0.1800
2026-06-04 04:50:32 [INFO]: Epoch 058 - training loss (MAE): 0.2738, validation MSE: 0.1774
2026-06-04 04:50:34 [INFO]: Epoch 059 - training loss (MAE): 0.2730, validation MSE: 0.1807
2026-06-04 04:50:36 [INFO]: Epoch 060 - training loss (MAE): 0.2716, validation MSE: 0.1767
2026-06-04 04:50:36 [INFO]: Finished training. The best model is from epoch#55.
2026-06-04 04:50:36 [INFO]: Saved the model to output/imputation/cuda/paper_campaign/saits/household_power/mr0.1/seed42/SAITS.pypots
[34m
████████╗██╗███╗   ███╗███████╗    ███████╗███████╗██████╗ ██╗███████╗███████╗    █████╗ ██╗
╚══██╔══╝██║████╗ ████║██╔════╝    ██╔════╝██╔════╝██╔══██╗██║██╔════╝██╔════╝   ██╔══██╗██║
   ██║   ██║██╔████╔██║█████╗█████╗███████╗█████╗  ██████╔╝██║█████╗  ███████╗   ███████║██║
   ██║   ██║██║╚██╔╝██║██╔══╝╚════╝╚════██║██╔══╝  ██╔══██╗██║██╔══╝  ╚════██║   ██╔══██║██║
   ██║   ██║██║ ╚═╝ ██║███████╗    ███████║███████╗██║  ██║██║███████╗███████║██╗██║  ██║██║
   ╚═╝   ╚═╝╚═╝     ╚═╝╚══════╝    ╚══════╝╚══════╝╚═╝  ╚═╝╚═╝╚══════╝╚══════╝╚═╝╚═╝  ╚═╝╚═╝
ai4ts v0.0.3 - building AI for unified time-series analysis, https://time-series.ai [0m

Use Train GPT: False
Use Lora: False
Use Profiling: False
🚀 Running imputation pipeline for model: saits
✅ Dataset 'household_power' with missing rate 0.1 loaded at: /home/Aboya_25R9803/projects/lab/SUN/iPyPOTS/datasets/rate_0.1
🚀 Starting SAITS training pipeline...
[SAITS] Testing —— MAE: 0.1370| MSE: 0.1244| RMSE: 0.3526| MRE: 0.1887| 
📊 Metrics saved to: output/imputation/cuda/paper_campaign/saits/household_power/mr0.1/seed42/metrics/saits_metrics.json
