[34m
████████╗██╗███╗   ███╗███████╗    ███████╗███████╗██████╗ ██╗███████╗███████╗    █████╗ ██╗
╚══██╔══╝██║████╗ ████║██╔════╝    ██╔════╝██╔════╝██╔══██╗██║██╔════╝██╔════╝   ██╔══██╗██║
   ██║   ██║██╔████╔██║█████╗█████╗███████╗█████╗  ██████╔╝██║█████╗  ███████╗   ███████║██║
   ██║   ██║██║╚██╔╝██║██╔══╝╚════╝╚════██║██╔══╝  ██╔══██╗██║██╔══╝  ╚════██║   ██╔══██║██║
   ██║   ██║██║ ╚═╝ ██║███████╗    ███████║███████╗██║  ██║██║███████╗███████║██╗██║  ██║██║
   ╚═╝   ╚═╝╚═╝     ╚═╝╚══════╝    ╚══════╝╚══════╝╚═╝  ╚═╝╚═╝╚══════╝╚══════╝╚═╝╚═╝  ╚═╝╚═╝
ai4ts v0.0.3 - building AI for unified time-series analysis, https://time-series.ai [0m

Use Train GPT: False
Use Lora: False
Use Profiling: False
2026-06-04 13:16:15 [INFO]: Have set the random seed as 456 for numpy and pytorch.
🚀 Running imputation pipeline for model: saits
2026-06-04 13:16:15 [INFO]: You're using dataset electricity_transformer_temperature, please cite it properly in your work. You can find its reference information at the below link: 
https://github.com/WenjieDu/TSDB/tree/main/dataset_profiles/electricity_transformer_temperature
2026-06-04 13:16:15 [INFO]: Dataset electricity_transformer_temperature has already been downloaded. Processing directly...
2026-06-04 13:16:15 [INFO]: Dataset electricity_transformer_temperature has already been cached. Loading from cache directly...
2026-06-04 13:16:15 [INFO]: Loaded successfully!
2026-06-04 13:16:15 [INFO]: months selected as train set are <PeriodArray>
['2016-07', '2016-08', '2016-09', '2016-10', '2016-11', '2016-12', '2017-01',
 '2017-02', '2017-03', '2017-04', '2017-05', '2017-06', '2017-07', '2017-08']
Length: 14, dtype: period[M]
2026-06-04 13:16:15 [INFO]: months selected as val set are <PeriodArray>
['2017-09', '2017-10', '2017-11', '2017-12', '2018-01']
Length: 5, dtype: period[M]
2026-06-04 13:16:15 [INFO]: months selected as test set are <PeriodArray>
['2018-02', '2018-03', '2018-04', '2018-05', '2018-06']
Length: 5, dtype: period[M]
2026-06-04 13:16:15 [INFO]: Total sample number: 180
2026-06-04 13:16:15 [INFO]: Training set size: 106 (58.89%)
2026-06-04 13:16:15 [INFO]: Validation set size: 38 (21.11%)
2026-06-04 13:16:15 [INFO]: Test set size: 36 (20.00%)
2026-06-04 13:16:15 [INFO]: Number of steps: 96
2026-06-04 13:16:15 [INFO]: Number of features: 7
2026-06-04 13:16:15 [INFO]: Train set missing rate: 50.01%
2026-06-04 13:16:15 [INFO]: Validating set missing rate: 49.86%
2026-06-04 13:16:15 [INFO]: Test set missing rate: 49.88%
✅ Dataset 'etth1' with missing rate 0.5 loaded at: /home/Aboya_25R9803/projects/lab/SUN/iPyPOTS/datasets/rate_0.5
🚀 Starting SAITS training pipeline...
2026-06-04 13:16:15 [INFO]: 🔥🔥🔥🔥🔥🔥🔥🔥🔥🔥Using device list: ['cuda:0']
2026-06-04 13:16:15 [INFO]: 🔥🔥🔥🔥🔥🔥🔥🔥🔥🔥Using the given device: cuda:0
2026-06-04 13:16:15 [INFO]: Model files will be saved to output/imputation/cuda/paper_campaign/saits/etth1/mr0.5/seed456
2026-06-04 13:16:15 [INFO]: Tensorboard file will be saved to output/imputation/cuda/paper_campaign/saits/etth1/mr0.5/seed456/tensorboard
2026-06-04 13:16:15 [INFO]: Using customized MAE as the training loss function.
2026-06-04 13:16:15 [INFO]: Using customized MSE as the validation metric function.
2026-06-04 13:16:15 [INFO]: SAITS initialized with the given hyperparameters.
 ├─ Total parameters: 136,478
 ├─ Trainable parameters: 136,478
 └─ Trainable ratio: 100.00%
2026-06-04 13:16:15 [INFO]: Model placed on cuda:0
2026-06-04 13:16:16 [INFO]: Epoch 001 - training loss (MAE): 1.6989, validation MSE: 1.0221
2026-06-04 13:16:16 [INFO]: Epoch 002 - training loss (MAE): 1.5962, validation MSE: 0.9553
2026-06-04 13:16:16 [INFO]: Epoch 003 - training loss (MAE): 1.5361, validation MSE: 0.9333
2026-06-04 13:16:16 [INFO]: Epoch 004 - training loss (MAE): 1.4981, validation MSE: 0.9350
2026-06-04 13:16:16 [INFO]: Epoch 005 - training loss (MAE): 1.4654, validation MSE: 0.9465
2026-06-04 13:16:16 [INFO]: Epoch 006 - training loss (MAE): 1.4536, validation MSE: 0.9526
2026-06-04 13:16:16 [INFO]: Epoch 007 - training loss (MAE): 1.4329, validation MSE: 0.9473
2026-06-04 13:16:16 [INFO]: Epoch 008 - training loss (MAE): 1.4015, validation MSE: 0.9307
2026-06-04 13:16:16 [INFO]: Epoch 009 - training loss (MAE): 1.3708, validation MSE: 0.9121
2026-06-04 13:16:16 [INFO]: Epoch 010 - training loss (MAE): 1.3334, validation MSE: 0.8961
2026-06-04 13:16:16 [INFO]: Epoch 011 - training loss (MAE): 1.3236, validation MSE: 0.8843
2026-06-04 13:16:16 [INFO]: Epoch 012 - training loss (MAE): 1.2843, validation MSE: 0.8755
2026-06-04 13:16:16 [INFO]: Epoch 013 - training loss (MAE): 1.2456, validation MSE: 0.8631
2026-06-04 13:16:16 [INFO]: Epoch 014 - training loss (MAE): 1.2253, validation MSE: 0.8446
2026-06-04 13:16:16 [INFO]: Epoch 015 - training loss (MAE): 1.2017, validation MSE: 0.8301
2026-06-04 13:16:16 [INFO]: Epoch 016 - training loss (MAE): 1.1698, validation MSE: 0.8274
2026-06-04 13:16:16 [INFO]: Epoch 017 - training loss (MAE): 1.1572, validation MSE: 0.8340
2026-06-04 13:16:16 [INFO]: Epoch 018 - training loss (MAE): 1.1437, validation MSE: 0.8407
2026-06-04 13:16:16 [INFO]: Epoch 019 - training loss (MAE): 1.1374, validation MSE: 0.8418
2026-06-04 13:16:16 [INFO]: Epoch 020 - training loss (MAE): 1.1238, validation MSE: 0.8358
2026-06-04 13:16:16 [INFO]: Epoch 021 - training loss (MAE): 1.1261, validation MSE: 0.8206
2026-06-04 13:16:16 [INFO]: Epoch 022 - training loss (MAE): 1.0950, validation MSE: 0.8000
2026-06-04 13:16:17 [INFO]: Epoch 023 - training loss (MAE): 1.0818, validation MSE: 0.7676
2026-06-04 13:16:17 [INFO]: Epoch 024 - training loss (MAE): 1.0767, validation MSE: 0.7406
2026-06-04 13:16:17 [INFO]: Epoch 025 - training loss (MAE): 1.0543, validation MSE: 0.7222
2026-06-04 13:16:17 [INFO]: Epoch 026 - training loss (MAE): 1.0364, validation MSE: 0.7087
2026-06-04 13:16:17 [INFO]: Epoch 027 - training loss (MAE): 1.0443, validation MSE: 0.6921
2026-06-04 13:16:17 [INFO]: Epoch 028 - training loss (MAE): 1.0257, validation MSE: 0.6772
2026-06-04 13:16:17 [INFO]: Epoch 029 - training loss (MAE): 1.0127, validation MSE: 0.6605
2026-06-04 13:16:17 [INFO]: Epoch 030 - training loss (MAE): 1.0013, validation MSE: 0.6409
2026-06-04 13:16:17 [INFO]: Epoch 031 - training loss (MAE): 1.0025, validation MSE: 0.6222
2026-06-04 13:16:17 [INFO]: Epoch 032 - training loss (MAE): 0.9860, validation MSE: 0.6074
2026-06-04 13:16:17 [INFO]: Epoch 033 - training loss (MAE): 0.9738, validation MSE: 0.5974
2026-06-04 13:16:17 [INFO]: Epoch 034 - training loss (MAE): 0.9601, validation MSE: 0.5884
2026-06-04 13:16:17 [INFO]: Epoch 035 - training loss (MAE): 0.9577, validation MSE: 0.5755
2026-06-04 13:16:17 [INFO]: Epoch 036 - training loss (MAE): 0.9501, validation MSE: 0.5601
2026-06-04 13:16:17 [INFO]: Epoch 037 - training loss (MAE): 0.9445, validation MSE: 0.5419
2026-06-04 13:16:17 [INFO]: Epoch 038 - training loss (MAE): 0.9405, validation MSE: 0.5293
2026-06-04 13:16:17 [INFO]: Epoch 039 - training loss (MAE): 0.9250, validation MSE: 0.5205
2026-06-04 13:16:17 [INFO]: Epoch 040 - training loss (MAE): 0.9214, validation MSE: 0.5124
2026-06-04 13:16:17 [INFO]: Epoch 041 - training loss (MAE): 0.9027, validation MSE: 0.5113
2026-06-04 13:16:17 [INFO]: Epoch 042 - training loss (MAE): 0.8990, validation MSE: 0.5074
2026-06-04 13:16:17 [INFO]: Epoch 043 - training loss (MAE): 0.8981, validation MSE: 0.4989
2026-06-04 13:16:17 [INFO]: Epoch 044 - training loss (MAE): 0.8873, validation MSE: 0.4910
2026-06-04 13:16:18 [INFO]: Epoch 045 - training loss (MAE): 0.8941, validation MSE: 0.4817
2026-06-04 13:16:18 [INFO]: Epoch 046 - training loss (MAE): 0.8861, validation MSE: 0.4757
2026-06-04 13:16:18 [INFO]: Epoch 047 - training loss (MAE): 0.8773, validation MSE: 0.4647
2026-06-04 13:16:18 [INFO]: Epoch 048 - training loss (MAE): 0.8733, validation MSE: 0.4442
2026-06-04 13:16:18 [INFO]: Epoch 049 - training loss (MAE): 0.8653, validation MSE: 0.4410
2026-06-04 13:16:18 [INFO]: Epoch 050 - training loss (MAE): 0.8659, validation MSE: 0.4409
2026-06-04 13:16:18 [INFO]: Epoch 051 - training loss (MAE): 0.8554, validation MSE: 0.4379
2026-06-04 13:16:18 [INFO]: Epoch 052 - training loss (MAE): 0.8520, validation MSE: 0.4286
2026-06-04 13:16:18 [INFO]: Epoch 053 - training loss (MAE): 0.8500, validation MSE: 0.4189
2026-06-04 13:16:18 [INFO]: Epoch 054 - training loss (MAE): 0.8508, validation MSE: 0.4196
2026-06-04 13:16:18 [INFO]: Epoch 055 - training loss (MAE): 0.8446, validation MSE: 0.4134
2026-06-04 13:16:18 [INFO]: Epoch 056 - training loss (MAE): 0.8372, validation MSE: 0.4039
2026-06-04 13:16:18 [INFO]: Epoch 057 - training loss (MAE): 0.8348, validation MSE: 0.3988
2026-06-04 13:16:18 [INFO]: Epoch 058 - training loss (MAE): 0.8274, validation MSE: 0.3980
2026-06-04 13:16:18 [INFO]: Epoch 059 - training loss (MAE): 0.8269, validation MSE: 0.3933
2026-06-04 13:16:18 [INFO]: Epoch 060 - training loss (MAE): 0.8206, validation MSE: 0.3848
2026-06-04 13:16:18 [INFO]: Finished training. The best model is from epoch#60.
2026-06-04 13:16:18 [INFO]: Saved the model to output/imputation/cuda/paper_campaign/saits/etth1/mr0.5/seed456/SAITS.pypots
[SAITS] Testing —— MAE: 0.5137| MSE: 0.5657| RMSE: 0.7521| MRE: 0.6041| 
📊 Metrics saved to: output/imputation/cuda/paper_campaign/saits/etth1/mr0.5/seed456/metrics/saits_metrics.json
