2026-06-04 05:18:21 [INFO]: Have set the random seed as 123 for numpy and pytorch.
2026-06-04 05:18:21 [INFO]: You're using dataset electricity_transformer_temperature, please cite it properly in your work. You can find its reference information at the below link: 
https://github.com/WenjieDu/TSDB/tree/main/dataset_profiles/electricity_transformer_temperature
2026-06-04 05:18:21 [INFO]: Dataset electricity_transformer_temperature has already been downloaded. Processing directly...
2026-06-04 05:18:21 [INFO]: Dataset electricity_transformer_temperature has already been cached. Loading from cache directly...
2026-06-04 05:18:21 [INFO]: Loaded successfully!
2026-06-04 05:18:21 [INFO]: months selected as train set are <PeriodArray>
['2016-07', '2016-08', '2016-09', '2016-10', '2016-11', '2016-12', '2017-01',
 '2017-02', '2017-03', '2017-04', '2017-05', '2017-06', '2017-07', '2017-08']
Length: 14, dtype: period[M]
2026-06-04 05:18:21 [INFO]: months selected as val set are <PeriodArray>
['2017-09', '2017-10', '2017-11', '2017-12', '2018-01']
Length: 5, dtype: period[M]
2026-06-04 05:18:21 [INFO]: months selected as test set are <PeriodArray>
['2018-02', '2018-03', '2018-04', '2018-05', '2018-06']
Length: 5, dtype: period[M]
2026-06-04 05:18:21 [INFO]: Total sample number: 725
2026-06-04 05:18:21 [INFO]: Training set size: 427 (58.90%)
2026-06-04 05:18:21 [INFO]: Validation set size: 153 (21.10%)
2026-06-04 05:18:21 [INFO]: Test set size: 145 (20.00%)
2026-06-04 05:18:21 [INFO]: Number of steps: 96
2026-06-04 05:18:21 [INFO]: Number of features: 7
2026-06-04 05:18:21 [INFO]: Train set missing rate: 30.02%
2026-06-04 05:18:21 [INFO]: Validating set missing rate: 30.22%
2026-06-04 05:18:21 [INFO]: Test set missing rate: 29.89%
2026-06-04 05:18:21 [INFO]: 🔥🔥🔥🔥🔥🔥🔥🔥🔥🔥Using device list: ['cuda:0']
2026-06-04 05:18:21 [INFO]: 🔥🔥🔥🔥🔥🔥🔥🔥🔥🔥Using the given device: cuda:0
2026-06-04 05:18:21 [INFO]: Model files will be saved to output/imputation/cuda/paper_campaign/timemixerpp/ettm1/mr0.3/seed123
2026-06-04 05:18:21 [INFO]: Tensorboard file will be saved to output/imputation/cuda/paper_campaign/timemixerpp/ettm1/mr0.3/seed123/tensorboard
2026-06-04 05:18:21 [INFO]: Using customized MAE as the training loss function.
2026-06-04 05:18:21 [INFO]: Using customized MSE as the validation metric function.
2026-06-04 05:18:21 [INFO]: Model placed on cuda:0
2026-06-04 05:18:21 [INFO]: TimeMixerPP initialized with the given hyperparameters.
 ├─ Total parameters: 18,837,061
 ├─ Trainable parameters: 18,832,197
 └─ Trainable ratio: 99.97%
2026-06-04 05:18:35 [INFO]: Epoch 001 - training loss (MAE): 0.6304, validation MSE: 3.6972
2026-06-04 05:18:47 [INFO]: Epoch 002 - training loss (MAE): 0.8591, validation MSE: 0.7181
2026-06-04 05:19:00 [INFO]: Epoch 003 - training loss (MAE): 0.5272, validation MSE: 0.4218
2026-06-04 05:19:12 [INFO]: Epoch 004 - training loss (MAE): 0.4922, validation MSE: 0.5132
2026-06-04 05:19:24 [INFO]: Epoch 005 - training loss (MAE): 0.4791, validation MSE: 0.5952
2026-06-04 05:19:37 [INFO]: Epoch 006 - training loss (MAE): 0.4500, validation MSE: 0.5907
2026-06-04 05:19:49 [INFO]: Epoch 007 - training loss (MAE): 0.4315, validation MSE: 0.4253
2026-06-04 05:20:02 [INFO]: Epoch 008 - training loss (MAE): 0.4081, validation MSE: 0.7056
2026-06-04 05:20:14 [INFO]: Epoch 009 - training loss (MAE): 0.4404, validation MSE: 0.3501
2026-06-04 05:20:27 [INFO]: Epoch 010 - training loss (MAE): 0.4192, validation MSE: 0.4502
2026-06-04 05:20:39 [INFO]: Epoch 011 - training loss (MAE): 0.3740, validation MSE: 0.3564
2026-06-04 05:20:51 [INFO]: Epoch 012 - training loss (MAE): 0.3566, validation MSE: 0.4756
2026-06-04 05:21:04 [INFO]: Epoch 013 - training loss (MAE): 0.3332, validation MSE: 0.3614
2026-06-04 05:21:16 [INFO]: Epoch 014 - training loss (MAE): 0.3240, validation MSE: 0.2671
2026-06-04 05:21:29 [INFO]: Epoch 015 - training loss (MAE): 0.3281, validation MSE: 0.5222
2026-06-04 05:21:42 [INFO]: Epoch 016 - training loss (MAE): 0.3170, validation MSE: 0.2768
2026-06-04 05:21:54 [INFO]: Epoch 017 - training loss (MAE): 0.2809, validation MSE: 0.4896
2026-06-04 05:22:06 [INFO]: Epoch 018 - training loss (MAE): 0.2816, validation MSE: 0.2807
2026-06-04 05:22:19 [INFO]: Epoch 019 - training loss (MAE): 0.2600, validation MSE: 0.3982
2026-06-04 05:22:31 [INFO]: Epoch 020 - training loss (MAE): 0.2445, validation MSE: 0.3166
2026-06-04 05:22:44 [INFO]: Epoch 021 - training loss (MAE): 0.2378, validation MSE: 0.3626
2026-06-04 05:22:56 [INFO]: Epoch 022 - training loss (MAE): 0.2275, validation MSE: 0.2996
2026-06-04 05:23:09 [INFO]: Epoch 023 - training loss (MAE): 0.2098, validation MSE: 0.3827
2026-06-04 05:23:21 [INFO]: Epoch 024 - training loss (MAE): 0.2033, validation MSE: 0.3341
2026-06-04 05:23:34 [INFO]: Epoch 025 - training loss (MAE): 0.2011, validation MSE: 0.3760
2026-06-04 05:23:46 [INFO]: Epoch 026 - training loss (MAE): 0.1991, validation MSE: 0.3291
2026-06-04 05:23:46 [INFO]: Exceeded the training patience. Terminating the training procedure...
2026-06-04 05:23:46 [INFO]: Finished training. The best model is from epoch#14.
2026-06-04 05:23:47 [INFO]: Saved the model to output/imputation/cuda/paper_campaign/timemixerpp/ettm1/mr0.3/seed123/TimeMixerPP.pypots
[34m
████████╗██╗███╗   ███╗███████╗    ███████╗███████╗██████╗ ██╗███████╗███████╗    █████╗ ██╗
╚══██╔══╝██║████╗ ████║██╔════╝    ██╔════╝██╔════╝██╔══██╗██║██╔════╝██╔════╝   ██╔══██╗██║
   ██║   ██║██╔████╔██║█████╗█████╗███████╗█████╗  ██████╔╝██║█████╗  ███████╗   ███████║██║
   ██║   ██║██║╚██╔╝██║██╔══╝╚════╝╚════██║██╔══╝  ██╔══██╗██║██╔══╝  ╚════██║   ██╔══██║██║
   ██║   ██║██║ ╚═╝ ██║███████╗    ███████║███████╗██║  ██║██║███████╗███████║██╗██║  ██║██║
   ╚═╝   ╚═╝╚═╝     ╚═╝╚══════╝    ╚══════╝╚══════╝╚═╝  ╚═╝╚═╝╚══════╝╚══════╝╚═╝╚═╝  ╚═╝╚═╝
ai4ts v0.0.3 - building AI for unified time-series analysis, https://time-series.ai [0m

Use Train GPT: False
Use Lora: False
Use Profiling: False
🚀 Running imputation pipeline for model: timemixerpp
✅ Dataset 'ettm1' with missing rate 0.3 loaded at: /home/Aboya_25R9803/projects/lab/SUN/iPyPOTS/datasets/rate_0.3
🚀 Starting TimeMixer++ training pipeline...
[TimeMixer++] Testing —— MAE: 0.4449| MSE: 0.3845| RMSE: 0.6201| MRE: 0.5224|
📊 Metrics saved to: output/imputation/cuda/paper_campaign/timemixerpp/ettm1/mr0.3/seed123/metrics/timemixerpp_metrics.json
