2026-06-04 09:34:17 [INFO]: Have set the random seed as 456 for numpy and pytorch.
2026-06-04 09:34:18 [INFO]: 🔥🔥🔥🔥🔥🔥🔥🔥🔥🔥Using device list: ['cuda:0']
2026-06-04 09:34:18 [INFO]: 🔥🔥🔥🔥🔥🔥🔥🔥🔥🔥Using the given device: cuda:0
2026-06-04 09:34:19 [INFO]: Model files will be saved to output/imputation/cuda/paper_campaign/tefn/citylearn_zone5/mr0.3/seed456
2026-06-04 09:34:19 [INFO]: Tensorboard file will be saved to output/imputation/cuda/paper_campaign/tefn/citylearn_zone5/mr0.3/seed456/tensorboard
2026-06-04 09:34:19 [INFO]: Using customized MAE as the training loss function.
2026-06-04 09:34:19 [INFO]: Using customized MSE as the validation metric function.
2026-06-04 09:34:19 [INFO]: Model placed on cuda:0
2026-06-04 09:34:19 [INFO]: TEFN initialized with the given hyperparameters.
 ├─ Total parameters: 6,836
 ├─ Trainable parameters: 6,836
 └─ Trainable ratio: 100.00%
2026-06-04 09:34:21 [INFO]: Epoch 001 - training loss (MAE): 8.5626, validation MSE: 25.4260
2026-06-04 09:34:23 [INFO]: Epoch 002 - training loss (MAE): 7.2981, validation MSE: 20.4874
2026-06-04 09:34:25 [INFO]: Epoch 003 - training loss (MAE): 6.4062, validation MSE: 16.6206
2026-06-04 09:34:26 [INFO]: Epoch 004 - training loss (MAE): 5.6041, validation MSE: 13.3746
2026-06-04 09:34:27 [INFO]: Epoch 005 - training loss (MAE): 4.8608, validation MSE: 10.6721
2026-06-04 09:34:29 [INFO]: Epoch 006 - training loss (MAE): 4.1750, validation MSE: 8.4234
2026-06-04 09:34:32 [INFO]: Epoch 007 - training loss (MAE): 3.5457, validation MSE: 6.6032
2026-06-04 09:34:33 [INFO]: Epoch 008 - training loss (MAE): 3.0020, validation MSE: 5.2062
2026-06-04 09:34:34 [INFO]: Epoch 009 - training loss (MAE): 2.5755, validation MSE: 4.2093
2026-06-04 09:34:36 [INFO]: Epoch 010 - training loss (MAE): 2.2582, validation MSE: 3.4799
2026-06-04 09:34:37 [INFO]: Epoch 011 - training loss (MAE): 2.0077, validation MSE: 2.9147
2026-06-04 09:34:38 [INFO]: Epoch 012 - training loss (MAE): 1.7995, validation MSE: 2.4615
2026-06-04 09:34:39 [INFO]: Epoch 013 - training loss (MAE): 1.6214, validation MSE: 2.1131
2026-06-04 09:34:41 [INFO]: Epoch 014 - training loss (MAE): 1.4688, validation MSE: 1.8424
2026-06-04 09:34:42 [INFO]: Epoch 015 - training loss (MAE): 1.3440, validation MSE: 1.6429
2026-06-04 09:34:43 [INFO]: Epoch 016 - training loss (MAE): 1.2470, validation MSE: 1.4970
2026-06-04 09:34:44 [INFO]: Epoch 017 - training loss (MAE): 1.1735, validation MSE: 1.3846
2026-06-04 09:34:46 [INFO]: Epoch 018 - training loss (MAE): 1.1143, validation MSE: 1.2904
2026-06-04 09:34:47 [INFO]: Epoch 019 - training loss (MAE): 1.0668, validation MSE: 1.2230
2026-06-04 09:34:49 [INFO]: Epoch 020 - training loss (MAE): 1.0284, validation MSE: 1.1583
2026-06-04 09:34:50 [INFO]: Epoch 021 - training loss (MAE): 0.9938, validation MSE: 1.1051
2026-06-04 09:34:51 [INFO]: Epoch 022 - training loss (MAE): 0.9643, validation MSE: 1.0619
2026-06-04 09:34:53 [INFO]: Epoch 023 - training loss (MAE): 0.9373, validation MSE: 1.0196
2026-06-04 09:34:55 [INFO]: Epoch 024 - training loss (MAE): 0.9139, validation MSE: 0.9890
2026-06-04 09:34:57 [INFO]: Epoch 025 - training loss (MAE): 0.8925, validation MSE: 0.9599
2026-06-04 09:34:59 [INFO]: Epoch 026 - training loss (MAE): 0.8731, validation MSE: 0.9300
2026-06-04 09:35:03 [INFO]: Epoch 027 - training loss (MAE): 0.8565, validation MSE: 0.9211
2026-06-04 09:35:07 [INFO]: Epoch 028 - training loss (MAE): 0.8409, validation MSE: 0.8995
2026-06-04 09:35:11 [INFO]: Epoch 029 - training loss (MAE): 0.8274, validation MSE: 0.8798
2026-06-04 09:35:13 [INFO]: Epoch 030 - training loss (MAE): 0.8157, validation MSE: 0.8769
2026-06-04 09:35:14 [INFO]: Epoch 031 - training loss (MAE): 0.8041, validation MSE: 0.8624
2026-06-04 09:35:16 [INFO]: Epoch 032 - training loss (MAE): 0.7942, validation MSE: 0.8607
2026-06-04 09:35:18 [INFO]: Epoch 033 - training loss (MAE): 0.7857, validation MSE: 0.8482
2026-06-04 09:35:20 [INFO]: Epoch 034 - training loss (MAE): 0.7767, validation MSE: 0.8501
2026-06-04 09:35:21 [INFO]: Epoch 035 - training loss (MAE): 0.7694, validation MSE: 0.8399
2026-06-04 09:35:24 [INFO]: Epoch 036 - training loss (MAE): 0.7631, validation MSE: 0.8377
2026-06-04 09:35:26 [INFO]: Epoch 037 - training loss (MAE): 0.7571, validation MSE: 0.8321
2026-06-04 09:35:28 [INFO]: Epoch 038 - training loss (MAE): 0.7515, validation MSE: 0.8254
2026-06-04 09:35:30 [INFO]: Epoch 039 - training loss (MAE): 0.7468, validation MSE: 0.8164
2026-06-04 09:35:35 [INFO]: Epoch 040 - training loss (MAE): 0.7424, validation MSE: 0.8086
2026-06-04 09:35:38 [INFO]: Epoch 041 - training loss (MAE): 0.7381, validation MSE: 0.8138
2026-06-04 09:35:40 [INFO]: Epoch 042 - training loss (MAE): 0.7340, validation MSE: 0.8056
2026-06-04 09:35:41 [INFO]: Epoch 043 - training loss (MAE): 0.7303, validation MSE: 0.8060
2026-06-04 09:35:43 [INFO]: Epoch 044 - training loss (MAE): 0.7278, validation MSE: 0.8014
2026-06-04 09:35:45 [INFO]: Epoch 045 - training loss (MAE): 0.7252, validation MSE: 0.7944
2026-06-04 09:35:47 [INFO]: Epoch 046 - training loss (MAE): 0.7224, validation MSE: 0.7923
2026-06-04 09:35:48 [INFO]: Epoch 047 - training loss (MAE): 0.7192, validation MSE: 0.7956
2026-06-04 09:35:49 [INFO]: Epoch 048 - training loss (MAE): 0.7173, validation MSE: 0.7930
2026-06-04 09:35:51 [INFO]: Epoch 049 - training loss (MAE): 0.7154, validation MSE: 0.7903
2026-06-04 09:35:53 [INFO]: Epoch 050 - training loss (MAE): 0.7132, validation MSE: 0.7911
2026-06-04 09:35:55 [INFO]: Epoch 051 - training loss (MAE): 0.7121, validation MSE: 0.7902
2026-06-04 09:35:58 [INFO]: Epoch 052 - training loss (MAE): 0.7105, validation MSE: 0.7881
2026-06-04 09:36:00 [INFO]: Epoch 053 - training loss (MAE): 0.7087, validation MSE: 0.7902
2026-06-04 09:36:03 [INFO]: Epoch 054 - training loss (MAE): 0.7069, validation MSE: 0.7896
2026-06-04 09:36:04 [INFO]: Epoch 055 - training loss (MAE): 0.7065, validation MSE: 0.7876
2026-06-04 09:36:06 [INFO]: Epoch 056 - training loss (MAE): 0.7057, validation MSE: 0.7864
2026-06-04 09:36:08 [INFO]: Epoch 057 - training loss (MAE): 0.7043, validation MSE: 0.7862
2026-06-04 09:36:09 [INFO]: Epoch 058 - training loss (MAE): 0.7036, validation MSE: 0.7846
2026-06-04 09:36:11 [INFO]: Epoch 059 - training loss (MAE): 0.7022, validation MSE: 0.7817
2026-06-04 09:36:13 [INFO]: Epoch 060 - training loss (MAE): 0.7021, validation MSE: 0.7837
2026-06-04 09:36:13 [INFO]: Finished training. The best model is from epoch#59.
2026-06-04 09:36:13 [INFO]: Saved the model to output/imputation/cuda/paper_campaign/tefn/citylearn_zone5/mr0.3/seed456/TEFN.pypots
[34m
████████╗██╗███╗   ███╗███████╗    ███████╗███████╗██████╗ ██╗███████╗███████╗    █████╗ ██╗
╚══██╔══╝██║████╗ ████║██╔════╝    ██╔════╝██╔════╝██╔══██╗██║██╔════╝██╔════╝   ██╔══██╗██║
   ██║   ██║██╔████╔██║█████╗█████╗███████╗█████╗  ██████╔╝██║█████╗  ███████╗   ███████║██║
   ██║   ██║██║╚██╔╝██║██╔══╝╚════╝╚════██║██╔══╝  ██╔══██╗██║██╔══╝  ╚════██║   ██╔══██║██║
   ██║   ██║██║ ╚═╝ ██║███████╗    ███████║███████╗██║  ██║██║███████╗███████║██╗██║  ██║██║
   ╚═╝   ╚═╝╚═╝     ╚═╝╚══════╝    ╚══════╝╚══════╝╚═╝  ╚═╝╚═╝╚══════╝╚══════╝╚═╝╚═╝  ╚═╝╚═╝
ai4ts v0.0.3 - building AI for unified time-series analysis, https://time-series.ai [0m

Use Train GPT: False
Use Lora: False
Use Profiling: False
🚀 Running imputation pipeline for model: tefn
✅ Dataset 'citylearn_zone5' with missing rate 0.3 loaded at: /home/Aboya_25R9803/projects/lab/SUN/iPyPOTS/datasets/rate_0.3
🚀 Starting TEFN training pipeline...
[TEFN] Testing —— MAE: 0.5256| MSE: 0.5535| RMSE: 0.7439| MRE: 0.6458| 
📊 Metrics saved to: output/imputation/cuda/paper_campaign/tefn/citylearn_zone5/mr0.3/seed456/metrics/tefn_metrics.json
