2026-06-04 07:54:21 [INFO]: Have set the random seed as 456 for numpy and pytorch.
2026-06-04 07:54:22 [INFO]: 🔥🔥🔥🔥🔥🔥🔥🔥🔥🔥Using device list: ['cuda:0']
2026-06-04 07:54:22 [INFO]: 🔥🔥🔥🔥🔥🔥🔥🔥🔥🔥Using the given device: cuda:0
2026-06-04 07:54:22 [INFO]: Model files will be saved to output/imputation/cuda/paper_campaign/saits/appliances_energy/mr0.1/seed456
2026-06-04 07:54:22 [INFO]: Tensorboard file will be saved to output/imputation/cuda/paper_campaign/saits/appliances_energy/mr0.1/seed456/tensorboard
2026-06-04 07:54:22 [INFO]: Using customized MAE as the training loss function.
2026-06-04 07:54:22 [INFO]: Using customized MSE as the validation metric function.
2026-06-04 07:54:22 [INFO]: SAITS initialized with the given hyperparameters.
 ├─ Total parameters: 149,760
 ├─ Trainable parameters: 149,760
 └─ Trainable ratio: 100.00%
2026-06-04 07:54:22 [INFO]: Model placed on cuda:0
2026-06-04 07:54:24 [INFO]: Epoch 001 - training loss (MAE): 1.4212, validation MSE: 0.5885
2026-06-04 07:54:26 [INFO]: Epoch 002 - training loss (MAE): 1.1507, validation MSE: 0.4583
2026-06-04 07:54:27 [INFO]: Epoch 003 - training loss (MAE): 0.9946, validation MSE: 0.3919
2026-06-04 07:54:28 [INFO]: Epoch 004 - training loss (MAE): 0.8733, validation MSE: 0.3258
2026-06-04 07:54:30 [INFO]: Epoch 005 - training loss (MAE): 0.7734, validation MSE: 0.2750
2026-06-04 07:54:31 [INFO]: Epoch 006 - training loss (MAE): 0.6975, validation MSE: 0.2355
2026-06-04 07:54:32 [INFO]: Epoch 007 - training loss (MAE): 0.6418, validation MSE: 0.2170
2026-06-04 07:54:33 [INFO]: Epoch 008 - training loss (MAE): 0.5984, validation MSE: 0.1990
2026-06-04 07:54:35 [INFO]: Epoch 009 - training loss (MAE): 0.5626, validation MSE: 0.1876
2026-06-04 07:54:36 [INFO]: Epoch 010 - training loss (MAE): 0.5343, validation MSE: 0.1740
2026-06-04 07:54:37 [INFO]: Epoch 011 - training loss (MAE): 0.5099, validation MSE: 0.1645
2026-06-04 07:54:38 [INFO]: Epoch 012 - training loss (MAE): 0.4908, validation MSE: 0.1578
2026-06-04 07:54:40 [INFO]: Epoch 013 - training loss (MAE): 0.4749, validation MSE: 0.1510
2026-06-04 07:54:41 [INFO]: Epoch 014 - training loss (MAE): 0.4621, validation MSE: 0.1464
2026-06-04 07:54:42 [INFO]: Epoch 015 - training loss (MAE): 0.4506, validation MSE: 0.1387
2026-06-04 07:54:43 [INFO]: Epoch 016 - training loss (MAE): 0.4398, validation MSE: 0.1350
2026-06-04 07:54:45 [INFO]: Epoch 017 - training loss (MAE): 0.4307, validation MSE: 0.1312
2026-06-04 07:54:46 [INFO]: Epoch 018 - training loss (MAE): 0.4230, validation MSE: 0.1278
2026-06-04 07:54:47 [INFO]: Epoch 019 - training loss (MAE): 0.4142, validation MSE: 0.1257
2026-06-04 07:54:49 [INFO]: Epoch 020 - training loss (MAE): 0.4077, validation MSE: 0.1224
2026-06-04 07:54:50 [INFO]: Epoch 021 - training loss (MAE): 0.4002, validation MSE: 0.1212
2026-06-04 07:54:51 [INFO]: Epoch 022 - training loss (MAE): 0.3935, validation MSE: 0.1176
2026-06-04 07:54:52 [INFO]: Epoch 023 - training loss (MAE): 0.3871, validation MSE: 0.1179
2026-06-04 07:54:54 [INFO]: Epoch 024 - training loss (MAE): 0.3820, validation MSE: 0.1151
2026-06-04 07:54:55 [INFO]: Epoch 025 - training loss (MAE): 0.3753, validation MSE: 0.1120
2026-06-04 07:54:56 [INFO]: Epoch 026 - training loss (MAE): 0.3687, validation MSE: 0.1103
2026-06-04 07:54:58 [INFO]: Epoch 027 - training loss (MAE): 0.3633, validation MSE: 0.1089
2026-06-04 07:54:59 [INFO]: Epoch 028 - training loss (MAE): 0.3590, validation MSE: 0.1078
2026-06-04 07:55:00 [INFO]: Epoch 029 - training loss (MAE): 0.3539, validation MSE: 0.1046
2026-06-04 07:55:01 [INFO]: Epoch 030 - training loss (MAE): 0.3504, validation MSE: 0.1034
2026-06-04 07:55:02 [INFO]: Epoch 031 - training loss (MAE): 0.3461, validation MSE: 0.1022
2026-06-04 07:55:03 [INFO]: Epoch 032 - training loss (MAE): 0.3431, validation MSE: 0.1011
2026-06-04 07:55:04 [INFO]: Epoch 033 - training loss (MAE): 0.3406, validation MSE: 0.1002
2026-06-04 07:55:05 [INFO]: Epoch 034 - training loss (MAE): 0.3369, validation MSE: 0.0984
2026-06-04 07:55:06 [INFO]: Epoch 035 - training loss (MAE): 0.3345, validation MSE: 0.0974
2026-06-04 07:55:07 [INFO]: Epoch 036 - training loss (MAE): 0.3305, validation MSE: 0.0965
2026-06-04 07:55:08 [INFO]: Epoch 037 - training loss (MAE): 0.3290, validation MSE: 0.0968
2026-06-04 07:55:09 [INFO]: Epoch 038 - training loss (MAE): 0.3269, validation MSE: 0.0953
2026-06-04 07:55:10 [INFO]: Epoch 039 - training loss (MAE): 0.3240, validation MSE: 0.0950
2026-06-04 07:55:11 [INFO]: Epoch 040 - training loss (MAE): 0.3224, validation MSE: 0.0922
2026-06-04 07:55:12 [INFO]: Epoch 041 - training loss (MAE): 0.3200, validation MSE: 0.0936
2026-06-04 07:55:13 [INFO]: Epoch 042 - training loss (MAE): 0.3170, validation MSE: 0.0915
2026-06-04 07:55:14 [INFO]: Epoch 043 - training loss (MAE): 0.3156, validation MSE: 0.0898
2026-06-04 07:55:15 [INFO]: Epoch 044 - training loss (MAE): 0.3142, validation MSE: 0.0892
2026-06-04 07:55:16 [INFO]: Epoch 045 - training loss (MAE): 0.3124, validation MSE: 0.0903
2026-06-04 07:55:17 [INFO]: Epoch 046 - training loss (MAE): 0.3103, validation MSE: 0.0890
2026-06-04 07:55:18 [INFO]: Epoch 047 - training loss (MAE): 0.3093, validation MSE: 0.0881
2026-06-04 07:55:19 [INFO]: Epoch 048 - training loss (MAE): 0.3067, validation MSE: 0.0879
2026-06-04 07:55:20 [INFO]: Epoch 049 - training loss (MAE): 0.3053, validation MSE: 0.0871
2026-06-04 07:55:21 [INFO]: Epoch 050 - training loss (MAE): 0.3036, validation MSE: 0.0868
2026-06-04 07:55:22 [INFO]: Epoch 051 - training loss (MAE): 0.3020, validation MSE: 0.0851
2026-06-04 07:55:23 [INFO]: Epoch 052 - training loss (MAE): 0.3007, validation MSE: 0.0849
2026-06-04 07:55:24 [INFO]: Epoch 053 - training loss (MAE): 0.2984, validation MSE: 0.0847
2026-06-04 07:55:25 [INFO]: Epoch 054 - training loss (MAE): 0.2981, validation MSE: 0.0842
2026-06-04 07:55:26 [INFO]: Epoch 055 - training loss (MAE): 0.2968, validation MSE: 0.0830
2026-06-04 07:55:27 [INFO]: Epoch 056 - training loss (MAE): 0.2968, validation MSE: 0.0832
2026-06-04 07:55:28 [INFO]: Epoch 057 - training loss (MAE): 0.2940, validation MSE: 0.0831
2026-06-04 07:55:29 [INFO]: Epoch 058 - training loss (MAE): 0.2934, validation MSE: 0.0830
2026-06-04 07:55:30 [INFO]: Epoch 059 - training loss (MAE): 0.2915, validation MSE: 0.0820
2026-06-04 07:55:31 [INFO]: Epoch 060 - training loss (MAE): 0.2908, validation MSE: 0.0824
2026-06-04 07:55:31 [INFO]: Finished training. The best model is from epoch#59.
2026-06-04 07:55:31 [INFO]: Saved the model to output/imputation/cuda/paper_campaign/saits/appliances_energy/mr0.1/seed456/SAITS.pypots
[34m
████████╗██╗███╗   ███╗███████╗    ███████╗███████╗██████╗ ██╗███████╗███████╗    █████╗ ██╗
╚══██╔══╝██║████╗ ████║██╔════╝    ██╔════╝██╔════╝██╔══██╗██║██╔════╝██╔════╝   ██╔══██╗██║
   ██║   ██║██╔████╔██║█████╗█████╗███████╗█████╗  ██████╔╝██║█████╗  ███████╗   ███████║██║
   ██║   ██║██║╚██╔╝██║██╔══╝╚════╝╚════██║██╔══╝  ██╔══██╗██║██╔══╝  ╚════██║   ██╔══██║██║
   ██║   ██║██║ ╚═╝ ██║███████╗    ███████║███████╗██║  ██║██║███████╗███████║██╗██║  ██║██║
   ╚═╝   ╚═╝╚═╝     ╚═╝╚══════╝    ╚══════╝╚══════╝╚═╝  ╚═╝╚═╝╚══════╝╚══════╝╚═╝╚═╝  ╚═╝╚═╝
ai4ts v0.0.3 - building AI for unified time-series analysis, https://time-series.ai [0m

Use Train GPT: False
Use Lora: False
Use Profiling: False
🚀 Running imputation pipeline for model: saits
✅ Dataset 'appliances_energy' with missing rate 0.1 loaded at: /home/Aboya_25R9803/projects/lab/SUN/iPyPOTS/datasets/rate_0.1
🚀 Starting SAITS training pipeline...
[SAITS] Testing —— MAE: 0.3365| MSE: 0.2230| RMSE: 0.4723| MRE: 0.3346| 
📊 Metrics saved to: output/imputation/cuda/paper_campaign/saits/appliances_energy/mr0.1/seed456/metrics/saits_metrics.json
