2026-06-04 05:51:14 [INFO]: Have set the random seed as 123 for numpy and pytorch.
2026-06-04 05:51:14 [INFO]: You're using dataset electricity_transformer_temperature, please cite it properly in your work. You can find its reference information at the below link: 
https://github.com/WenjieDu/TSDB/tree/main/dataset_profiles/electricity_transformer_temperature
2026-06-04 05:51:14 [INFO]: Dataset electricity_transformer_temperature has already been downloaded. Processing directly...
2026-06-04 05:51:14 [INFO]: Dataset electricity_transformer_temperature has already been cached. Loading from cache directly...
2026-06-04 05:51:14 [INFO]: Loaded successfully!
2026-06-04 05:51:14 [INFO]: months selected as train set are <PeriodArray>
['2016-07', '2016-08', '2016-09', '2016-10', '2016-11', '2016-12', '2017-01',
 '2017-02', '2017-03', '2017-04', '2017-05', '2017-06', '2017-07', '2017-08']
Length: 14, dtype: period[M]
2026-06-04 05:51:14 [INFO]: months selected as val set are <PeriodArray>
['2017-09', '2017-10', '2017-11', '2017-12', '2018-01']
Length: 5, dtype: period[M]
2026-06-04 05:51:14 [INFO]: months selected as test set are <PeriodArray>
['2018-02', '2018-03', '2018-04', '2018-05', '2018-06']
Length: 5, dtype: period[M]
2026-06-04 05:51:14 [INFO]: Total sample number: 725
2026-06-04 05:51:14 [INFO]: Training set size: 427 (58.90%)
2026-06-04 05:51:14 [INFO]: Validation set size: 153 (21.10%)
2026-06-04 05:51:14 [INFO]: Test set size: 145 (20.00%)
2026-06-04 05:51:14 [INFO]: Number of steps: 96
2026-06-04 05:51:14 [INFO]: Number of features: 7
2026-06-04 05:51:14 [INFO]: Train set missing rate: 9.95%
2026-06-04 05:51:14 [INFO]: Validating set missing rate: 9.96%
2026-06-04 05:51:14 [INFO]: Test set missing rate: 9.91%
2026-06-04 05:51:14 [INFO]: 🔥🔥🔥🔥🔥🔥🔥🔥🔥🔥Using device list: ['cuda:0']
2026-06-04 05:51:14 [INFO]: 🔥🔥🔥🔥🔥🔥🔥🔥🔥🔥Using the given device: cuda:0
2026-06-04 05:51:15 [INFO]: Model files will be saved to output/imputation/cuda/paper_campaign/tslanet/ettm1/mr0.1/seed123
2026-06-04 05:51:15 [INFO]: Tensorboard file will be saved to output/imputation/cuda/paper_campaign/tslanet/ettm1/mr0.1/seed123/tensorboard
2026-06-04 05:51:15 [INFO]: Model placed on cuda:0
2026-06-04 05:51:15 [INFO]: TSLANet initialized with the given hyperparameters.
 ├─ Total parameters: 217,890
 ├─ Trainable parameters: 217,890
 └─ Trainable ratio: 100.00%
2026-06-04 05:51:15 [INFO]: Epoch 001 - training loss (default): 0.2772, validation loss: 0.1803
2026-06-04 05:51:15 [INFO]: Epoch 002 - training loss (default): 0.1783, validation loss: 0.1302
2026-06-04 05:51:16 [INFO]: Epoch 003 - training loss (default): 0.1343, validation loss: 0.1042
2026-06-04 05:51:16 [INFO]: Epoch 004 - training loss (default): 0.1107, validation loss: 0.0922
2026-06-04 05:51:16 [INFO]: Epoch 005 - training loss (default): 0.0942, validation loss: 0.0776
2026-06-04 05:51:16 [INFO]: Epoch 006 - training loss (default): 0.0867, validation loss: 0.0737
2026-06-04 05:51:16 [INFO]: Epoch 007 - training loss (default): 0.0749, validation loss: 0.0632
2026-06-04 05:51:16 [INFO]: Epoch 008 - training loss (default): 0.0691, validation loss: 0.0557
2026-06-04 05:51:16 [INFO]: Epoch 009 - training loss (default): 0.0631, validation loss: 0.0558
2026-06-04 05:51:16 [INFO]: Epoch 010 - training loss (default): 0.0557, validation loss: 0.0494
2026-06-04 05:51:16 [INFO]: Epoch 011 - training loss (default): 0.0531, validation loss: 0.0467
2026-06-04 05:51:16 [INFO]: Epoch 012 - training loss (default): 0.0495, validation loss: 0.0449
2026-06-04 05:51:17 [INFO]: Epoch 013 - training loss (default): 0.0468, validation loss: 0.0430
2026-06-04 05:51:17 [INFO]: Epoch 014 - training loss (default): 0.0419, validation loss: 0.0378
2026-06-04 05:51:17 [INFO]: Epoch 015 - training loss (default): 0.0416, validation loss: 0.0366
2026-06-04 05:51:17 [INFO]: Epoch 016 - training loss (default): 0.0385, validation loss: 0.0358
2026-06-04 05:51:17 [INFO]: Epoch 017 - training loss (default): 0.0378, validation loss: 0.0330
2026-06-04 05:51:17 [INFO]: Epoch 018 - training loss (default): 0.0345, validation loss: 0.0307
2026-06-04 05:51:18 [INFO]: Epoch 019 - training loss (default): 0.0350, validation loss: 0.0288
2026-06-04 05:51:18 [INFO]: Epoch 020 - training loss (default): 0.0327, validation loss: 0.0285
2026-06-04 05:51:18 [INFO]: Epoch 021 - training loss (default): 0.0310, validation loss: 0.0275
2026-06-04 05:51:18 [INFO]: Epoch 022 - training loss (default): 0.0303, validation loss: 0.0256
2026-06-04 05:51:18 [INFO]: Epoch 023 - training loss (default): 0.0284, validation loss: 0.0245
2026-06-04 05:51:19 [INFO]: Epoch 024 - training loss (default): 0.0270, validation loss: 0.0253
2026-06-04 05:51:19 [INFO]: Epoch 025 - training loss (default): 0.0261, validation loss: 0.0227
2026-06-04 05:51:19 [INFO]: Epoch 026 - training loss (default): 0.0260, validation loss: 0.0228
2026-06-04 05:51:19 [INFO]: Epoch 027 - training loss (default): 0.0240, validation loss: 0.0221
2026-06-04 05:51:19 [INFO]: Epoch 028 - training loss (default): 0.0235, validation loss: 0.0206
2026-06-04 05:51:19 [INFO]: Epoch 029 - training loss (default): 0.0225, validation loss: 0.0208
2026-06-04 05:51:19 [INFO]: Epoch 030 - training loss (default): 0.0222, validation loss: 0.0199
2026-06-04 05:51:19 [INFO]: Epoch 031 - training loss (default): 0.0217, validation loss: 0.0192
2026-06-04 05:51:20 [INFO]: Epoch 032 - training loss (default): 0.0209, validation loss: 0.0165
2026-06-04 05:51:20 [INFO]: Epoch 033 - training loss (default): 0.0199, validation loss: 0.0172
2026-06-04 05:51:20 [INFO]: Epoch 034 - training loss (default): 0.0186, validation loss: 0.0159
2026-06-04 05:51:20 [INFO]: Epoch 035 - training loss (default): 0.0195, validation loss: 0.0153
2026-06-04 05:51:20 [INFO]: Epoch 036 - training loss (default): 0.0183, validation loss: 0.0153
2026-06-04 05:51:20 [INFO]: Epoch 037 - training loss (default): 0.0172, validation loss: 0.0157
2026-06-04 05:51:20 [INFO]: Epoch 038 - training loss (default): 0.0170, validation loss: 0.0157
2026-06-04 05:51:20 [INFO]: Epoch 039 - training loss (default): 0.0171, validation loss: 0.0128
2026-06-04 05:51:20 [INFO]: Epoch 040 - training loss (default): 0.0169, validation loss: 0.0136
2026-06-04 05:51:20 [INFO]: Epoch 041 - training loss (default): 0.0166, validation loss: 0.0137
2026-06-04 05:51:20 [INFO]: Epoch 042 - training loss (default): 0.0161, validation loss: 0.0135
2026-06-04 05:51:20 [INFO]: Epoch 043 - training loss (default): 0.0160, validation loss: 0.0132
2026-06-04 05:51:20 [INFO]: Epoch 044 - training loss (default): 0.0164, validation loss: 0.0125
2026-06-04 05:51:20 [INFO]: Epoch 045 - training loss (default): 0.0149, validation loss: 0.0124
2026-06-04 05:51:20 [INFO]: Epoch 046 - training loss (default): 0.0142, validation loss: 0.0125
2026-06-04 05:51:21 [INFO]: Epoch 047 - training loss (default): 0.0145, validation loss: 0.0116
2026-06-04 05:51:21 [INFO]: Epoch 048 - training loss (default): 0.0133, validation loss: 0.0123
2026-06-04 05:51:21 [INFO]: Epoch 049 - training loss (default): 0.0133, validation loss: 0.0119
2026-06-04 05:51:21 [INFO]: Epoch 050 - training loss (default): 0.0136, validation loss: 0.0112
2026-06-04 05:51:21 [INFO]: Epoch 051 - training loss (default): 0.0133, validation loss: 0.0107
2026-06-04 05:51:21 [INFO]: Epoch 052 - training loss (default): 0.0132, validation loss: 0.0108
2026-06-04 05:51:21 [INFO]: Epoch 053 - training loss (default): 0.0127, validation loss: 0.0120
2026-06-04 05:51:21 [INFO]: Epoch 054 - training loss (default): 0.0129, validation loss: 0.0113
2026-06-04 05:51:21 [INFO]: Epoch 055 - training loss (default): 0.0127, validation loss: 0.0111
2026-06-04 05:51:21 [INFO]: Epoch 056 - training loss (default): 0.0122, validation loss: 0.0095
2026-06-04 05:51:21 [INFO]: Epoch 057 - training loss (default): 0.0124, validation loss: 0.0102
2026-06-04 05:51:21 [INFO]: Epoch 058 - training loss (default): 0.0115, validation loss: 0.0097
2026-06-04 05:51:21 [INFO]: Epoch 059 - training loss (default): 0.0122, validation loss: 0.0110
2026-06-04 05:51:21 [INFO]: Epoch 060 - training loss (default): 0.0116, validation loss: 0.0095
2026-06-04 05:51:21 [INFO]: Finished training. The best model is from epoch#60.
2026-06-04 05:51:21 [INFO]: Saved the model to output/imputation/cuda/paper_campaign/tslanet/ettm1/mr0.1/seed123/TSLANet.pypots
[34m
████████╗██╗███╗   ███╗███████╗    ███████╗███████╗██████╗ ██╗███████╗███████╗    █████╗ ██╗
╚══██╔══╝██║████╗ ████║██╔════╝    ██╔════╝██╔════╝██╔══██╗██║██╔════╝██╔════╝   ██╔══██╗██║
   ██║   ██║██╔████╔██║█████╗█████╗███████╗█████╗  ██████╔╝██║█████╗  ███████╗   ███████║██║
   ██║   ██║██║╚██╔╝██║██╔══╝╚════╝╚════██║██╔══╝  ██╔══██╗██║██╔══╝  ╚════██║   ██╔══██║██║
   ██║   ██║██║ ╚═╝ ██║███████╗    ███████║███████╗██║  ██║██║███████╗███████║██╗██║  ██║██║
   ╚═╝   ╚═╝╚═╝     ╚═╝╚══════╝    ╚══════╝╚══════╝╚═╝  ╚═╝╚═╝╚══════╝╚══════╝╚═╝╚═╝  ╚═╝╚═╝
ai4ts v0.0.3 - building AI for unified time-series analysis, https://time-series.ai [0m

Use Train GPT: False
Use Lora: False
Use Profiling: False
🚀 Running imputation pipeline for model: tslanet
✅ Dataset 'ettm1' with missing rate 0.1 loaded at: /home/Aboya_25R9803/projects/lab/SUN/iPyPOTS/datasets/rate_0.1
🚀 Starting TSLANet training pipeline...
[TSLANet] Testing —— MAE: 0.8798| MSE: 1.3602| RMSE: 1.1663| MRE: 1.0416| 
📊 Metrics saved to: output/imputation/cuda/paper_campaign/tslanet/ettm1/mr0.1/seed123/metrics/tslanet_metrics.json
