2026-06-04 09:41:52 [INFO]: Have set the random seed as 456 for numpy and pytorch.
2026-06-04 09:41:53 [INFO]: 🔥🔥🔥🔥🔥🔥🔥🔥🔥🔥Using device list: ['cuda:0']
2026-06-04 09:41:53 [INFO]: 🔥🔥🔥🔥🔥🔥🔥🔥🔥🔥Using the given device: cuda:0
2026-06-04 09:41:54 [INFO]: Model files will be saved to output/imputation/cuda/paper_campaign/tefn/citylearn_zone5/mr0.5/seed456
2026-06-04 09:41:54 [INFO]: Tensorboard file will be saved to output/imputation/cuda/paper_campaign/tefn/citylearn_zone5/mr0.5/seed456/tensorboard
2026-06-04 09:41:54 [INFO]: Using customized MAE as the training loss function.
2026-06-04 09:41:54 [INFO]: Using customized MSE as the validation metric function.
2026-06-04 09:41:54 [INFO]: Model placed on cuda:0
2026-06-04 09:41:54 [INFO]: TEFN initialized with the given hyperparameters.
 ├─ Total parameters: 6,836
 ├─ Trainable parameters: 6,836
 └─ Trainable ratio: 100.00%
2026-06-04 09:41:56 [INFO]: Epoch 001 - training loss (MAE): 8.5626, validation MSE: 25.5807
2026-06-04 09:41:58 [INFO]: Epoch 002 - training loss (MAE): 7.2981, validation MSE: 20.7748
2026-06-04 09:41:59 [INFO]: Epoch 003 - training loss (MAE): 6.4062, validation MSE: 17.0060
2026-06-04 09:42:00 [INFO]: Epoch 004 - training loss (MAE): 5.6041, validation MSE: 13.8383
2026-06-04 09:42:02 [INFO]: Epoch 005 - training loss (MAE): 4.8608, validation MSE: 11.1677
2026-06-04 09:42:03 [INFO]: Epoch 006 - training loss (MAE): 4.1750, validation MSE: 8.9317
2026-06-04 09:42:04 [INFO]: Epoch 007 - training loss (MAE): 3.5457, validation MSE: 7.1097
2026-06-04 09:42:07 [INFO]: Epoch 008 - training loss (MAE): 3.0020, validation MSE: 5.7437
2026-06-04 09:42:08 [INFO]: Epoch 009 - training loss (MAE): 2.5755, validation MSE: 4.7690
2026-06-04 09:42:10 [INFO]: Epoch 010 - training loss (MAE): 2.2582, validation MSE: 4.0524
2026-06-04 09:42:12 [INFO]: Epoch 011 - training loss (MAE): 2.0077, validation MSE: 3.4956
2026-06-04 09:42:14 [INFO]: Epoch 012 - training loss (MAE): 1.7995, validation MSE: 3.0306
2026-06-04 09:42:16 [INFO]: Epoch 013 - training loss (MAE): 1.6214, validation MSE: 2.6684
2026-06-04 09:42:19 [INFO]: Epoch 014 - training loss (MAE): 1.4688, validation MSE: 2.3747
2026-06-04 09:42:21 [INFO]: Epoch 015 - training loss (MAE): 1.3440, validation MSE: 2.1500
2026-06-04 09:42:23 [INFO]: Epoch 016 - training loss (MAE): 1.2470, validation MSE: 1.9771
2026-06-04 09:42:26 [INFO]: Epoch 017 - training loss (MAE): 1.1735, validation MSE: 1.8328
2026-06-04 09:42:27 [INFO]: Epoch 018 - training loss (MAE): 1.1143, validation MSE: 1.7022
2026-06-04 09:42:29 [INFO]: Epoch 019 - training loss (MAE): 1.0668, validation MSE: 1.6025
2026-06-04 09:42:31 [INFO]: Epoch 020 - training loss (MAE): 1.0284, validation MSE: 1.5035
2026-06-04 09:42:33 [INFO]: Epoch 021 - training loss (MAE): 0.9938, validation MSE: 1.4214
2026-06-04 09:42:35 [INFO]: Epoch 022 - training loss (MAE): 0.9643, validation MSE: 1.3522
2026-06-04 09:42:37 [INFO]: Epoch 023 - training loss (MAE): 0.9373, validation MSE: 1.2844
2026-06-04 09:42:39 [INFO]: Epoch 024 - training loss (MAE): 0.9139, validation MSE: 1.2319
2026-06-04 09:42:41 [INFO]: Epoch 025 - training loss (MAE): 0.8925, validation MSE: 1.1840
2026-06-04 09:42:45 [INFO]: Epoch 026 - training loss (MAE): 0.8731, validation MSE: 1.1398
2026-06-04 09:42:46 [INFO]: Epoch 027 - training loss (MAE): 0.8565, validation MSE: 1.1172
2026-06-04 09:42:48 [INFO]: Epoch 028 - training loss (MAE): 0.8409, validation MSE: 1.0849
2026-06-04 09:42:52 [INFO]: Epoch 029 - training loss (MAE): 0.8274, validation MSE: 1.0565
2026-06-04 09:42:54 [INFO]: Epoch 030 - training loss (MAE): 0.8157, validation MSE: 1.0429
2026-06-04 09:42:56 [INFO]: Epoch 031 - training loss (MAE): 0.8041, validation MSE: 1.0213
2026-06-04 09:42:58 [INFO]: Epoch 032 - training loss (MAE): 0.7942, validation MSE: 1.0132
2026-06-04 09:42:59 [INFO]: Epoch 033 - training loss (MAE): 0.7857, validation MSE: 0.9969
2026-06-04 09:43:01 [INFO]: Epoch 034 - training loss (MAE): 0.7767, validation MSE: 0.9935
2026-06-04 09:43:02 [INFO]: Epoch 035 - training loss (MAE): 0.7694, validation MSE: 0.9792
2026-06-04 09:43:03 [INFO]: Epoch 036 - training loss (MAE): 0.7631, validation MSE: 0.9729
2026-06-04 09:43:04 [INFO]: Epoch 037 - training loss (MAE): 0.7571, validation MSE: 0.9652
2026-06-04 09:43:06 [INFO]: Epoch 038 - training loss (MAE): 0.7515, validation MSE: 0.9553
2026-06-04 09:43:07 [INFO]: Epoch 039 - training loss (MAE): 0.7468, validation MSE: 0.9459
2026-06-04 09:43:08 [INFO]: Epoch 040 - training loss (MAE): 0.7424, validation MSE: 0.9378
2026-06-04 09:43:10 [INFO]: Epoch 041 - training loss (MAE): 0.7381, validation MSE: 0.9409
2026-06-04 09:43:11 [INFO]: Epoch 042 - training loss (MAE): 0.7340, validation MSE: 0.9316
2026-06-04 09:43:12 [INFO]: Epoch 043 - training loss (MAE): 0.7303, validation MSE: 0.9308
2026-06-04 09:43:13 [INFO]: Epoch 044 - training loss (MAE): 0.7278, validation MSE: 0.9266
2026-06-04 09:43:15 [INFO]: Epoch 045 - training loss (MAE): 0.7252, validation MSE: 0.9200
2026-06-04 09:43:16 [INFO]: Epoch 046 - training loss (MAE): 0.7224, validation MSE: 0.9170
2026-06-04 09:43:17 [INFO]: Epoch 047 - training loss (MAE): 0.7192, validation MSE: 0.9196
2026-06-04 09:43:18 [INFO]: Epoch 048 - training loss (MAE): 0.7173, validation MSE: 0.9167
2026-06-04 09:43:20 [INFO]: Epoch 049 - training loss (MAE): 0.7154, validation MSE: 0.9145
2026-06-04 09:43:21 [INFO]: Epoch 050 - training loss (MAE): 0.7132, validation MSE: 0.9143
2026-06-04 09:43:23 [INFO]: Epoch 051 - training loss (MAE): 0.7121, validation MSE: 0.9136
2026-06-04 09:43:24 [INFO]: Epoch 052 - training loss (MAE): 0.7105, validation MSE: 0.9112
2026-06-04 09:43:25 [INFO]: Epoch 053 - training loss (MAE): 0.7087, validation MSE: 0.9132
2026-06-04 09:43:27 [INFO]: Epoch 054 - training loss (MAE): 0.7069, validation MSE: 0.9124
2026-06-04 09:43:28 [INFO]: Epoch 055 - training loss (MAE): 0.7065, validation MSE: 0.9108
2026-06-04 09:43:29 [INFO]: Epoch 056 - training loss (MAE): 0.7057, validation MSE: 0.9103
2026-06-04 09:43:31 [INFO]: Epoch 057 - training loss (MAE): 0.7043, validation MSE: 0.9097
2026-06-04 09:43:32 [INFO]: Epoch 058 - training loss (MAE): 0.7036, validation MSE: 0.9077
2026-06-04 09:43:34 [INFO]: Epoch 059 - training loss (MAE): 0.7022, validation MSE: 0.9062
2026-06-04 09:43:36 [INFO]: Epoch 060 - training loss (MAE): 0.7021, validation MSE: 0.9069
2026-06-04 09:43:36 [INFO]: Finished training. The best model is from epoch#59.
2026-06-04 09:43:36 [INFO]: Saved the model to output/imputation/cuda/paper_campaign/tefn/citylearn_zone5/mr0.5/seed456/TEFN.pypots
[34m
████████╗██╗███╗   ███╗███████╗    ███████╗███████╗██████╗ ██╗███████╗███████╗    █████╗ ██╗
╚══██╔══╝██║████╗ ████║██╔════╝    ██╔════╝██╔════╝██╔══██╗██║██╔════╝██╔════╝   ██╔══██╗██║
   ██║   ██║██╔████╔██║█████╗█████╗███████╗█████╗  ██████╔╝██║█████╗  ███████╗   ███████║██║
   ██║   ██║██║╚██╔╝██║██╔══╝╚════╝╚════██║██╔══╝  ██╔══██╗██║██╔══╝  ╚════██║   ██╔══██║██║
   ██║   ██║██║ ╚═╝ ██║███████╗    ███████║███████╗██║  ██║██║███████╗███████║██╗██║  ██║██║
   ╚═╝   ╚═╝╚═╝     ╚═╝╚══════╝    ╚══════╝╚══════╝╚═╝  ╚═╝╚═╝╚══════╝╚══════╝╚═╝╚═╝  ╚═╝╚═╝
ai4ts v0.0.3 - building AI for unified time-series analysis, https://time-series.ai [0m

Use Train GPT: False
Use Lora: False
Use Profiling: False
🚀 Running imputation pipeline for model: tefn
✅ Dataset 'citylearn_zone5' with missing rate 0.5 loaded at: /home/Aboya_25R9803/projects/lab/SUN/iPyPOTS/datasets/rate_0.5
🚀 Starting TEFN training pipeline...
[TEFN] Testing —— MAE: 0.5931| MSE: 0.6647| RMSE: 0.8153| MRE: 0.7283| 
📊 Metrics saved to: output/imputation/cuda/paper_campaign/tefn/citylearn_zone5/mr0.5/seed456/metrics/tefn_metrics.json
