2026-06-04 06:12:47 [INFO]: Have set the random seed as 123 for numpy and pytorch.
2026-06-04 06:12:47 [INFO]: You're using dataset solar_alabama, please cite it properly in your work. You can find its reference information at the below link: 
https://github.com/WenjieDu/TSDB/tree/main/dataset_profiles/solar_alabama
2026-06-04 06:12:47 [INFO]: Dataset solar_alabama has already been downloaded. Processing directly...
2026-06-04 06:12:47 [INFO]: Dataset solar_alabama has already been cached. Loading from cache directly...
2026-06-04 06:12:47 [INFO]: Loaded successfully!
2026-06-04 06:12:47 [INFO]: months selected as train set are <PeriodArray>
['2006-01', '2006-02', '2006-03', '2006-04', '2006-05', '2006-06']
Length: 6, dtype: period[M]
2026-06-04 06:12:47 [INFO]: months selected as val set are <PeriodArray>
['2006-07', '2006-08', '2006-09']
Length: 3, dtype: period[M]
2026-06-04 06:12:47 [INFO]: months selected as test set are <PeriodArray>
['2006-10', '2006-11', '2006-12']
Length: 3, dtype: period[M]
2026-06-04 06:12:47 [INFO]: Total sample number: 2190
2026-06-04 06:12:47 [INFO]: Training set size: 1086 (49.59%)
2026-06-04 06:12:47 [INFO]: Validation set size: 552 (25.21%)
2026-06-04 06:12:47 [INFO]: Test set size: 552 (25.21%)
2026-06-04 06:12:47 [INFO]: Number of steps: 24
2026-06-04 06:12:47 [INFO]: Number of features: 137
2026-06-04 06:12:47 [INFO]: Train set missing rate: 9.98%
2026-06-04 06:12:47 [INFO]: Validating set missing rate: 10.01%
2026-06-04 06:12:47 [INFO]: Test set missing rate: 9.98%
2026-06-04 06:12:47 [INFO]: 🔥🔥🔥🔥🔥🔥🔥🔥🔥🔥Using device list: ['cuda:0']
2026-06-04 06:12:47 [INFO]: 🔥🔥🔥🔥🔥🔥🔥🔥🔥🔥Using the given device: cuda:0
2026-06-04 06:12:48 [INFO]: Model files will be saved to output/imputation/cuda/paper_campaign/tslanet/solar/mr0.1/seed123
2026-06-04 06:12:48 [INFO]: Tensorboard file will be saved to output/imputation/cuda/paper_campaign/tslanet/solar/mr0.1/seed123/tensorboard
2026-06-04 06:12:48 [INFO]: Model placed on cuda:0
2026-06-04 06:12:48 [INFO]: TSLANet initialized with the given hyperparameters.
 ├─ Total parameters: 130,266
 ├─ Trainable parameters: 130,266
 └─ Trainable ratio: 100.00%
2026-06-04 06:12:49 [INFO]: Epoch 001 - training loss (default): 0.1993, validation loss: 0.0884
2026-06-04 06:12:49 [INFO]: Epoch 002 - training loss (default): 0.0916, validation loss: 0.0603
2026-06-04 06:12:50 [INFO]: Epoch 003 - training loss (default): 0.0659, validation loss: 0.0475
2026-06-04 06:12:50 [INFO]: Epoch 004 - training loss (default): 0.0537, validation loss: 0.0404
2026-06-04 06:12:50 [INFO]: Epoch 005 - training loss (default): 0.0474, validation loss: 0.0351
2026-06-04 06:12:51 [INFO]: Epoch 006 - training loss (default): 0.0419, validation loss: 0.0307
2026-06-04 06:12:51 [INFO]: Epoch 007 - training loss (default): 0.0359, validation loss: 0.0273
2026-06-04 06:12:52 [INFO]: Epoch 008 - training loss (default): 0.0318, validation loss: 0.0245
2026-06-04 06:12:52 [INFO]: Epoch 009 - training loss (default): 0.0292, validation loss: 0.0222
2026-06-04 06:12:53 [INFO]: Epoch 010 - training loss (default): 0.0267, validation loss: 0.0204
2026-06-04 06:12:53 [INFO]: Epoch 011 - training loss (default): 0.0241, validation loss: 0.0185
2026-06-04 06:12:54 [INFO]: Epoch 012 - training loss (default): 0.0227, validation loss: 0.0169
2026-06-04 06:12:54 [INFO]: Epoch 013 - training loss (default): 0.0207, validation loss: 0.0159
2026-06-04 06:12:54 [INFO]: Epoch 014 - training loss (default): 0.0193, validation loss: 0.0150
2026-06-04 06:12:55 [INFO]: Epoch 015 - training loss (default): 0.0184, validation loss: 0.0142
2026-06-04 06:12:55 [INFO]: Epoch 016 - training loss (default): 0.0177, validation loss: 0.0135
2026-06-04 06:12:56 [INFO]: Epoch 017 - training loss (default): 0.0172, validation loss: 0.0130
2026-06-04 06:12:56 [INFO]: Epoch 018 - training loss (default): 0.0162, validation loss: 0.0126
2026-06-04 06:12:57 [INFO]: Epoch 019 - training loss (default): 0.0153, validation loss: 0.0121
2026-06-04 06:12:57 [INFO]: Epoch 020 - training loss (default): 0.0150, validation loss: 0.0117
2026-06-04 06:12:58 [INFO]: Epoch 021 - training loss (default): 0.0149, validation loss: 0.0114
2026-06-04 06:12:58 [INFO]: Epoch 022 - training loss (default): 0.0144, validation loss: 0.0110
2026-06-04 06:12:58 [INFO]: Epoch 023 - training loss (default): 0.0139, validation loss: 0.0108
2026-06-04 06:12:59 [INFO]: Epoch 024 - training loss (default): 0.0134, validation loss: 0.0105
2026-06-04 06:12:59 [INFO]: Epoch 025 - training loss (default): 0.0127, validation loss: 0.0101
2026-06-04 06:13:00 [INFO]: Epoch 026 - training loss (default): 0.0126, validation loss: 0.0100
2026-06-04 06:13:00 [INFO]: Epoch 027 - training loss (default): 0.0122, validation loss: 0.0096
2026-06-04 06:13:01 [INFO]: Epoch 028 - training loss (default): 0.0123, validation loss: 0.0095
2026-06-04 06:13:01 [INFO]: Epoch 029 - training loss (default): 0.0117, validation loss: 0.0093
2026-06-04 06:13:01 [INFO]: Epoch 030 - training loss (default): 0.0116, validation loss: 0.0091
2026-06-04 06:13:02 [INFO]: Epoch 031 - training loss (default): 0.0110, validation loss: 0.0090
2026-06-04 06:13:02 [INFO]: Epoch 032 - training loss (default): 0.0107, validation loss: 0.0087
2026-06-04 06:13:03 [INFO]: Epoch 033 - training loss (default): 0.0103, validation loss: 0.0086
2026-06-04 06:13:03 [INFO]: Epoch 034 - training loss (default): 0.0102, validation loss: 0.0083
2026-06-04 06:13:04 [INFO]: Epoch 035 - training loss (default): 0.0099, validation loss: 0.0080
2026-06-04 06:13:04 [INFO]: Epoch 036 - training loss (default): 0.0095, validation loss: 0.0080
2026-06-04 06:13:04 [INFO]: Epoch 037 - training loss (default): 0.0097, validation loss: 0.0079
2026-06-04 06:13:05 [INFO]: Epoch 038 - training loss (default): 0.0092, validation loss: 0.0077
2026-06-04 06:13:05 [INFO]: Epoch 039 - training loss (default): 0.0092, validation loss: 0.0077
2026-06-04 06:13:06 [INFO]: Epoch 040 - training loss (default): 0.0090, validation loss: 0.0076
2026-06-04 06:13:06 [INFO]: Epoch 041 - training loss (default): 0.0089, validation loss: 0.0074
2026-06-04 06:13:07 [INFO]: Epoch 042 - training loss (default): 0.0088, validation loss: 0.0074
2026-06-04 06:13:07 [INFO]: Epoch 043 - training loss (default): 0.0084, validation loss: 0.0070
2026-06-04 06:13:08 [INFO]: Epoch 044 - training loss (default): 0.0084, validation loss: 0.0069
2026-06-04 06:13:08 [INFO]: Epoch 045 - training loss (default): 0.0082, validation loss: 0.0069
2026-06-04 06:13:08 [INFO]: Epoch 046 - training loss (default): 0.0082, validation loss: 0.0068
2026-06-04 06:13:09 [INFO]: Epoch 047 - training loss (default): 0.0081, validation loss: 0.0066
2026-06-04 06:13:09 [INFO]: Epoch 048 - training loss (default): 0.0079, validation loss: 0.0066
2026-06-04 06:13:10 [INFO]: Epoch 049 - training loss (default): 0.0076, validation loss: 0.0064
2026-06-04 06:13:10 [INFO]: Epoch 050 - training loss (default): 0.0076, validation loss: 0.0063
2026-06-04 06:13:11 [INFO]: Epoch 051 - training loss (default): 0.0075, validation loss: 0.0062
2026-06-04 06:13:11 [INFO]: Epoch 052 - training loss (default): 0.0071, validation loss: 0.0060
2026-06-04 06:13:12 [INFO]: Epoch 053 - training loss (default): 0.0071, validation loss: 0.0061
2026-06-04 06:13:12 [INFO]: Epoch 054 - training loss (default): 0.0069, validation loss: 0.0060
2026-06-04 06:13:13 [INFO]: Epoch 055 - training loss (default): 0.0069, validation loss: 0.0058
2026-06-04 06:13:13 [INFO]: Epoch 056 - training loss (default): 0.0069, validation loss: 0.0057
2026-06-04 06:13:14 [INFO]: Epoch 057 - training loss (default): 0.0068, validation loss: 0.0057
2026-06-04 06:13:14 [INFO]: Epoch 058 - training loss (default): 0.0065, validation loss: 0.0055
2026-06-04 06:13:15 [INFO]: Epoch 059 - training loss (default): 0.0065, validation loss: 0.0054
2026-06-04 06:13:15 [INFO]: Epoch 060 - training loss (default): 0.0065, validation loss: 0.0053
2026-06-04 06:13:15 [INFO]: Finished training. The best model is from epoch#60.
2026-06-04 06:13:15 [INFO]: Saved the model to output/imputation/cuda/paper_campaign/tslanet/solar/mr0.1/seed123/TSLANet.pypots
[34m
████████╗██╗███╗   ███╗███████╗    ███████╗███████╗██████╗ ██╗███████╗███████╗    █████╗ ██╗
╚══██╔══╝██║████╗ ████║██╔════╝    ██╔════╝██╔════╝██╔══██╗██║██╔════╝██╔════╝   ██╔══██╗██║
   ██║   ██║██╔████╔██║█████╗█████╗███████╗█████╗  ██████╔╝██║█████╗  ███████╗   ███████║██║
   ██║   ██║██║╚██╔╝██║██╔══╝╚════╝╚════██║██╔══╝  ██╔══██╗██║██╔══╝  ╚════██║   ██╔══██║██║
   ██║   ██║██║ ╚═╝ ██║███████╗    ███████║███████╗██║  ██║██║███████╗███████║██╗██║  ██║██║
   ╚═╝   ╚═╝╚═╝     ╚═╝╚══════╝    ╚══════╝╚══════╝╚═╝  ╚═╝╚═╝╚══════╝╚══════╝╚═╝╚═╝  ╚═╝╚═╝
ai4ts v0.0.3 - building AI for unified time-series analysis, https://time-series.ai [0m

Use Train GPT: False
Use Lora: False
Use Profiling: False
🚀 Running imputation pipeline for model: tslanet
✅ Dataset 'solar' with missing rate 0.1 loaded at: /home/Aboya_25R9803/projects/lab/SUN/iPyPOTS/datasets/rate_0.1
🚀 Starting TSLANet training pipeline...
[TSLANet] Testing —— MAE: 0.7749| MSE: 0.8067| RMSE: 0.8982| MRE: 1.0003| 
📊 Metrics saved to: output/imputation/cuda/paper_campaign/tslanet/solar/mr0.1/seed123/metrics/tslanet_metrics.json
