2026-06-04 08:16:26 [INFO]: Have set the random seed as 456 for numpy and pytorch.
2026-06-04 08:16:27 [INFO]: 🔥🔥🔥🔥🔥🔥🔥🔥🔥🔥Using device list: ['cuda:0']
2026-06-04 08:16:27 [INFO]: 🔥🔥🔥🔥🔥🔥🔥🔥🔥🔥Using the given device: cuda:0
2026-06-04 08:16:27 [INFO]: Model files will be saved to output/imputation/cuda/paper_campaign/tslanet/appliances_energy/mr0.1/seed456
2026-06-04 08:16:27 [INFO]: Tensorboard file will be saved to output/imputation/cuda/paper_campaign/tslanet/appliances_energy/mr0.1/seed456/tensorboard
2026-06-04 08:16:27 [INFO]: Model placed on cuda:0
2026-06-04 08:16:27 [INFO]: TSLANet initialized with the given hyperparameters.
 ├─ Total parameters: 176,394
 ├─ Trainable parameters: 176,394
 └─ Trainable ratio: 100.00%
2026-06-04 08:16:29 [INFO]: Epoch 001 - training loss (default): 0.1831, validation loss: 0.0702
2026-06-04 08:16:30 [INFO]: Epoch 002 - training loss (default): 0.0660, validation loss: 0.0460
2026-06-04 08:16:31 [INFO]: Epoch 003 - training loss (default): 0.0433, validation loss: 0.0357
2026-06-04 08:16:32 [INFO]: Epoch 004 - training loss (default): 0.0331, validation loss: 0.0282
2026-06-04 08:16:33 [INFO]: Epoch 005 - training loss (default): 0.0261, validation loss: 0.0231
2026-06-04 08:16:34 [INFO]: Epoch 006 - training loss (default): 0.0213, validation loss: 0.0199
2026-06-04 08:16:35 [INFO]: Epoch 007 - training loss (default): 0.0181, validation loss: 0.0164
2026-06-04 08:16:36 [INFO]: Epoch 008 - training loss (default): 0.0157, validation loss: 0.0149
2026-06-04 08:16:37 [INFO]: Epoch 009 - training loss (default): 0.0141, validation loss: 0.0137
2026-06-04 08:16:38 [INFO]: Epoch 010 - training loss (default): 0.0127, validation loss: 0.0129
2026-06-04 08:16:40 [INFO]: Epoch 011 - training loss (default): 0.0116, validation loss: 0.0122
2026-06-04 08:16:41 [INFO]: Epoch 012 - training loss (default): 0.0108, validation loss: 0.0118
2026-06-04 08:16:42 [INFO]: Epoch 013 - training loss (default): 0.0102, validation loss: 0.0111
2026-06-04 08:16:43 [INFO]: Epoch 014 - training loss (default): 0.0094, validation loss: 0.0107
2026-06-04 08:16:44 [INFO]: Epoch 015 - training loss (default): 0.0089, validation loss: 0.0101
2026-06-04 08:16:45 [INFO]: Epoch 016 - training loss (default): 0.0084, validation loss: 0.0093
2026-06-04 08:16:46 [INFO]: Epoch 017 - training loss (default): 0.0078, validation loss: 0.0088
2026-06-04 08:16:47 [INFO]: Epoch 018 - training loss (default): 0.0074, validation loss: 0.0085
2026-06-04 08:16:48 [INFO]: Epoch 019 - training loss (default): 0.0071, validation loss: 0.0085
2026-06-04 08:16:49 [INFO]: Epoch 020 - training loss (default): 0.0068, validation loss: 0.0078
2026-06-04 08:16:51 [INFO]: Epoch 021 - training loss (default): 0.0065, validation loss: 0.0077
2026-06-04 08:16:52 [INFO]: Epoch 022 - training loss (default): 0.0062, validation loss: 0.0075
2026-06-04 08:16:53 [INFO]: Epoch 023 - training loss (default): 0.0059, validation loss: 0.0068
2026-06-04 08:16:54 [INFO]: Epoch 024 - training loss (default): 0.0056, validation loss: 0.0069
2026-06-04 08:16:55 [INFO]: Epoch 025 - training loss (default): 0.0055, validation loss: 0.0068
2026-06-04 08:16:57 [INFO]: Epoch 026 - training loss (default): 0.0051, validation loss: 0.0064
2026-06-04 08:16:58 [INFO]: Epoch 027 - training loss (default): 0.0050, validation loss: 0.0061
2026-06-04 08:16:59 [INFO]: Epoch 028 - training loss (default): 0.0047, validation loss: 0.0060
2026-06-04 08:17:00 [INFO]: Epoch 029 - training loss (default): 0.0046, validation loss: 0.0056
2026-06-04 08:17:01 [INFO]: Epoch 030 - training loss (default): 0.0045, validation loss: 0.0055
2026-06-04 08:17:03 [INFO]: Epoch 031 - training loss (default): 0.0043, validation loss: 0.0052
2026-06-04 08:17:04 [INFO]: Epoch 032 - training loss (default): 0.0042, validation loss: 0.0051
2026-06-04 08:17:05 [INFO]: Epoch 033 - training loss (default): 0.0039, validation loss: 0.0049
2026-06-04 08:17:06 [INFO]: Epoch 034 - training loss (default): 0.0038, validation loss: 0.0048
2026-06-04 08:17:08 [INFO]: Epoch 035 - training loss (default): 0.0036, validation loss: 0.0048
2026-06-04 08:17:09 [INFO]: Epoch 036 - training loss (default): 0.0035, validation loss: 0.0045
2026-06-04 08:17:10 [INFO]: Epoch 037 - training loss (default): 0.0034, validation loss: 0.0042
2026-06-04 08:17:11 [INFO]: Epoch 038 - training loss (default): 0.0033, validation loss: 0.0042
2026-06-04 08:17:13 [INFO]: Epoch 039 - training loss (default): 0.0032, validation loss: 0.0041
2026-06-04 08:17:14 [INFO]: Epoch 040 - training loss (default): 0.0031, validation loss: 0.0039
2026-06-04 08:17:15 [INFO]: Epoch 041 - training loss (default): 0.0030, validation loss: 0.0038
2026-06-04 08:17:16 [INFO]: Epoch 042 - training loss (default): 0.0029, validation loss: 0.0037
2026-06-04 08:17:18 [INFO]: Epoch 043 - training loss (default): 0.0027, validation loss: 0.0036
2026-06-04 08:17:19 [INFO]: Epoch 044 - training loss (default): 0.0028, validation loss: 0.0035
2026-06-04 08:17:20 [INFO]: Epoch 045 - training loss (default): 0.0026, validation loss: 0.0034
2026-06-04 08:17:21 [INFO]: Epoch 046 - training loss (default): 0.0026, validation loss: 0.0034
2026-06-04 08:17:22 [INFO]: Epoch 047 - training loss (default): 0.0024, validation loss: 0.0032
2026-06-04 08:17:24 [INFO]: Epoch 048 - training loss (default): 0.0023, validation loss: 0.0031
2026-06-04 08:17:25 [INFO]: Epoch 049 - training loss (default): 0.0023, validation loss: 0.0030
2026-06-04 08:17:26 [INFO]: Epoch 050 - training loss (default): 0.0022, validation loss: 0.0028
2026-06-04 08:17:27 [INFO]: Epoch 051 - training loss (default): 0.0022, validation loss: 0.0028
2026-06-04 08:17:29 [INFO]: Epoch 052 - training loss (default): 0.0020, validation loss: 0.0027
2026-06-04 08:17:30 [INFO]: Epoch 053 - training loss (default): 0.0020, validation loss: 0.0026
2026-06-04 08:17:31 [INFO]: Epoch 054 - training loss (default): 0.0019, validation loss: 0.0026
2026-06-04 08:17:32 [INFO]: Epoch 055 - training loss (default): 0.0019, validation loss: 0.0025
2026-06-04 08:17:33 [INFO]: Epoch 056 - training loss (default): 0.0018, validation loss: 0.0025
2026-06-04 08:17:35 [INFO]: Epoch 057 - training loss (default): 0.0018, validation loss: 0.0023
2026-06-04 08:17:36 [INFO]: Epoch 058 - training loss (default): 0.0017, validation loss: 0.0022
2026-06-04 08:17:37 [INFO]: Epoch 059 - training loss (default): 0.0017, validation loss: 0.0022
2026-06-04 08:17:38 [INFO]: Epoch 060 - training loss (default): 0.0016, validation loss: 0.0022
2026-06-04 08:17:38 [INFO]: Finished training. The best model is from epoch#58.
2026-06-04 08:17:38 [INFO]: Saved the model to output/imputation/cuda/paper_campaign/tslanet/appliances_energy/mr0.1/seed456/TSLANet.pypots
[34m
████████╗██╗███╗   ███╗███████╗    ███████╗███████╗██████╗ ██╗███████╗███████╗    █████╗ ██╗
╚══██╔══╝██║████╗ ████║██╔════╝    ██╔════╝██╔════╝██╔══██╗██║██╔════╝██╔════╝   ██╔══██╗██║
   ██║   ██║██╔████╔██║█████╗█████╗███████╗█████╗  ██████╔╝██║█████╗  ███████╗   ███████║██║
   ██║   ██║██║╚██╔╝██║██╔══╝╚════╝╚════██║██╔══╝  ██╔══██╗██║██╔══╝  ╚════██║   ██╔══██║██║
   ██║   ██║██║ ╚═╝ ██║███████╗    ███████║███████╗██║  ██║██║███████╗███████║██╗██║  ██║██║
   ╚═╝   ╚═╝╚═╝     ╚═╝╚══════╝    ╚══════╝╚══════╝╚═╝  ╚═╝╚═╝╚══════╝╚══════╝╚═╝╚═╝  ╚═╝╚═╝
ai4ts v0.0.3 - building AI for unified time-series analysis, https://time-series.ai [0m

Use Train GPT: False
Use Lora: False
Use Profiling: False
🚀 Running imputation pipeline for model: tslanet
✅ Dataset 'appliances_energy' with missing rate 0.1 loaded at: /home/Aboya_25R9803/projects/lab/SUN/iPyPOTS/datasets/rate_0.1
🚀 Starting TSLANet training pipeline...
[TSLANet] Testing —— MAE: 1.0153| MSE: 1.5273| RMSE: 1.2358| MRE: 1.0095| 
📊 Metrics saved to: output/imputation/cuda/paper_campaign/tslanet/appliances_energy/mr0.1/seed456/metrics/tslanet_metrics.json
