2026-06-04 09:08:53 [INFO]: Have set the random seed as 456 for numpy and pytorch.
2026-06-04 09:08:54 [INFO]: 🔥🔥🔥🔥🔥🔥🔥🔥🔥🔥Using device list: ['cuda:0']
2026-06-04 09:08:54 [INFO]: 🔥🔥🔥🔥🔥🔥🔥🔥🔥🔥Using the given device: cuda:0
2026-06-04 09:08:54 [INFO]: Model files will be saved to output/imputation/cuda/paper_campaign/saits/citylearn_zone5/mr0.3/seed456
2026-06-04 09:08:54 [INFO]: Tensorboard file will be saved to output/imputation/cuda/paper_campaign/saits/citylearn_zone5/mr0.3/seed456/tensorboard
2026-06-04 09:08:54 [INFO]: Using customized MAE as the training loss function.
2026-06-04 09:08:54 [INFO]: Using customized MSE as the validation metric function.
2026-06-04 09:08:54 [INFO]: SAITS initialized with the given hyperparameters.
 ├─ Total parameters: 144,912
 ├─ Trainable parameters: 144,912
 └─ Trainable ratio: 100.00%
2026-06-04 09:08:55 [INFO]: Model placed on cuda:0
2026-06-04 09:08:59 [INFO]: Epoch 001 - training loss (MAE): 1.3903, validation MSE: 0.6564
2026-06-04 09:09:03 [INFO]: Epoch 002 - training loss (MAE): 0.9666, validation MSE: 0.4747
2026-06-04 09:09:06 [INFO]: Epoch 003 - training loss (MAE): 0.7864, validation MSE: 0.3754
2026-06-04 09:09:10 [INFO]: Epoch 004 - training loss (MAE): 0.6813, validation MSE: 0.3258
2026-06-04 09:09:13 [INFO]: Epoch 005 - training loss (MAE): 0.6163, validation MSE: 0.2930
2026-06-04 09:09:17 [INFO]: Epoch 006 - training loss (MAE): 0.5704, validation MSE: 0.2604
2026-06-04 09:09:20 [INFO]: Epoch 007 - training loss (MAE): 0.5321, validation MSE: 0.2259
2026-06-04 09:09:24 [INFO]: Epoch 008 - training loss (MAE): 0.4996, validation MSE: 0.2038
2026-06-04 09:09:27 [INFO]: Epoch 009 - training loss (MAE): 0.4714, validation MSE: 0.1873
2026-06-04 09:09:31 [INFO]: Epoch 010 - training loss (MAE): 0.4482, validation MSE: 0.1695
2026-06-04 09:09:34 [INFO]: Epoch 011 - training loss (MAE): 0.4272, validation MSE: 0.1561
2026-06-04 09:09:37 [INFO]: Epoch 012 - training loss (MAE): 0.4090, validation MSE: 0.1421
2026-06-04 09:09:40 [INFO]: Epoch 013 - training loss (MAE): 0.3921, validation MSE: 0.1303
2026-06-04 09:09:43 [INFO]: Epoch 014 - training loss (MAE): 0.3782, validation MSE: 0.1216
2026-06-04 09:09:46 [INFO]: Epoch 015 - training loss (MAE): 0.3652, validation MSE: 0.1128
2026-06-04 09:09:49 [INFO]: Epoch 016 - training loss (MAE): 0.3524, validation MSE: 0.1053
2026-06-04 09:09:52 [INFO]: Epoch 017 - training loss (MAE): 0.3425, validation MSE: 0.0996
2026-06-04 09:09:55 [INFO]: Epoch 018 - training loss (MAE): 0.3328, validation MSE: 0.0947
2026-06-04 09:09:58 [INFO]: Epoch 019 - training loss (MAE): 0.3251, validation MSE: 0.0906
2026-06-04 09:10:01 [INFO]: Epoch 020 - training loss (MAE): 0.3175, validation MSE: 0.0865
2026-06-04 09:10:03 [INFO]: Epoch 021 - training loss (MAE): 0.3108, validation MSE: 0.0846
2026-06-04 09:10:06 [INFO]: Epoch 022 - training loss (MAE): 0.3060, validation MSE: 0.0813
2026-06-04 09:10:09 [INFO]: Epoch 023 - training loss (MAE): 0.3012, validation MSE: 0.0794
2026-06-04 09:10:12 [INFO]: Epoch 024 - training loss (MAE): 0.2952, validation MSE: 0.0771
2026-06-04 09:10:16 [INFO]: Epoch 025 - training loss (MAE): 0.2908, validation MSE: 0.0760
2026-06-04 09:10:19 [INFO]: Epoch 026 - training loss (MAE): 0.2865, validation MSE: 0.0739
2026-06-04 09:10:23 [INFO]: Epoch 027 - training loss (MAE): 0.2828, validation MSE: 0.0724
2026-06-04 09:10:26 [INFO]: Epoch 028 - training loss (MAE): 0.2792, validation MSE: 0.0705
2026-06-04 09:10:29 [INFO]: Epoch 029 - training loss (MAE): 0.2759, validation MSE: 0.0693
2026-06-04 09:10:32 [INFO]: Epoch 030 - training loss (MAE): 0.2721, validation MSE: 0.0684
2026-06-04 09:10:35 [INFO]: Epoch 031 - training loss (MAE): 0.2688, validation MSE: 0.0667
2026-06-04 09:10:38 [INFO]: Epoch 032 - training loss (MAE): 0.2667, validation MSE: 0.0657
2026-06-04 09:10:41 [INFO]: Epoch 033 - training loss (MAE): 0.2638, validation MSE: 0.0644
2026-06-04 09:10:44 [INFO]: Epoch 034 - training loss (MAE): 0.2616, validation MSE: 0.0635
2026-06-04 09:10:47 [INFO]: Epoch 035 - training loss (MAE): 0.2590, validation MSE: 0.0624
2026-06-04 09:10:50 [INFO]: Epoch 036 - training loss (MAE): 0.2563, validation MSE: 0.0620
2026-06-04 09:10:53 [INFO]: Epoch 037 - training loss (MAE): 0.2540, validation MSE: 0.0614
2026-06-04 09:10:56 [INFO]: Epoch 038 - training loss (MAE): 0.2515, validation MSE: 0.0607
2026-06-04 09:10:59 [INFO]: Epoch 039 - training loss (MAE): 0.2508, validation MSE: 0.0598
2026-06-04 09:11:02 [INFO]: Epoch 040 - training loss (MAE): 0.2486, validation MSE: 0.0592
2026-06-04 09:11:05 [INFO]: Epoch 041 - training loss (MAE): 0.2459, validation MSE: 0.0588
2026-06-04 09:11:09 [INFO]: Epoch 042 - training loss (MAE): 0.2446, validation MSE: 0.0580
2026-06-04 09:11:12 [INFO]: Epoch 043 - training loss (MAE): 0.2432, validation MSE: 0.0574
2026-06-04 09:11:16 [INFO]: Epoch 044 - training loss (MAE): 0.2409, validation MSE: 0.0576
2026-06-04 09:11:19 [INFO]: Epoch 045 - training loss (MAE): 0.2409, validation MSE: 0.0565
2026-06-04 09:11:23 [INFO]: Epoch 046 - training loss (MAE): 0.2380, validation MSE: 0.0566
2026-06-04 09:11:26 [INFO]: Epoch 047 - training loss (MAE): 0.2367, validation MSE: 0.0556
2026-06-04 09:11:30 [INFO]: Epoch 048 - training loss (MAE): 0.2352, validation MSE: 0.0556
2026-06-04 09:11:33 [INFO]: Epoch 049 - training loss (MAE): 0.2341, validation MSE: 0.0552
2026-06-04 09:11:37 [INFO]: Epoch 050 - training loss (MAE): 0.2327, validation MSE: 0.0543
2026-06-04 09:11:41 [INFO]: Epoch 051 - training loss (MAE): 0.2319, validation MSE: 0.0548
2026-06-04 09:11:44 [INFO]: Epoch 052 - training loss (MAE): 0.2304, validation MSE: 0.0533
2026-06-04 09:11:48 [INFO]: Epoch 053 - training loss (MAE): 0.2288, validation MSE: 0.0535
2026-06-04 09:11:51 [INFO]: Epoch 054 - training loss (MAE): 0.2272, validation MSE: 0.0527
2026-06-04 09:11:55 [INFO]: Epoch 055 - training loss (MAE): 0.2270, validation MSE: 0.0525
2026-06-04 09:11:58 [INFO]: Epoch 056 - training loss (MAE): 0.2260, validation MSE: 0.0514
2026-06-04 09:12:02 [INFO]: Epoch 057 - training loss (MAE): 0.2250, validation MSE: 0.0517
2026-06-04 09:12:05 [INFO]: Epoch 058 - training loss (MAE): 0.2236, validation MSE: 0.0514
2026-06-04 09:12:08 [INFO]: Epoch 059 - training loss (MAE): 0.2234, validation MSE: 0.0517
2026-06-04 09:12:11 [INFO]: Epoch 060 - training loss (MAE): 0.2220, validation MSE: 0.0513
2026-06-04 09:12:11 [INFO]: Finished training. The best model is from epoch#60.
2026-06-04 09:12:12 [INFO]: Saved the model to output/imputation/cuda/paper_campaign/saits/citylearn_zone5/mr0.3/seed456/SAITS.pypots
[34m
████████╗██╗███╗   ███╗███████╗    ███████╗███████╗██████╗ ██╗███████╗███████╗    █████╗ ██╗
╚══██╔══╝██║████╗ ████║██╔════╝    ██╔════╝██╔════╝██╔══██╗██║██╔════╝██╔════╝   ██╔══██╗██║
   ██║   ██║██╔████╔██║█████╗█████╗███████╗█████╗  ██████╔╝██║█████╗  ███████╗   ███████║██║
   ██║   ██║██║╚██╔╝██║██╔══╝╚════╝╚════██║██╔══╝  ██╔══██╗██║██╔══╝  ╚════██║   ██╔══██║██║
   ██║   ██║██║ ╚═╝ ██║███████╗    ███████║███████╗██║  ██║██║███████╗███████║██╗██║  ██║██║
   ╚═╝   ╚═╝╚═╝     ╚═╝╚══════╝    ╚══════╝╚══════╝╚═╝  ╚═╝╚═╝╚══════╝╚══════╝╚═╝╚═╝  ╚═╝╚═╝
ai4ts v0.0.3 - building AI for unified time-series analysis, https://time-series.ai [0m

Use Train GPT: False
Use Lora: False
Use Profiling: False
🚀 Running imputation pipeline for model: saits
✅ Dataset 'citylearn_zone5' with missing rate 0.3 loaded at: /home/Aboya_25R9803/projects/lab/SUN/iPyPOTS/datasets/rate_0.3
🚀 Starting SAITS training pipeline...
[SAITS] Testing —— MAE: 0.1115| MSE: 0.0407| RMSE: 0.2018| MRE: 0.1370| 
📊 Metrics saved to: output/imputation/cuda/paper_campaign/saits/citylearn_zone5/mr0.3/seed456/metrics/saits_metrics.json
