2026-06-04 04:45:19 [INFO]: Have set the random seed as 42 for numpy and pytorch.
2026-06-04 04:45:19 [INFO]: You're using dataset electricity_transformer_temperature, please cite it properly in your work. You can find its reference information at the below link: 
https://github.com/WenjieDu/TSDB/tree/main/dataset_profiles/electricity_transformer_temperature
2026-06-04 04:45:19 [INFO]: Dataset electricity_transformer_temperature has already been downloaded. Processing directly...
2026-06-04 04:45:19 [INFO]: Dataset electricity_transformer_temperature has already been cached. Loading from cache directly...
2026-06-04 04:45:19 [INFO]: Loaded successfully!
2026-06-04 04:45:19 [INFO]: months selected as train set are <PeriodArray>
['2016-07', '2016-08', '2016-09', '2016-10', '2016-11', '2016-12', '2017-01',
 '2017-02', '2017-03', '2017-04', '2017-05', '2017-06', '2017-07', '2017-08']
Length: 14, dtype: period[M]
2026-06-04 04:45:19 [INFO]: months selected as val set are <PeriodArray>
['2017-09', '2017-10', '2017-11', '2017-12', '2018-01']
Length: 5, dtype: period[M]
2026-06-04 04:45:19 [INFO]: months selected as test set are <PeriodArray>
['2018-02', '2018-03', '2018-04', '2018-05', '2018-06']
Length: 5, dtype: period[M]
2026-06-04 04:45:19 [INFO]: Total sample number: 725
2026-06-04 04:45:19 [INFO]: Training set size: 427 (58.90%)
2026-06-04 04:45:19 [INFO]: Validation set size: 153 (21.10%)
2026-06-04 04:45:19 [INFO]: Test set size: 145 (20.00%)
2026-06-04 04:45:19 [INFO]: Number of steps: 96
2026-06-04 04:45:19 [INFO]: Number of features: 7
2026-06-04 04:45:19 [INFO]: Train set missing rate: 29.91%
2026-06-04 04:45:19 [INFO]: Validating set missing rate: 30.14%
2026-06-04 04:45:19 [INFO]: Test set missing rate: 29.86%
2026-06-04 04:45:19 [INFO]: 🔥🔥🔥🔥🔥🔥🔥🔥🔥🔥Using device list: ['cuda:0']
2026-06-04 04:45:19 [INFO]: 🔥🔥🔥🔥🔥🔥🔥🔥🔥🔥Using the given device: cuda:0
2026-06-04 04:45:19 [INFO]: Model files will be saved to output/imputation/cuda/paper_campaign/saits/ettm1/mr0.3/seed42
2026-06-04 04:45:19 [INFO]: Tensorboard file will be saved to output/imputation/cuda/paper_campaign/saits/ettm1/mr0.3/seed42/tensorboard
2026-06-04 04:45:19 [INFO]: Using customized MAE as the training loss function.
2026-06-04 04:45:19 [INFO]: Using customized MSE as the validation metric function.
2026-06-04 04:45:19 [INFO]: SAITS initialized with the given hyperparameters.
 ├─ Total parameters: 136,478
 ├─ Trainable parameters: 136,478
 └─ Trainable ratio: 100.00%
2026-06-04 04:45:19 [INFO]: Model placed on cuda:0
2026-06-04 04:45:20 [INFO]: Epoch 001 - training loss (MAE): 1.5504, validation MSE: 0.9137
2026-06-04 04:45:20 [INFO]: Epoch 002 - training loss (MAE): 1.4631, validation MSE: 0.8838
2026-06-04 04:45:20 [INFO]: Epoch 003 - training loss (MAE): 1.4123, validation MSE: 0.8343
2026-06-04 04:45:20 [INFO]: Epoch 004 - training loss (MAE): 1.3479, validation MSE: 0.7657
2026-06-04 04:45:20 [INFO]: Epoch 005 - training loss (MAE): 1.2882, validation MSE: 0.7140
2026-06-04 04:45:20 [INFO]: Epoch 006 - training loss (MAE): 1.2273, validation MSE: 0.6768
2026-06-04 04:45:21 [INFO]: Epoch 007 - training loss (MAE): 1.1727, validation MSE: 0.6389
2026-06-04 04:45:21 [INFO]: Epoch 008 - training loss (MAE): 1.1094, validation MSE: 0.6058
2026-06-04 04:45:21 [INFO]: Epoch 009 - training loss (MAE): 1.0724, validation MSE: 0.5781
2026-06-04 04:45:21 [INFO]: Epoch 010 - training loss (MAE): 1.0418, validation MSE: 0.5662
2026-06-04 04:45:21 [INFO]: Epoch 011 - training loss (MAE): 1.0069, validation MSE: 0.5245
2026-06-04 04:45:21 [INFO]: Epoch 012 - training loss (MAE): 0.9698, validation MSE: 0.4648
2026-06-04 04:45:21 [INFO]: Epoch 013 - training loss (MAE): 0.9369, validation MSE: 0.4293
2026-06-04 04:45:21 [INFO]: Epoch 014 - training loss (MAE): 0.9116, validation MSE: 0.3993
2026-06-04 04:45:21 [INFO]: Epoch 015 - training loss (MAE): 0.8938, validation MSE: 0.3803
2026-06-04 04:45:21 [INFO]: Epoch 016 - training loss (MAE): 0.8707, validation MSE: 0.3573
2026-06-04 04:45:21 [INFO]: Epoch 017 - training loss (MAE): 0.8544, validation MSE: 0.3335
2026-06-04 04:45:22 [INFO]: Epoch 018 - training loss (MAE): 0.8212, validation MSE: 0.3171
2026-06-04 04:45:22 [INFO]: Epoch 019 - training loss (MAE): 0.7987, validation MSE: 0.2945
2026-06-04 04:45:22 [INFO]: Epoch 020 - training loss (MAE): 0.7866, validation MSE: 0.2838
2026-06-04 04:45:22 [INFO]: Epoch 021 - training loss (MAE): 0.7633, validation MSE: 0.2784
2026-06-04 04:45:22 [INFO]: Epoch 022 - training loss (MAE): 0.7474, validation MSE: 0.2673
2026-06-04 04:45:22 [INFO]: Epoch 023 - training loss (MAE): 0.7333, validation MSE: 0.2573
2026-06-04 04:45:22 [INFO]: Epoch 024 - training loss (MAE): 0.7148, validation MSE: 0.2393
2026-06-04 04:45:22 [INFO]: Epoch 025 - training loss (MAE): 0.7031, validation MSE: 0.2338
2026-06-04 04:45:22 [INFO]: Epoch 026 - training loss (MAE): 0.6936, validation MSE: 0.2204
2026-06-04 04:45:22 [INFO]: Epoch 027 - training loss (MAE): 0.6804, validation MSE: 0.2125
2026-06-04 04:45:22 [INFO]: Epoch 028 - training loss (MAE): 0.6665, validation MSE: 0.2014
2026-06-04 04:45:23 [INFO]: Epoch 029 - training loss (MAE): 0.6502, validation MSE: 0.1927
2026-06-04 04:45:23 [INFO]: Epoch 030 - training loss (MAE): 0.6410, validation MSE: 0.1840
2026-06-04 04:45:23 [INFO]: Epoch 031 - training loss (MAE): 0.6311, validation MSE: 0.1735
2026-06-04 04:45:23 [INFO]: Epoch 032 - training loss (MAE): 0.6214, validation MSE: 0.1655
2026-06-04 04:45:23 [INFO]: Epoch 033 - training loss (MAE): 0.6061, validation MSE: 0.1536
2026-06-04 04:45:23 [INFO]: Epoch 034 - training loss (MAE): 0.5958, validation MSE: 0.1503
2026-06-04 04:45:23 [INFO]: Epoch 035 - training loss (MAE): 0.5867, validation MSE: 0.1394
2026-06-04 04:45:23 [INFO]: Epoch 036 - training loss (MAE): 0.5796, validation MSE: 0.1385
2026-06-04 04:45:23 [INFO]: Epoch 037 - training loss (MAE): 0.5710, validation MSE: 0.1272
2026-06-04 04:45:24 [INFO]: Epoch 038 - training loss (MAE): 0.5627, validation MSE: 0.1260
2026-06-04 04:45:24 [INFO]: Epoch 039 - training loss (MAE): 0.5527, validation MSE: 0.1185
2026-06-04 04:45:24 [INFO]: Epoch 040 - training loss (MAE): 0.5489, validation MSE: 0.1158
2026-06-04 04:45:24 [INFO]: Epoch 041 - training loss (MAE): 0.5434, validation MSE: 0.1108
2026-06-04 04:45:24 [INFO]: Epoch 042 - training loss (MAE): 0.5332, validation MSE: 0.1082
2026-06-04 04:45:24 [INFO]: Epoch 043 - training loss (MAE): 0.5234, validation MSE: 0.1040
2026-06-04 04:45:24 [INFO]: Epoch 044 - training loss (MAE): 0.5167, validation MSE: 0.1007
2026-06-04 04:45:24 [INFO]: Epoch 045 - training loss (MAE): 0.5118, validation MSE: 0.0983
2026-06-04 04:45:24 [INFO]: Epoch 046 - training loss (MAE): 0.5081, validation MSE: 0.0959
2026-06-04 04:45:24 [INFO]: Epoch 047 - training loss (MAE): 0.4987, validation MSE: 0.0953
2026-06-04 04:45:25 [INFO]: Epoch 048 - training loss (MAE): 0.4939, validation MSE: 0.0934
2026-06-04 04:45:25 [INFO]: Epoch 049 - training loss (MAE): 0.4918, validation MSE: 0.0950
2026-06-04 04:45:25 [INFO]: Epoch 050 - training loss (MAE): 0.4879, validation MSE: 0.0885
2026-06-04 04:45:25 [INFO]: Epoch 051 - training loss (MAE): 0.4830, validation MSE: 0.0894
2026-06-04 04:45:25 [INFO]: Epoch 052 - training loss (MAE): 0.4752, validation MSE: 0.0870
2026-06-04 04:45:25 [INFO]: Epoch 053 - training loss (MAE): 0.4672, validation MSE: 0.0861
2026-06-04 04:45:25 [INFO]: Epoch 054 - training loss (MAE): 0.4647, validation MSE: 0.0839
2026-06-04 04:45:25 [INFO]: Epoch 055 - training loss (MAE): 0.4595, validation MSE: 0.0840
2026-06-04 04:45:25 [INFO]: Epoch 056 - training loss (MAE): 0.4547, validation MSE: 0.0827
2026-06-04 04:45:26 [INFO]: Epoch 057 - training loss (MAE): 0.4533, validation MSE: 0.0817
2026-06-04 04:45:26 [INFO]: Epoch 058 - training loss (MAE): 0.4469, validation MSE: 0.0789
2026-06-04 04:45:26 [INFO]: Epoch 059 - training loss (MAE): 0.4464, validation MSE: 0.0784
2026-06-04 04:45:26 [INFO]: Epoch 060 - training loss (MAE): 0.4447, validation MSE: 0.0765
2026-06-04 04:45:26 [INFO]: Finished training. The best model is from epoch#60.
2026-06-04 04:45:26 [INFO]: Saved the model to output/imputation/cuda/paper_campaign/saits/ettm1/mr0.3/seed42/SAITS.pypots
[34m
████████╗██╗███╗   ███╗███████╗    ███████╗███████╗██████╗ ██╗███████╗███████╗    █████╗ ██╗
╚══██╔══╝██║████╗ ████║██╔════╝    ██╔════╝██╔════╝██╔══██╗██║██╔════╝██╔════╝   ██╔══██╗██║
   ██║   ██║██╔████╔██║█████╗█████╗███████╗█████╗  ██████╔╝██║█████╗  ███████╗   ███████║██║
   ██║   ██║██║╚██╔╝██║██╔══╝╚════╝╚════██║██╔══╝  ██╔══██╗██║██╔══╝  ╚════██║   ██╔══██║██║
   ██║   ██║██║ ╚═╝ ██║███████╗    ███████║███████╗██║  ██║██║███████╗███████║██╗██║  ██║██║
   ╚═╝   ╚═╝╚═╝     ╚═╝╚══════╝    ╚══════╝╚══════╝╚═╝  ╚═╝╚═╝╚══════╝╚══════╝╚═╝╚═╝  ╚═╝╚═╝
ai4ts v0.0.3 - building AI for unified time-series analysis, https://time-series.ai [0m

Use Train GPT: False
Use Lora: False
Use Profiling: False
🚀 Running imputation pipeline for model: saits
✅ Dataset 'ettm1' with missing rate 0.3 loaded at: /home/Aboya_25R9803/projects/lab/SUN/iPyPOTS/datasets/rate_0.3
🚀 Starting SAITS training pipeline...
[SAITS] Testing —— MAE: 0.2311| MSE: 0.1109| RMSE: 0.3331| MRE: 0.2730| 
📊 Metrics saved to: output/imputation/cuda/paper_campaign/saits/ettm1/mr0.3/seed42/metrics/saits_metrics.json
