2026-06-04 06:07:03 [INFO]: Have set the random seed as 42 for numpy and pytorch.
2026-06-04 06:07:03 [INFO]: You're using dataset solar_alabama, please cite it properly in your work. You can find its reference information at the below link: 
https://github.com/WenjieDu/TSDB/tree/main/dataset_profiles/solar_alabama
2026-06-04 06:07:03 [INFO]: Dataset solar_alabama has already been downloaded. Processing directly...
2026-06-04 06:07:03 [INFO]: Dataset solar_alabama has already been cached. Loading from cache directly...
2026-06-04 06:07:03 [INFO]: Loaded successfully!
2026-06-04 06:07:03 [INFO]: months selected as train set are <PeriodArray>
['2006-01', '2006-02', '2006-03', '2006-04', '2006-05', '2006-06']
Length: 6, dtype: period[M]
2026-06-04 06:07:03 [INFO]: months selected as val set are <PeriodArray>
['2006-07', '2006-08', '2006-09']
Length: 3, dtype: period[M]
2026-06-04 06:07:03 [INFO]: months selected as test set are <PeriodArray>
['2006-10', '2006-11', '2006-12']
Length: 3, dtype: period[M]
2026-06-04 06:07:03 [INFO]: Total sample number: 2190
2026-06-04 06:07:03 [INFO]: Training set size: 1086 (49.59%)
2026-06-04 06:07:03 [INFO]: Validation set size: 552 (25.21%)
2026-06-04 06:07:03 [INFO]: Test set size: 552 (25.21%)
2026-06-04 06:07:03 [INFO]: Number of steps: 24
2026-06-04 06:07:03 [INFO]: Number of features: 137
2026-06-04 06:07:03 [INFO]: Train set missing rate: 10.01%
2026-06-04 06:07:03 [INFO]: Validating set missing rate: 10.00%
2026-06-04 06:07:03 [INFO]: Test set missing rate: 10.04%
2026-06-04 06:07:03 [INFO]: 🔥🔥🔥🔥🔥🔥🔥🔥🔥🔥Using device list: ['cuda:0']
2026-06-04 06:07:03 [INFO]: 🔥🔥🔥🔥🔥🔥🔥🔥🔥🔥Using the given device: cuda:0
2026-06-04 06:07:03 [INFO]: Model files will be saved to output/imputation/cuda/paper_campaign/tefn/solar/mr0.1/seed42
2026-06-04 06:07:03 [INFO]: Tensorboard file will be saved to output/imputation/cuda/paper_campaign/tefn/solar/mr0.1/seed42/tensorboard
2026-06-04 06:07:03 [INFO]: Using customized MAE as the training loss function.
2026-06-04 06:07:03 [INFO]: Using customized MSE as the validation metric function.
2026-06-04 06:07:04 [INFO]: Model placed on cuda:0
2026-06-04 06:07:04 [INFO]: TEFN initialized with the given hyperparameters.
 ├─ Total parameters: 42,827
 ├─ Trainable parameters: 42,827
 └─ Trainable ratio: 100.00%
2026-06-04 06:07:04 [INFO]: Epoch 001 - training loss (MAE): 8.9892, validation MSE: 27.3275
2026-06-04 06:07:05 [INFO]: Epoch 002 - training loss (MAE): 8.2116, validation MSE: 26.8300
2026-06-04 06:07:05 [INFO]: Epoch 003 - training loss (MAE): 7.9675, validation MSE: 25.9214
2026-06-04 06:07:05 [INFO]: Epoch 004 - training loss (MAE): 7.7446, validation MSE: 24.1570
2026-06-04 06:07:05 [INFO]: Epoch 005 - training loss (MAE): 7.5070, validation MSE: 22.6106
2026-06-04 06:07:05 [INFO]: Epoch 006 - training loss (MAE): 7.3008, validation MSE: 21.4117
2026-06-04 06:07:06 [INFO]: Epoch 007 - training loss (MAE): 7.0895, validation MSE: 20.4573
2026-06-04 06:07:06 [INFO]: Epoch 008 - training loss (MAE): 6.8934, validation MSE: 19.5891
2026-06-04 06:07:06 [INFO]: Epoch 009 - training loss (MAE): 6.6996, validation MSE: 18.7706
2026-06-04 06:07:06 [INFO]: Epoch 010 - training loss (MAE): 6.5007, validation MSE: 17.9377
2026-06-04 06:07:06 [INFO]: Epoch 011 - training loss (MAE): 6.2967, validation MSE: 17.0793
2026-06-04 06:07:07 [INFO]: Epoch 012 - training loss (MAE): 6.1244, validation MSE: 16.2596
2026-06-04 06:07:07 [INFO]: Epoch 013 - training loss (MAE): 5.9266, validation MSE: 15.5616
2026-06-04 06:07:07 [INFO]: Epoch 014 - training loss (MAE): 5.7477, validation MSE: 14.8472
2026-06-04 06:07:07 [INFO]: Epoch 015 - training loss (MAE): 5.5746, validation MSE: 14.0951
2026-06-04 06:07:07 [INFO]: Epoch 016 - training loss (MAE): 5.3878, validation MSE: 13.4690
2026-06-04 06:07:08 [INFO]: Epoch 017 - training loss (MAE): 5.2198, validation MSE: 12.8274
2026-06-04 06:07:08 [INFO]: Epoch 018 - training loss (MAE): 5.0401, validation MSE: 12.1960
2026-06-04 06:07:08 [INFO]: Epoch 019 - training loss (MAE): 4.8642, validation MSE: 11.6258
2026-06-04 06:07:08 [INFO]: Epoch 020 - training loss (MAE): 4.7067, validation MSE: 11.0582
2026-06-04 06:07:09 [INFO]: Epoch 021 - training loss (MAE): 4.5290, validation MSE: 10.5287
2026-06-04 06:07:09 [INFO]: Epoch 022 - training loss (MAE): 4.3729, validation MSE: 10.0550
2026-06-04 06:07:09 [INFO]: Epoch 023 - training loss (MAE): 4.2244, validation MSE: 9.5211
2026-06-04 06:07:09 [INFO]: Epoch 024 - training loss (MAE): 4.0669, validation MSE: 9.0777
2026-06-04 06:07:09 [INFO]: Epoch 025 - training loss (MAE): 3.9219, validation MSE: 8.6486
2026-06-04 06:07:10 [INFO]: Epoch 026 - training loss (MAE): 3.7894, validation MSE: 8.2279
2026-06-04 06:07:10 [INFO]: Epoch 027 - training loss (MAE): 3.6480, validation MSE: 7.8414
2026-06-04 06:07:10 [INFO]: Epoch 028 - training loss (MAE): 3.5303, validation MSE: 7.4654
2026-06-04 06:07:10 [INFO]: Epoch 029 - training loss (MAE): 3.3870, validation MSE: 7.1112
2026-06-04 06:07:10 [INFO]: Epoch 030 - training loss (MAE): 3.2659, validation MSE: 6.7608
2026-06-04 06:07:11 [INFO]: Epoch 031 - training loss (MAE): 3.1330, validation MSE: 6.4558
2026-06-04 06:07:11 [INFO]: Epoch 032 - training loss (MAE): 3.0384, validation MSE: 6.1511
2026-06-04 06:07:11 [INFO]: Epoch 033 - training loss (MAE): 2.9232, validation MSE: 5.8433
2026-06-04 06:07:11 [INFO]: Epoch 034 - training loss (MAE): 2.8179, validation MSE: 5.5886
2026-06-04 06:07:11 [INFO]: Epoch 035 - training loss (MAE): 2.7086, validation MSE: 5.3161
2026-06-04 06:07:12 [INFO]: Epoch 036 - training loss (MAE): 2.6364, validation MSE: 5.0273
2026-06-04 06:07:12 [INFO]: Epoch 037 - training loss (MAE): 2.5237, validation MSE: 4.7910
2026-06-04 06:07:12 [INFO]: Epoch 038 - training loss (MAE): 2.4213, validation MSE: 4.5487
2026-06-04 06:07:12 [INFO]: Epoch 039 - training loss (MAE): 2.3519, validation MSE: 4.3286
2026-06-04 06:07:12 [INFO]: Epoch 040 - training loss (MAE): 2.2697, validation MSE: 4.0961
2026-06-04 06:07:13 [INFO]: Epoch 041 - training loss (MAE): 2.1864, validation MSE: 3.8936
2026-06-04 06:07:13 [INFO]: Epoch 042 - training loss (MAE): 2.1166, validation MSE: 3.7012
2026-06-04 06:07:13 [INFO]: Epoch 043 - training loss (MAE): 2.0323, validation MSE: 3.4928
2026-06-04 06:07:13 [INFO]: Epoch 044 - training loss (MAE): 1.9673, validation MSE: 3.3721
2026-06-04 06:07:13 [INFO]: Epoch 045 - training loss (MAE): 1.8981, validation MSE: 3.1479
2026-06-04 06:07:14 [INFO]: Epoch 046 - training loss (MAE): 1.8394, validation MSE: 3.0164
2026-06-04 06:07:14 [INFO]: Epoch 047 - training loss (MAE): 1.7725, validation MSE: 2.8574
2026-06-04 06:07:14 [INFO]: Epoch 048 - training loss (MAE): 1.7189, validation MSE: 2.7396
2026-06-04 06:07:14 [INFO]: Epoch 049 - training loss (MAE): 1.6553, validation MSE: 2.5981
2026-06-04 06:07:14 [INFO]: Epoch 050 - training loss (MAE): 1.6067, validation MSE: 2.4713
2026-06-04 06:07:15 [INFO]: Epoch 051 - training loss (MAE): 1.5463, validation MSE: 2.3397
2026-06-04 06:07:15 [INFO]: Epoch 052 - training loss (MAE): 1.4970, validation MSE: 2.2605
2026-06-04 06:07:15 [INFO]: Epoch 053 - training loss (MAE): 1.4408, validation MSE: 2.1567
2026-06-04 06:07:15 [INFO]: Epoch 054 - training loss (MAE): 1.4107, validation MSE: 2.0543
2026-06-04 06:07:15 [INFO]: Epoch 055 - training loss (MAE): 1.3337, validation MSE: 1.9569
2026-06-04 06:07:16 [INFO]: Epoch 056 - training loss (MAE): 1.2986, validation MSE: 1.8852
2026-06-04 06:07:16 [INFO]: Epoch 057 - training loss (MAE): 1.2590, validation MSE: 1.8121
2026-06-04 06:07:16 [INFO]: Epoch 058 - training loss (MAE): 1.2067, validation MSE: 1.7565
2026-06-04 06:07:16 [INFO]: Epoch 059 - training loss (MAE): 1.1700, validation MSE: 1.6616
2026-06-04 06:07:16 [INFO]: Epoch 060 - training loss (MAE): 1.1203, validation MSE: 1.6390
2026-06-04 06:07:16 [INFO]: Finished training. The best model is from epoch#60.
2026-06-04 06:07:16 [INFO]: Saved the model to output/imputation/cuda/paper_campaign/tefn/solar/mr0.1/seed42/TEFN.pypots
[34m
████████╗██╗███╗   ███╗███████╗    ███████╗███████╗██████╗ ██╗███████╗███████╗    █████╗ ██╗
╚══██╔══╝██║████╗ ████║██╔════╝    ██╔════╝██╔════╝██╔══██╗██║██╔════╝██╔════╝   ██╔══██╗██║
   ██║   ██║██╔████╔██║█████╗█████╗███████╗█████╗  ██████╔╝██║█████╗  ███████╗   ███████║██║
   ██║   ██║██║╚██╔╝██║██╔══╝╚════╝╚════██║██╔══╝  ██╔══██╗██║██╔══╝  ╚════██║   ██╔══██║██║
   ██║   ██║██║ ╚═╝ ██║███████╗    ███████║███████╗██║  ██║██║███████╗███████║██╗██║  ██║██║
   ╚═╝   ╚═╝╚═╝     ╚═╝╚══════╝    ╚══════╝╚══════╝╚═╝  ╚═╝╚═╝╚══════╝╚══════╝╚═╝╚═╝  ╚═╝╚═╝
ai4ts v0.0.3 - building AI for unified time-series analysis, https://time-series.ai [0m

Use Train GPT: False
Use Lora: False
Use Profiling: False
🚀 Running imputation pipeline for model: tefn
✅ Dataset 'solar' with missing rate 0.1 loaded at: /home/Aboya_25R9803/projects/lab/SUN/iPyPOTS/datasets/rate_0.1
🚀 Starting TEFN training pipeline...
[TEFN] Testing —— MAE: 0.8060| MSE: 1.5581| RMSE: 1.2482| MRE: 1.0415| 
📊 Metrics saved to: output/imputation/cuda/paper_campaign/tefn/solar/mr0.1/seed42/metrics/tefn_metrics.json
