[34m
████████╗██╗███╗   ███╗███████╗    ███████╗███████╗██████╗ ██╗███████╗███████╗    █████╗ ██╗
╚══██╔══╝██║████╗ ████║██╔════╝    ██╔════╝██╔════╝██╔══██╗██║██╔════╝██╔════╝   ██╔══██╗██║
   ██║   ██║██╔████╔██║█████╗█████╗███████╗█████╗  ██████╔╝██║█████╗  ███████╗   ███████║██║
   ██║   ██║██║╚██╔╝██║██╔══╝╚════╝╚════██║██╔══╝  ██╔══██╗██║██╔══╝  ╚════██║   ██╔══██║██║
   ██║   ██║██║ ╚═╝ ██║███████╗    ███████║███████╗██║  ██║██║███████╗███████║██╗██║  ██║██║
   ╚═╝   ╚═╝╚═╝     ╚═╝╚══════╝    ╚══════╝╚══════╝╚═╝  ╚═╝╚═╝╚══════╝╚══════╝╚═╝╚═╝  ╚═╝╚═╝
ai4ts v0.0.3 - building AI for unified time-series analysis, https://time-series.ai [0m

Use Train GPT: False
Use Lora: False
Use Profiling: False
2026-06-04 13:15:17 [INFO]: Have set the random seed as 123 for numpy and pytorch.
🚀 Running imputation pipeline for model: saits
2026-06-04 13:15:17 [INFO]: You're using dataset electricity_transformer_temperature, please cite it properly in your work. You can find its reference information at the below link: 
https://github.com/WenjieDu/TSDB/tree/main/dataset_profiles/electricity_transformer_temperature
2026-06-04 13:15:17 [INFO]: Dataset electricity_transformer_temperature has already been downloaded. Processing directly...
2026-06-04 13:15:17 [INFO]: Dataset electricity_transformer_temperature has already been cached. Loading from cache directly...
2026-06-04 13:15:17 [INFO]: Loaded successfully!
2026-06-04 13:15:17 [INFO]: months selected as train set are <PeriodArray>
['2016-07', '2016-08', '2016-09', '2016-10', '2016-11', '2016-12', '2017-01',
 '2017-02', '2017-03', '2017-04', '2017-05', '2017-06', '2017-07', '2017-08']
Length: 14, dtype: period[M]
2026-06-04 13:15:17 [INFO]: months selected as val set are <PeriodArray>
['2017-09', '2017-10', '2017-11', '2017-12', '2018-01']
Length: 5, dtype: period[M]
2026-06-04 13:15:17 [INFO]: months selected as test set are <PeriodArray>
['2018-02', '2018-03', '2018-04', '2018-05', '2018-06']
Length: 5, dtype: period[M]
2026-06-04 13:15:17 [INFO]: Total sample number: 180
2026-06-04 13:15:17 [INFO]: Training set size: 106 (58.89%)
2026-06-04 13:15:17 [INFO]: Validation set size: 38 (21.11%)
2026-06-04 13:15:17 [INFO]: Test set size: 36 (20.00%)
2026-06-04 13:15:17 [INFO]: Number of steps: 96
2026-06-04 13:15:17 [INFO]: Number of features: 7
2026-06-04 13:15:17 [INFO]: Train set missing rate: 29.88%
2026-06-04 13:15:17 [INFO]: Validating set missing rate: 30.09%
2026-06-04 13:15:17 [INFO]: Test set missing rate: 30.06%
✅ Dataset 'etth1' with missing rate 0.3 loaded at: /home/Aboya_25R9803/projects/lab/SUN/iPyPOTS/datasets/rate_0.3
🚀 Starting SAITS training pipeline...
2026-06-04 13:15:17 [INFO]: 🔥🔥🔥🔥🔥🔥🔥🔥🔥🔥Using device list: ['cuda:0']
2026-06-04 13:15:17 [INFO]: 🔥🔥🔥🔥🔥🔥🔥🔥🔥🔥Using the given device: cuda:0
2026-06-04 13:15:17 [INFO]: Model files will be saved to output/imputation/cuda/paper_campaign/saits/etth1/mr0.3/seed123
2026-06-04 13:15:17 [INFO]: Tensorboard file will be saved to output/imputation/cuda/paper_campaign/saits/etth1/mr0.3/seed123/tensorboard
2026-06-04 13:15:17 [INFO]: Using customized MAE as the training loss function.
2026-06-04 13:15:17 [INFO]: Using customized MSE as the validation metric function.
2026-06-04 13:15:17 [INFO]: SAITS initialized with the given hyperparameters.
 ├─ Total parameters: 136,478
 ├─ Trainable parameters: 136,478
 └─ Trainable ratio: 100.00%
2026-06-04 13:15:17 [INFO]: Model placed on cuda:0
2026-06-04 13:15:18 [INFO]: Epoch 001 - training loss (MAE): 1.6524, validation MSE: 1.0882
2026-06-04 13:15:18 [INFO]: Epoch 002 - training loss (MAE): 1.5507, validation MSE: 1.0571
2026-06-04 13:15:18 [INFO]: Epoch 003 - training loss (MAE): 1.5267, validation MSE: 1.0228
2026-06-04 13:15:18 [INFO]: Epoch 004 - training loss (MAE): 1.4972, validation MSE: 0.9856
2026-06-04 13:15:18 [INFO]: Epoch 005 - training loss (MAE): 1.4651, validation MSE: 0.9454
2026-06-04 13:15:18 [INFO]: Epoch 006 - training loss (MAE): 1.4333, validation MSE: 0.9092
2026-06-04 13:15:18 [INFO]: Epoch 007 - training loss (MAE): 1.3922, validation MSE: 0.8854
2026-06-04 13:15:18 [INFO]: Epoch 008 - training loss (MAE): 1.3466, validation MSE: 0.8744
2026-06-04 13:15:18 [INFO]: Epoch 009 - training loss (MAE): 1.3140, validation MSE: 0.8688
2026-06-04 13:15:18 [INFO]: Epoch 010 - training loss (MAE): 1.2842, validation MSE: 0.8615
2026-06-04 13:15:18 [INFO]: Epoch 011 - training loss (MAE): 1.2518, validation MSE: 0.8456
2026-06-04 13:15:18 [INFO]: Epoch 012 - training loss (MAE): 1.2164, validation MSE: 0.8200
2026-06-04 13:15:18 [INFO]: Epoch 013 - training loss (MAE): 1.1902, validation MSE: 0.7928
2026-06-04 13:15:18 [INFO]: Epoch 014 - training loss (MAE): 1.1712, validation MSE: 0.7685
2026-06-04 13:15:18 [INFO]: Epoch 015 - training loss (MAE): 1.1446, validation MSE: 0.7442
2026-06-04 13:15:18 [INFO]: Epoch 016 - training loss (MAE): 1.1338, validation MSE: 0.7195
2026-06-04 13:15:18 [INFO]: Epoch 017 - training loss (MAE): 1.1220, validation MSE: 0.6964
2026-06-04 13:15:19 [INFO]: Epoch 018 - training loss (MAE): 1.0967, validation MSE: 0.6761
2026-06-04 13:15:19 [INFO]: Epoch 019 - training loss (MAE): 1.0886, validation MSE: 0.6554
2026-06-04 13:15:19 [INFO]: Epoch 020 - training loss (MAE): 1.0698, validation MSE: 0.6385
2026-06-04 13:15:19 [INFO]: Epoch 021 - training loss (MAE): 1.0511, validation MSE: 0.6266
2026-06-04 13:15:19 [INFO]: Epoch 022 - training loss (MAE): 1.0222, validation MSE: 0.6151
2026-06-04 13:15:19 [INFO]: Epoch 023 - training loss (MAE): 1.0235, validation MSE: 0.5992
2026-06-04 13:15:19 [INFO]: Epoch 024 - training loss (MAE): 1.0080, validation MSE: 0.5786
2026-06-04 13:15:19 [INFO]: Epoch 025 - training loss (MAE): 0.9927, validation MSE: 0.5583
2026-06-04 13:15:19 [INFO]: Epoch 026 - training loss (MAE): 0.9764, validation MSE: 0.5348
2026-06-04 13:15:19 [INFO]: Epoch 027 - training loss (MAE): 0.9684, validation MSE: 0.5091
2026-06-04 13:15:19 [INFO]: Epoch 028 - training loss (MAE): 0.9539, validation MSE: 0.4846
2026-06-04 13:15:19 [INFO]: Epoch 029 - training loss (MAE): 0.9436, validation MSE: 0.4634
2026-06-04 13:15:19 [INFO]: Epoch 030 - training loss (MAE): 0.9335, validation MSE: 0.4450
2026-06-04 13:15:19 [INFO]: Epoch 031 - training loss (MAE): 0.9203, validation MSE: 0.4293
2026-06-04 13:15:19 [INFO]: Epoch 032 - training loss (MAE): 0.9133, validation MSE: 0.4169
2026-06-04 13:15:19 [INFO]: Epoch 033 - training loss (MAE): 0.9089, validation MSE: 0.4006
2026-06-04 13:15:19 [INFO]: Epoch 034 - training loss (MAE): 0.8918, validation MSE: 0.3842
2026-06-04 13:15:19 [INFO]: Epoch 035 - training loss (MAE): 0.8921, validation MSE: 0.3738
2026-06-04 13:15:19 [INFO]: Epoch 036 - training loss (MAE): 0.8823, validation MSE: 0.3669
2026-06-04 13:15:19 [INFO]: Epoch 037 - training loss (MAE): 0.8814, validation MSE: 0.3576
2026-06-04 13:15:19 [INFO]: Epoch 038 - training loss (MAE): 0.8618, validation MSE: 0.3492
2026-06-04 13:15:19 [INFO]: Epoch 039 - training loss (MAE): 0.8584, validation MSE: 0.3454
2026-06-04 13:15:19 [INFO]: Epoch 040 - training loss (MAE): 0.8529, validation MSE: 0.3442
2026-06-04 13:15:20 [INFO]: Epoch 041 - training loss (MAE): 0.8398, validation MSE: 0.3455
2026-06-04 13:15:20 [INFO]: Epoch 042 - training loss (MAE): 0.8343, validation MSE: 0.3468
2026-06-04 13:15:20 [INFO]: Epoch 043 - training loss (MAE): 0.8324, validation MSE: 0.3466
2026-06-04 13:15:20 [INFO]: Epoch 044 - training loss (MAE): 0.8226, validation MSE: 0.3439
2026-06-04 13:15:20 [INFO]: Epoch 045 - training loss (MAE): 0.8179, validation MSE: 0.3372
2026-06-04 13:15:20 [INFO]: Epoch 046 - training loss (MAE): 0.8117, validation MSE: 0.3291
2026-06-04 13:15:20 [INFO]: Epoch 047 - training loss (MAE): 0.8048, validation MSE: 0.3231
2026-06-04 13:15:20 [INFO]: Epoch 048 - training loss (MAE): 0.8064, validation MSE: 0.3202
2026-06-04 13:15:20 [INFO]: Epoch 049 - training loss (MAE): 0.7976, validation MSE: 0.3152
2026-06-04 13:15:20 [INFO]: Epoch 050 - training loss (MAE): 0.7985, validation MSE: 0.3061
2026-06-04 13:15:20 [INFO]: Epoch 051 - training loss (MAE): 0.7829, validation MSE: 0.3001
2026-06-04 13:15:20 [INFO]: Epoch 052 - training loss (MAE): 0.7871, validation MSE: 0.2933
2026-06-04 13:15:20 [INFO]: Epoch 053 - training loss (MAE): 0.7756, validation MSE: 0.2865
2026-06-04 13:15:20 [INFO]: Epoch 054 - training loss (MAE): 0.7693, validation MSE: 0.2810
2026-06-04 13:15:20 [INFO]: Epoch 055 - training loss (MAE): 0.7665, validation MSE: 0.2791
2026-06-04 13:15:20 [INFO]: Epoch 056 - training loss (MAE): 0.7652, validation MSE: 0.2804
2026-06-04 13:15:20 [INFO]: Epoch 057 - training loss (MAE): 0.7583, validation MSE: 0.2774
2026-06-04 13:15:20 [INFO]: Epoch 058 - training loss (MAE): 0.7561, validation MSE: 0.2699
2026-06-04 13:15:20 [INFO]: Epoch 059 - training loss (MAE): 0.7495, validation MSE: 0.2667
2026-06-04 13:15:20 [INFO]: Epoch 060 - training loss (MAE): 0.7407, validation MSE: 0.2678
2026-06-04 13:15:20 [INFO]: Finished training. The best model is from epoch#59.
2026-06-04 13:15:20 [INFO]: Saved the model to output/imputation/cuda/paper_campaign/saits/etth1/mr0.3/seed123/SAITS.pypots
[SAITS] Testing —— MAE: 0.4121| MSE: 0.4130| RMSE: 0.6427| MRE: 0.4819| 
📊 Metrics saved to: output/imputation/cuda/paper_campaign/saits/etth1/mr0.3/seed123/metrics/saits_metrics.json
