2026-06-04 08:06:46 [INFO]: Have set the random seed as 42 for numpy and pytorch.
2026-06-04 08:06:47 [INFO]: 🔥🔥🔥🔥🔥🔥🔥🔥🔥🔥Using device list: ['cuda:0']
2026-06-04 08:06:47 [INFO]: 🔥🔥🔥🔥🔥🔥🔥🔥🔥🔥Using the given device: cuda:0
2026-06-04 08:06:47 [INFO]: Model files will be saved to output/imputation/cuda/paper_campaign/tefn/appliances_energy/mr0.3/seed42
2026-06-04 08:06:47 [INFO]: Tensorboard file will be saved to output/imputation/cuda/paper_campaign/tefn/appliances_energy/mr0.3/seed42/tensorboard
2026-06-04 08:06:47 [INFO]: Using customized MAE as the training loss function.
2026-06-04 08:06:47 [INFO]: Using customized MSE as the validation metric function.
2026-06-04 08:06:47 [INFO]: Model placed on cuda:0
2026-06-04 08:06:47 [INFO]: TEFN initialized with the given hyperparameters.
 ├─ Total parameters: 5,408
 ├─ Trainable parameters: 5,408
 └─ Trainable ratio: 100.00%
2026-06-04 08:06:48 [INFO]: Epoch 001 - training loss (MAE): 10.0110, validation MSE: 35.5970
2026-06-04 08:06:49 [INFO]: Epoch 002 - training loss (MAE): 8.7822, validation MSE: 29.5070
2026-06-04 08:06:50 [INFO]: Epoch 003 - training loss (MAE): 7.9513, validation MSE: 25.1695
2026-06-04 08:06:50 [INFO]: Epoch 004 - training loss (MAE): 7.2844, validation MSE: 21.7992
2026-06-04 08:06:51 [INFO]: Epoch 005 - training loss (MAE): 6.6670, validation MSE: 18.8309
2026-06-04 08:06:52 [INFO]: Epoch 006 - training loss (MAE): 6.0774, validation MSE: 16.2015
2026-06-04 08:06:53 [INFO]: Epoch 007 - training loss (MAE): 5.5162, validation MSE: 13.8979
2026-06-04 08:06:53 [INFO]: Epoch 008 - training loss (MAE): 4.9988, validation MSE: 11.9169
2026-06-04 08:06:54 [INFO]: Epoch 009 - training loss (MAE): 4.5369, validation MSE: 10.2466
2026-06-04 08:06:55 [INFO]: Epoch 010 - training loss (MAE): 4.1217, validation MSE: 8.8247
2026-06-04 08:06:56 [INFO]: Epoch 011 - training loss (MAE): 3.7591, validation MSE: 7.6301
2026-06-04 08:06:57 [INFO]: Epoch 012 - training loss (MAE): 3.4191, validation MSE: 6.6101
2026-06-04 08:06:57 [INFO]: Epoch 013 - training loss (MAE): 3.1136, validation MSE: 5.7495
2026-06-04 08:06:58 [INFO]: Epoch 014 - training loss (MAE): 2.8313, validation MSE: 5.0136
2026-06-04 08:06:58 [INFO]: Epoch 015 - training loss (MAE): 2.5780, validation MSE: 4.3760
2026-06-04 08:06:59 [INFO]: Epoch 016 - training loss (MAE): 2.3507, validation MSE: 3.8298
2026-06-04 08:07:00 [INFO]: Epoch 017 - training loss (MAE): 2.1474, validation MSE: 3.3705
2026-06-04 08:07:00 [INFO]: Epoch 018 - training loss (MAE): 1.9723, validation MSE: 2.9751
2026-06-04 08:07:01 [INFO]: Epoch 019 - training loss (MAE): 1.8267, validation MSE: 2.6411
2026-06-04 08:07:01 [INFO]: Epoch 020 - training loss (MAE): 1.7040, validation MSE: 2.3709
2026-06-04 08:07:02 [INFO]: Epoch 021 - training loss (MAE): 1.5978, validation MSE: 2.1321
2026-06-04 08:07:02 [INFO]: Epoch 022 - training loss (MAE): 1.5043, validation MSE: 1.9265
2026-06-04 08:07:03 [INFO]: Epoch 023 - training loss (MAE): 1.4257, validation MSE: 1.7547
2026-06-04 08:07:04 [INFO]: Epoch 024 - training loss (MAE): 1.3536, validation MSE: 1.5998
2026-06-04 08:07:04 [INFO]: Epoch 025 - training loss (MAE): 1.2919, validation MSE: 1.4677
2026-06-04 08:07:05 [INFO]: Epoch 026 - training loss (MAE): 1.2358, validation MSE: 1.3474
2026-06-04 08:07:05 [INFO]: Epoch 027 - training loss (MAE): 1.1815, validation MSE: 1.2460
2026-06-04 08:07:06 [INFO]: Epoch 028 - training loss (MAE): 1.1347, validation MSE: 1.1532
2026-06-04 08:07:06 [INFO]: Epoch 029 - training loss (MAE): 1.0914, validation MSE: 1.0803
2026-06-04 08:07:07 [INFO]: Epoch 030 - training loss (MAE): 1.0523, validation MSE: 1.0128
2026-06-04 08:07:08 [INFO]: Epoch 031 - training loss (MAE): 1.0148, validation MSE: 0.9476
2026-06-04 08:07:08 [INFO]: Epoch 032 - training loss (MAE): 0.9798, validation MSE: 0.9029
2026-06-04 08:07:09 [INFO]: Epoch 033 - training loss (MAE): 0.9523, validation MSE: 0.8613
2026-06-04 08:07:09 [INFO]: Epoch 034 - training loss (MAE): 0.9262, validation MSE: 0.8214
2026-06-04 08:07:10 [INFO]: Epoch 035 - training loss (MAE): 0.9040, validation MSE: 0.7888
2026-06-04 08:07:11 [INFO]: Epoch 036 - training loss (MAE): 0.8795, validation MSE: 0.7488
2026-06-04 08:07:11 [INFO]: Epoch 037 - training loss (MAE): 0.8604, validation MSE: 0.7228
2026-06-04 08:07:12 [INFO]: Epoch 038 - training loss (MAE): 0.8408, validation MSE: 0.6929
2026-06-04 08:07:12 [INFO]: Epoch 039 - training loss (MAE): 0.8217, validation MSE: 0.6680
2026-06-04 08:07:13 [INFO]: Epoch 040 - training loss (MAE): 0.8038, validation MSE: 0.6486
2026-06-04 08:07:14 [INFO]: Epoch 041 - training loss (MAE): 0.7859, validation MSE: 0.6257
2026-06-04 08:07:14 [INFO]: Epoch 042 - training loss (MAE): 0.7675, validation MSE: 0.6046
2026-06-04 08:07:15 [INFO]: Epoch 043 - training loss (MAE): 0.7519, validation MSE: 0.5884
2026-06-04 08:07:15 [INFO]: Epoch 044 - training loss (MAE): 0.7373, validation MSE: 0.5770
2026-06-04 08:07:16 [INFO]: Epoch 045 - training loss (MAE): 0.7245, validation MSE: 0.5537
2026-06-04 08:07:16 [INFO]: Epoch 046 - training loss (MAE): 0.7116, validation MSE: 0.5453
2026-06-04 08:07:17 [INFO]: Epoch 047 - training loss (MAE): 0.7009, validation MSE: 0.5330
2026-06-04 08:07:18 [INFO]: Epoch 048 - training loss (MAE): 0.6893, validation MSE: 0.5209
2026-06-04 08:07:18 [INFO]: Epoch 049 - training loss (MAE): 0.6805, validation MSE: 0.5129
2026-06-04 08:07:19 [INFO]: Epoch 050 - training loss (MAE): 0.6727, validation MSE: 0.5008
2026-06-04 08:07:19 [INFO]: Epoch 051 - training loss (MAE): 0.6632, validation MSE: 0.4910
2026-06-04 08:07:20 [INFO]: Epoch 052 - training loss (MAE): 0.6560, validation MSE: 0.4883
2026-06-04 08:07:20 [INFO]: Epoch 053 - training loss (MAE): 0.6495, validation MSE: 0.4805
2026-06-04 08:07:21 [INFO]: Epoch 054 - training loss (MAE): 0.6428, validation MSE: 0.4768
2026-06-04 08:07:22 [INFO]: Epoch 055 - training loss (MAE): 0.6379, validation MSE: 0.4710
2026-06-04 08:07:22 [INFO]: Epoch 056 - training loss (MAE): 0.6318, validation MSE: 0.4681
2026-06-04 08:07:23 [INFO]: Epoch 057 - training loss (MAE): 0.6276, validation MSE: 0.4650
2026-06-04 08:07:23 [INFO]: Epoch 058 - training loss (MAE): 0.6218, validation MSE: 0.4542
2026-06-04 08:07:24 [INFO]: Epoch 059 - training loss (MAE): 0.6176, validation MSE: 0.4558
2026-06-04 08:07:24 [INFO]: Epoch 060 - training loss (MAE): 0.6143, validation MSE: 0.4529
2026-06-04 08:07:24 [INFO]: Finished training. The best model is from epoch#60.
2026-06-04 08:07:24 [INFO]: Saved the model to output/imputation/cuda/paper_campaign/tefn/appliances_energy/mr0.3/seed42/TEFN.pypots
[34m
████████╗██╗███╗   ███╗███████╗    ███████╗███████╗██████╗ ██╗███████╗███████╗    █████╗ ██╗
╚══██╔══╝██║████╗ ████║██╔════╝    ██╔════╝██╔════╝██╔══██╗██║██╔════╝██╔════╝   ██╔══██╗██║
   ██║   ██║██╔████╔██║█████╗█████╗███████╗█████╗  ██████╔╝██║█████╗  ███████╗   ███████║██║
   ██║   ██║██║╚██╔╝██║██╔══╝╚════╝╚════██║██╔══╝  ██╔══██╗██║██╔══╝  ╚════██║   ██╔══██║██║
   ██║   ██║██║ ╚═╝ ██║███████╗    ███████║███████╗██║  ██║██║███████╗███████║██╗██║  ██║██║
   ╚═╝   ╚═╝╚═╝     ╚═╝╚══════╝    ╚══════╝╚══════╝╚═╝  ╚═╝╚═╝╚══════╝╚══════╝╚═╝╚═╝  ╚═╝╚═╝
ai4ts v0.0.3 - building AI for unified time-series analysis, https://time-series.ai [0m

Use Train GPT: False
Use Lora: False
Use Profiling: False
🚀 Running imputation pipeline for model: tefn
✅ Dataset 'appliances_energy' with missing rate 0.3 loaded at: /home/Aboya_25R9803/projects/lab/SUN/iPyPOTS/datasets/rate_0.3
🚀 Starting TEFN training pipeline...
[TEFN] Testing —— MAE: 0.6024| MSE: 0.6744| RMSE: 0.8212| MRE: 0.5977| 
📊 Metrics saved to: output/imputation/cuda/paper_campaign/tefn/appliances_energy/mr0.3/seed42/metrics/tefn_metrics.json
