2026-06-04 08:15:02 [INFO]: Have set the random seed as 123 for numpy and pytorch.
2026-06-04 08:15:02 [INFO]: 🔥🔥🔥🔥🔥🔥🔥🔥🔥🔥Using device list: ['cuda:0']
2026-06-04 08:15:02 [INFO]: 🔥🔥🔥🔥🔥🔥🔥🔥🔥🔥Using the given device: cuda:0
2026-06-04 08:15:03 [INFO]: Model files will be saved to output/imputation/cuda/paper_campaign/tslanet/appliances_energy/mr0.1/seed123
2026-06-04 08:15:03 [INFO]: Tensorboard file will be saved to output/imputation/cuda/paper_campaign/tslanet/appliances_energy/mr0.1/seed123/tensorboard
2026-06-04 08:15:03 [INFO]: Model placed on cuda:0
2026-06-04 08:15:03 [INFO]: TSLANet initialized with the given hyperparameters.
 ├─ Total parameters: 176,394
 ├─ Trainable parameters: 176,394
 └─ Trainable ratio: 100.00%
2026-06-04 08:15:05 [INFO]: Epoch 001 - training loss (default): 0.1268, validation loss: 0.0619
2026-06-04 08:15:06 [INFO]: Epoch 002 - training loss (default): 0.0512, validation loss: 0.0445
2026-06-04 08:15:07 [INFO]: Epoch 003 - training loss (default): 0.0346, validation loss: 0.0329
2026-06-04 08:15:08 [INFO]: Epoch 004 - training loss (default): 0.0254, validation loss: 0.0252
2026-06-04 08:15:10 [INFO]: Epoch 005 - training loss (default): 0.0199, validation loss: 0.0197
2026-06-04 08:15:11 [INFO]: Epoch 006 - training loss (default): 0.0163, validation loss: 0.0165
2026-06-04 08:15:12 [INFO]: Epoch 007 - training loss (default): 0.0137, validation loss: 0.0142
2026-06-04 08:15:13 [INFO]: Epoch 008 - training loss (default): 0.0120, validation loss: 0.0128
2026-06-04 08:15:14 [INFO]: Epoch 009 - training loss (default): 0.0107, validation loss: 0.0114
2026-06-04 08:15:16 [INFO]: Epoch 010 - training loss (default): 0.0098, validation loss: 0.0108
2026-06-04 08:15:17 [INFO]: Epoch 011 - training loss (default): 0.0088, validation loss: 0.0101
2026-06-04 08:15:18 [INFO]: Epoch 012 - training loss (default): 0.0084, validation loss: 0.0094
2026-06-04 08:15:19 [INFO]: Epoch 013 - training loss (default): 0.0077, validation loss: 0.0091
2026-06-04 08:15:20 [INFO]: Epoch 014 - training loss (default): 0.0072, validation loss: 0.0085
2026-06-04 08:15:22 [INFO]: Epoch 015 - training loss (default): 0.0068, validation loss: 0.0081
2026-06-04 08:15:23 [INFO]: Epoch 016 - training loss (default): 0.0065, validation loss: 0.0077
2026-06-04 08:15:24 [INFO]: Epoch 017 - training loss (default): 0.0062, validation loss: 0.0076
2026-06-04 08:15:25 [INFO]: Epoch 018 - training loss (default): 0.0059, validation loss: 0.0070
2026-06-04 08:15:27 [INFO]: Epoch 019 - training loss (default): 0.0054, validation loss: 0.0068
2026-06-04 08:15:28 [INFO]: Epoch 020 - training loss (default): 0.0053, validation loss: 0.0064
2026-06-04 08:15:29 [INFO]: Epoch 021 - training loss (default): 0.0050, validation loss: 0.0061
2026-06-04 08:15:30 [INFO]: Epoch 022 - training loss (default): 0.0048, validation loss: 0.0059
2026-06-04 08:15:31 [INFO]: Epoch 023 - training loss (default): 0.0046, validation loss: 0.0057
2026-06-04 08:15:33 [INFO]: Epoch 024 - training loss (default): 0.0044, validation loss: 0.0055
2026-06-04 08:15:34 [INFO]: Epoch 025 - training loss (default): 0.0041, validation loss: 0.0053
2026-06-04 08:15:35 [INFO]: Epoch 026 - training loss (default): 0.0041, validation loss: 0.0054
2026-06-04 08:15:36 [INFO]: Epoch 027 - training loss (default): 0.0038, validation loss: 0.0050
2026-06-04 08:15:37 [INFO]: Epoch 028 - training loss (default): 0.0037, validation loss: 0.0046
2026-06-04 08:15:39 [INFO]: Epoch 029 - training loss (default): 0.0036, validation loss: 0.0046
2026-06-04 08:15:40 [INFO]: Epoch 030 - training loss (default): 0.0034, validation loss: 0.0042
2026-06-04 08:15:41 [INFO]: Epoch 031 - training loss (default): 0.0033, validation loss: 0.0042
2026-06-04 08:15:42 [INFO]: Epoch 032 - training loss (default): 0.0032, validation loss: 0.0039
2026-06-04 08:15:43 [INFO]: Epoch 033 - training loss (default): 0.0030, validation loss: 0.0039
2026-06-04 08:15:45 [INFO]: Epoch 034 - training loss (default): 0.0029, validation loss: 0.0037
2026-06-04 08:15:46 [INFO]: Epoch 035 - training loss (default): 0.0028, validation loss: 0.0037
2026-06-04 08:15:47 [INFO]: Epoch 036 - training loss (default): 0.0027, validation loss: 0.0036
2026-06-04 08:15:48 [INFO]: Epoch 037 - training loss (default): 0.0026, validation loss: 0.0035
2026-06-04 08:15:50 [INFO]: Epoch 038 - training loss (default): 0.0024, validation loss: 0.0033
2026-06-04 08:15:51 [INFO]: Epoch 039 - training loss (default): 0.0024, validation loss: 0.0032
2026-06-04 08:15:52 [INFO]: Epoch 040 - training loss (default): 0.0023, validation loss: 0.0032
2026-06-04 08:15:53 [INFO]: Epoch 041 - training loss (default): 0.0022, validation loss: 0.0030
2026-06-04 08:15:55 [INFO]: Epoch 042 - training loss (default): 0.0022, validation loss: 0.0027
2026-06-04 08:15:56 [INFO]: Epoch 043 - training loss (default): 0.0021, validation loss: 0.0027
2026-06-04 08:15:57 [INFO]: Epoch 044 - training loss (default): 0.0020, validation loss: 0.0027
2026-06-04 08:15:58 [INFO]: Epoch 045 - training loss (default): 0.0019, validation loss: 0.0025
2026-06-04 08:16:00 [INFO]: Epoch 046 - training loss (default): 0.0019, validation loss: 0.0025
2026-06-04 08:16:01 [INFO]: Epoch 047 - training loss (default): 0.0018, validation loss: 0.0025
2026-06-04 08:16:02 [INFO]: Epoch 048 - training loss (default): 0.0018, validation loss: 0.0023
2026-06-04 08:16:03 [INFO]: Epoch 049 - training loss (default): 0.0017, validation loss: 0.0023
2026-06-04 08:16:04 [INFO]: Epoch 050 - training loss (default): 0.0017, validation loss: 0.0021
2026-06-04 08:16:06 [INFO]: Epoch 051 - training loss (default): 0.0016, validation loss: 0.0021
2026-06-04 08:16:07 [INFO]: Epoch 052 - training loss (default): 0.0016, validation loss: 0.0020
2026-06-04 08:16:08 [INFO]: Epoch 053 - training loss (default): 0.0015, validation loss: 0.0021
2026-06-04 08:16:09 [INFO]: Epoch 054 - training loss (default): 0.0015, validation loss: 0.0020
2026-06-04 08:16:10 [INFO]: Epoch 055 - training loss (default): 0.0014, validation loss: 0.0019
2026-06-04 08:16:12 [INFO]: Epoch 056 - training loss (default): 0.0014, validation loss: 0.0018
2026-06-04 08:16:13 [INFO]: Epoch 057 - training loss (default): 0.0013, validation loss: 0.0018
2026-06-04 08:16:14 [INFO]: Epoch 058 - training loss (default): 0.0013, validation loss: 0.0018
2026-06-04 08:16:15 [INFO]: Epoch 059 - training loss (default): 0.0012, validation loss: 0.0017
2026-06-04 08:16:16 [INFO]: Epoch 060 - training loss (default): 0.0012, validation loss: 0.0017
2026-06-04 08:16:16 [INFO]: Finished training. The best model is from epoch#60.
2026-06-04 08:16:16 [INFO]: Saved the model to output/imputation/cuda/paper_campaign/tslanet/appliances_energy/mr0.1/seed123/TSLANet.pypots
[34m
████████╗██╗███╗   ███╗███████╗    ███████╗███████╗██████╗ ██╗███████╗███████╗    █████╗ ██╗
╚══██╔══╝██║████╗ ████║██╔════╝    ██╔════╝██╔════╝██╔══██╗██║██╔════╝██╔════╝   ██╔══██╗██║
   ██║   ██║██╔████╔██║█████╗█████╗███████╗█████╗  ██████╔╝██║█████╗  ███████╗   ███████║██║
   ██║   ██║██║╚██╔╝██║██╔══╝╚════╝╚════██║██╔══╝  ██╔══██╗██║██╔══╝  ╚════██║   ██╔══██║██║
   ██║   ██║██║ ╚═╝ ██║███████╗    ███████║███████╗██║  ██║██║███████╗███████║██╗██║  ██║██║
   ╚═╝   ╚═╝╚═╝     ╚═╝╚══════╝    ╚══════╝╚══════╝╚═╝  ╚═╝╚═╝╚══════╝╚══════╝╚═╝╚═╝  ╚═╝╚═╝
ai4ts v0.0.3 - building AI for unified time-series analysis, https://time-series.ai [0m

Use Train GPT: False
Use Lora: False
Use Profiling: False
🚀 Running imputation pipeline for model: tslanet
✅ Dataset 'appliances_energy' with missing rate 0.1 loaded at: /home/Aboya_25R9803/projects/lab/SUN/iPyPOTS/datasets/rate_0.1
🚀 Starting TSLANet training pipeline...
[TSLANet] Testing —— MAE: 1.0112| MSE: 1.5183| RMSE: 1.2322| MRE: 1.0035| 
📊 Metrics saved to: output/imputation/cuda/paper_campaign/tslanet/appliances_energy/mr0.1/seed123/metrics/tslanet_metrics.json
