2026-06-04 04:58:51 [INFO]: Have set the random seed as 42 for numpy and pytorch.
2026-06-04 04:58:51 [INFO]: You're using dataset electricity_load_diagrams, please cite it properly in your work. You can find its reference information at the below link: 
https://github.com/WenjieDu/TSDB/tree/main/dataset_profiles/electricity_load_diagrams
2026-06-04 04:58:51 [INFO]: Dataset electricity_load_diagrams has already been downloaded. Processing directly...
2026-06-04 04:58:51 [INFO]: Dataset electricity_load_diagrams has already been cached. Loading from cache directly...
2026-06-04 04:58:51 [INFO]: Loaded successfully!
2026-06-04 04:58:51 [INFO]: months selected as test set are <PeriodArray>
['2011-01', '2011-02', '2011-03', '2011-04', '2011-05', '2011-06', '2011-07',
 '2011-08', '2011-09', '2011-10']
Length: 10, dtype: period[M]
2026-06-04 04:58:51 [INFO]: months selected as val set are <PeriodArray>
['2011-11', '2011-12', '2012-01', '2012-02', '2012-03', '2012-04', '2012-05',
 '2012-06', '2012-07', '2012-08']
Length: 10, dtype: period[M]
2026-06-04 04:58:51 [INFO]: months selected as train set are <PeriodArray>
['2012-09', '2012-10', '2012-11', '2012-12', '2013-01', '2013-02', '2013-03',
 '2013-04', '2013-05', '2013-06', '2013-07', '2013-08', '2013-09', '2013-10',
 '2013-11', '2013-12', '2014-01', '2014-02', '2014-03', '2014-04', '2014-05',
 '2014-06', '2014-07', '2014-08', '2014-09', '2014-10', '2014-11', '2014-12',
 '2015-01']
Length: 29, dtype: period[M]
2026-06-04 04:58:53 [INFO]: Total sample number: 5843
2026-06-04 04:58:53 [INFO]: Training set size: 3408 (58.33%)
2026-06-04 04:58:53 [INFO]: Validation set size: 1220 (20.88%)
2026-06-04 04:58:53 [INFO]: Test set size: 1215 (20.79%)
2026-06-04 04:58:53 [INFO]: Number of steps: 24
2026-06-04 04:58:53 [INFO]: Number of features: 370
2026-06-04 04:58:53 [INFO]: Train set missing rate: 10.00%
2026-06-04 04:58:53 [INFO]: Validating set missing rate: 9.99%
2026-06-04 04:58:53 [INFO]: Test set missing rate: 10.01%
2026-06-04 04:58:53 [INFO]: 🔥🔥🔥🔥🔥🔥🔥🔥🔥🔥Using device list: ['cuda:0']
2026-06-04 04:58:53 [INFO]: 🔥🔥🔥🔥🔥🔥🔥🔥🔥🔥Using the given device: cuda:0
2026-06-04 04:58:54 [INFO]: Model files will be saved to output/imputation/cuda/paper_campaign/tefn/eld/mr0.1/seed42
2026-06-04 04:58:54 [INFO]: Tensorboard file will be saved to output/imputation/cuda/paper_campaign/tefn/eld/mr0.1/seed42/tensorboard
2026-06-04 04:58:54 [INFO]: Using customized MAE as the training loss function.
2026-06-04 04:58:54 [INFO]: Using customized MSE as the validation metric function.
2026-06-04 04:58:54 [INFO]: Model placed on cuda:0
2026-06-04 04:58:54 [INFO]: TEFN initialized with the given hyperparameters.
 ├─ Total parameters: 286,778
 ├─ Trainable parameters: 286,778
 └─ Trainable ratio: 100.00%
2026-06-04 04:58:56 [INFO]: Epoch 001 - training loss (MAE): 8.4715, validation MSE: 37.7657
2026-06-04 04:58:57 [INFO]: Epoch 002 - training loss (MAE): 7.4687, validation MSE: 31.1958
2026-06-04 04:58:59 [INFO]: Epoch 003 - training loss (MAE): 6.7585, validation MSE: 26.2597
2026-06-04 04:59:00 [INFO]: Epoch 004 - training loss (MAE): 6.1220, validation MSE: 22.4252
2026-06-04 04:59:02 [INFO]: Epoch 005 - training loss (MAE): 5.5479, validation MSE: 19.5002
2026-06-04 04:59:03 [INFO]: Epoch 006 - training loss (MAE): 5.0204, validation MSE: 17.1121
2026-06-04 04:59:04 [INFO]: Epoch 007 - training loss (MAE): 4.5409, validation MSE: 15.0519
2026-06-04 04:59:06 [INFO]: Epoch 008 - training loss (MAE): 4.1031, validation MSE: 13.3046
2026-06-04 04:59:08 [INFO]: Epoch 009 - training loss (MAE): 3.7066, validation MSE: 12.0239
2026-06-04 04:59:09 [INFO]: Epoch 010 - training loss (MAE): 3.3506, validation MSE: 11.0226
2026-06-04 04:59:10 [INFO]: Epoch 011 - training loss (MAE): 3.0302, validation MSE: 10.0350
2026-06-04 04:59:12 [INFO]: Epoch 012 - training loss (MAE): 2.7357, validation MSE: 9.2479
2026-06-04 04:59:13 [INFO]: Epoch 013 - training loss (MAE): 2.4763, validation MSE: 8.4262
2026-06-04 04:59:14 [INFO]: Epoch 014 - training loss (MAE): 2.2468, validation MSE: 7.8479
2026-06-04 04:59:16 [INFO]: Epoch 015 - training loss (MAE): 2.0513, validation MSE: 7.3956
2026-06-04 04:59:17 [INFO]: Epoch 016 - training loss (MAE): 1.8860, validation MSE: 6.8815
2026-06-04 04:59:19 [INFO]: Epoch 017 - training loss (MAE): 1.7478, validation MSE: 6.6138
2026-06-04 04:59:20 [INFO]: Epoch 018 - training loss (MAE): 1.6231, validation MSE: 6.1563
2026-06-04 04:59:21 [INFO]: Epoch 019 - training loss (MAE): 1.5122, validation MSE: 5.8859
2026-06-04 04:59:23 [INFO]: Epoch 020 - training loss (MAE): 1.4180, validation MSE: 5.6317
2026-06-04 04:59:24 [INFO]: Epoch 021 - training loss (MAE): 1.3380, validation MSE: 5.3952
2026-06-04 04:59:25 [INFO]: Epoch 022 - training loss (MAE): 1.2678, validation MSE: 5.1763
2026-06-04 04:59:27 [INFO]: Epoch 023 - training loss (MAE): 1.2042, validation MSE: 5.0317
2026-06-04 04:59:28 [INFO]: Epoch 024 - training loss (MAE): 1.1457, validation MSE: 4.8761
2026-06-04 04:59:29 [INFO]: Epoch 025 - training loss (MAE): 1.0964, validation MSE: 4.7491
2026-06-04 04:59:30 [INFO]: Epoch 026 - training loss (MAE): 1.0493, validation MSE: 4.6077
2026-06-04 04:59:31 [INFO]: Epoch 027 - training loss (MAE): 1.0088, validation MSE: 4.4886
2026-06-04 04:59:32 [INFO]: Epoch 028 - training loss (MAE): 0.9724, validation MSE: 4.3585
2026-06-04 04:59:34 [INFO]: Epoch 029 - training loss (MAE): 0.9385, validation MSE: 4.2554
2026-06-04 04:59:35 [INFO]: Epoch 030 - training loss (MAE): 0.9042, validation MSE: 4.1866
2026-06-04 04:59:36 [INFO]: Epoch 031 - training loss (MAE): 0.8810, validation MSE: 4.1528
2026-06-04 04:59:37 [INFO]: Epoch 032 - training loss (MAE): 0.8578, validation MSE: 4.0368
2026-06-04 04:59:38 [INFO]: Epoch 033 - training loss (MAE): 0.8363, validation MSE: 3.9896
2026-06-04 04:59:40 [INFO]: Epoch 034 - training loss (MAE): 0.8192, validation MSE: 3.9538
2026-06-04 04:59:41 [INFO]: Epoch 035 - training loss (MAE): 0.7985, validation MSE: 3.8819
2026-06-04 04:59:42 [INFO]: Epoch 036 - training loss (MAE): 0.7822, validation MSE: 3.8602
2026-06-04 04:59:43 [INFO]: Epoch 037 - training loss (MAE): 0.7650, validation MSE: 3.8680
2026-06-04 04:59:44 [INFO]: Epoch 038 - training loss (MAE): 0.7485, validation MSE: 3.7789
2026-06-04 04:59:46 [INFO]: Epoch 039 - training loss (MAE): 0.7346, validation MSE: 3.7238
2026-06-04 04:59:47 [INFO]: Epoch 040 - training loss (MAE): 0.7237, validation MSE: 3.7104
2026-06-04 04:59:48 [INFO]: Epoch 041 - training loss (MAE): 0.7101, validation MSE: 3.6273
2026-06-04 04:59:49 [INFO]: Epoch 042 - training loss (MAE): 0.6968, validation MSE: 3.5904
2026-06-04 04:59:50 [INFO]: Epoch 043 - training loss (MAE): 0.6879, validation MSE: 3.6226
2026-06-04 04:59:51 [INFO]: Epoch 044 - training loss (MAE): 0.6796, validation MSE: 3.5597
2026-06-04 04:59:53 [INFO]: Epoch 045 - training loss (MAE): 0.6699, validation MSE: 3.5288
2026-06-04 04:59:54 [INFO]: Epoch 046 - training loss (MAE): 0.6598, validation MSE: 3.5060
2026-06-04 04:59:55 [INFO]: Epoch 047 - training loss (MAE): 0.6491, validation MSE: 3.4735
2026-06-04 04:59:56 [INFO]: Epoch 048 - training loss (MAE): 0.6408, validation MSE: 3.4591
2026-06-04 04:59:57 [INFO]: Epoch 049 - training loss (MAE): 0.6332, validation MSE: 3.4383
2026-06-04 04:59:59 [INFO]: Epoch 050 - training loss (MAE): 0.6257, validation MSE: 3.3916
2026-06-04 05:00:00 [INFO]: Epoch 051 - training loss (MAE): 0.6193, validation MSE: 3.4054
2026-06-04 05:00:02 [INFO]: Epoch 052 - training loss (MAE): 0.6136, validation MSE: 3.3621
2026-06-04 05:00:03 [INFO]: Epoch 053 - training loss (MAE): 0.6068, validation MSE: 3.3696
2026-06-04 05:00:04 [INFO]: Epoch 054 - training loss (MAE): 0.5999, validation MSE: 3.3703
2026-06-04 05:00:06 [INFO]: Epoch 055 - training loss (MAE): 0.5944, validation MSE: 3.3782
2026-06-04 05:00:07 [INFO]: Epoch 056 - training loss (MAE): 0.5905, validation MSE: 3.3214
2026-06-04 05:00:08 [INFO]: Epoch 057 - training loss (MAE): 0.5862, validation MSE: 3.3127
2026-06-04 05:00:10 [INFO]: Epoch 058 - training loss (MAE): 0.5823, validation MSE: 3.3086
2026-06-04 05:00:11 [INFO]: Epoch 059 - training loss (MAE): 0.5774, validation MSE: 3.2911
2026-06-04 05:00:12 [INFO]: Epoch 060 - training loss (MAE): 0.5740, validation MSE: 3.3072
2026-06-04 05:00:12 [INFO]: Finished training. The best model is from epoch#59.
2026-06-04 05:00:12 [INFO]: Saved the model to output/imputation/cuda/paper_campaign/tefn/eld/mr0.1/seed42/TEFN.pypots
[34m
████████╗██╗███╗   ███╗███████╗    ███████╗███████╗██████╗ ██╗███████╗███████╗    █████╗ ██╗
╚══██╔══╝██║████╗ ████║██╔════╝    ██╔════╝██╔════╝██╔══██╗██║██╔════╝██╔════╝   ██╔══██╗██║
   ██║   ██║██╔████╔██║█████╗█████╗███████╗█████╗  ██████╔╝██║█████╗  ███████╗   ███████║██║
   ██║   ██║██║╚██╔╝██║██╔══╝╚════╝╚════██║██╔══╝  ██╔══██╗██║██╔══╝  ╚════██║   ██╔══██║██║
   ██║   ██║██║ ╚═╝ ██║███████╗    ███████║███████╗██║  ██║██║███████╗███████║██╗██║  ██║██║
   ╚═╝   ╚═╝╚═╝     ╚═╝╚══════╝    ╚══════╝╚══════╝╚═╝  ╚═╝╚═╝╚══════╝╚══════╝╚═╝╚═╝  ╚═╝╚═╝
ai4ts v0.0.3 - building AI for unified time-series analysis, https://time-series.ai [0m

Use Train GPT: False
Use Lora: False
Use Profiling: False
🚀 Running imputation pipeline for model: tefn
✅ Dataset 'eld' with missing rate 0.1 loaded at: /home/Aboya_25R9803/projects/lab/SUN/iPyPOTS/datasets/rate_0.1
🚀 Starting TEFN training pipeline...
[TEFN] Testing —— MAE: 1.1046| MSE: 2.7204| RMSE: 1.6494| MRE: 0.5914| 
📊 Metrics saved to: output/imputation/cuda/paper_campaign/tefn/eld/mr0.1/seed42/metrics/tefn_metrics.json
