2026-06-04 04:57:18 [INFO]: Have set the random seed as 123 for numpy and pytorch.
2026-06-04 04:57:30 [INFO]: 🔥🔥🔥🔥🔥🔥🔥🔥🔥🔥Using device list: ['cuda:0']
2026-06-04 04:57:30 [INFO]: 🔥🔥🔥🔥🔥🔥🔥🔥🔥🔥Using the given device: cuda:0
2026-06-04 04:57:30 [INFO]: Model files will be saved to output/imputation/cuda/paper_campaign/saits/household_power/mr0.3/seed123
2026-06-04 04:57:30 [INFO]: Tensorboard file will be saved to output/imputation/cuda/paper_campaign/saits/household_power/mr0.3/seed123/tensorboard
2026-06-04 04:57:30 [INFO]: Using customized MAE as the training loss function.
2026-06-04 04:57:30 [INFO]: Using customized MSE as the validation metric function.
2026-06-04 04:57:30 [INFO]: SAITS initialized with the given hyperparameters.
 ├─ Total parameters: 139,350
 ├─ Trainable parameters: 139,350
 └─ Trainable ratio: 100.00%
2026-06-04 04:57:31 [INFO]: Model placed on cuda:0
2026-06-04 04:57:33 [INFO]: Epoch 001 - training loss (MAE): 1.3963, validation MSE: 0.9061
2026-06-04 04:57:35 [INFO]: Epoch 002 - training loss (MAE): 1.1094, validation MSE: 0.8286
2026-06-04 04:57:37 [INFO]: Epoch 003 - training loss (MAE): 0.9681, validation MSE: 0.7576
2026-06-04 04:57:40 [INFO]: Epoch 004 - training loss (MAE): 0.8621, validation MSE: 0.6212
2026-06-04 04:57:44 [INFO]: Epoch 005 - training loss (MAE): 0.7471, validation MSE: 0.5880
2026-06-04 04:57:47 [INFO]: Epoch 006 - training loss (MAE): 0.6849, validation MSE: 0.5726
2026-06-04 04:57:50 [INFO]: Epoch 007 - training loss (MAE): 0.6462, validation MSE: 0.5529
2026-06-04 04:57:51 [INFO]: Epoch 008 - training loss (MAE): 0.6146, validation MSE: 0.5401
2026-06-04 04:57:53 [INFO]: Epoch 009 - training loss (MAE): 0.5893, validation MSE: 0.5338
2026-06-04 04:57:55 [INFO]: Epoch 010 - training loss (MAE): 0.5706, validation MSE: 0.5250
2026-06-04 04:57:57 [INFO]: Epoch 011 - training loss (MAE): 0.5500, validation MSE: 0.5017
2026-06-04 04:57:59 [INFO]: Epoch 012 - training loss (MAE): 0.5181, validation MSE: 0.4305
2026-06-04 04:58:00 [INFO]: Epoch 013 - training loss (MAE): 0.4730, validation MSE: 0.3915
2026-06-04 04:58:02 [INFO]: Epoch 014 - training loss (MAE): 0.4454, validation MSE: 0.3726
2026-06-04 04:58:05 [INFO]: Epoch 015 - training loss (MAE): 0.4278, validation MSE: 0.3650
2026-06-04 04:58:07 [INFO]: Epoch 016 - training loss (MAE): 0.4170, validation MSE: 0.3592
2026-06-04 04:58:10 [INFO]: Epoch 017 - training loss (MAE): 0.4079, validation MSE: 0.3538
2026-06-04 04:58:13 [INFO]: Epoch 018 - training loss (MAE): 0.3984, validation MSE: 0.3499
2026-06-04 04:58:16 [INFO]: Epoch 019 - training loss (MAE): 0.3916, validation MSE: 0.3449
2026-06-04 04:58:18 [INFO]: Epoch 020 - training loss (MAE): 0.3855, validation MSE: 0.3455
2026-06-04 04:58:21 [INFO]: Epoch 021 - training loss (MAE): 0.3792, validation MSE: 0.3359
2026-06-04 04:58:24 [INFO]: Epoch 022 - training loss (MAE): 0.3735, validation MSE: 0.3306
2026-06-04 04:58:26 [INFO]: Epoch 023 - training loss (MAE): 0.3679, validation MSE: 0.3288
2026-06-04 04:58:29 [INFO]: Epoch 024 - training loss (MAE): 0.3640, validation MSE: 0.3217
2026-06-04 04:58:32 [INFO]: Epoch 025 - training loss (MAE): 0.3602, validation MSE: 0.3170
2026-06-04 04:58:35 [INFO]: Epoch 026 - training loss (MAE): 0.3542, validation MSE: 0.3110
2026-06-04 04:58:37 [INFO]: Epoch 027 - training loss (MAE): 0.3502, validation MSE: 0.3059
2026-06-04 04:58:41 [INFO]: Epoch 028 - training loss (MAE): 0.3484, validation MSE: 0.2929
2026-06-04 04:58:44 [INFO]: Epoch 029 - training loss (MAE): 0.3436, validation MSE: 0.2890
2026-06-04 04:58:48 [INFO]: Epoch 030 - training loss (MAE): 0.3406, validation MSE: 0.2851
2026-06-04 04:58:51 [INFO]: Epoch 031 - training loss (MAE): 0.3363, validation MSE: 0.2739
2026-06-04 04:58:54 [INFO]: Epoch 032 - training loss (MAE): 0.3347, validation MSE: 0.2722
2026-06-04 04:58:58 [INFO]: Epoch 033 - training loss (MAE): 0.3312, validation MSE: 0.2672
2026-06-04 04:59:01 [INFO]: Epoch 034 - training loss (MAE): 0.3284, validation MSE: 0.2666
2026-06-04 04:59:04 [INFO]: Epoch 035 - training loss (MAE): 0.3260, validation MSE: 0.2633
2026-06-04 04:59:08 [INFO]: Epoch 036 - training loss (MAE): 0.3242, validation MSE: 0.2630
2026-06-04 04:59:11 [INFO]: Epoch 037 - training loss (MAE): 0.3225, validation MSE: 0.2561
2026-06-04 04:59:14 [INFO]: Epoch 038 - training loss (MAE): 0.3194, validation MSE: 0.2504
2026-06-04 04:59:18 [INFO]: Epoch 039 - training loss (MAE): 0.3172, validation MSE: 0.2527
2026-06-04 04:59:21 [INFO]: Epoch 040 - training loss (MAE): 0.3164, validation MSE: 0.2537
2026-06-04 04:59:24 [INFO]: Epoch 041 - training loss (MAE): 0.3144, validation MSE: 0.2506
2026-06-04 04:59:28 [INFO]: Epoch 042 - training loss (MAE): 0.3117, validation MSE: 0.2475
2026-06-04 04:59:31 [INFO]: Epoch 043 - training loss (MAE): 0.3102, validation MSE: 0.2455
2026-06-04 04:59:34 [INFO]: Epoch 044 - training loss (MAE): 0.3083, validation MSE: 0.2462
2026-06-04 04:59:38 [INFO]: Epoch 045 - training loss (MAE): 0.3077, validation MSE: 0.2428
2026-06-04 04:59:41 [INFO]: Epoch 046 - training loss (MAE): 0.3058, validation MSE: 0.2444
2026-06-04 04:59:44 [INFO]: Epoch 047 - training loss (MAE): 0.3061, validation MSE: 0.2396
2026-06-04 04:59:47 [INFO]: Epoch 048 - training loss (MAE): 0.3035, validation MSE: 0.2400
2026-06-04 04:59:50 [INFO]: Epoch 049 - training loss (MAE): 0.3007, validation MSE: 0.2441
2026-06-04 04:59:53 [INFO]: Epoch 050 - training loss (MAE): 0.2995, validation MSE: 0.2368
2026-06-04 04:59:56 [INFO]: Epoch 051 - training loss (MAE): 0.2980, validation MSE: 0.2326
2026-06-04 04:59:58 [INFO]: Epoch 052 - training loss (MAE): 0.2977, validation MSE: 0.2334
2026-06-04 05:00:01 [INFO]: Epoch 053 - training loss (MAE): 0.2950, validation MSE: 0.2293
2026-06-04 05:00:04 [INFO]: Epoch 054 - training loss (MAE): 0.2947, validation MSE: 0.2301
2026-06-04 05:00:07 [INFO]: Epoch 055 - training loss (MAE): 0.2941, validation MSE: 0.2322
2026-06-04 05:00:09 [INFO]: Epoch 056 - training loss (MAE): 0.2924, validation MSE: 0.2372
2026-06-04 05:00:12 [INFO]: Epoch 057 - training loss (MAE): 0.2922, validation MSE: 0.2324
2026-06-04 05:00:15 [INFO]: Epoch 058 - training loss (MAE): 0.2902, validation MSE: 0.2292
2026-06-04 05:00:18 [INFO]: Epoch 059 - training loss (MAE): 0.2888, validation MSE: 0.2271
2026-06-04 05:00:21 [INFO]: Epoch 060 - training loss (MAE): 0.2872, validation MSE: 0.2310
2026-06-04 05:00:21 [INFO]: Finished training. The best model is from epoch#59.
2026-06-04 05:00:21 [INFO]: Saved the model to output/imputation/cuda/paper_campaign/saits/household_power/mr0.3/seed123/SAITS.pypots
[34m
████████╗██╗███╗   ███╗███████╗    ███████╗███████╗██████╗ ██╗███████╗███████╗    █████╗ ██╗
╚══██╔══╝██║████╗ ████║██╔════╝    ██╔════╝██╔════╝██╔══██╗██║██╔════╝██╔════╝   ██╔══██╗██║
   ██║   ██║██╔████╔██║█████╗█████╗███████╗█████╗  ██████╔╝██║█████╗  ███████╗   ███████║██║
   ██║   ██║██║╚██╔╝██║██╔══╝╚════╝╚════██║██╔══╝  ██╔══██╗██║██╔══╝  ╚════██║   ██╔══██║██║
   ██║   ██║██║ ╚═╝ ██║███████╗    ███████║███████╗██║  ██║██║███████╗███████║██╗██║  ██║██║
   ╚═╝   ╚═╝╚═╝     ╚═╝╚══════╝    ╚══════╝╚══════╝╚═╝  ╚═╝╚═╝╚══════╝╚══════╝╚═╝╚═╝  ╚═╝╚═╝
ai4ts v0.0.3 - building AI for unified time-series analysis, https://time-series.ai [0m

Use Train GPT: False
Use Lora: False
Use Profiling: False
🚀 Running imputation pipeline for model: saits
✅ Dataset 'household_power' with missing rate 0.3 loaded at: /home/Aboya_25R9803/projects/lab/SUN/iPyPOTS/datasets/rate_0.3
🚀 Starting SAITS training pipeline...
[SAITS] Testing —— MAE: 0.1618| MSE: 0.1630| RMSE: 0.4037| MRE: 0.2230| 
📊 Metrics saved to: output/imputation/cuda/paper_campaign/saits/household_power/mr0.3/seed123/metrics/saits_metrics.json
