2026-06-04 09:04:52 [INFO]: Have set the random seed as 123 for numpy and pytorch.
2026-06-04 09:04:53 [INFO]: 🔥🔥🔥🔥🔥🔥🔥🔥🔥🔥Using device list: ['cuda:0']
2026-06-04 09:04:53 [INFO]: 🔥🔥🔥🔥🔥🔥🔥🔥🔥🔥Using the given device: cuda:0
2026-06-04 09:04:54 [INFO]: Model files will be saved to output/imputation/cuda/paper_campaign/saits/citylearn_zone5/mr0.3/seed123
2026-06-04 09:04:54 [INFO]: Tensorboard file will be saved to output/imputation/cuda/paper_campaign/saits/citylearn_zone5/mr0.3/seed123/tensorboard
2026-06-04 09:04:54 [INFO]: Using customized MAE as the training loss function.
2026-06-04 09:04:54 [INFO]: Using customized MSE as the validation metric function.
2026-06-04 09:04:54 [INFO]: SAITS initialized with the given hyperparameters.
 ├─ Total parameters: 144,912
 ├─ Trainable parameters: 144,912
 └─ Trainable ratio: 100.00%
2026-06-04 09:04:54 [INFO]: Model placed on cuda:0
2026-06-04 09:04:59 [INFO]: Epoch 001 - training loss (MAE): 1.3752, validation MSE: 0.6324
2026-06-04 09:05:03 [INFO]: Epoch 002 - training loss (MAE): 0.9549, validation MSE: 0.4942
2026-06-04 09:05:06 [INFO]: Epoch 003 - training loss (MAE): 0.7857, validation MSE: 0.3978
2026-06-04 09:05:10 [INFO]: Epoch 004 - training loss (MAE): 0.6866, validation MSE: 0.3340
2026-06-04 09:05:14 [INFO]: Epoch 005 - training loss (MAE): 0.6225, validation MSE: 0.2905
2026-06-04 09:05:18 [INFO]: Epoch 006 - training loss (MAE): 0.5775, validation MSE: 0.2555
2026-06-04 09:05:22 [INFO]: Epoch 007 - training loss (MAE): 0.5378, validation MSE: 0.2256
2026-06-04 09:05:26 [INFO]: Epoch 008 - training loss (MAE): 0.5020, validation MSE: 0.2032
2026-06-04 09:05:29 [INFO]: Epoch 009 - training loss (MAE): 0.4728, validation MSE: 0.1838
2026-06-04 09:05:33 [INFO]: Epoch 010 - training loss (MAE): 0.4499, validation MSE: 0.1705
2026-06-04 09:05:37 [INFO]: Epoch 011 - training loss (MAE): 0.4284, validation MSE: 0.1584
2026-06-04 09:05:40 [INFO]: Epoch 012 - training loss (MAE): 0.4117, validation MSE: 0.1476
2026-06-04 09:05:44 [INFO]: Epoch 013 - training loss (MAE): 0.3964, validation MSE: 0.1378
2026-06-04 09:05:47 [INFO]: Epoch 014 - training loss (MAE): 0.3829, validation MSE: 0.1300
2026-06-04 09:05:50 [INFO]: Epoch 015 - training loss (MAE): 0.3711, validation MSE: 0.1222
2026-06-04 09:05:54 [INFO]: Epoch 016 - training loss (MAE): 0.3605, validation MSE: 0.1156
2026-06-04 09:05:57 [INFO]: Epoch 017 - training loss (MAE): 0.3515, validation MSE: 0.1108
2026-06-04 09:06:01 [INFO]: Epoch 018 - training loss (MAE): 0.3427, validation MSE: 0.1050
2026-06-04 09:06:04 [INFO]: Epoch 019 - training loss (MAE): 0.3360, validation MSE: 0.1013
2026-06-04 09:06:07 [INFO]: Epoch 020 - training loss (MAE): 0.3285, validation MSE: 0.0957
2026-06-04 09:06:10 [INFO]: Epoch 021 - training loss (MAE): 0.3221, validation MSE: 0.0921
2026-06-04 09:06:13 [INFO]: Epoch 022 - training loss (MAE): 0.3168, validation MSE: 0.0875
2026-06-04 09:06:17 [INFO]: Epoch 023 - training loss (MAE): 0.3105, validation MSE: 0.0843
2026-06-04 09:06:20 [INFO]: Epoch 024 - training loss (MAE): 0.3059, validation MSE: 0.0815
2026-06-04 09:06:24 [INFO]: Epoch 025 - training loss (MAE): 0.3011, validation MSE: 0.0790
2026-06-04 09:06:27 [INFO]: Epoch 026 - training loss (MAE): 0.2971, validation MSE: 0.0772
2026-06-04 09:06:30 [INFO]: Epoch 027 - training loss (MAE): 0.2933, validation MSE: 0.0753
2026-06-04 09:06:33 [INFO]: Epoch 028 - training loss (MAE): 0.2905, validation MSE: 0.0735
2026-06-04 09:06:36 [INFO]: Epoch 029 - training loss (MAE): 0.2865, validation MSE: 0.0720
2026-06-04 09:06:39 [INFO]: Epoch 030 - training loss (MAE): 0.2834, validation MSE: 0.0711
2026-06-04 09:06:43 [INFO]: Epoch 031 - training loss (MAE): 0.2802, validation MSE: 0.0705
2026-06-04 09:06:46 [INFO]: Epoch 032 - training loss (MAE): 0.2778, validation MSE: 0.0686
2026-06-04 09:06:49 [INFO]: Epoch 033 - training loss (MAE): 0.2753, validation MSE: 0.0680
2026-06-04 09:06:52 [INFO]: Epoch 034 - training loss (MAE): 0.2729, validation MSE: 0.0668
2026-06-04 09:06:55 [INFO]: Epoch 035 - training loss (MAE): 0.2707, validation MSE: 0.0663
2026-06-04 09:06:58 [INFO]: Epoch 036 - training loss (MAE): 0.2681, validation MSE: 0.0649
2026-06-04 09:07:01 [INFO]: Epoch 037 - training loss (MAE): 0.2655, validation MSE: 0.0642
2026-06-04 09:07:05 [INFO]: Epoch 038 - training loss (MAE): 0.2636, validation MSE: 0.0633
2026-06-04 09:07:08 [INFO]: Epoch 039 - training loss (MAE): 0.2620, validation MSE: 0.0628
2026-06-04 09:07:12 [INFO]: Epoch 040 - training loss (MAE): 0.2593, validation MSE: 0.0628
2026-06-04 09:07:15 [INFO]: Epoch 041 - training loss (MAE): 0.2579, validation MSE: 0.0627
2026-06-04 09:07:19 [INFO]: Epoch 042 - training loss (MAE): 0.2555, validation MSE: 0.0607
2026-06-04 09:07:22 [INFO]: Epoch 043 - training loss (MAE): 0.2540, validation MSE: 0.0602
2026-06-04 09:07:26 [INFO]: Epoch 044 - training loss (MAE): 0.2517, validation MSE: 0.0597
2026-06-04 09:07:29 [INFO]: Epoch 045 - training loss (MAE): 0.2502, validation MSE: 0.0590
2026-06-04 09:07:33 [INFO]: Epoch 046 - training loss (MAE): 0.2485, validation MSE: 0.0585
2026-06-04 09:07:36 [INFO]: Epoch 047 - training loss (MAE): 0.2466, validation MSE: 0.0591
2026-06-04 09:07:40 [INFO]: Epoch 048 - training loss (MAE): 0.2457, validation MSE: 0.0582
2026-06-04 09:07:44 [INFO]: Epoch 049 - training loss (MAE): 0.2444, validation MSE: 0.0572
2026-06-04 09:07:47 [INFO]: Epoch 050 - training loss (MAE): 0.2415, validation MSE: 0.0569
2026-06-04 09:07:51 [INFO]: Epoch 051 - training loss (MAE): 0.2410, validation MSE: 0.0568
2026-06-04 09:07:55 [INFO]: Epoch 052 - training loss (MAE): 0.2408, validation MSE: 0.0561
2026-06-04 09:07:58 [INFO]: Epoch 053 - training loss (MAE): 0.2378, validation MSE: 0.0557
2026-06-04 09:08:02 [INFO]: Epoch 054 - training loss (MAE): 0.2359, validation MSE: 0.0550
2026-06-04 09:08:05 [INFO]: Epoch 055 - training loss (MAE): 0.2344, validation MSE: 0.0554
2026-06-04 09:08:09 [INFO]: Epoch 056 - training loss (MAE): 0.2340, validation MSE: 0.0543
2026-06-04 09:08:11 [INFO]: Epoch 057 - training loss (MAE): 0.2324, validation MSE: 0.0539
2026-06-04 09:08:15 [INFO]: Epoch 058 - training loss (MAE): 0.2308, validation MSE: 0.0539
2026-06-04 09:08:18 [INFO]: Epoch 059 - training loss (MAE): 0.2301, validation MSE: 0.0536
2026-06-04 09:08:21 [INFO]: Epoch 060 - training loss (MAE): 0.2286, validation MSE: 0.0525
2026-06-04 09:08:21 [INFO]: Finished training. The best model is from epoch#60.
2026-06-04 09:08:21 [INFO]: Saved the model to output/imputation/cuda/paper_campaign/saits/citylearn_zone5/mr0.3/seed123/SAITS.pypots
[34m
████████╗██╗███╗   ███╗███████╗    ███████╗███████╗██████╗ ██╗███████╗███████╗    █████╗ ██╗
╚══██╔══╝██║████╗ ████║██╔════╝    ██╔════╝██╔════╝██╔══██╗██║██╔════╝██╔════╝   ██╔══██╗██║
   ██║   ██║██╔████╔██║█████╗█████╗███████╗█████╗  ██████╔╝██║█████╗  ███████╗   ███████║██║
   ██║   ██║██║╚██╔╝██║██╔══╝╚════╝╚════██║██╔══╝  ██╔══██╗██║██╔══╝  ╚════██║   ██╔══██║██║
   ██║   ██║██║ ╚═╝ ██║███████╗    ███████║███████╗██║  ██║██║███████╗███████║██╗██║  ██║██║
   ╚═╝   ╚═╝╚═╝     ╚═╝╚══════╝    ╚══════╝╚══════╝╚═╝  ╚═╝╚═╝╚══════╝╚══════╝╚═╝╚═╝  ╚═╝╚═╝
ai4ts v0.0.3 - building AI for unified time-series analysis, https://time-series.ai [0m

Use Train GPT: False
Use Lora: False
Use Profiling: False
🚀 Running imputation pipeline for model: saits
✅ Dataset 'citylearn_zone5' with missing rate 0.3 loaded at: /home/Aboya_25R9803/projects/lab/SUN/iPyPOTS/datasets/rate_0.3
🚀 Starting SAITS training pipeline...
[SAITS] Testing —— MAE: 0.1126| MSE: 0.0420| RMSE: 0.2050| MRE: 0.1382| 
📊 Metrics saved to: output/imputation/cuda/paper_campaign/saits/citylearn_zone5/mr0.3/seed123/metrics/saits_metrics.json
