2026-06-04 04:48:33 [INFO]: Have set the random seed as 456 for numpy and pytorch.
2026-06-04 04:48:33 [INFO]: You're using dataset electricity_transformer_temperature, please cite it properly in your work. You can find its reference information at the below link: 
https://github.com/WenjieDu/TSDB/tree/main/dataset_profiles/electricity_transformer_temperature
2026-06-04 04:48:33 [INFO]: Dataset electricity_transformer_temperature has already been downloaded. Processing directly...
2026-06-04 04:48:33 [INFO]: Dataset electricity_transformer_temperature has already been cached. Loading from cache directly...
2026-06-04 04:48:33 [INFO]: Loaded successfully!
2026-06-04 04:48:33 [INFO]: months selected as train set are <PeriodArray>
['2016-07', '2016-08', '2016-09', '2016-10', '2016-11', '2016-12', '2017-01',
 '2017-02', '2017-03', '2017-04', '2017-05', '2017-06', '2017-07', '2017-08']
Length: 14, dtype: period[M]
2026-06-04 04:48:33 [INFO]: months selected as val set are <PeriodArray>
['2017-09', '2017-10', '2017-11', '2017-12', '2018-01']
Length: 5, dtype: period[M]
2026-06-04 04:48:33 [INFO]: months selected as test set are <PeriodArray>
['2018-02', '2018-03', '2018-04', '2018-05', '2018-06']
Length: 5, dtype: period[M]
2026-06-04 04:48:33 [INFO]: Total sample number: 725
2026-06-04 04:48:33 [INFO]: Training set size: 427 (58.90%)
2026-06-04 04:48:33 [INFO]: Validation set size: 153 (21.10%)
2026-06-04 04:48:33 [INFO]: Test set size: 145 (20.00%)
2026-06-04 04:48:33 [INFO]: Number of steps: 96
2026-06-04 04:48:33 [INFO]: Number of features: 7
2026-06-04 04:48:33 [INFO]: Train set missing rate: 49.94%
2026-06-04 04:48:33 [INFO]: Validating set missing rate: 49.82%
2026-06-04 04:48:33 [INFO]: Test set missing rate: 49.71%
2026-06-04 04:48:33 [INFO]: 🔥🔥🔥🔥🔥🔥🔥🔥🔥🔥Using device list: ['cuda:0']
2026-06-04 04:48:33 [INFO]: 🔥🔥🔥🔥🔥🔥🔥🔥🔥🔥Using the given device: cuda:0
2026-06-04 04:48:33 [INFO]: Model files will be saved to output/imputation/cuda/paper_campaign/tefn/ettm1/mr0.5/seed456
2026-06-04 04:48:33 [INFO]: Tensorboard file will be saved to output/imputation/cuda/paper_campaign/tefn/ettm1/mr0.5/seed456/tensorboard
2026-06-04 04:48:33 [INFO]: Using customized MAE as the training loss function.
2026-06-04 04:48:33 [INFO]: Using customized MSE as the validation metric function.
2026-06-04 04:48:33 [INFO]: Model placed on cuda:0
2026-06-04 04:48:33 [INFO]: TEFN initialized with the given hyperparameters.
 ├─ Total parameters: 3,401
 ├─ Trainable parameters: 3,401
 └─ Trainable ratio: 100.00%
2026-06-04 04:48:34 [INFO]: Epoch 001 - training loss (MAE): 8.8559, validation MSE: 29.9082
2026-06-04 04:48:34 [INFO]: Epoch 002 - training loss (MAE): 8.7828, validation MSE: 29.2922
2026-06-04 04:48:34 [INFO]: Epoch 003 - training loss (MAE): 8.6841, validation MSE: 28.6896
2026-06-04 04:48:34 [INFO]: Epoch 004 - training loss (MAE): 8.5921, validation MSE: 28.1029
2026-06-04 04:48:34 [INFO]: Epoch 005 - training loss (MAE): 8.4612, validation MSE: 27.5315
2026-06-04 04:48:34 [INFO]: Epoch 006 - training loss (MAE): 8.3854, validation MSE: 26.9748
2026-06-04 04:48:34 [INFO]: Epoch 007 - training loss (MAE): 8.2727, validation MSE: 26.4323
2026-06-04 04:48:34 [INFO]: Epoch 008 - training loss (MAE): 8.2236, validation MSE: 25.9017
2026-06-04 04:48:34 [INFO]: Epoch 009 - training loss (MAE): 8.0954, validation MSE: 25.3858
2026-06-04 04:48:34 [INFO]: Epoch 010 - training loss (MAE): 8.0046, validation MSE: 24.8829
2026-06-04 04:48:34 [INFO]: Epoch 011 - training loss (MAE): 7.9422, validation MSE: 24.3936
2026-06-04 04:48:34 [INFO]: Epoch 012 - training loss (MAE): 7.8357, validation MSE: 23.9165
2026-06-04 04:48:34 [INFO]: Epoch 013 - training loss (MAE): 7.7485, validation MSE: 23.4527
2026-06-04 04:48:34 [INFO]: Epoch 014 - training loss (MAE): 7.6578, validation MSE: 22.9986
2026-06-04 04:48:34 [INFO]: Epoch 015 - training loss (MAE): 7.5817, validation MSE: 22.5546
2026-06-04 04:48:34 [INFO]: Epoch 016 - training loss (MAE): 7.4940, validation MSE: 22.1200
2026-06-04 04:48:35 [INFO]: Epoch 017 - training loss (MAE): 7.4023, validation MSE: 21.6930
2026-06-04 04:48:35 [INFO]: Epoch 018 - training loss (MAE): 7.3227, validation MSE: 21.2742
2026-06-04 04:48:35 [INFO]: Epoch 019 - training loss (MAE): 7.2347, validation MSE: 20.8608
2026-06-04 04:48:35 [INFO]: Epoch 020 - training loss (MAE): 7.1498, validation MSE: 20.4553
2026-06-04 04:48:35 [INFO]: Epoch 021 - training loss (MAE): 7.0357, validation MSE: 20.0561
2026-06-04 04:48:35 [INFO]: Epoch 022 - training loss (MAE): 6.9927, validation MSE: 19.6646
2026-06-04 04:48:35 [INFO]: Epoch 023 - training loss (MAE): 6.8839, validation MSE: 19.2811
2026-06-04 04:48:35 [INFO]: Epoch 024 - training loss (MAE): 6.8034, validation MSE: 18.9030
2026-06-04 04:48:35 [INFO]: Epoch 025 - training loss (MAE): 6.7203, validation MSE: 18.5318
2026-06-04 04:48:35 [INFO]: Epoch 026 - training loss (MAE): 6.6694, validation MSE: 18.1695
2026-06-04 04:48:35 [INFO]: Epoch 027 - training loss (MAE): 6.5424, validation MSE: 17.8103
2026-06-04 04:48:35 [INFO]: Epoch 028 - training loss (MAE): 6.4773, validation MSE: 17.4579
2026-06-04 04:48:35 [INFO]: Epoch 029 - training loss (MAE): 6.4054, validation MSE: 17.1081
2026-06-04 04:48:35 [INFO]: Epoch 030 - training loss (MAE): 6.3396, validation MSE: 16.7643
2026-06-04 04:48:35 [INFO]: Epoch 031 - training loss (MAE): 6.2404, validation MSE: 16.4239
2026-06-04 04:48:35 [INFO]: Epoch 032 - training loss (MAE): 6.1710, validation MSE: 16.0879
2026-06-04 04:48:35 [INFO]: Epoch 033 - training loss (MAE): 6.1137, validation MSE: 15.7602
2026-06-04 04:48:35 [INFO]: Epoch 034 - training loss (MAE): 6.0169, validation MSE: 15.4381
2026-06-04 04:48:35 [INFO]: Epoch 035 - training loss (MAE): 5.9502, validation MSE: 15.1215
2026-06-04 04:48:36 [INFO]: Epoch 036 - training loss (MAE): 5.8676, validation MSE: 14.8130
2026-06-04 04:48:36 [INFO]: Epoch 037 - training loss (MAE): 5.8064, validation MSE: 14.5119
2026-06-04 04:48:36 [INFO]: Epoch 038 - training loss (MAE): 5.7411, validation MSE: 14.2183
2026-06-04 04:48:36 [INFO]: Epoch 039 - training loss (MAE): 5.6762, validation MSE: 13.9319
2026-06-04 04:48:36 [INFO]: Epoch 040 - training loss (MAE): 5.5840, validation MSE: 13.6529
2026-06-04 04:48:36 [INFO]: Epoch 041 - training loss (MAE): 5.4982, validation MSE: 13.3816
2026-06-04 04:48:36 [INFO]: Epoch 042 - training loss (MAE): 5.4458, validation MSE: 13.1129
2026-06-04 04:48:36 [INFO]: Epoch 043 - training loss (MAE): 5.3615, validation MSE: 12.8528
2026-06-04 04:48:36 [INFO]: Epoch 044 - training loss (MAE): 5.3219, validation MSE: 12.5990
2026-06-04 04:48:36 [INFO]: Epoch 045 - training loss (MAE): 5.2451, validation MSE: 12.3484
2026-06-04 04:48:36 [INFO]: Epoch 046 - training loss (MAE): 5.1820, validation MSE: 12.1032
2026-06-04 04:48:36 [INFO]: Epoch 047 - training loss (MAE): 5.1294, validation MSE: 11.8632
2026-06-04 04:48:36 [INFO]: Epoch 048 - training loss (MAE): 5.0384, validation MSE: 11.6287
2026-06-04 04:48:36 [INFO]: Epoch 049 - training loss (MAE): 4.9887, validation MSE: 11.3997
2026-06-04 04:48:36 [INFO]: Epoch 050 - training loss (MAE): 4.9269, validation MSE: 11.1756
2026-06-04 04:48:36 [INFO]: Epoch 051 - training loss (MAE): 4.8635, validation MSE: 10.9566
2026-06-04 04:48:36 [INFO]: Epoch 052 - training loss (MAE): 4.8144, validation MSE: 10.7443
2026-06-04 04:48:36 [INFO]: Epoch 053 - training loss (MAE): 4.7625, validation MSE: 10.5365
2026-06-04 04:48:36 [INFO]: Epoch 054 - training loss (MAE): 4.6871, validation MSE: 10.3344
2026-06-04 04:48:36 [INFO]: Epoch 055 - training loss (MAE): 4.6276, validation MSE: 10.1370
2026-06-04 04:48:37 [INFO]: Epoch 056 - training loss (MAE): 4.5665, validation MSE: 9.9430
2026-06-04 04:48:37 [INFO]: Epoch 057 - training loss (MAE): 4.5280, validation MSE: 9.7500
2026-06-04 04:48:37 [INFO]: Epoch 058 - training loss (MAE): 4.4680, validation MSE: 9.5627
2026-06-04 04:48:37 [INFO]: Epoch 059 - training loss (MAE): 4.4135, validation MSE: 9.3789
2026-06-04 04:48:37 [INFO]: Epoch 060 - training loss (MAE): 4.3488, validation MSE: 9.2005
2026-06-04 04:48:37 [INFO]: Finished training. The best model is from epoch#60.
2026-06-04 04:48:37 [INFO]: Saved the model to output/imputation/cuda/paper_campaign/tefn/ettm1/mr0.5/seed456/TEFN.pypots
[34m
████████╗██╗███╗   ███╗███████╗    ███████╗███████╗██████╗ ██╗███████╗███████╗    █████╗ ██╗
╚══██╔══╝██║████╗ ████║██╔════╝    ██╔════╝██╔════╝██╔══██╗██║██╔════╝██╔════╝   ██╔══██╗██║
   ██║   ██║██╔████╔██║█████╗█████╗███████╗█████╗  ██████╔╝██║█████╗  ███████╗   ███████║██║
   ██║   ██║██║╚██╔╝██║██╔══╝╚════╝╚════██║██╔══╝  ██╔══██╗██║██╔══╝  ╚════██║   ██╔══██║██║
   ██║   ██║██║ ╚═╝ ██║███████╗    ███████║███████╗██║  ██║██║███████╗███████║██╗██║  ██║██║
   ╚═╝   ╚═╝╚═╝     ╚═╝╚══════╝    ╚══════╝╚══════╝╚═╝  ╚═╝╚═╝╚══════╝╚══════╝╚═╝╚═╝  ╚═╝╚═╝
ai4ts v0.0.3 - building AI for unified time-series analysis, https://time-series.ai [0m

Use Train GPT: False
Use Lora: False
Use Profiling: False
🚀 Running imputation pipeline for model: tefn
✅ Dataset 'ettm1' with missing rate 0.5 loaded at: /home/Aboya_25R9803/projects/lab/SUN/iPyPOTS/datasets/rate_0.5
🚀 Starting TEFN training pipeline...
[TEFN] Testing —— MAE: 2.2164| MSE: 9.7560| RMSE: 3.1235| MRE: 2.6109| 
📊 Metrics saved to: output/imputation/cuda/paper_campaign/tefn/ettm1/mr0.5/seed456/metrics/tefn_metrics.json
