2026-06-04 06:06:33 [INFO]: Have set the random seed as 456 for numpy and pytorch.
2026-06-04 06:06:33 [INFO]: You're using dataset solar_alabama, please cite it properly in your work. You can find its reference information at the below link: 
https://github.com/WenjieDu/TSDB/tree/main/dataset_profiles/solar_alabama
2026-06-04 06:06:33 [INFO]: Dataset solar_alabama has already been downloaded. Processing directly...
2026-06-04 06:06:33 [INFO]: Dataset solar_alabama has already been cached. Loading from cache directly...
2026-06-04 06:06:33 [INFO]: Loaded successfully!
2026-06-04 06:06:33 [INFO]: months selected as train set are <PeriodArray>
['2006-01', '2006-02', '2006-03', '2006-04', '2006-05', '2006-06']
Length: 6, dtype: period[M]
2026-06-04 06:06:33 [INFO]: months selected as val set are <PeriodArray>
['2006-07', '2006-08', '2006-09']
Length: 3, dtype: period[M]
2026-06-04 06:06:33 [INFO]: months selected as test set are <PeriodArray>
['2006-10', '2006-11', '2006-12']
Length: 3, dtype: period[M]
2026-06-04 06:06:33 [INFO]: Total sample number: 2190
2026-06-04 06:06:33 [INFO]: Training set size: 1086 (49.59%)
2026-06-04 06:06:33 [INFO]: Validation set size: 552 (25.21%)
2026-06-04 06:06:33 [INFO]: Test set size: 552 (25.21%)
2026-06-04 06:06:33 [INFO]: Number of steps: 24
2026-06-04 06:06:33 [INFO]: Number of features: 137
2026-06-04 06:06:33 [INFO]: Train set missing rate: 49.97%
2026-06-04 06:06:33 [INFO]: Validating set missing rate: 50.03%
2026-06-04 06:06:33 [INFO]: Test set missing rate: 49.99%
2026-06-04 06:06:33 [INFO]: 🔥🔥🔥🔥🔥🔥🔥🔥🔥🔥Using device list: ['cuda:0']
2026-06-04 06:06:33 [INFO]: 🔥🔥🔥🔥🔥🔥🔥🔥🔥🔥Using the given device: cuda:0
2026-06-04 06:06:34 [INFO]: Model files will be saved to output/imputation/cuda/paper_campaign/saits/solar/mr0.5/seed456
2026-06-04 06:06:34 [INFO]: Tensorboard file will be saved to output/imputation/cuda/paper_campaign/saits/solar/mr0.5/seed456/tensorboard
2026-06-04 06:06:34 [INFO]: Using customized MAE as the training loss function.
2026-06-04 06:06:34 [INFO]: Using customized MSE as the validation metric function.
2026-06-04 06:06:34 [INFO]: SAITS initialized with the given hyperparameters.
 ├─ Total parameters: 226,974
 ├─ Trainable parameters: 226,974
 └─ Trainable ratio: 100.00%
2026-06-04 06:06:34 [INFO]: Model placed on cuda:0
2026-06-04 06:06:35 [INFO]: Epoch 001 - training loss (MAE): 1.5881, validation MSE: 0.6795
2026-06-04 06:06:35 [INFO]: Epoch 002 - training loss (MAE): 1.1619, validation MSE: 0.4033
2026-06-04 06:06:36 [INFO]: Epoch 003 - training loss (MAE): 0.8495, validation MSE: 0.2749
2026-06-04 06:06:36 [INFO]: Epoch 004 - training loss (MAE): 0.7484, validation MSE: 0.2066
2026-06-04 06:06:36 [INFO]: Epoch 005 - training loss (MAE): 0.6183, validation MSE: 0.1861
2026-06-04 06:06:37 [INFO]: Epoch 006 - training loss (MAE): 0.5451, validation MSE: 0.1579
2026-06-04 06:06:37 [INFO]: Epoch 007 - training loss (MAE): 0.4891, validation MSE: 0.1123
2026-06-04 06:06:38 [INFO]: Epoch 008 - training loss (MAE): 0.4537, validation MSE: 0.1134
2026-06-04 06:06:38 [INFO]: Epoch 009 - training loss (MAE): 0.4122, validation MSE: 0.1156
2026-06-04 06:06:39 [INFO]: Epoch 010 - training loss (MAE): 0.3988, validation MSE: 0.1010
2026-06-04 06:06:39 [INFO]: Epoch 011 - training loss (MAE): 0.3717, validation MSE: 0.0952
2026-06-04 06:06:39 [INFO]: Epoch 012 - training loss (MAE): 0.3616, validation MSE: 0.0861
2026-06-04 06:06:40 [INFO]: Epoch 013 - training loss (MAE): 0.3469, validation MSE: 0.0817
2026-06-04 06:06:40 [INFO]: Epoch 014 - training loss (MAE): 0.3537, validation MSE: 0.0862
2026-06-04 06:06:41 [INFO]: Epoch 015 - training loss (MAE): 0.3383, validation MSE: 0.0872
2026-06-04 06:06:41 [INFO]: Epoch 016 - training loss (MAE): 0.3340, validation MSE: 0.0814
2026-06-04 06:06:41 [INFO]: Epoch 017 - training loss (MAE): 0.3245, validation MSE: 0.0795
2026-06-04 06:06:42 [INFO]: Epoch 018 - training loss (MAE): 0.3213, validation MSE: 0.0779
2026-06-04 06:06:42 [INFO]: Epoch 019 - training loss (MAE): 0.3261, validation MSE: 0.0790
2026-06-04 06:06:43 [INFO]: Epoch 020 - training loss (MAE): 0.3182, validation MSE: 0.0795
2026-06-04 06:06:43 [INFO]: Epoch 021 - training loss (MAE): 0.3044, validation MSE: 0.0780
2026-06-04 06:06:43 [INFO]: Epoch 022 - training loss (MAE): 0.3101, validation MSE: 0.0771
2026-06-04 06:06:44 [INFO]: Epoch 023 - training loss (MAE): 0.3054, validation MSE: 0.0770
2026-06-04 06:06:44 [INFO]: Epoch 024 - training loss (MAE): 0.3122, validation MSE: 0.0775
2026-06-04 06:06:45 [INFO]: Epoch 025 - training loss (MAE): 0.3093, validation MSE: 0.0794
2026-06-04 06:06:45 [INFO]: Epoch 026 - training loss (MAE): 0.3117, validation MSE: 0.0785
2026-06-04 06:06:45 [INFO]: Epoch 027 - training loss (MAE): 0.2983, validation MSE: 0.0769
2026-06-04 06:06:46 [INFO]: Epoch 028 - training loss (MAE): 0.2890, validation MSE: 0.0774
2026-06-04 06:06:46 [INFO]: Epoch 029 - training loss (MAE): 0.2987, validation MSE: 0.0780
2026-06-04 06:06:46 [INFO]: Epoch 030 - training loss (MAE): 0.3034, validation MSE: 0.0773
2026-06-04 06:06:47 [INFO]: Epoch 031 - training loss (MAE): 0.2957, validation MSE: 0.0766
2026-06-04 06:06:47 [INFO]: Epoch 032 - training loss (MAE): 0.2908, validation MSE: 0.0810
2026-06-04 06:06:48 [INFO]: Epoch 033 - training loss (MAE): 0.3003, validation MSE: 0.0787
2026-06-04 06:06:48 [INFO]: Epoch 034 - training loss (MAE): 0.2961, validation MSE: 0.0805
2026-06-04 06:06:48 [INFO]: Epoch 035 - training loss (MAE): 0.2976, validation MSE: 0.0804
2026-06-04 06:06:49 [INFO]: Epoch 036 - training loss (MAE): 0.3001, validation MSE: 0.0829
2026-06-04 06:06:49 [INFO]: Epoch 037 - training loss (MAE): 0.3009, validation MSE: 0.0778
2026-06-04 06:06:49 [INFO]: Epoch 038 - training loss (MAE): 0.2910, validation MSE: 0.0772
2026-06-04 06:06:50 [INFO]: Epoch 039 - training loss (MAE): 0.2885, validation MSE: 0.0775
2026-06-04 06:06:50 [INFO]: Epoch 040 - training loss (MAE): 0.2963, validation MSE: 0.0777
2026-06-04 06:06:50 [INFO]: Epoch 041 - training loss (MAE): 0.2778, validation MSE: 0.0782
2026-06-04 06:06:51 [INFO]: Epoch 042 - training loss (MAE): 0.2821, validation MSE: 0.0772
2026-06-04 06:06:51 [INFO]: Epoch 043 - training loss (MAE): 0.2826, validation MSE: 0.0776
2026-06-04 06:06:51 [INFO]: Exceeded the training patience. Terminating the training procedure...
2026-06-04 06:06:51 [INFO]: Finished training. The best model is from epoch#31.
2026-06-04 06:06:51 [INFO]: Saved the model to output/imputation/cuda/paper_campaign/saits/solar/mr0.5/seed456/SAITS.pypots
[34m
████████╗██╗███╗   ███╗███████╗    ███████╗███████╗██████╗ ██╗███████╗███████╗    █████╗ ██╗
╚══██╔══╝██║████╗ ████║██╔════╝    ██╔════╝██╔════╝██╔══██╗██║██╔════╝██╔════╝   ██╔══██╗██║
   ██║   ██║██╔████╔██║█████╗█████╗███████╗█████╗  ██████╔╝██║█████╗  ███████╗   ███████║██║
   ██║   ██║██║╚██╔╝██║██╔══╝╚════╝╚════██║██╔══╝  ██╔══██╗██║██╔══╝  ╚════██║   ██╔══██║██║
   ██║   ██║██║ ╚═╝ ██║███████╗    ███████║███████╗██║  ██║██║███████╗███████║██╗██║  ██║██║
   ╚═╝   ╚═╝╚═╝     ╚═╝╚══════╝    ╚══════╝╚══════╝╚═╝  ╚═╝╚═╝╚══════╝╚══════╝╚═╝╚═╝  ╚═╝╚═╝
ai4ts v0.0.3 - building AI for unified time-series analysis, https://time-series.ai [0m

Use Train GPT: False
Use Lora: False
Use Profiling: False
🚀 Running imputation pipeline for model: saits
✅ Dataset 'solar' with missing rate 0.5 loaded at: /home/Aboya_25R9803/projects/lab/SUN/iPyPOTS/datasets/rate_0.5
🚀 Starting SAITS training pipeline...
[SAITS] Testing —— MAE: 0.1108| MSE: 0.0640| RMSE: 0.2530| MRE: 0.1430| 
📊 Metrics saved to: output/imputation/cuda/paper_campaign/saits/solar/mr0.5/seed456/metrics/saits_metrics.json
