2026-06-04 04:47:51 [INFO]: Have set the random seed as 123 for numpy and pytorch.
2026-06-04 04:47:51 [INFO]: You're using dataset electricity_load_diagrams, please cite it properly in your work. You can find its reference information at the below link: 
https://github.com/WenjieDu/TSDB/tree/main/dataset_profiles/electricity_load_diagrams
2026-06-04 04:47:51 [INFO]: Dataset electricity_load_diagrams has already been downloaded. Processing directly...
2026-06-04 04:47:51 [INFO]: Dataset electricity_load_diagrams has already been cached. Loading from cache directly...
2026-06-04 04:47:51 [INFO]: Loaded successfully!
2026-06-04 04:47:51 [INFO]: months selected as test set are <PeriodArray>
['2011-01', '2011-02', '2011-03', '2011-04', '2011-05', '2011-06', '2011-07',
 '2011-08', '2011-09', '2011-10']
Length: 10, dtype: period[M]
2026-06-04 04:47:51 [INFO]: months selected as val set are <PeriodArray>
['2011-11', '2011-12', '2012-01', '2012-02', '2012-03', '2012-04', '2012-05',
 '2012-06', '2012-07', '2012-08']
Length: 10, dtype: period[M]
2026-06-04 04:47:51 [INFO]: months selected as train set are <PeriodArray>
['2012-09', '2012-10', '2012-11', '2012-12', '2013-01', '2013-02', '2013-03',
 '2013-04', '2013-05', '2013-06', '2013-07', '2013-08', '2013-09', '2013-10',
 '2013-11', '2013-12', '2014-01', '2014-02', '2014-03', '2014-04', '2014-05',
 '2014-06', '2014-07', '2014-08', '2014-09', '2014-10', '2014-11', '2014-12',
 '2015-01']
Length: 29, dtype: period[M]
2026-06-04 04:47:53 [INFO]: Total sample number: 5843
2026-06-04 04:47:53 [INFO]: Training set size: 3408 (58.33%)
2026-06-04 04:47:53 [INFO]: Validation set size: 1220 (20.88%)
2026-06-04 04:47:53 [INFO]: Test set size: 1215 (20.79%)
2026-06-04 04:47:53 [INFO]: Number of steps: 24
2026-06-04 04:47:53 [INFO]: Number of features: 370
2026-06-04 04:47:53 [INFO]: Train set missing rate: 10.00%
2026-06-04 04:47:53 [INFO]: Validating set missing rate: 10.01%
2026-06-04 04:47:53 [INFO]: Test set missing rate: 10.02%
2026-06-04 04:47:53 [INFO]: 🔥🔥🔥🔥🔥🔥🔥🔥🔥🔥Using device list: ['cuda:0']
2026-06-04 04:47:53 [INFO]: 🔥🔥🔥🔥🔥🔥🔥🔥🔥🔥Using the given device: cuda:0
2026-06-04 04:47:54 [INFO]: Model files will be saved to output/imputation/cuda/paper_campaign/saits/eld/mr0.1/seed123
2026-06-04 04:47:54 [INFO]: Tensorboard file will be saved to output/imputation/cuda/paper_campaign/saits/eld/mr0.1/seed123/tensorboard
2026-06-04 04:47:54 [INFO]: Using customized MAE as the training loss function.
2026-06-04 04:47:54 [INFO]: Using customized MSE as the validation metric function.
2026-06-04 04:47:54 [INFO]: SAITS initialized with the given hyperparameters.
 ├─ Total parameters: 559,232
 ├─ Trainable parameters: 559,232
 └─ Trainable ratio: 100.00%
2026-06-04 04:47:54 [INFO]: Model placed on cuda:0
2026-06-04 04:47:56 [INFO]: Epoch 001 - training loss (MAE): 1.3355, validation MSE: 3.2955
2026-06-04 04:47:57 [INFO]: Epoch 002 - training loss (MAE): 0.9428, validation MSE: 3.1199
2026-06-04 04:47:58 [INFO]: Epoch 003 - training loss (MAE): 0.8121, validation MSE: 3.0458
2026-06-04 04:48:00 [INFO]: Epoch 004 - training loss (MAE): 0.7403, validation MSE: 2.9989
2026-06-04 04:48:01 [INFO]: Epoch 005 - training loss (MAE): 0.7005, validation MSE: 2.9714
2026-06-04 04:48:02 [INFO]: Epoch 006 - training loss (MAE): 0.6722, validation MSE: 2.9280
2026-06-04 04:48:03 [INFO]: Epoch 007 - training loss (MAE): 0.6490, validation MSE: 2.8872
2026-06-04 04:48:04 [INFO]: Epoch 008 - training loss (MAE): 0.6304, validation MSE: 2.8548
2026-06-04 04:48:05 [INFO]: Epoch 009 - training loss (MAE): 0.6182, validation MSE: 2.8247
2026-06-04 04:48:07 [INFO]: Epoch 010 - training loss (MAE): 0.6051, validation MSE: 2.7941
2026-06-04 04:48:08 [INFO]: Epoch 011 - training loss (MAE): 0.5955, validation MSE: 2.7748
2026-06-04 04:48:09 [INFO]: Epoch 012 - training loss (MAE): 0.5867, validation MSE: 2.7710
2026-06-04 04:48:11 [INFO]: Epoch 013 - training loss (MAE): 0.5796, validation MSE: 2.7594
2026-06-04 04:48:12 [INFO]: Epoch 014 - training loss (MAE): 0.5726, validation MSE: 2.7506
2026-06-04 04:48:13 [INFO]: Epoch 015 - training loss (MAE): 0.5663, validation MSE: 2.7399
2026-06-04 04:48:14 [INFO]: Epoch 016 - training loss (MAE): 0.5620, validation MSE: 2.7487
2026-06-04 04:48:16 [INFO]: Epoch 017 - training loss (MAE): 0.5570, validation MSE: 2.7375
2026-06-04 04:48:17 [INFO]: Epoch 018 - training loss (MAE): 0.5514, validation MSE: 2.7306
2026-06-04 04:48:18 [INFO]: Epoch 019 - training loss (MAE): 0.5465, validation MSE: 2.7274
2026-06-04 04:48:19 [INFO]: Epoch 020 - training loss (MAE): 0.5436, validation MSE: 2.7282
2026-06-04 04:48:21 [INFO]: Epoch 021 - training loss (MAE): 0.5383, validation MSE: 2.7255
2026-06-04 04:48:22 [INFO]: Epoch 022 - training loss (MAE): 0.5366, validation MSE: 2.7205
2026-06-04 04:48:23 [INFO]: Epoch 023 - training loss (MAE): 0.5325, validation MSE: 2.7144
2026-06-04 04:48:24 [INFO]: Epoch 024 - training loss (MAE): 0.5298, validation MSE: 2.7107
2026-06-04 04:48:26 [INFO]: Epoch 025 - training loss (MAE): 0.5267, validation MSE: 2.7090
2026-06-04 04:48:27 [INFO]: Epoch 026 - training loss (MAE): 0.5234, validation MSE: 2.7119
2026-06-04 04:48:28 [INFO]: Epoch 027 - training loss (MAE): 0.5220, validation MSE: 2.7115
2026-06-04 04:48:29 [INFO]: Epoch 028 - training loss (MAE): 0.5188, validation MSE: 2.7099
2026-06-04 04:48:30 [INFO]: Epoch 029 - training loss (MAE): 0.5166, validation MSE: 2.7090
2026-06-04 04:48:32 [INFO]: Epoch 030 - training loss (MAE): 0.5136, validation MSE: 2.7093
2026-06-04 04:48:33 [INFO]: Epoch 031 - training loss (MAE): 0.5129, validation MSE: 2.7090
2026-06-04 04:48:34 [INFO]: Epoch 032 - training loss (MAE): 0.5102, validation MSE: 2.7103
2026-06-04 04:48:35 [INFO]: Epoch 033 - training loss (MAE): 0.5082, validation MSE: 2.7170
2026-06-04 04:48:36 [INFO]: Epoch 034 - training loss (MAE): 0.5064, validation MSE: 2.7090
2026-06-04 04:48:38 [INFO]: Epoch 035 - training loss (MAE): 0.5050, validation MSE: 2.7060
2026-06-04 04:48:39 [INFO]: Epoch 036 - training loss (MAE): 0.5034, validation MSE: 2.7163
2026-06-04 04:48:40 [INFO]: Epoch 037 - training loss (MAE): 0.5016, validation MSE: 2.7106
2026-06-04 04:48:41 [INFO]: Epoch 038 - training loss (MAE): 0.4998, validation MSE: 2.7147
2026-06-04 04:48:43 [INFO]: Epoch 039 - training loss (MAE): 0.4995, validation MSE: 2.7142
2026-06-04 04:48:44 [INFO]: Epoch 040 - training loss (MAE): 0.4978, validation MSE: 2.7130
2026-06-04 04:48:45 [INFO]: Epoch 041 - training loss (MAE): 0.4970, validation MSE: 2.7154
2026-06-04 04:48:46 [INFO]: Epoch 042 - training loss (MAE): 0.4948, validation MSE: 2.7149
2026-06-04 04:48:48 [INFO]: Epoch 043 - training loss (MAE): 0.4935, validation MSE: 2.7109
2026-06-04 04:48:49 [INFO]: Epoch 044 - training loss (MAE): 0.4919, validation MSE: 2.7199
2026-06-04 04:48:50 [INFO]: Epoch 045 - training loss (MAE): 0.4913, validation MSE: 2.7135
2026-06-04 04:48:51 [INFO]: Epoch 046 - training loss (MAE): 0.4910, validation MSE: 2.7143
2026-06-04 04:48:53 [INFO]: Epoch 047 - training loss (MAE): 0.4888, validation MSE: 2.7113
2026-06-04 04:48:53 [INFO]: Exceeded the training patience. Terminating the training procedure...
2026-06-04 04:48:53 [INFO]: Finished training. The best model is from epoch#35.
2026-06-04 04:48:53 [INFO]: Saved the model to output/imputation/cuda/paper_campaign/saits/eld/mr0.1/seed123/SAITS.pypots
[34m
████████╗██╗███╗   ███╗███████╗    ███████╗███████╗██████╗ ██╗███████╗███████╗    █████╗ ██╗
╚══██╔══╝██║████╗ ████║██╔════╝    ██╔════╝██╔════╝██╔══██╗██║██╔════╝██╔════╝   ██╔══██╗██║
   ██║   ██║██╔████╔██║█████╗█████╗███████╗█████╗  ██████╔╝██║█████╗  ███████╗   ███████║██║
   ██║   ██║██║╚██╔╝██║██╔══╝╚════╝╚════██║██╔══╝  ██╔══██╗██║██╔══╝  ╚════██║   ██╔══██║██║
   ██║   ██║██║ ╚═╝ ██║███████╗    ███████║███████╗██║  ██║██║███████╗███████║██╗██║  ██║██║
   ╚═╝   ╚═╝╚═╝     ╚═╝╚══════╝    ╚══════╝╚══════╝╚═╝  ╚═╝╚═╝╚══════╝╚══════╝╚═╝╚═╝  ╚═╝╚═╝
ai4ts v0.0.3 - building AI for unified time-series analysis, https://time-series.ai [0m

Use Train GPT: False
Use Lora: False
Use Profiling: False
🚀 Running imputation pipeline for model: saits
✅ Dataset 'eld' with missing rate 0.1 loaded at: /home/Aboya_25R9803/projects/lab/SUN/iPyPOTS/datasets/rate_0.1
🚀 Starting SAITS training pipeline...
[SAITS] Testing —— MAE: 1.3190| MSE: 3.6120| RMSE: 1.9005| MRE: 0.7057| 
📊 Metrics saved to: output/imputation/cuda/paper_campaign/saits/eld/mr0.1/seed123/metrics/saits_metrics.json
