2026-06-04 06:14:42 [INFO]: Have set the random seed as 123 for numpy and pytorch.
2026-06-04 06:14:42 [INFO]: You're using dataset solar_alabama, please cite it properly in your work. You can find its reference information at the below link: 
https://github.com/WenjieDu/TSDB/tree/main/dataset_profiles/solar_alabama
2026-06-04 06:14:42 [INFO]: Dataset solar_alabama has already been downloaded. Processing directly...
2026-06-04 06:14:42 [INFO]: Dataset solar_alabama has already been cached. Loading from cache directly...
2026-06-04 06:14:42 [INFO]: Loaded successfully!
2026-06-04 06:14:42 [INFO]: months selected as train set are <PeriodArray>
['2006-01', '2006-02', '2006-03', '2006-04', '2006-05', '2006-06']
Length: 6, dtype: period[M]
2026-06-04 06:14:42 [INFO]: months selected as val set are <PeriodArray>
['2006-07', '2006-08', '2006-09']
Length: 3, dtype: period[M]
2026-06-04 06:14:42 [INFO]: months selected as test set are <PeriodArray>
['2006-10', '2006-11', '2006-12']
Length: 3, dtype: period[M]
2026-06-04 06:14:42 [INFO]: Total sample number: 2190
2026-06-04 06:14:42 [INFO]: Training set size: 1086 (49.59%)
2026-06-04 06:14:42 [INFO]: Validation set size: 552 (25.21%)
2026-06-04 06:14:42 [INFO]: Test set size: 552 (25.21%)
2026-06-04 06:14:42 [INFO]: Number of steps: 24
2026-06-04 06:14:42 [INFO]: Number of features: 137
2026-06-04 06:14:42 [INFO]: Train set missing rate: 29.98%
2026-06-04 06:14:42 [INFO]: Validating set missing rate: 30.01%
2026-06-04 06:14:42 [INFO]: Test set missing rate: 29.99%
2026-06-04 06:14:42 [INFO]: 🔥🔥🔥🔥🔥🔥🔥🔥🔥🔥Using device list: ['cuda:0']
2026-06-04 06:14:42 [INFO]: 🔥🔥🔥🔥🔥🔥🔥🔥🔥🔥Using the given device: cuda:0
2026-06-04 06:14:43 [INFO]: Model files will be saved to output/imputation/cuda/paper_campaign/tslanet/solar/mr0.3/seed123
2026-06-04 06:14:43 [INFO]: Tensorboard file will be saved to output/imputation/cuda/paper_campaign/tslanet/solar/mr0.3/seed123/tensorboard
2026-06-04 06:14:43 [INFO]: Model placed on cuda:0
2026-06-04 06:14:43 [INFO]: TSLANet initialized with the given hyperparameters.
 ├─ Total parameters: 130,266
 ├─ Trainable parameters: 130,266
 └─ Trainable ratio: 100.00%
2026-06-04 06:14:44 [INFO]: Epoch 001 - training loss (default): 0.1882, validation loss: 0.1024
2026-06-04 06:14:44 [INFO]: Epoch 002 - training loss (default): 0.1045, validation loss: 0.0753
2026-06-04 06:14:45 [INFO]: Epoch 003 - training loss (default): 0.0792, validation loss: 0.0613
2026-06-04 06:14:45 [INFO]: Epoch 004 - training loss (default): 0.0660, validation loss: 0.0514
2026-06-04 06:14:46 [INFO]: Epoch 005 - training loss (default): 0.0580, validation loss: 0.0431
2026-06-04 06:14:46 [INFO]: Epoch 006 - training loss (default): 0.0504, validation loss: 0.0364
2026-06-04 06:14:46 [INFO]: Epoch 007 - training loss (default): 0.0421, validation loss: 0.0316
2026-06-04 06:14:47 [INFO]: Epoch 008 - training loss (default): 0.0370, validation loss: 0.0280
2026-06-04 06:14:47 [INFO]: Epoch 009 - training loss (default): 0.0338, validation loss: 0.0258
2026-06-04 06:14:48 [INFO]: Epoch 010 - training loss (default): 0.0313, validation loss: 0.0239
2026-06-04 06:14:48 [INFO]: Epoch 011 - training loss (default): 0.0287, validation loss: 0.0224
2026-06-04 06:14:49 [INFO]: Epoch 012 - training loss (default): 0.0277, validation loss: 0.0213
2026-06-04 06:14:49 [INFO]: Epoch 013 - training loss (default): 0.0255, validation loss: 0.0204
2026-06-04 06:14:50 [INFO]: Epoch 014 - training loss (default): 0.0243, validation loss: 0.0199
2026-06-04 06:14:50 [INFO]: Epoch 015 - training loss (default): 0.0237, validation loss: 0.0189
2026-06-04 06:14:50 [INFO]: Epoch 016 - training loss (default): 0.0228, validation loss: 0.0181
2026-06-04 06:14:51 [INFO]: Epoch 017 - training loss (default): 0.0225, validation loss: 0.0175
2026-06-04 06:14:51 [INFO]: Epoch 018 - training loss (default): 0.0213, validation loss: 0.0171
2026-06-04 06:14:52 [INFO]: Epoch 019 - training loss (default): 0.0200, validation loss: 0.0166
2026-06-04 06:14:52 [INFO]: Epoch 020 - training loss (default): 0.0197, validation loss: 0.0161
2026-06-04 06:14:53 [INFO]: Epoch 021 - training loss (default): 0.0196, validation loss: 0.0156
2026-06-04 06:14:53 [INFO]: Epoch 022 - training loss (default): 0.0189, validation loss: 0.0149
2026-06-04 06:14:53 [INFO]: Epoch 023 - training loss (default): 0.0182, validation loss: 0.0145
2026-06-04 06:14:54 [INFO]: Epoch 024 - training loss (default): 0.0173, validation loss: 0.0142
2026-06-04 06:14:54 [INFO]: Epoch 025 - training loss (default): 0.0165, validation loss: 0.0137
2026-06-04 06:14:55 [INFO]: Epoch 026 - training loss (default): 0.0163, validation loss: 0.0134
2026-06-04 06:14:55 [INFO]: Epoch 027 - training loss (default): 0.0158, validation loss: 0.0130
2026-06-04 06:14:56 [INFO]: Epoch 028 - training loss (default): 0.0157, validation loss: 0.0127
2026-06-04 06:14:56 [INFO]: Epoch 029 - training loss (default): 0.0149, validation loss: 0.0123
2026-06-04 06:14:57 [INFO]: Epoch 030 - training loss (default): 0.0146, validation loss: 0.0118
2026-06-04 06:14:57 [INFO]: Epoch 031 - training loss (default): 0.0139, validation loss: 0.0117
2026-06-04 06:14:57 [INFO]: Epoch 032 - training loss (default): 0.0135, validation loss: 0.0113
2026-06-04 06:14:58 [INFO]: Epoch 033 - training loss (default): 0.0128, validation loss: 0.0110
2026-06-04 06:14:58 [INFO]: Epoch 034 - training loss (default): 0.0127, validation loss: 0.0106
2026-06-04 06:14:59 [INFO]: Epoch 035 - training loss (default): 0.0121, validation loss: 0.0102
2026-06-04 06:14:59 [INFO]: Epoch 036 - training loss (default): 0.0115, validation loss: 0.0100
2026-06-04 06:15:00 [INFO]: Epoch 037 - training loss (default): 0.0118, validation loss: 0.0097
2026-06-04 06:15:00 [INFO]: Epoch 038 - training loss (default): 0.0110, validation loss: 0.0094
2026-06-04 06:15:00 [INFO]: Epoch 039 - training loss (default): 0.0109, validation loss: 0.0092
2026-06-04 06:15:01 [INFO]: Epoch 040 - training loss (default): 0.0106, validation loss: 0.0090
2026-06-04 06:15:01 [INFO]: Epoch 041 - training loss (default): 0.0104, validation loss: 0.0088
2026-06-04 06:15:02 [INFO]: Epoch 042 - training loss (default): 0.0101, validation loss: 0.0085
2026-06-04 06:15:02 [INFO]: Epoch 043 - training loss (default): 0.0096, validation loss: 0.0082
2026-06-04 06:15:03 [INFO]: Epoch 044 - training loss (default): 0.0095, validation loss: 0.0080
2026-06-04 06:15:03 [INFO]: Epoch 045 - training loss (default): 0.0092, validation loss: 0.0078
2026-06-04 06:15:04 [INFO]: Epoch 046 - training loss (default): 0.0090, validation loss: 0.0076
2026-06-04 06:15:04 [INFO]: Epoch 047 - training loss (default): 0.0089, validation loss: 0.0074
2026-06-04 06:15:04 [INFO]: Epoch 048 - training loss (default): 0.0086, validation loss: 0.0073
2026-06-04 06:15:05 [INFO]: Epoch 049 - training loss (default): 0.0081, validation loss: 0.0069
2026-06-04 06:15:05 [INFO]: Epoch 050 - training loss (default): 0.0081, validation loss: 0.0068
2026-06-04 06:15:06 [INFO]: Epoch 051 - training loss (default): 0.0078, validation loss: 0.0066
2026-06-04 06:15:06 [INFO]: Epoch 052 - training loss (default): 0.0073, validation loss: 0.0063
2026-06-04 06:15:07 [INFO]: Epoch 053 - training loss (default): 0.0073, validation loss: 0.0063
2026-06-04 06:15:07 [INFO]: Epoch 054 - training loss (default): 0.0070, validation loss: 0.0061
2026-06-04 06:15:08 [INFO]: Epoch 055 - training loss (default): 0.0069, validation loss: 0.0059
2026-06-04 06:15:08 [INFO]: Epoch 056 - training loss (default): 0.0069, validation loss: 0.0058
2026-06-04 06:15:09 [INFO]: Epoch 057 - training loss (default): 0.0066, validation loss: 0.0056
2026-06-04 06:15:09 [INFO]: Epoch 058 - training loss (default): 0.0063, validation loss: 0.0054
2026-06-04 06:15:10 [INFO]: Epoch 059 - training loss (default): 0.0063, validation loss: 0.0052
2026-06-04 06:15:10 [INFO]: Epoch 060 - training loss (default): 0.0061, validation loss: 0.0051
2026-06-04 06:15:10 [INFO]: Finished training. The best model is from epoch#60.
2026-06-04 06:15:10 [INFO]: Saved the model to output/imputation/cuda/paper_campaign/tslanet/solar/mr0.3/seed123/TSLANet.pypots
[34m
████████╗██╗███╗   ███╗███████╗    ███████╗███████╗██████╗ ██╗███████╗███████╗    █████╗ ██╗
╚══██╔══╝██║████╗ ████║██╔════╝    ██╔════╝██╔════╝██╔══██╗██║██╔════╝██╔════╝   ██╔══██╗██║
   ██║   ██║██╔████╔██║█████╗█████╗███████╗█████╗  ██████╔╝██║█████╗  ███████╗   ███████║██║
   ██║   ██║██║╚██╔╝██║██╔══╝╚════╝╚════██║██╔══╝  ██╔══██╗██║██╔══╝  ╚════██║   ██╔══██║██║
   ██║   ██║██║ ╚═╝ ██║███████╗    ███████║███████╗██║  ██║██║███████╗███████║██╗██║  ██║██║
   ╚═╝   ╚═╝╚═╝     ╚═╝╚══════╝    ╚══════╝╚══════╝╚═╝  ╚═╝╚═╝╚══════╝╚══════╝╚═╝╚═╝  ╚═╝╚═╝
ai4ts v0.0.3 - building AI for unified time-series analysis, https://time-series.ai [0m

Use Train GPT: False
Use Lora: False
Use Profiling: False
🚀 Running imputation pipeline for model: tslanet
✅ Dataset 'solar' with missing rate 0.3 loaded at: /home/Aboya_25R9803/projects/lab/SUN/iPyPOTS/datasets/rate_0.3
🚀 Starting TSLANet training pipeline...
[TSLANet] Testing —— MAE: 0.7737| MSE: 0.7932| RMSE: 0.8906| MRE: 0.9993| 
📊 Metrics saved to: output/imputation/cuda/paper_campaign/tslanet/solar/mr0.3/seed123/metrics/tslanet_metrics.json
