2026-06-04 09:12:58 [INFO]: Have set the random seed as 42 for numpy and pytorch.
2026-06-04 09:12:59 [INFO]: 🔥🔥🔥🔥🔥🔥🔥🔥🔥🔥Using device list: ['cuda:0']
2026-06-04 09:12:59 [INFO]: 🔥🔥🔥🔥🔥🔥🔥🔥🔥🔥Using the given device: cuda:0
2026-06-04 09:13:00 [INFO]: Model files will be saved to output/imputation/cuda/paper_campaign/saits/citylearn_zone5/mr0.5/seed42
2026-06-04 09:13:00 [INFO]: Tensorboard file will be saved to output/imputation/cuda/paper_campaign/saits/citylearn_zone5/mr0.5/seed42/tensorboard
2026-06-04 09:13:00 [INFO]: Using customized MAE as the training loss function.
2026-06-04 09:13:00 [INFO]: Using customized MSE as the validation metric function.
2026-06-04 09:13:00 [INFO]: SAITS initialized with the given hyperparameters.
 ├─ Total parameters: 144,912
 ├─ Trainable parameters: 144,912
 └─ Trainable ratio: 100.00%
2026-06-04 09:13:00 [INFO]: Model placed on cuda:0
2026-06-04 09:13:05 [INFO]: Epoch 001 - training loss (MAE): 1.3810, validation MSE: 0.6837
2026-06-04 09:13:09 [INFO]: Epoch 002 - training loss (MAE): 0.9800, validation MSE: 0.5805
2026-06-04 09:13:13 [INFO]: Epoch 003 - training loss (MAE): 0.8083, validation MSE: 0.5006
2026-06-04 09:13:17 [INFO]: Epoch 004 - training loss (MAE): 0.7040, validation MSE: 0.4351
2026-06-04 09:13:21 [INFO]: Epoch 005 - training loss (MAE): 0.6345, validation MSE: 0.3827
2026-06-04 09:13:24 [INFO]: Epoch 006 - training loss (MAE): 0.5850, validation MSE: 0.3508
2026-06-04 09:13:28 [INFO]: Epoch 007 - training loss (MAE): 0.5473, validation MSE: 0.3203
2026-06-04 09:13:32 [INFO]: Epoch 008 - training loss (MAE): 0.5129, validation MSE: 0.2972
2026-06-04 09:13:35 [INFO]: Epoch 009 - training loss (MAE): 0.4832, validation MSE: 0.2739
2026-06-04 09:13:38 [INFO]: Epoch 010 - training loss (MAE): 0.4576, validation MSE: 0.2602
2026-06-04 09:13:42 [INFO]: Epoch 011 - training loss (MAE): 0.4354, validation MSE: 0.2441
2026-06-04 09:13:45 [INFO]: Epoch 012 - training loss (MAE): 0.4177, validation MSE: 0.2309
2026-06-04 09:13:48 [INFO]: Epoch 013 - training loss (MAE): 0.4018, validation MSE: 0.2194
2026-06-04 09:13:51 [INFO]: Epoch 014 - training loss (MAE): 0.3877, validation MSE: 0.2088
2026-06-04 09:13:55 [INFO]: Epoch 015 - training loss (MAE): 0.3758, validation MSE: 0.1958
2026-06-04 09:13:58 [INFO]: Epoch 016 - training loss (MAE): 0.3639, validation MSE: 0.1853
2026-06-04 09:14:02 [INFO]: Epoch 017 - training loss (MAE): 0.3538, validation MSE: 0.1766
2026-06-04 09:14:05 [INFO]: Epoch 018 - training loss (MAE): 0.3453, validation MSE: 0.1695
2026-06-04 09:14:09 [INFO]: Epoch 019 - training loss (MAE): 0.3378, validation MSE: 0.1602
2026-06-04 09:14:13 [INFO]: Epoch 020 - training loss (MAE): 0.3301, validation MSE: 0.1542
2026-06-04 09:14:16 [INFO]: Epoch 021 - training loss (MAE): 0.3227, validation MSE: 0.1462
2026-06-04 09:14:20 [INFO]: Epoch 022 - training loss (MAE): 0.3171, validation MSE: 0.1413
2026-06-04 09:14:24 [INFO]: Epoch 023 - training loss (MAE): 0.3116, validation MSE: 0.1357
2026-06-04 09:14:27 [INFO]: Epoch 024 - training loss (MAE): 0.3062, validation MSE: 0.1306
2026-06-04 09:14:31 [INFO]: Epoch 025 - training loss (MAE): 0.3014, validation MSE: 0.1283
2026-06-04 09:14:34 [INFO]: Epoch 026 - training loss (MAE): 0.2985, validation MSE: 0.1226
2026-06-04 09:14:38 [INFO]: Epoch 027 - training loss (MAE): 0.2948, validation MSE: 0.1195
2026-06-04 09:14:41 [INFO]: Epoch 028 - training loss (MAE): 0.2892, validation MSE: 0.1149
2026-06-04 09:14:45 [INFO]: Epoch 029 - training loss (MAE): 0.2855, validation MSE: 0.1147
2026-06-04 09:14:47 [INFO]: Epoch 030 - training loss (MAE): 0.2833, validation MSE: 0.1110
2026-06-04 09:14:49 [INFO]: Epoch 031 - training loss (MAE): 0.2803, validation MSE: 0.1095
2026-06-04 09:14:51 [INFO]: Epoch 032 - training loss (MAE): 0.2767, validation MSE: 0.1075
2026-06-04 09:14:53 [INFO]: Epoch 033 - training loss (MAE): 0.2738, validation MSE: 0.1047
2026-06-04 09:14:55 [INFO]: Epoch 034 - training loss (MAE): 0.2713, validation MSE: 0.1037
2026-06-04 09:14:57 [INFO]: Epoch 035 - training loss (MAE): 0.2697, validation MSE: 0.1028
2026-06-04 09:14:59 [INFO]: Epoch 036 - training loss (MAE): 0.2666, validation MSE: 0.1016
2026-06-04 09:15:01 [INFO]: Epoch 037 - training loss (MAE): 0.2643, validation MSE: 0.1005
2026-06-04 09:15:03 [INFO]: Epoch 038 - training loss (MAE): 0.2630, validation MSE: 0.0989
2026-06-04 09:15:05 [INFO]: Epoch 039 - training loss (MAE): 0.2610, validation MSE: 0.0981
2026-06-04 09:15:07 [INFO]: Epoch 040 - training loss (MAE): 0.2586, validation MSE: 0.0978
2026-06-04 09:15:09 [INFO]: Epoch 041 - training loss (MAE): 0.2572, validation MSE: 0.0971
2026-06-04 09:15:11 [INFO]: Epoch 042 - training loss (MAE): 0.2561, validation MSE: 0.0959
2026-06-04 09:15:14 [INFO]: Epoch 043 - training loss (MAE): 0.2530, validation MSE: 0.0964
2026-06-04 09:15:16 [INFO]: Epoch 044 - training loss (MAE): 0.2514, validation MSE: 0.0944
2026-06-04 09:15:18 [INFO]: Epoch 045 - training loss (MAE): 0.2499, validation MSE: 0.0924
2026-06-04 09:15:20 [INFO]: Epoch 046 - training loss (MAE): 0.2484, validation MSE: 0.0922
2026-06-04 09:15:23 [INFO]: Epoch 047 - training loss (MAE): 0.2476, validation MSE: 0.0924
2026-06-04 09:15:25 [INFO]: Epoch 048 - training loss (MAE): 0.2451, validation MSE: 0.0911
2026-06-04 09:15:27 [INFO]: Epoch 049 - training loss (MAE): 0.2440, validation MSE: 0.0900
2026-06-04 09:15:29 [INFO]: Epoch 050 - training loss (MAE): 0.2421, validation MSE: 0.0889
2026-06-04 09:15:31 [INFO]: Epoch 051 - training loss (MAE): 0.2414, validation MSE: 0.0861
2026-06-04 09:15:34 [INFO]: Epoch 052 - training loss (MAE): 0.2407, validation MSE: 0.0872
2026-06-04 09:15:35 [INFO]: Epoch 053 - training loss (MAE): 0.2385, validation MSE: 0.0869
2026-06-04 09:15:37 [INFO]: Epoch 054 - training loss (MAE): 0.2376, validation MSE: 0.0858
2026-06-04 09:15:39 [INFO]: Epoch 055 - training loss (MAE): 0.2362, validation MSE: 0.0865
2026-06-04 09:15:42 [INFO]: Epoch 056 - training loss (MAE): 0.2351, validation MSE: 0.0847
2026-06-04 09:15:45 [INFO]: Epoch 057 - training loss (MAE): 0.2334, validation MSE: 0.0850
2026-06-04 09:15:48 [INFO]: Epoch 058 - training loss (MAE): 0.2339, validation MSE: 0.0848
2026-06-04 09:15:51 [INFO]: Epoch 059 - training loss (MAE): 0.2324, validation MSE: 0.0831
2026-06-04 09:15:55 [INFO]: Epoch 060 - training loss (MAE): 0.2308, validation MSE: 0.0818
2026-06-04 09:15:55 [INFO]: Finished training. The best model is from epoch#60.
2026-06-04 09:15:55 [INFO]: Saved the model to output/imputation/cuda/paper_campaign/saits/citylearn_zone5/mr0.5/seed42/SAITS.pypots
[34m
████████╗██╗███╗   ███╗███████╗    ███████╗███████╗██████╗ ██╗███████╗███████╗    █████╗ ██╗
╚══██╔══╝██║████╗ ████║██╔════╝    ██╔════╝██╔════╝██╔══██╗██║██╔════╝██╔════╝   ██╔══██╗██║
   ██║   ██║██╔████╔██║█████╗█████╗███████╗█████╗  ██████╔╝██║█████╗  ███████╗   ███████║██║
   ██║   ██║██║╚██╔╝██║██╔══╝╚════╝╚════██║██╔══╝  ██╔══██╗██║██╔══╝  ╚════██║   ██╔══██║██║
   ██║   ██║██║ ╚═╝ ██║███████╗    ███████║███████╗██║  ██║██║███████╗███████║██╗██║  ██║██║
   ╚═╝   ╚═╝╚═╝     ╚═╝╚══════╝    ╚══════╝╚══════╝╚═╝  ╚═╝╚═╝╚══════╝╚══════╝╚═╝╚═╝  ╚═╝╚═╝
ai4ts v0.0.3 - building AI for unified time-series analysis, https://time-series.ai [0m

Use Train GPT: False
Use Lora: False
Use Profiling: False
🚀 Running imputation pipeline for model: saits
✅ Dataset 'citylearn_zone5' with missing rate 0.5 loaded at: /home/Aboya_25R9803/projects/lab/SUN/iPyPOTS/datasets/rate_0.5
🚀 Starting SAITS training pipeline...
[SAITS] Testing —— MAE: 0.1503| MSE: 0.0665| RMSE: 0.2579| MRE: 0.1845| 
📊 Metrics saved to: output/imputation/cuda/paper_campaign/saits/citylearn_zone5/mr0.5/seed42/metrics/saits_metrics.json
