2026-06-04 09:00:37 [INFO]: Have set the random seed as 42 for numpy and pytorch.
2026-06-04 09:00:39 [INFO]: 🔥🔥🔥🔥🔥🔥🔥🔥🔥🔥Using device list: ['cuda:0']
2026-06-04 09:00:39 [INFO]: 🔥🔥🔥🔥🔥🔥🔥🔥🔥🔥Using the given device: cuda:0
2026-06-04 09:00:39 [INFO]: Model files will be saved to output/imputation/cuda/paper_campaign/saits/citylearn_zone5/mr0.3/seed42
2026-06-04 09:00:39 [INFO]: Tensorboard file will be saved to output/imputation/cuda/paper_campaign/saits/citylearn_zone5/mr0.3/seed42/tensorboard
2026-06-04 09:00:39 [INFO]: Using customized MAE as the training loss function.
2026-06-04 09:00:39 [INFO]: Using customized MSE as the validation metric function.
2026-06-04 09:00:39 [INFO]: SAITS initialized with the given hyperparameters.
 ├─ Total parameters: 144,912
 ├─ Trainable parameters: 144,912
 └─ Trainable ratio: 100.00%
2026-06-04 09:00:39 [INFO]: Model placed on cuda:0
2026-06-04 09:00:44 [INFO]: Epoch 001 - training loss (MAE): 1.3810, validation MSE: 0.6212
2026-06-04 09:00:48 [INFO]: Epoch 002 - training loss (MAE): 0.9800, validation MSE: 0.5064
2026-06-04 09:00:52 [INFO]: Epoch 003 - training loss (MAE): 0.8083, validation MSE: 0.4170
2026-06-04 09:00:57 [INFO]: Epoch 004 - training loss (MAE): 0.7040, validation MSE: 0.3511
2026-06-04 09:01:02 [INFO]: Epoch 005 - training loss (MAE): 0.6345, validation MSE: 0.3013
2026-06-04 09:01:06 [INFO]: Epoch 006 - training loss (MAE): 0.5850, validation MSE: 0.2686
2026-06-04 09:01:11 [INFO]: Epoch 007 - training loss (MAE): 0.5473, validation MSE: 0.2390
2026-06-04 09:01:15 [INFO]: Epoch 008 - training loss (MAE): 0.5129, validation MSE: 0.2121
2026-06-04 09:01:19 [INFO]: Epoch 009 - training loss (MAE): 0.4832, validation MSE: 0.1911
2026-06-04 09:01:23 [INFO]: Epoch 010 - training loss (MAE): 0.4576, validation MSE: 0.1750
2026-06-04 09:01:27 [INFO]: Epoch 011 - training loss (MAE): 0.4354, validation MSE: 0.1612
2026-06-04 09:01:31 [INFO]: Epoch 012 - training loss (MAE): 0.4177, validation MSE: 0.1486
2026-06-04 09:01:34 [INFO]: Epoch 013 - training loss (MAE): 0.4018, validation MSE: 0.1384
2026-06-04 09:01:37 [INFO]: Epoch 014 - training loss (MAE): 0.3877, validation MSE: 0.1289
2026-06-04 09:01:41 [INFO]: Epoch 015 - training loss (MAE): 0.3758, validation MSE: 0.1201
2026-06-04 09:01:44 [INFO]: Epoch 016 - training loss (MAE): 0.3639, validation MSE: 0.1135
2026-06-04 09:01:47 [INFO]: Epoch 017 - training loss (MAE): 0.3538, validation MSE: 0.1073
2026-06-04 09:01:50 [INFO]: Epoch 018 - training loss (MAE): 0.3453, validation MSE: 0.1025
2026-06-04 09:01:53 [INFO]: Epoch 019 - training loss (MAE): 0.3378, validation MSE: 0.0976
2026-06-04 09:01:57 [INFO]: Epoch 020 - training loss (MAE): 0.3301, validation MSE: 0.0945
2026-06-04 09:02:00 [INFO]: Epoch 021 - training loss (MAE): 0.3227, validation MSE: 0.0898
2026-06-04 09:02:03 [INFO]: Epoch 022 - training loss (MAE): 0.3171, validation MSE: 0.0873
2026-06-04 09:02:06 [INFO]: Epoch 023 - training loss (MAE): 0.3116, validation MSE: 0.0847
2026-06-04 09:02:10 [INFO]: Epoch 024 - training loss (MAE): 0.3062, validation MSE: 0.0814
2026-06-04 09:02:13 [INFO]: Epoch 025 - training loss (MAE): 0.3014, validation MSE: 0.0799
2026-06-04 09:02:17 [INFO]: Epoch 026 - training loss (MAE): 0.2985, validation MSE: 0.0777
2026-06-04 09:02:20 [INFO]: Epoch 027 - training loss (MAE): 0.2948, validation MSE: 0.0751
2026-06-04 09:02:24 [INFO]: Epoch 028 - training loss (MAE): 0.2892, validation MSE: 0.0729
2026-06-04 09:02:27 [INFO]: Epoch 029 - training loss (MAE): 0.2855, validation MSE: 0.0720
2026-06-04 09:02:30 [INFO]: Epoch 030 - training loss (MAE): 0.2833, validation MSE: 0.0705
2026-06-04 09:02:34 [INFO]: Epoch 031 - training loss (MAE): 0.2803, validation MSE: 0.0688
2026-06-04 09:02:37 [INFO]: Epoch 032 - training loss (MAE): 0.2767, validation MSE: 0.0678
2026-06-04 09:02:40 [INFO]: Epoch 033 - training loss (MAE): 0.2738, validation MSE: 0.0665
2026-06-04 09:02:43 [INFO]: Epoch 034 - training loss (MAE): 0.2713, validation MSE: 0.0651
2026-06-04 09:02:46 [INFO]: Epoch 035 - training loss (MAE): 0.2697, validation MSE: 0.0649
2026-06-04 09:02:49 [INFO]: Epoch 036 - training loss (MAE): 0.2666, validation MSE: 0.0639
2026-06-04 09:02:52 [INFO]: Epoch 037 - training loss (MAE): 0.2643, validation MSE: 0.0631
2026-06-04 09:02:56 [INFO]: Epoch 038 - training loss (MAE): 0.2630, validation MSE: 0.0624
2026-06-04 09:02:59 [INFO]: Epoch 039 - training loss (MAE): 0.2610, validation MSE: 0.0616
2026-06-04 09:03:02 [INFO]: Epoch 040 - training loss (MAE): 0.2586, validation MSE: 0.0614
2026-06-04 09:03:05 [INFO]: Epoch 041 - training loss (MAE): 0.2572, validation MSE: 0.0606
2026-06-04 09:03:09 [INFO]: Epoch 042 - training loss (MAE): 0.2561, validation MSE: 0.0595
2026-06-04 09:03:13 [INFO]: Epoch 043 - training loss (MAE): 0.2530, validation MSE: 0.0593
2026-06-04 09:03:16 [INFO]: Epoch 044 - training loss (MAE): 0.2514, validation MSE: 0.0588
2026-06-04 09:03:20 [INFO]: Epoch 045 - training loss (MAE): 0.2499, validation MSE: 0.0583
2026-06-04 09:03:23 [INFO]: Epoch 046 - training loss (MAE): 0.2484, validation MSE: 0.0582
2026-06-04 09:03:27 [INFO]: Epoch 047 - training loss (MAE): 0.2476, validation MSE: 0.0578
2026-06-04 09:03:31 [INFO]: Epoch 048 - training loss (MAE): 0.2451, validation MSE: 0.0566
2026-06-04 09:03:34 [INFO]: Epoch 049 - training loss (MAE): 0.2440, validation MSE: 0.0566
2026-06-04 09:03:38 [INFO]: Epoch 050 - training loss (MAE): 0.2421, validation MSE: 0.0561
2026-06-04 09:03:42 [INFO]: Epoch 051 - training loss (MAE): 0.2414, validation MSE: 0.0553
2026-06-04 09:03:45 [INFO]: Epoch 052 - training loss (MAE): 0.2407, validation MSE: 0.0548
2026-06-04 09:03:49 [INFO]: Epoch 053 - training loss (MAE): 0.2385, validation MSE: 0.0550
2026-06-04 09:03:53 [INFO]: Epoch 054 - training loss (MAE): 0.2376, validation MSE: 0.0540
2026-06-04 09:03:56 [INFO]: Epoch 055 - training loss (MAE): 0.2362, validation MSE: 0.0547
2026-06-04 09:04:00 [INFO]: Epoch 056 - training loss (MAE): 0.2351, validation MSE: 0.0537
2026-06-04 09:04:04 [INFO]: Epoch 057 - training loss (MAE): 0.2334, validation MSE: 0.0535
2026-06-04 09:04:07 [INFO]: Epoch 058 - training loss (MAE): 0.2339, validation MSE: 0.0531
2026-06-04 09:04:10 [INFO]: Epoch 059 - training loss (MAE): 0.2324, validation MSE: 0.0526
2026-06-04 09:04:14 [INFO]: Epoch 060 - training loss (MAE): 0.2308, validation MSE: 0.0522
2026-06-04 09:04:14 [INFO]: Finished training. The best model is from epoch#60.
2026-06-04 09:04:14 [INFO]: Saved the model to output/imputation/cuda/paper_campaign/saits/citylearn_zone5/mr0.3/seed42/SAITS.pypots
[34m
████████╗██╗███╗   ███╗███████╗    ███████╗███████╗██████╗ ██╗███████╗███████╗    █████╗ ██╗
╚══██╔══╝██║████╗ ████║██╔════╝    ██╔════╝██╔════╝██╔══██╗██║██╔════╝██╔════╝   ██╔══██╗██║
   ██║   ██║██╔████╔██║█████╗█████╗███████╗█████╗  ██████╔╝██║█████╗  ███████╗   ███████║██║
   ██║   ██║██║╚██╔╝██║██╔══╝╚════╝╚════██║██╔══╝  ██╔══██╗██║██╔══╝  ╚════██║   ██╔══██║██║
   ██║   ██║██║ ╚═╝ ██║███████╗    ███████║███████╗██║  ██║██║███████╗███████║██╗██║  ██║██║
   ╚═╝   ╚═╝╚═╝     ╚═╝╚══════╝    ╚══════╝╚══════╝╚═╝  ╚═╝╚═╝╚══════╝╚══════╝╚═╝╚═╝  ╚═╝╚═╝
ai4ts v0.0.3 - building AI for unified time-series analysis, https://time-series.ai [0m

Use Train GPT: False
Use Lora: False
Use Profiling: False
🚀 Running imputation pipeline for model: saits
✅ Dataset 'citylearn_zone5' with missing rate 0.3 loaded at: /home/Aboya_25R9803/projects/lab/SUN/iPyPOTS/datasets/rate_0.3
🚀 Starting SAITS training pipeline...
[SAITS] Testing —— MAE: 0.1115| MSE: 0.0423| RMSE: 0.2056| MRE: 0.1370| 
📊 Metrics saved to: output/imputation/cuda/paper_campaign/saits/citylearn_zone5/mr0.3/seed42/metrics/saits_metrics.json
