2026-06-04 05:23:29 [INFO]: Have set the random seed as 123 for numpy and pytorch.
2026-06-04 05:23:32 [INFO]: 🔥🔥🔥🔥🔥🔥🔥🔥🔥🔥Using device list: ['cuda:0']
2026-06-04 05:23:32 [INFO]: 🔥🔥🔥🔥🔥🔥🔥🔥🔥🔥Using the given device: cuda:0
2026-06-04 05:23:32 [INFO]: Model files will be saved to output/imputation/cuda/paper_campaign/tefn/opsd_germany/mr0.1/seed123
2026-06-04 05:23:32 [INFO]: Tensorboard file will be saved to output/imputation/cuda/paper_campaign/tefn/opsd_germany/mr0.1/seed123/tensorboard
2026-06-04 05:23:32 [INFO]: Using customized MAE as the training loss function.
2026-06-04 05:23:32 [INFO]: Using customized MSE as the validation metric function.
2026-06-04 05:23:32 [INFO]: Model placed on cuda:0
2026-06-04 05:23:32 [INFO]: TEFN initialized with the given hyperparameters.
 ├─ Total parameters: 5,906
 ├─ Trainable parameters: 5,906
 └─ Trainable ratio: 100.00%
2026-06-04 05:23:34 [INFO]: Epoch 001 - training loss (MAE): 8.7152, validation MSE: 25.0034
2026-06-04 05:23:36 [INFO]: Epoch 002 - training loss (MAE): 6.9618, validation MSE: 17.0490
2026-06-04 05:23:38 [INFO]: Epoch 003 - training loss (MAE): 5.5822, validation MSE: 11.5130
2026-06-04 05:23:40 [INFO]: Epoch 004 - training loss (MAE): 4.4466, validation MSE: 8.0578
2026-06-04 05:23:41 [INFO]: Epoch 005 - training loss (MAE): 3.5861, validation MSE: 5.6463
2026-06-04 05:23:42 [INFO]: Epoch 006 - training loss (MAE): 2.9182, validation MSE: 3.9575
2026-06-04 05:23:43 [INFO]: Epoch 007 - training loss (MAE): 2.4083, validation MSE: 2.8134
2026-06-04 05:23:44 [INFO]: Epoch 008 - training loss (MAE): 2.0052, validation MSE: 2.0394
2026-06-04 05:23:46 [INFO]: Epoch 009 - training loss (MAE): 1.6845, validation MSE: 1.5487
2026-06-04 05:23:47 [INFO]: Epoch 010 - training loss (MAE): 1.4516, validation MSE: 1.2492
2026-06-04 05:23:48 [INFO]: Epoch 011 - training loss (MAE): 1.2818, validation MSE: 1.0646
2026-06-04 05:23:50 [INFO]: Epoch 012 - training loss (MAE): 1.1617, validation MSE: 0.9513
2026-06-04 05:23:51 [INFO]: Epoch 013 - training loss (MAE): 1.0766, validation MSE: 0.8819
2026-06-04 05:23:52 [INFO]: Epoch 014 - training loss (MAE): 1.0110, validation MSE: 0.8302
2026-06-04 05:23:54 [INFO]: Epoch 015 - training loss (MAE): 0.9579, validation MSE: 0.7946
2026-06-04 05:23:55 [INFO]: Epoch 016 - training loss (MAE): 0.9123, validation MSE: 0.7737
2026-06-04 05:23:57 [INFO]: Epoch 017 - training loss (MAE): 0.8741, validation MSE: 0.7491
2026-06-04 05:23:58 [INFO]: Epoch 018 - training loss (MAE): 0.8395, validation MSE: 0.7433
2026-06-04 05:24:00 [INFO]: Epoch 019 - training loss (MAE): 0.8093, validation MSE: 0.7466
2026-06-04 05:24:01 [INFO]: Epoch 020 - training loss (MAE): 0.7824, validation MSE: 0.7479
2026-06-04 05:24:02 [INFO]: Epoch 021 - training loss (MAE): 0.7587, validation MSE: 0.7450
2026-06-04 05:24:03 [INFO]: Epoch 022 - training loss (MAE): 0.7390, validation MSE: 0.7437
2026-06-04 05:24:05 [INFO]: Epoch 023 - training loss (MAE): 0.7217, validation MSE: 0.7388
2026-06-04 05:24:06 [INFO]: Epoch 024 - training loss (MAE): 0.7084, validation MSE: 0.7363
2026-06-04 05:24:08 [INFO]: Epoch 025 - training loss (MAE): 0.6982, validation MSE: 0.7356
2026-06-04 05:24:09 [INFO]: Epoch 026 - training loss (MAE): 0.6920, validation MSE: 0.7314
2026-06-04 05:24:10 [INFO]: Epoch 027 - training loss (MAE): 0.6851, validation MSE: 0.7321
2026-06-04 05:24:11 [INFO]: Epoch 028 - training loss (MAE): 0.6796, validation MSE: 0.7233
2026-06-04 05:24:13 [INFO]: Epoch 029 - training loss (MAE): 0.6745, validation MSE: 0.7222
2026-06-04 05:24:14 [INFO]: Epoch 030 - training loss (MAE): 0.6708, validation MSE: 0.7226
2026-06-04 05:24:16 [INFO]: Epoch 031 - training loss (MAE): 0.6682, validation MSE: 0.7228
2026-06-04 05:24:17 [INFO]: Epoch 032 - training loss (MAE): 0.6659, validation MSE: 0.7235
2026-06-04 05:24:18 [INFO]: Epoch 033 - training loss (MAE): 0.6641, validation MSE: 0.7226
2026-06-04 05:24:20 [INFO]: Epoch 034 - training loss (MAE): 0.6627, validation MSE: 0.7217
2026-06-04 05:24:21 [INFO]: Epoch 035 - training loss (MAE): 0.6599, validation MSE: 0.7246
2026-06-04 05:24:23 [INFO]: Epoch 036 - training loss (MAE): 0.6588, validation MSE: 0.7224
2026-06-04 05:24:25 [INFO]: Epoch 037 - training loss (MAE): 0.6585, validation MSE: 0.7248
2026-06-04 05:24:26 [INFO]: Epoch 038 - training loss (MAE): 0.6577, validation MSE: 0.7221
2026-06-04 05:24:28 [INFO]: Epoch 039 - training loss (MAE): 0.6578, validation MSE: 0.7209
2026-06-04 05:24:30 [INFO]: Epoch 040 - training loss (MAE): 0.6570, validation MSE: 0.7250
2026-06-04 05:24:32 [INFO]: Epoch 041 - training loss (MAE): 0.6573, validation MSE: 0.7234
2026-06-04 05:24:34 [INFO]: Epoch 042 - training loss (MAE): 0.6561, validation MSE: 0.7263
2026-06-04 05:24:36 [INFO]: Epoch 043 - training loss (MAE): 0.6561, validation MSE: 0.7238
2026-06-04 05:24:37 [INFO]: Epoch 044 - training loss (MAE): 0.6568, validation MSE: 0.7253
2026-06-04 05:24:41 [INFO]: Epoch 045 - training loss (MAE): 0.6569, validation MSE: 0.7258
2026-06-04 05:24:44 [INFO]: Epoch 046 - training loss (MAE): 0.6568, validation MSE: 0.7200
2026-06-04 05:24:46 [INFO]: Epoch 047 - training loss (MAE): 0.6561, validation MSE: 0.7221
2026-06-04 05:24:48 [INFO]: Epoch 048 - training loss (MAE): 0.6559, validation MSE: 0.7262
2026-06-04 05:24:50 [INFO]: Epoch 049 - training loss (MAE): 0.6560, validation MSE: 0.7293
2026-06-04 05:24:52 [INFO]: Epoch 050 - training loss (MAE): 0.6572, validation MSE: 0.7244
2026-06-04 05:24:53 [INFO]: Epoch 051 - training loss (MAE): 0.6562, validation MSE: 0.7220
2026-06-04 05:24:55 [INFO]: Epoch 052 - training loss (MAE): 0.6564, validation MSE: 0.7271
2026-06-04 05:24:57 [INFO]: Epoch 053 - training loss (MAE): 0.6568, validation MSE: 0.7247
2026-06-04 05:24:59 [INFO]: Epoch 054 - training loss (MAE): 0.6568, validation MSE: 0.7259
2026-06-04 05:25:01 [INFO]: Epoch 055 - training loss (MAE): 0.6555, validation MSE: 0.7279
2026-06-04 05:25:03 [INFO]: Epoch 056 - training loss (MAE): 0.6565, validation MSE: 0.7245
2026-06-04 05:25:05 [INFO]: Epoch 057 - training loss (MAE): 0.6565, validation MSE: 0.7259
2026-06-04 05:25:06 [INFO]: Epoch 058 - training loss (MAE): 0.6558, validation MSE: 0.7274
2026-06-04 05:25:06 [INFO]: Exceeded the training patience. Terminating the training procedure...
2026-06-04 05:25:06 [INFO]: Finished training. The best model is from epoch#46.
2026-06-04 05:25:07 [INFO]: Saved the model to output/imputation/cuda/paper_campaign/tefn/opsd_germany/mr0.1/seed123/TEFN.pypots
[34m
████████╗██╗███╗   ███╗███████╗    ███████╗███████╗██████╗ ██╗███████╗███████╗    █████╗ ██╗
╚══██╔══╝██║████╗ ████║██╔════╝    ██╔════╝██╔════╝██╔══██╗██║██╔════╝██╔════╝   ██╔══██╗██║
   ██║   ██║██╔████╔██║█████╗█████╗███████╗█████╗  ██████╔╝██║█████╗  ███████╗   ███████║██║
   ██║   ██║██║╚██╔╝██║██╔══╝╚════╝╚════██║██╔══╝  ██╔══██╗██║██╔══╝  ╚════██║   ██╔══██║██║
   ██║   ██║██║ ╚═╝ ██║███████╗    ███████║███████╗██║  ██║██║███████╗███████║██╗██║  ██║██║
   ╚═╝   ╚═╝╚═╝     ╚═╝╚══════╝    ╚══════╝╚══════╝╚═╝  ╚═╝╚═╝╚══════╝╚══════╝╚═╝╚═╝  ╚═╝╚═╝
ai4ts v0.0.3 - building AI for unified time-series analysis, https://time-series.ai [0m

Use Train GPT: False
Use Lora: False
Use Profiling: False
🚀 Running imputation pipeline for model: tefn
✅ Dataset 'opsd_germany' with missing rate 0.1 loaded at: /home/Aboya_25R9803/projects/lab/SUN/iPyPOTS/datasets/rate_0.1
🚀 Starting TEFN training pipeline...
[TEFN] Testing —— MAE: 0.5823| MSE: 0.7913| RMSE: 0.8896| MRE: 0.6417| 
📊 Metrics saved to: output/imputation/cuda/paper_campaign/tefn/opsd_germany/mr0.1/seed123/metrics/tefn_metrics.json
