2026-06-04 04:52:52 [INFO]: Have set the random seed as 456 for numpy and pytorch.
2026-06-04 04:52:52 [INFO]: You're using dataset electricity_load_diagrams, please cite it properly in your work. You can find its reference information at the below link: 
https://github.com/WenjieDu/TSDB/tree/main/dataset_profiles/electricity_load_diagrams
2026-06-04 04:52:52 [INFO]: Dataset electricity_load_diagrams has already been downloaded. Processing directly...
2026-06-04 04:52:52 [INFO]: Dataset electricity_load_diagrams has already been cached. Loading from cache directly...
2026-06-04 04:52:52 [INFO]: Loaded successfully!
2026-06-04 04:52:53 [INFO]: months selected as test set are <PeriodArray>
['2011-01', '2011-02', '2011-03', '2011-04', '2011-05', '2011-06', '2011-07',
 '2011-08', '2011-09', '2011-10']
Length: 10, dtype: period[M]
2026-06-04 04:52:53 [INFO]: months selected as val set are <PeriodArray>
['2011-11', '2011-12', '2012-01', '2012-02', '2012-03', '2012-04', '2012-05',
 '2012-06', '2012-07', '2012-08']
Length: 10, dtype: period[M]
2026-06-04 04:52:53 [INFO]: months selected as train set are <PeriodArray>
['2012-09', '2012-10', '2012-11', '2012-12', '2013-01', '2013-02', '2013-03',
 '2013-04', '2013-05', '2013-06', '2013-07', '2013-08', '2013-09', '2013-10',
 '2013-11', '2013-12', '2014-01', '2014-02', '2014-03', '2014-04', '2014-05',
 '2014-06', '2014-07', '2014-08', '2014-09', '2014-10', '2014-11', '2014-12',
 '2015-01']
Length: 29, dtype: period[M]
2026-06-04 04:52:55 [INFO]: Total sample number: 5843
2026-06-04 04:52:55 [INFO]: Training set size: 3408 (58.33%)
2026-06-04 04:52:55 [INFO]: Validation set size: 1220 (20.88%)
2026-06-04 04:52:55 [INFO]: Test set size: 1215 (20.79%)
2026-06-04 04:52:55 [INFO]: Number of steps: 24
2026-06-04 04:52:55 [INFO]: Number of features: 370
2026-06-04 04:52:55 [INFO]: Train set missing rate: 29.99%
2026-06-04 04:52:55 [INFO]: Validating set missing rate: 30.00%
2026-06-04 04:52:55 [INFO]: Test set missing rate: 30.00%
2026-06-04 04:52:55 [INFO]: 🔥🔥🔥🔥🔥🔥🔥🔥🔥🔥Using device list: ['cuda:0']
2026-06-04 04:52:55 [INFO]: 🔥🔥🔥🔥🔥🔥🔥🔥🔥🔥Using the given device: cuda:0
2026-06-04 04:52:55 [INFO]: Model files will be saved to output/imputation/cuda/paper_campaign/saits/eld/mr0.3/seed456
2026-06-04 04:52:55 [INFO]: Tensorboard file will be saved to output/imputation/cuda/paper_campaign/saits/eld/mr0.3/seed456/tensorboard
2026-06-04 04:52:55 [INFO]: Using customized MAE as the training loss function.
2026-06-04 04:52:55 [INFO]: Using customized MSE as the validation metric function.
2026-06-04 04:52:55 [INFO]: SAITS initialized with the given hyperparameters.
 ├─ Total parameters: 559,232
 ├─ Trainable parameters: 559,232
 └─ Trainable ratio: 100.00%
2026-06-04 04:52:55 [INFO]: Model placed on cuda:0
2026-06-04 04:52:57 [INFO]: Epoch 001 - training loss (MAE): 1.3387, validation MSE: 3.3767
2026-06-04 04:52:58 [INFO]: Epoch 002 - training loss (MAE): 0.9641, validation MSE: 3.1613
2026-06-04 04:52:59 [INFO]: Epoch 003 - training loss (MAE): 0.8271, validation MSE: 3.0735
2026-06-04 04:53:01 [INFO]: Epoch 004 - training loss (MAE): 0.7583, validation MSE: 3.0201
2026-06-04 04:53:02 [INFO]: Epoch 005 - training loss (MAE): 0.7145, validation MSE: 2.9844
2026-06-04 04:53:03 [INFO]: Epoch 006 - training loss (MAE): 0.6815, validation MSE: 2.9406
2026-06-04 04:53:04 [INFO]: Epoch 007 - training loss (MAE): 0.6548, validation MSE: 2.8802
2026-06-04 04:53:06 [INFO]: Epoch 008 - training loss (MAE): 0.6372, validation MSE: 2.8437
2026-06-04 04:53:07 [INFO]: Epoch 009 - training loss (MAE): 0.6219, validation MSE: 2.8059
2026-06-04 04:53:08 [INFO]: Epoch 010 - training loss (MAE): 0.6116, validation MSE: 2.7818
2026-06-04 04:53:09 [INFO]: Epoch 011 - training loss (MAE): 0.6025, validation MSE: 2.7653
2026-06-04 04:53:10 [INFO]: Epoch 012 - training loss (MAE): 0.5938, validation MSE: 2.7617
2026-06-04 04:53:12 [INFO]: Epoch 013 - training loss (MAE): 0.5875, validation MSE: 2.7547
2026-06-04 04:53:13 [INFO]: Epoch 014 - training loss (MAE): 0.5814, validation MSE: 2.7543
2026-06-04 04:53:14 [INFO]: Epoch 015 - training loss (MAE): 0.5749, validation MSE: 2.7442
2026-06-04 04:53:15 [INFO]: Epoch 016 - training loss (MAE): 0.5707, validation MSE: 2.7467
2026-06-04 04:53:16 [INFO]: Epoch 017 - training loss (MAE): 0.5643, validation MSE: 2.7395
2026-06-04 04:53:17 [INFO]: Epoch 018 - training loss (MAE): 0.5611, validation MSE: 2.7364
2026-06-04 04:53:19 [INFO]: Epoch 019 - training loss (MAE): 0.5566, validation MSE: 2.7251
2026-06-04 04:53:20 [INFO]: Epoch 020 - training loss (MAE): 0.5532, validation MSE: 2.7203
2026-06-04 04:53:21 [INFO]: Epoch 021 - training loss (MAE): 0.5494, validation MSE: 2.7190
2026-06-04 04:53:22 [INFO]: Epoch 022 - training loss (MAE): 0.5441, validation MSE: 2.7128
2026-06-04 04:53:24 [INFO]: Epoch 023 - training loss (MAE): 0.5410, validation MSE: 2.7185
2026-06-04 04:53:25 [INFO]: Epoch 024 - training loss (MAE): 0.5392, validation MSE: 2.7078
2026-06-04 04:53:26 [INFO]: Epoch 025 - training loss (MAE): 0.5364, validation MSE: 2.7073
2026-06-04 04:53:27 [INFO]: Epoch 026 - training loss (MAE): 0.5324, validation MSE: 2.7069
2026-06-04 04:53:28 [INFO]: Epoch 027 - training loss (MAE): 0.5302, validation MSE: 2.7117
2026-06-04 04:53:30 [INFO]: Epoch 028 - training loss (MAE): 0.5276, validation MSE: 2.7087
2026-06-04 04:53:31 [INFO]: Epoch 029 - training loss (MAE): 0.5252, validation MSE: 2.7018
2026-06-04 04:53:32 [INFO]: Epoch 030 - training loss (MAE): 0.5243, validation MSE: 2.7054
2026-06-04 04:53:33 [INFO]: Epoch 031 - training loss (MAE): 0.5204, validation MSE: 2.7095
2026-06-04 04:53:34 [INFO]: Epoch 032 - training loss (MAE): 0.5198, validation MSE: 2.7105
2026-06-04 04:53:36 [INFO]: Epoch 033 - training loss (MAE): 0.5185, validation MSE: 2.7070
2026-06-04 04:53:37 [INFO]: Epoch 034 - training loss (MAE): 0.5162, validation MSE: 2.7061
2026-06-04 04:53:38 [INFO]: Epoch 035 - training loss (MAE): 0.5146, validation MSE: 2.7064
2026-06-04 04:53:39 [INFO]: Epoch 036 - training loss (MAE): 0.5127, validation MSE: 2.7067
2026-06-04 04:53:41 [INFO]: Epoch 037 - training loss (MAE): 0.5109, validation MSE: 2.7068
2026-06-04 04:53:42 [INFO]: Epoch 038 - training loss (MAE): 0.5092, validation MSE: 2.7161
2026-06-04 04:53:43 [INFO]: Epoch 039 - training loss (MAE): 0.5080, validation MSE: 2.6999
2026-06-04 04:53:44 [INFO]: Epoch 040 - training loss (MAE): 0.5067, validation MSE: 2.7066
2026-06-04 04:53:45 [INFO]: Epoch 041 - training loss (MAE): 0.5074, validation MSE: 2.7066
2026-06-04 04:53:47 [INFO]: Epoch 042 - training loss (MAE): 0.5046, validation MSE: 2.7130
2026-06-04 04:53:48 [INFO]: Epoch 043 - training loss (MAE): 0.5032, validation MSE: 2.7046
2026-06-04 04:53:49 [INFO]: Epoch 044 - training loss (MAE): 0.5024, validation MSE: 2.7033
2026-06-04 04:53:50 [INFO]: Epoch 045 - training loss (MAE): 0.4996, validation MSE: 2.7033
2026-06-04 04:53:51 [INFO]: Epoch 046 - training loss (MAE): 0.4982, validation MSE: 2.7045
2026-06-04 04:53:53 [INFO]: Epoch 047 - training loss (MAE): 0.4973, validation MSE: 2.7086
2026-06-04 04:53:54 [INFO]: Epoch 048 - training loss (MAE): 0.4946, validation MSE: 2.7036
2026-06-04 04:53:55 [INFO]: Epoch 049 - training loss (MAE): 0.4952, validation MSE: 2.7056
2026-06-04 04:53:56 [INFO]: Epoch 050 - training loss (MAE): 0.4943, validation MSE: 2.7049
2026-06-04 04:53:58 [INFO]: Epoch 051 - training loss (MAE): 0.4931, validation MSE: 2.7046
2026-06-04 04:53:58 [INFO]: Exceeded the training patience. Terminating the training procedure...
2026-06-04 04:53:58 [INFO]: Finished training. The best model is from epoch#39.
2026-06-04 04:53:58 [INFO]: Saved the model to output/imputation/cuda/paper_campaign/saits/eld/mr0.3/seed456/SAITS.pypots
[34m
████████╗██╗███╗   ███╗███████╗    ███████╗███████╗██████╗ ██╗███████╗███████╗    █████╗ ██╗
╚══██╔══╝██║████╗ ████║██╔════╝    ██╔════╝██╔════╝██╔══██╗██║██╔════╝██╔════╝   ██╔══██╗██║
   ██║   ██║██╔████╔██║█████╗█████╗███████╗█████╗  ██████╔╝██║█████╗  ███████╗   ███████║██║
   ██║   ██║██║╚██╔╝██║██╔══╝╚════╝╚════██║██╔══╝  ██╔══██╗██║██╔══╝  ╚════██║   ██╔══██║██║
   ██║   ██║██║ ╚═╝ ██║███████╗    ███████║███████╗██║  ██║██║███████╗███████║██╗██║  ██║██║
   ╚═╝   ╚═╝╚═╝     ╚═╝╚══════╝    ╚══════╝╚══════╝╚═╝  ╚═╝╚═╝╚══════╝╚══════╝╚═╝╚═╝  ╚═╝╚═╝
ai4ts v0.0.3 - building AI for unified time-series analysis, https://time-series.ai [0m

Use Train GPT: False
Use Lora: False
Use Profiling: False
🚀 Running imputation pipeline for model: saits
✅ Dataset 'eld' with missing rate 0.3 loaded at: /home/Aboya_25R9803/projects/lab/SUN/iPyPOTS/datasets/rate_0.3
🚀 Starting SAITS training pipeline...
[SAITS] Testing —— MAE: 1.2725| MSE: 3.5797| RMSE: 1.8920| MRE: 0.6813| 
📊 Metrics saved to: output/imputation/cuda/paper_campaign/saits/eld/mr0.3/seed456/metrics/saits_metrics.json
