2026-06-04 09:27:04 [INFO]: Have set the random seed as 456 for numpy and pytorch.
2026-06-04 09:27:05 [INFO]: 🔥🔥🔥🔥🔥🔥🔥🔥🔥🔥Using device list: ['cuda:0']
2026-06-04 09:27:05 [INFO]: 🔥🔥🔥🔥🔥🔥🔥🔥🔥🔥Using the given device: cuda:0
2026-06-04 09:27:05 [INFO]: Model files will be saved to output/imputation/cuda/paper_campaign/tefn/citylearn_zone5/mr0.1/seed456
2026-06-04 09:27:05 [INFO]: Tensorboard file will be saved to output/imputation/cuda/paper_campaign/tefn/citylearn_zone5/mr0.1/seed456/tensorboard
2026-06-04 09:27:05 [INFO]: Using customized MAE as the training loss function.
2026-06-04 09:27:05 [INFO]: Using customized MSE as the validation metric function.
2026-06-04 09:27:05 [INFO]: Model placed on cuda:0
2026-06-04 09:27:05 [INFO]: TEFN initialized with the given hyperparameters.
 ├─ Total parameters: 6,836
 ├─ Trainable parameters: 6,836
 └─ Trainable ratio: 100.00%
2026-06-04 09:27:07 [INFO]: Epoch 001 - training loss (MAE): 8.5626, validation MSE: 25.1233
2026-06-04 09:27:09 [INFO]: Epoch 002 - training loss (MAE): 7.2981, validation MSE: 20.2107
2026-06-04 09:27:10 [INFO]: Epoch 003 - training loss (MAE): 6.4062, validation MSE: 16.3362
2026-06-04 09:27:12 [INFO]: Epoch 004 - training loss (MAE): 5.6041, validation MSE: 13.0765
2026-06-04 09:27:13 [INFO]: Epoch 005 - training loss (MAE): 4.8608, validation MSE: 10.4220
2026-06-04 09:27:15 [INFO]: Epoch 006 - training loss (MAE): 4.1750, validation MSE: 8.2486
2026-06-04 09:27:16 [INFO]: Epoch 007 - training loss (MAE): 3.5457, validation MSE: 6.5197
2026-06-04 09:27:18 [INFO]: Epoch 008 - training loss (MAE): 3.0020, validation MSE: 5.1399
2026-06-04 09:27:21 [INFO]: Epoch 009 - training loss (MAE): 2.5755, validation MSE: 4.1420
2026-06-04 09:27:22 [INFO]: Epoch 010 - training loss (MAE): 2.2582, validation MSE: 3.3986
2026-06-04 09:27:23 [INFO]: Epoch 011 - training loss (MAE): 2.0077, validation MSE: 2.8076
2026-06-04 09:27:24 [INFO]: Epoch 012 - training loss (MAE): 1.7995, validation MSE: 2.3499
2026-06-04 09:27:25 [INFO]: Epoch 013 - training loss (MAE): 1.6214, validation MSE: 1.9892
2026-06-04 09:27:27 [INFO]: Epoch 014 - training loss (MAE): 1.4688, validation MSE: 1.7157
2026-06-04 09:27:28 [INFO]: Epoch 015 - training loss (MAE): 1.3440, validation MSE: 1.5120
2026-06-04 09:27:29 [INFO]: Epoch 016 - training loss (MAE): 1.2470, validation MSE: 1.3580
2026-06-04 09:27:30 [INFO]: Epoch 017 - training loss (MAE): 1.1735, validation MSE: 1.2416
2026-06-04 09:27:31 [INFO]: Epoch 018 - training loss (MAE): 1.1143, validation MSE: 1.1495
2026-06-04 09:27:32 [INFO]: Epoch 019 - training loss (MAE): 1.0668, validation MSE: 1.0766
2026-06-04 09:27:34 [INFO]: Epoch 020 - training loss (MAE): 1.0284, validation MSE: 1.0138
2026-06-04 09:27:35 [INFO]: Epoch 021 - training loss (MAE): 0.9938, validation MSE: 0.9580
2026-06-04 09:27:36 [INFO]: Epoch 022 - training loss (MAE): 0.9643, validation MSE: 0.9132
2026-06-04 09:27:37 [INFO]: Epoch 023 - training loss (MAE): 0.9373, validation MSE: 0.8737
2026-06-04 09:27:38 [INFO]: Epoch 024 - training loss (MAE): 0.9139, validation MSE: 0.8450
2026-06-04 09:27:39 [INFO]: Epoch 025 - training loss (MAE): 0.8925, validation MSE: 0.8184
2026-06-04 09:27:40 [INFO]: Epoch 026 - training loss (MAE): 0.8731, validation MSE: 0.7892
2026-06-04 09:27:41 [INFO]: Epoch 027 - training loss (MAE): 0.8565, validation MSE: 0.7821
2026-06-04 09:27:42 [INFO]: Epoch 028 - training loss (MAE): 0.8409, validation MSE: 0.7626
2026-06-04 09:27:43 [INFO]: Epoch 029 - training loss (MAE): 0.8274, validation MSE: 0.7440
2026-06-04 09:27:45 [INFO]: Epoch 030 - training loss (MAE): 0.8157, validation MSE: 0.7461
2026-06-04 09:27:46 [INFO]: Epoch 031 - training loss (MAE): 0.8041, validation MSE: 0.7339
2026-06-04 09:27:47 [INFO]: Epoch 032 - training loss (MAE): 0.7942, validation MSE: 0.7341
2026-06-04 09:27:48 [INFO]: Epoch 033 - training loss (MAE): 0.7857, validation MSE: 0.7222
2026-06-04 09:27:51 [INFO]: Epoch 034 - training loss (MAE): 0.7767, validation MSE: 0.7262
2026-06-04 09:27:53 [INFO]: Epoch 035 - training loss (MAE): 0.7694, validation MSE: 0.7189
2026-06-04 09:27:54 [INFO]: Epoch 036 - training loss (MAE): 0.7631, validation MSE: 0.7196
2026-06-04 09:27:56 [INFO]: Epoch 037 - training loss (MAE): 0.7571, validation MSE: 0.7141
2026-06-04 09:27:57 [INFO]: Epoch 038 - training loss (MAE): 0.7515, validation MSE: 0.7104
2026-06-04 09:27:58 [INFO]: Epoch 039 - training loss (MAE): 0.7468, validation MSE: 0.7003
2026-06-04 09:28:00 [INFO]: Epoch 040 - training loss (MAE): 0.7424, validation MSE: 0.6926
2026-06-04 09:28:01 [INFO]: Epoch 041 - training loss (MAE): 0.7381, validation MSE: 0.6991
2026-06-04 09:28:03 [INFO]: Epoch 042 - training loss (MAE): 0.7340, validation MSE: 0.6920
2026-06-04 09:28:04 [INFO]: Epoch 043 - training loss (MAE): 0.7303, validation MSE: 0.6930
2026-06-04 09:28:05 [INFO]: Epoch 044 - training loss (MAE): 0.7278, validation MSE: 0.6877
2026-06-04 09:28:07 [INFO]: Epoch 045 - training loss (MAE): 0.7252, validation MSE: 0.6802
2026-06-04 09:28:08 [INFO]: Epoch 046 - training loss (MAE): 0.7224, validation MSE: 0.6794
2026-06-04 09:28:10 [INFO]: Epoch 047 - training loss (MAE): 0.7192, validation MSE: 0.6827
2026-06-04 09:28:11 [INFO]: Epoch 048 - training loss (MAE): 0.7173, validation MSE: 0.6802
2026-06-04 09:28:13 [INFO]: Epoch 049 - training loss (MAE): 0.7154, validation MSE: 0.6766
2026-06-04 09:28:14 [INFO]: Epoch 050 - training loss (MAE): 0.7132, validation MSE: 0.6787
2026-06-04 09:28:15 [INFO]: Epoch 051 - training loss (MAE): 0.7121, validation MSE: 0.6777
2026-06-04 09:28:17 [INFO]: Epoch 052 - training loss (MAE): 0.7105, validation MSE: 0.6761
2026-06-04 09:28:18 [INFO]: Epoch 053 - training loss (MAE): 0.7087, validation MSE: 0.6775
2026-06-04 09:28:21 [INFO]: Epoch 054 - training loss (MAE): 0.7069, validation MSE: 0.6767
2026-06-04 09:28:23 [INFO]: Epoch 055 - training loss (MAE): 0.7065, validation MSE: 0.6746
2026-06-04 09:28:24 [INFO]: Epoch 056 - training loss (MAE): 0.7057, validation MSE: 0.6725
2026-06-04 09:28:26 [INFO]: Epoch 057 - training loss (MAE): 0.7043, validation MSE: 0.6730
2026-06-04 09:28:27 [INFO]: Epoch 058 - training loss (MAE): 0.7036, validation MSE: 0.6719
2026-06-04 09:28:29 [INFO]: Epoch 059 - training loss (MAE): 0.7022, validation MSE: 0.6673
2026-06-04 09:28:30 [INFO]: Epoch 060 - training loss (MAE): 0.7021, validation MSE: 0.6710
2026-06-04 09:28:30 [INFO]: Finished training. The best model is from epoch#59.
2026-06-04 09:28:30 [INFO]: Saved the model to output/imputation/cuda/paper_campaign/tefn/citylearn_zone5/mr0.1/seed456/TEFN.pypots
[34m
████████╗██╗███╗   ███╗███████╗    ███████╗███████╗██████╗ ██╗███████╗███████╗    █████╗ ██╗
╚══██╔══╝██║████╗ ████║██╔════╝    ██╔════╝██╔════╝██╔══██╗██║██╔════╝██╔════╝   ██╔══██╗██║
   ██║   ██║██╔████╔██║█████╗█████╗███████╗█████╗  ██████╔╝██║█████╗  ███████╗   ███████║██║
   ██║   ██║██║╚██╔╝██║██╔══╝╚════╝╚════██║██╔══╝  ██╔══██╗██║██╔══╝  ╚════██║   ██╔══██║██║
   ██║   ██║██║ ╚═╝ ██║███████╗    ███████║███████╗██║  ██║██║███████╗███████║██╗██║  ██║██║
   ╚═╝   ╚═╝╚═╝     ╚═╝╚══════╝    ╚══════╝╚══════╝╚═╝  ╚═╝╚═╝╚══════╝╚══════╝╚═╝╚═╝  ╚═╝╚═╝
ai4ts v0.0.3 - building AI for unified time-series analysis, https://time-series.ai [0m

Use Train GPT: False
Use Lora: False
Use Profiling: False
🚀 Running imputation pipeline for model: tefn
✅ Dataset 'citylearn_zone5' with missing rate 0.1 loaded at: /home/Aboya_25R9803/projects/lab/SUN/iPyPOTS/datasets/rate_0.1
🚀 Starting TEFN training pipeline...
[TEFN] Testing —— MAE: 0.4601| MSE: 0.4548| RMSE: 0.6744| MRE: 0.5655| 
📊 Metrics saved to: output/imputation/cuda/paper_campaign/tefn/citylearn_zone5/mr0.1/seed456/metrics/tefn_metrics.json
