2026-06-04 05:14:11 [INFO]: Have set the random seed as 42 for numpy and pytorch.
2026-06-04 05:14:19 [INFO]: 🔥🔥🔥🔥🔥🔥🔥🔥🔥🔥Using device list: ['cuda:0']
2026-06-04 05:14:19 [INFO]: 🔥🔥🔥🔥🔥🔥🔥🔥🔥🔥Using the given device: cuda:0
2026-06-04 05:14:19 [INFO]: Model files will be saved to output/imputation/cuda/paper_campaign/tefn/household_power/mr0.1/seed42
2026-06-04 05:14:19 [INFO]: Tensorboard file will be saved to output/imputation/cuda/paper_campaign/tefn/household_power/mr0.1/seed42/tensorboard
2026-06-04 05:14:19 [INFO]: Using customized MAE as the training loss function.
2026-06-04 05:14:19 [INFO]: Using customized MSE as the validation metric function.
2026-06-04 05:14:19 [INFO]: Model placed on cuda:0
2026-06-04 05:14:19 [INFO]: TEFN initialized with the given hyperparameters.
 ├─ Total parameters: 5,981
 ├─ Trainable parameters: 5,981
 └─ Trainable ratio: 100.00%
2026-06-04 05:14:21 [INFO]: Epoch 001 - training loss (MAE): 8.5186, validation MSE: 25.1507
2026-06-04 05:14:22 [INFO]: Epoch 002 - training loss (MAE): 7.1805, validation MSE: 18.9912
2026-06-04 05:14:23 [INFO]: Epoch 003 - training loss (MAE): 6.1319, validation MSE: 14.6274
2026-06-04 05:14:25 [INFO]: Epoch 004 - training loss (MAE): 5.2756, validation MSE: 11.4750
2026-06-04 05:14:26 [INFO]: Epoch 005 - training loss (MAE): 4.5694, validation MSE: 9.1882
2026-06-04 05:14:27 [INFO]: Epoch 006 - training loss (MAE): 3.9779, validation MSE: 7.4626
2026-06-04 05:14:28 [INFO]: Epoch 007 - training loss (MAE): 3.4696, validation MSE: 6.1191
2026-06-04 05:14:30 [INFO]: Epoch 008 - training loss (MAE): 3.0182, validation MSE: 5.0287
2026-06-04 05:14:31 [INFO]: Epoch 009 - training loss (MAE): 2.6138, validation MSE: 4.1315
2026-06-04 05:14:32 [INFO]: Epoch 010 - training loss (MAE): 2.2667, validation MSE: 3.4076
2026-06-04 05:14:34 [INFO]: Epoch 011 - training loss (MAE): 1.9882, validation MSE: 2.8309
2026-06-04 05:14:35 [INFO]: Epoch 012 - training loss (MAE): 1.7678, validation MSE: 2.3743
2026-06-04 05:14:36 [INFO]: Epoch 013 - training loss (MAE): 1.5833, validation MSE: 2.0182
2026-06-04 05:14:37 [INFO]: Epoch 014 - training loss (MAE): 1.4283, validation MSE: 1.7437
2026-06-04 05:14:38 [INFO]: Epoch 015 - training loss (MAE): 1.2965, validation MSE: 1.5373
2026-06-04 05:14:39 [INFO]: Epoch 016 - training loss (MAE): 1.1853, validation MSE: 1.3882
2026-06-04 05:14:40 [INFO]: Epoch 017 - training loss (MAE): 1.0943, validation MSE: 1.2783
2026-06-04 05:14:41 [INFO]: Epoch 018 - training loss (MAE): 1.0214, validation MSE: 1.2077
2026-06-04 05:14:42 [INFO]: Epoch 019 - training loss (MAE): 0.9670, validation MSE: 1.1617
2026-06-04 05:14:43 [INFO]: Epoch 020 - training loss (MAE): 0.9258, validation MSE: 1.1257
2026-06-04 05:14:44 [INFO]: Epoch 021 - training loss (MAE): 0.8911, validation MSE: 1.1034
2026-06-04 05:14:45 [INFO]: Epoch 022 - training loss (MAE): 0.8622, validation MSE: 1.0859
2026-06-04 05:14:45 [INFO]: Epoch 023 - training loss (MAE): 0.8374, validation MSE: 1.0642
2026-06-04 05:14:46 [INFO]: Epoch 024 - training loss (MAE): 0.8129, validation MSE: 1.0540
2026-06-04 05:14:47 [INFO]: Epoch 025 - training loss (MAE): 0.7894, validation MSE: 1.0375
2026-06-04 05:14:48 [INFO]: Epoch 026 - training loss (MAE): 0.7690, validation MSE: 1.0334
2026-06-04 05:14:49 [INFO]: Epoch 027 - training loss (MAE): 0.7551, validation MSE: 1.0272
2026-06-04 05:14:50 [INFO]: Epoch 028 - training loss (MAE): 0.7429, validation MSE: 1.0236
2026-06-04 05:14:51 [INFO]: Epoch 029 - training loss (MAE): 0.7320, validation MSE: 1.0166
2026-06-04 05:14:52 [INFO]: Epoch 030 - training loss (MAE): 0.7239, validation MSE: 1.0091
2026-06-04 05:14:53 [INFO]: Epoch 031 - training loss (MAE): 0.7154, validation MSE: 1.0065
2026-06-04 05:14:54 [INFO]: Epoch 032 - training loss (MAE): 0.7067, validation MSE: 1.0064
2026-06-04 05:14:55 [INFO]: Epoch 033 - training loss (MAE): 0.7002, validation MSE: 1.0007
2026-06-04 05:14:56 [INFO]: Epoch 034 - training loss (MAE): 0.6930, validation MSE: 0.9973
2026-06-04 05:14:57 [INFO]: Epoch 035 - training loss (MAE): 0.6874, validation MSE: 0.9938
2026-06-04 05:14:58 [INFO]: Epoch 036 - training loss (MAE): 0.6822, validation MSE: 0.9961
2026-06-04 05:14:58 [INFO]: Epoch 037 - training loss (MAE): 0.6782, validation MSE: 0.9946
2026-06-04 05:14:59 [INFO]: Epoch 038 - training loss (MAE): 0.6770, validation MSE: 0.9928
2026-06-04 05:15:00 [INFO]: Epoch 039 - training loss (MAE): 0.6725, validation MSE: 0.9928
2026-06-04 05:15:01 [INFO]: Epoch 040 - training loss (MAE): 0.6703, validation MSE: 0.9940
2026-06-04 05:15:02 [INFO]: Epoch 041 - training loss (MAE): 0.6695, validation MSE: 0.9881
2026-06-04 05:15:03 [INFO]: Epoch 042 - training loss (MAE): 0.6670, validation MSE: 0.9911
2026-06-04 05:15:04 [INFO]: Epoch 043 - training loss (MAE): 0.6645, validation MSE: 0.9873
2026-06-04 05:15:05 [INFO]: Epoch 044 - training loss (MAE): 0.6621, validation MSE: 0.9840
2026-06-04 05:15:06 [INFO]: Epoch 045 - training loss (MAE): 0.6601, validation MSE: 0.9926
2026-06-04 05:15:07 [INFO]: Epoch 046 - training loss (MAE): 0.6595, validation MSE: 0.9863
2026-06-04 05:15:08 [INFO]: Epoch 047 - training loss (MAE): 0.6584, validation MSE: 0.9862
2026-06-04 05:15:09 [INFO]: Epoch 048 - training loss (MAE): 0.6569, validation MSE: 0.9860
2026-06-04 05:15:10 [INFO]: Epoch 049 - training loss (MAE): 0.6567, validation MSE: 0.9847
2026-06-04 05:15:11 [INFO]: Epoch 050 - training loss (MAE): 0.6543, validation MSE: 0.9862
2026-06-04 05:15:13 [INFO]: Epoch 051 - training loss (MAE): 0.6540, validation MSE: 0.9883
2026-06-04 05:15:14 [INFO]: Epoch 052 - training loss (MAE): 0.6540, validation MSE: 0.9891
2026-06-04 05:15:15 [INFO]: Epoch 053 - training loss (MAE): 0.6516, validation MSE: 0.9840
2026-06-04 05:15:17 [INFO]: Epoch 054 - training loss (MAE): 0.6503, validation MSE: 0.9852
2026-06-04 05:15:18 [INFO]: Epoch 055 - training loss (MAE): 0.6485, validation MSE: 0.9852
2026-06-04 05:15:19 [INFO]: Epoch 056 - training loss (MAE): 0.6484, validation MSE: 0.9835
2026-06-04 05:15:20 [INFO]: Epoch 057 - training loss (MAE): 0.6480, validation MSE: 0.9862
2026-06-04 05:15:22 [INFO]: Epoch 058 - training loss (MAE): 0.6471, validation MSE: 0.9846
2026-06-04 05:15:23 [INFO]: Epoch 059 - training loss (MAE): 0.6476, validation MSE: 0.9885
2026-06-04 05:15:24 [INFO]: Epoch 060 - training loss (MAE): 0.6464, validation MSE: 0.9861
2026-06-04 05:15:24 [INFO]: Finished training. The best model is from epoch#56.
2026-06-04 05:15:24 [INFO]: Saved the model to output/imputation/cuda/paper_campaign/tefn/household_power/mr0.1/seed42/TEFN.pypots
[34m
████████╗██╗███╗   ███╗███████╗    ███████╗███████╗██████╗ ██╗███████╗███████╗    █████╗ ██╗
╚══██╔══╝██║████╗ ████║██╔════╝    ██╔════╝██╔════╝██╔══██╗██║██╔════╝██╔════╝   ██╔══██╗██║
   ██║   ██║██╔████╔██║█████╗█████╗███████╗█████╗  ██████╔╝██║█████╗  ███████╗   ███████║██║
   ██║   ██║██║╚██╔╝██║██╔══╝╚════╝╚════██║██╔══╝  ██╔══██╗██║██╔══╝  ╚════██║   ██╔══██║██║
   ██║   ██║██║ ╚═╝ ██║███████╗    ███████║███████╗██║  ██║██║███████╗███████║██╗██║  ██║██║
   ╚═╝   ╚═╝╚═╝     ╚═╝╚══════╝    ╚══════╝╚══════╝╚═╝  ╚═╝╚═╝╚══════╝╚══════╝╚═╝╚═╝  ╚═╝╚═╝
ai4ts v0.0.3 - building AI for unified time-series analysis, https://time-series.ai [0m

Use Train GPT: False
Use Lora: False
Use Profiling: False
🚀 Running imputation pipeline for model: tefn
✅ Dataset 'household_power' with missing rate 0.1 loaded at: /home/Aboya_25R9803/projects/lab/SUN/iPyPOTS/datasets/rate_0.1
🚀 Starting TEFN training pipeline...
[TEFN] Testing —— MAE: 0.5606| MSE: 0.7733| RMSE: 0.8794| MRE: 0.7717| 
📊 Metrics saved to: output/imputation/cuda/paper_campaign/tefn/household_power/mr0.1/seed42/metrics/tefn_metrics.json
