2026-06-04 04:47:27 [INFO]: Have set the random seed as 42 for numpy and pytorch.
2026-06-04 04:47:27 [INFO]: You're using dataset electricity_transformer_temperature, please cite it properly in your work. You can find its reference information at the below link: 
https://github.com/WenjieDu/TSDB/tree/main/dataset_profiles/electricity_transformer_temperature
2026-06-04 04:47:27 [INFO]: Dataset electricity_transformer_temperature has already been downloaded. Processing directly...
2026-06-04 04:47:27 [INFO]: Dataset electricity_transformer_temperature has already been cached. Loading from cache directly...
2026-06-04 04:47:27 [INFO]: Loaded successfully!
2026-06-04 04:47:27 [INFO]: months selected as train set are <PeriodArray>
['2016-07', '2016-08', '2016-09', '2016-10', '2016-11', '2016-12', '2017-01',
 '2017-02', '2017-03', '2017-04', '2017-05', '2017-06', '2017-07', '2017-08']
Length: 14, dtype: period[M]
2026-06-04 04:47:27 [INFO]: months selected as val set are <PeriodArray>
['2017-09', '2017-10', '2017-11', '2017-12', '2018-01']
Length: 5, dtype: period[M]
2026-06-04 04:47:27 [INFO]: months selected as test set are <PeriodArray>
['2018-02', '2018-03', '2018-04', '2018-05', '2018-06']
Length: 5, dtype: period[M]
2026-06-04 04:47:27 [INFO]: Total sample number: 725
2026-06-04 04:47:27 [INFO]: Training set size: 427 (58.90%)
2026-06-04 04:47:27 [INFO]: Validation set size: 153 (21.10%)
2026-06-04 04:47:27 [INFO]: Test set size: 145 (20.00%)
2026-06-04 04:47:27 [INFO]: Number of steps: 96
2026-06-04 04:47:27 [INFO]: Number of features: 7
2026-06-04 04:47:27 [INFO]: Train set missing rate: 29.91%
2026-06-04 04:47:27 [INFO]: Validating set missing rate: 30.14%
2026-06-04 04:47:27 [INFO]: Test set missing rate: 29.86%
2026-06-04 04:47:27 [INFO]: 🔥🔥🔥🔥🔥🔥🔥🔥🔥🔥Using device list: ['cuda:0']
2026-06-04 04:47:27 [INFO]: 🔥🔥🔥🔥🔥🔥🔥🔥🔥🔥Using the given device: cuda:0
2026-06-04 04:47:28 [INFO]: Model files will be saved to output/imputation/cuda/paper_campaign/tefn/ettm1/mr0.3/seed42
2026-06-04 04:47:28 [INFO]: Tensorboard file will be saved to output/imputation/cuda/paper_campaign/tefn/ettm1/mr0.3/seed42/tensorboard
2026-06-04 04:47:28 [INFO]: Using customized MAE as the training loss function.
2026-06-04 04:47:28 [INFO]: Using customized MSE as the validation metric function.
2026-06-04 04:47:28 [INFO]: Model placed on cuda:0
2026-06-04 04:47:28 [INFO]: TEFN initialized with the given hyperparameters.
 ├─ Total parameters: 3,401
 ├─ Trainable parameters: 3,401
 └─ Trainable ratio: 100.00%
2026-06-04 04:47:28 [INFO]: Epoch 001 - training loss (MAE): 9.3717, validation MSE: 32.5115
2026-06-04 04:47:28 [INFO]: Epoch 002 - training loss (MAE): 9.2599, validation MSE: 31.7614
2026-06-04 04:47:28 [INFO]: Epoch 003 - training loss (MAE): 9.1682, validation MSE: 31.0317
2026-06-04 04:47:28 [INFO]: Epoch 004 - training loss (MAE): 9.0683, validation MSE: 30.3189
2026-06-04 04:47:29 [INFO]: Epoch 005 - training loss (MAE): 8.9379, validation MSE: 29.6271
2026-06-04 04:47:29 [INFO]: Epoch 006 - training loss (MAE): 8.8130, validation MSE: 28.9541
2026-06-04 04:47:29 [INFO]: Epoch 007 - training loss (MAE): 8.7486, validation MSE: 28.2980
2026-06-04 04:47:29 [INFO]: Epoch 008 - training loss (MAE): 8.6104, validation MSE: 27.6601
2026-06-04 04:47:29 [INFO]: Epoch 009 - training loss (MAE): 8.5230, validation MSE: 27.0373
2026-06-04 04:47:29 [INFO]: Epoch 010 - training loss (MAE): 8.4007, validation MSE: 26.4311
2026-06-04 04:47:29 [INFO]: Epoch 011 - training loss (MAE): 8.3443, validation MSE: 25.8398
2026-06-04 04:47:29 [INFO]: Epoch 012 - training loss (MAE): 8.2351, validation MSE: 25.2648
2026-06-04 04:47:29 [INFO]: Epoch 013 - training loss (MAE): 8.1318, validation MSE: 24.7052
2026-06-04 04:47:29 [INFO]: Epoch 014 - training loss (MAE): 8.0306, validation MSE: 24.1592
2026-06-04 04:47:29 [INFO]: Epoch 015 - training loss (MAE): 7.9439, validation MSE: 23.6265
2026-06-04 04:47:29 [INFO]: Epoch 016 - training loss (MAE): 7.8515, validation MSE: 23.1067
2026-06-04 04:47:29 [INFO]: Epoch 017 - training loss (MAE): 7.7667, validation MSE: 22.6005
2026-06-04 04:47:29 [INFO]: Epoch 018 - training loss (MAE): 7.6598, validation MSE: 22.1060
2026-06-04 04:47:29 [INFO]: Epoch 019 - training loss (MAE): 7.5691, validation MSE: 21.6222
2026-06-04 04:47:29 [INFO]: Epoch 020 - training loss (MAE): 7.4862, validation MSE: 21.1490
2026-06-04 04:47:29 [INFO]: Epoch 021 - training loss (MAE): 7.4055, validation MSE: 20.6866
2026-06-04 04:47:29 [INFO]: Epoch 022 - training loss (MAE): 7.3066, validation MSE: 20.2347
2026-06-04 04:47:30 [INFO]: Epoch 023 - training loss (MAE): 7.2300, validation MSE: 19.7931
2026-06-04 04:47:30 [INFO]: Epoch 024 - training loss (MAE): 7.1282, validation MSE: 19.3611
2026-06-04 04:47:30 [INFO]: Epoch 025 - training loss (MAE): 7.0351, validation MSE: 18.9380
2026-06-04 04:47:30 [INFO]: Epoch 026 - training loss (MAE): 6.9655, validation MSE: 18.5235
2026-06-04 04:47:30 [INFO]: Epoch 027 - training loss (MAE): 6.8711, validation MSE: 18.1179
2026-06-04 04:47:30 [INFO]: Epoch 028 - training loss (MAE): 6.7824, validation MSE: 17.7223
2026-06-04 04:47:30 [INFO]: Epoch 029 - training loss (MAE): 6.6878, validation MSE: 17.3363
2026-06-04 04:47:30 [INFO]: Epoch 030 - training loss (MAE): 6.6101, validation MSE: 16.9598
2026-06-04 04:47:30 [INFO]: Epoch 031 - training loss (MAE): 6.5287, validation MSE: 16.5923
2026-06-04 04:47:30 [INFO]: Epoch 032 - training loss (MAE): 6.4311, validation MSE: 16.2329
2026-06-04 04:47:30 [INFO]: Epoch 033 - training loss (MAE): 6.3621, validation MSE: 15.8823
2026-06-04 04:47:30 [INFO]: Epoch 034 - training loss (MAE): 6.2674, validation MSE: 15.5395
2026-06-04 04:47:30 [INFO]: Epoch 035 - training loss (MAE): 6.1804, validation MSE: 15.2044
2026-06-04 04:47:30 [INFO]: Epoch 036 - training loss (MAE): 6.1005, validation MSE: 14.8772
2026-06-04 04:47:30 [INFO]: Epoch 037 - training loss (MAE): 6.0198, validation MSE: 14.5580
2026-06-04 04:47:30 [INFO]: Epoch 038 - training loss (MAE): 5.9240, validation MSE: 14.2470
2026-06-04 04:47:30 [INFO]: Epoch 039 - training loss (MAE): 5.8609, validation MSE: 13.9444
2026-06-04 04:47:30 [INFO]: Epoch 040 - training loss (MAE): 5.7608, validation MSE: 13.6499
2026-06-04 04:47:30 [INFO]: Epoch 041 - training loss (MAE): 5.6870, validation MSE: 13.3633
2026-06-04 04:47:31 [INFO]: Epoch 042 - training loss (MAE): 5.6065, validation MSE: 13.0844
2026-06-04 04:47:31 [INFO]: Epoch 043 - training loss (MAE): 5.5454, validation MSE: 12.8125
2026-06-04 04:47:31 [INFO]: Epoch 044 - training loss (MAE): 5.4570, validation MSE: 12.5482
2026-06-04 04:47:31 [INFO]: Epoch 045 - training loss (MAE): 5.3912, validation MSE: 12.2910
2026-06-04 04:47:31 [INFO]: Epoch 046 - training loss (MAE): 5.2997, validation MSE: 12.0410
2026-06-04 04:47:31 [INFO]: Epoch 047 - training loss (MAE): 5.2213, validation MSE: 11.7981
2026-06-04 04:47:31 [INFO]: Epoch 048 - training loss (MAE): 5.1547, validation MSE: 11.5617
2026-06-04 04:47:31 [INFO]: Epoch 049 - training loss (MAE): 5.0815, validation MSE: 11.3315
2026-06-04 04:47:31 [INFO]: Epoch 050 - training loss (MAE): 5.0224, validation MSE: 11.1079
2026-06-04 04:47:31 [INFO]: Epoch 051 - training loss (MAE): 4.9583, validation MSE: 10.8903
2026-06-04 04:47:31 [INFO]: Epoch 052 - training loss (MAE): 4.8791, validation MSE: 10.6791
2026-06-04 04:47:31 [INFO]: Epoch 053 - training loss (MAE): 4.7936, validation MSE: 10.4734
2026-06-04 04:47:31 [INFO]: Epoch 054 - training loss (MAE): 4.7489, validation MSE: 10.2739
2026-06-04 04:47:31 [INFO]: Epoch 055 - training loss (MAE): 4.6892, validation MSE: 10.0788
2026-06-04 04:47:31 [INFO]: Epoch 056 - training loss (MAE): 4.6221, validation MSE: 9.8890
2026-06-04 04:47:32 [INFO]: Epoch 057 - training loss (MAE): 4.5826, validation MSE: 9.7040
2026-06-04 04:47:32 [INFO]: Epoch 058 - training loss (MAE): 4.5076, validation MSE: 9.5240
2026-06-04 04:47:32 [INFO]: Epoch 059 - training loss (MAE): 4.4389, validation MSE: 9.3480
2026-06-04 04:47:32 [INFO]: Epoch 060 - training loss (MAE): 4.3697, validation MSE: 9.1762
2026-06-04 04:47:32 [INFO]: Finished training. The best model is from epoch#60.
2026-06-04 04:47:32 [INFO]: Saved the model to output/imputation/cuda/paper_campaign/tefn/ettm1/mr0.3/seed42/TEFN.pypots
[34m
████████╗██╗███╗   ███╗███████╗    ███████╗███████╗██████╗ ██╗███████╗███████╗    █████╗ ██╗
╚══██╔══╝██║████╗ ████║██╔════╝    ██╔════╝██╔════╝██╔══██╗██║██╔════╝██╔════╝   ██╔══██╗██║
   ██║   ██║██╔████╔██║█████╗█████╗███████╗█████╗  ██████╔╝██║█████╗  ███████╗   ███████║██║
   ██║   ██║██║╚██╔╝██║██╔══╝╚════╝╚════██║██╔══╝  ██╔══██╗██║██╔══╝  ╚════██║   ██╔══██║██║
   ██║   ██║██║ ╚═╝ ██║███████╗    ███████║███████╗██║  ██║██║███████╗███████║██╗██║  ██║██║
   ╚═╝   ╚═╝╚═╝     ╚═╝╚══════╝    ╚══════╝╚══════╝╚═╝  ╚═╝╚═╝╚══════╝╚══════╝╚═╝╚═╝  ╚═╝╚═╝
ai4ts v0.0.3 - building AI for unified time-series analysis, https://time-series.ai [0m

Use Train GPT: False
Use Lora: False
Use Profiling: False
🚀 Running imputation pipeline for model: tefn
✅ Dataset 'ettm1' with missing rate 0.3 loaded at: /home/Aboya_25R9803/projects/lab/SUN/iPyPOTS/datasets/rate_0.3
🚀 Starting TEFN training pipeline...
[TEFN] Testing —— MAE: 2.2458| MSE: 9.9687| RMSE: 3.1573| MRE: 2.6525| 
📊 Metrics saved to: output/imputation/cuda/paper_campaign/tefn/ettm1/mr0.3/seed42/metrics/tefn_metrics.json
