2026-06-04 04:46:17 [INFO]: Have set the random seed as 123 for numpy and pytorch.
2026-06-04 04:46:17 [INFO]: You're using dataset electricity_transformer_temperature, please cite it properly in your work. You can find its reference information at the below link: 
https://github.com/WenjieDu/TSDB/tree/main/dataset_profiles/electricity_transformer_temperature
2026-06-04 04:46:17 [INFO]: Dataset electricity_transformer_temperature has already been downloaded. Processing directly...
2026-06-04 04:46:17 [INFO]: Dataset electricity_transformer_temperature has already been cached. Loading from cache directly...
2026-06-04 04:46:17 [INFO]: Loaded successfully!
2026-06-04 04:46:17 [INFO]: months selected as train set are <PeriodArray>
['2016-07', '2016-08', '2016-09', '2016-10', '2016-11', '2016-12', '2017-01',
 '2017-02', '2017-03', '2017-04', '2017-05', '2017-06', '2017-07', '2017-08']
Length: 14, dtype: period[M]
2026-06-04 04:46:17 [INFO]: months selected as val set are <PeriodArray>
['2017-09', '2017-10', '2017-11', '2017-12', '2018-01']
Length: 5, dtype: period[M]
2026-06-04 04:46:17 [INFO]: months selected as test set are <PeriodArray>
['2018-02', '2018-03', '2018-04', '2018-05', '2018-06']
Length: 5, dtype: period[M]
2026-06-04 04:46:17 [INFO]: Total sample number: 725
2026-06-04 04:46:17 [INFO]: Training set size: 427 (58.90%)
2026-06-04 04:46:17 [INFO]: Validation set size: 153 (21.10%)
2026-06-04 04:46:17 [INFO]: Test set size: 145 (20.00%)
2026-06-04 04:46:17 [INFO]: Number of steps: 96
2026-06-04 04:46:17 [INFO]: Number of features: 7
2026-06-04 04:46:17 [INFO]: Train set missing rate: 49.90%
2026-06-04 04:46:17 [INFO]: Validating set missing rate: 50.10%
2026-06-04 04:46:17 [INFO]: Test set missing rate: 49.98%
2026-06-04 04:46:17 [INFO]: 🔥🔥🔥🔥🔥🔥🔥🔥🔥🔥Using device list: ['cuda:0']
2026-06-04 04:46:17 [INFO]: 🔥🔥🔥🔥🔥🔥🔥🔥🔥🔥Using the given device: cuda:0
2026-06-04 04:46:17 [INFO]: Model files will be saved to output/imputation/cuda/paper_campaign/saits/ettm1/mr0.5/seed123
2026-06-04 04:46:17 [INFO]: Tensorboard file will be saved to output/imputation/cuda/paper_campaign/saits/ettm1/mr0.5/seed123/tensorboard
2026-06-04 04:46:17 [INFO]: Using customized MAE as the training loss function.
2026-06-04 04:46:17 [INFO]: Using customized MSE as the validation metric function.
2026-06-04 04:46:18 [INFO]: SAITS initialized with the given hyperparameters.
 ├─ Total parameters: 136,478
 ├─ Trainable parameters: 136,478
 └─ Trainable ratio: 100.00%
2026-06-04 04:46:18 [INFO]: Model placed on cuda:0
2026-06-04 04:46:18 [INFO]: Epoch 001 - training loss (MAE): 1.6150, validation MSE: 1.0470
2026-06-04 04:46:19 [INFO]: Epoch 002 - training loss (MAE): 1.5235, validation MSE: 0.9926
2026-06-04 04:46:19 [INFO]: Epoch 003 - training loss (MAE): 1.4643, validation MSE: 0.9328
2026-06-04 04:46:19 [INFO]: Epoch 004 - training loss (MAE): 1.3971, validation MSE: 0.8811
2026-06-04 04:46:19 [INFO]: Epoch 005 - training loss (MAE): 1.3303, validation MSE: 0.8286
2026-06-04 04:46:19 [INFO]: Epoch 006 - training loss (MAE): 1.2664, validation MSE: 0.7863
2026-06-04 04:46:19 [INFO]: Epoch 007 - training loss (MAE): 1.1983, validation MSE: 0.7471
2026-06-04 04:46:19 [INFO]: Epoch 008 - training loss (MAE): 1.1447, validation MSE: 0.7120
2026-06-04 04:46:19 [INFO]: Epoch 009 - training loss (MAE): 1.1120, validation MSE: 0.6702
2026-06-04 04:46:19 [INFO]: Epoch 010 - training loss (MAE): 1.0789, validation MSE: 0.6357
2026-06-04 04:46:19 [INFO]: Epoch 011 - training loss (MAE): 1.0394, validation MSE: 0.6129
2026-06-04 04:46:20 [INFO]: Epoch 012 - training loss (MAE): 1.0149, validation MSE: 0.5878
2026-06-04 04:46:20 [INFO]: Epoch 013 - training loss (MAE): 0.9906, validation MSE: 0.5586
2026-06-04 04:46:20 [INFO]: Epoch 014 - training loss (MAE): 0.9643, validation MSE: 0.5207
2026-06-04 04:46:20 [INFO]: Epoch 015 - training loss (MAE): 0.9458, validation MSE: 0.4909
2026-06-04 04:46:20 [INFO]: Epoch 016 - training loss (MAE): 0.9327, validation MSE: 0.4674
2026-06-04 04:46:20 [INFO]: Epoch 017 - training loss (MAE): 0.9145, validation MSE: 0.4487
2026-06-04 04:46:20 [INFO]: Epoch 018 - training loss (MAE): 0.8887, validation MSE: 0.4206
2026-06-04 04:46:20 [INFO]: Epoch 019 - training loss (MAE): 0.8709, validation MSE: 0.3993
2026-06-04 04:46:21 [INFO]: Epoch 020 - training loss (MAE): 0.8588, validation MSE: 0.3797
2026-06-04 04:46:21 [INFO]: Epoch 021 - training loss (MAE): 0.8364, validation MSE: 0.3537
2026-06-04 04:46:21 [INFO]: Epoch 022 - training loss (MAE): 0.8194, validation MSE: 0.3546
2026-06-04 04:46:21 [INFO]: Epoch 023 - training loss (MAE): 0.8022, validation MSE: 0.3369
2026-06-04 04:46:21 [INFO]: Epoch 024 - training loss (MAE): 0.7889, validation MSE: 0.3289
2026-06-04 04:46:21 [INFO]: Epoch 025 - training loss (MAE): 0.7778, validation MSE: 0.3030
2026-06-04 04:46:21 [INFO]: Epoch 026 - training loss (MAE): 0.7665, validation MSE: 0.2854
2026-06-04 04:46:21 [INFO]: Epoch 027 - training loss (MAE): 0.7562, validation MSE: 0.2733
2026-06-04 04:46:21 [INFO]: Epoch 028 - training loss (MAE): 0.7423, validation MSE: 0.2594
2026-06-04 04:46:21 [INFO]: Epoch 029 - training loss (MAE): 0.7357, validation MSE: 0.2451
2026-06-04 04:46:21 [INFO]: Epoch 030 - training loss (MAE): 0.7235, validation MSE: 0.2395
2026-06-04 04:46:21 [INFO]: Epoch 031 - training loss (MAE): 0.7174, validation MSE: 0.2271
2026-06-04 04:46:22 [INFO]: Epoch 032 - training loss (MAE): 0.7026, validation MSE: 0.2230
2026-06-04 04:46:22 [INFO]: Epoch 033 - training loss (MAE): 0.6950, validation MSE: 0.2118
2026-06-04 04:46:22 [INFO]: Epoch 034 - training loss (MAE): 0.6867, validation MSE: 0.2026
2026-06-04 04:46:22 [INFO]: Epoch 035 - training loss (MAE): 0.6739, validation MSE: 0.1933
2026-06-04 04:46:22 [INFO]: Epoch 036 - training loss (MAE): 0.6626, validation MSE: 0.1838
2026-06-04 04:46:22 [INFO]: Epoch 037 - training loss (MAE): 0.6620, validation MSE: 0.1807
2026-06-04 04:46:22 [INFO]: Epoch 038 - training loss (MAE): 0.6516, validation MSE: 0.1697
2026-06-04 04:46:22 [INFO]: Epoch 039 - training loss (MAE): 0.6455, validation MSE: 0.1732
2026-06-04 04:46:23 [INFO]: Epoch 040 - training loss (MAE): 0.6329, validation MSE: 0.1617
2026-06-04 04:46:23 [INFO]: Epoch 041 - training loss (MAE): 0.6267, validation MSE: 0.1563
2026-06-04 04:46:23 [INFO]: Epoch 042 - training loss (MAE): 0.6172, validation MSE: 0.1511
2026-06-04 04:46:23 [INFO]: Epoch 043 - training loss (MAE): 0.6125, validation MSE: 0.1476
2026-06-04 04:46:23 [INFO]: Epoch 044 - training loss (MAE): 0.6076, validation MSE: 0.1400
2026-06-04 04:46:23 [INFO]: Epoch 045 - training loss (MAE): 0.6005, validation MSE: 0.1381
2026-06-04 04:46:23 [INFO]: Epoch 046 - training loss (MAE): 0.5919, validation MSE: 0.1340
2026-06-04 04:46:23 [INFO]: Epoch 047 - training loss (MAE): 0.5820, validation MSE: 0.1301
2026-06-04 04:46:23 [INFO]: Epoch 048 - training loss (MAE): 0.5723, validation MSE: 0.1285
2026-06-04 04:46:23 [INFO]: Epoch 049 - training loss (MAE): 0.5704, validation MSE: 0.1258
2026-06-04 04:46:24 [INFO]: Epoch 050 - training loss (MAE): 0.5631, validation MSE: 0.1218
2026-06-04 04:46:24 [INFO]: Epoch 051 - training loss (MAE): 0.5579, validation MSE: 0.1200
2026-06-04 04:46:24 [INFO]: Epoch 052 - training loss (MAE): 0.5501, validation MSE: 0.1184
2026-06-04 04:46:24 [INFO]: Epoch 053 - training loss (MAE): 0.5441, validation MSE: 0.1151
2026-06-04 04:46:24 [INFO]: Epoch 054 - training loss (MAE): 0.5433, validation MSE: 0.1170
2026-06-04 04:46:24 [INFO]: Epoch 055 - training loss (MAE): 0.5366, validation MSE: 0.1106
2026-06-04 04:46:24 [INFO]: Epoch 056 - training loss (MAE): 0.5342, validation MSE: 0.1104
2026-06-04 04:46:24 [INFO]: Epoch 057 - training loss (MAE): 0.5264, validation MSE: 0.1072
2026-06-04 04:46:24 [INFO]: Epoch 058 - training loss (MAE): 0.5155, validation MSE: 0.1108
2026-06-04 04:46:24 [INFO]: Epoch 059 - training loss (MAE): 0.5204, validation MSE: 0.1050
2026-06-04 04:46:25 [INFO]: Epoch 060 - training loss (MAE): 0.5124, validation MSE: 0.1021
2026-06-04 04:46:25 [INFO]: Finished training. The best model is from epoch#60.
2026-06-04 04:46:25 [INFO]: Saved the model to output/imputation/cuda/paper_campaign/saits/ettm1/mr0.5/seed123/SAITS.pypots
[34m
████████╗██╗███╗   ███╗███████╗    ███████╗███████╗██████╗ ██╗███████╗███████╗    █████╗ ██╗
╚══██╔══╝██║████╗ ████║██╔════╝    ██╔════╝██╔════╝██╔══██╗██║██╔════╝██╔════╝   ██╔══██╗██║
   ██║   ██║██╔████╔██║█████╗█████╗███████╗█████╗  ██████╔╝██║█████╗  ███████╗   ███████║██║
   ██║   ██║██║╚██╔╝██║██╔══╝╚════╝╚════██║██╔══╝  ██╔══██╗██║██╔══╝  ╚════██║   ██╔══██║██║
   ██║   ██║██║ ╚═╝ ██║███████╗    ███████║███████╗██║  ██║██║███████╗███████║██╗██║  ██║██║
   ╚═╝   ╚═╝╚═╝     ╚═╝╚══════╝    ╚══════╝╚══════╝╚═╝  ╚═╝╚═╝╚══════╝╚══════╝╚═╝╚═╝  ╚═╝╚═╝
ai4ts v0.0.3 - building AI for unified time-series analysis, https://time-series.ai [0m

Use Train GPT: False
Use Lora: False
Use Profiling: False
🚀 Running imputation pipeline for model: saits
✅ Dataset 'ettm1' with missing rate 0.5 loaded at: /home/Aboya_25R9803/projects/lab/SUN/iPyPOTS/datasets/rate_0.5
🚀 Starting SAITS training pipeline...
[SAITS] Testing —— MAE: 0.2711| MSE: 0.1556| RMSE: 0.3945| MRE: 0.3180| 
📊 Metrics saved to: output/imputation/cuda/paper_campaign/saits/ettm1/mr0.5/seed123/metrics/saits_metrics.json
