2026-06-04 06:11:57 [INFO]: Have set the random seed as 456 for numpy and pytorch.
2026-06-04 06:11:57 [INFO]: You're using dataset solar_alabama, please cite it properly in your work. You can find its reference information at the below link: 
https://github.com/WenjieDu/TSDB/tree/main/dataset_profiles/solar_alabama
2026-06-04 06:11:57 [INFO]: Dataset solar_alabama has already been downloaded. Processing directly...
2026-06-04 06:11:57 [INFO]: Dataset solar_alabama has already been cached. Loading from cache directly...
2026-06-04 06:11:57 [INFO]: Loaded successfully!
2026-06-04 06:11:57 [INFO]: months selected as train set are <PeriodArray>
['2006-01', '2006-02', '2006-03', '2006-04', '2006-05', '2006-06']
Length: 6, dtype: period[M]
2026-06-04 06:11:57 [INFO]: months selected as val set are <PeriodArray>
['2006-07', '2006-08', '2006-09']
Length: 3, dtype: period[M]
2026-06-04 06:11:57 [INFO]: months selected as test set are <PeriodArray>
['2006-10', '2006-11', '2006-12']
Length: 3, dtype: period[M]
2026-06-04 06:11:57 [INFO]: Total sample number: 2190
2026-06-04 06:11:57 [INFO]: Training set size: 1086 (49.59%)
2026-06-04 06:11:57 [INFO]: Validation set size: 552 (25.21%)
2026-06-04 06:11:57 [INFO]: Test set size: 552 (25.21%)
2026-06-04 06:11:57 [INFO]: Number of steps: 24
2026-06-04 06:11:57 [INFO]: Number of features: 137
2026-06-04 06:11:57 [INFO]: Train set missing rate: 49.97%
2026-06-04 06:11:57 [INFO]: Validating set missing rate: 50.03%
2026-06-04 06:11:57 [INFO]: Test set missing rate: 49.99%
2026-06-04 06:11:57 [INFO]: 🔥🔥🔥🔥🔥🔥🔥🔥🔥🔥Using device list: ['cuda:0']
2026-06-04 06:11:57 [INFO]: 🔥🔥🔥🔥🔥🔥🔥🔥🔥🔥Using the given device: cuda:0
2026-06-04 06:11:57 [INFO]: Model files will be saved to output/imputation/cuda/paper_campaign/timemixerpp/solar/mr0.5/seed456
2026-06-04 06:11:57 [INFO]: Tensorboard file will be saved to output/imputation/cuda/paper_campaign/timemixerpp/solar/mr0.5/seed456/tensorboard
2026-06-04 06:11:57 [INFO]: Using customized MAE as the training loss function.
2026-06-04 06:11:57 [INFO]: Using customized MSE as the validation metric function.
[34m
████████╗██╗███╗   ███╗███████╗    ███████╗███████╗██████╗ ██╗███████╗███████╗    █████╗ ██╗
╚══██╔══╝██║████╗ ████║██╔════╝    ██╔════╝██╔════╝██╔══██╗██║██╔════╝██╔════╝   ██╔══██╗██║
   ██║   ██║██╔████╔██║█████╗█████╗███████╗█████╗  ██████╔╝██║█████╗  ███████╗   ███████║██║
   ██║   ██║██║╚██╔╝██║██╔══╝╚════╝╚════██║██╔══╝  ██╔══██╗██║██╔══╝  ╚════██║   ██╔══██║██║
   ██║   ██║██║ ╚═╝ ██║███████╗    ███████║███████╗██║  ██║██║███████╗███████║██╗██║  ██║██║
   ╚═╝   ╚═╝╚═╝     ╚═╝╚══════╝    ╚══════╝╚══════╝╚═╝  ╚═╝╚═╝╚══════╝╚══════╝╚═╝╚═╝  ╚═╝╚═╝
ai4ts v0.0.3 - building AI for unified time-series analysis, https://time-series.ai [0m

Use Train GPT: False
Use Lora: False
Use Profiling: False
🚀 Running imputation pipeline for model: timemixerpp
✅ Dataset 'solar' with missing rate 0.5 loaded at: /home/Aboya_25R9803/projects/lab/SUN/iPyPOTS/datasets/rate_0.5
🚀 Starting TimeMixer++ training pipeline...
Traceback (most recent call last):
  File "/home/Aboya_25R9803/projects/lab/SUN/iPyPOTS/main.py", line 98, in <module>
    main(args)
    ~~~~^^^^^^
  File "/home/Aboya_25R9803/projects/lab/SUN/iPyPOTS/main.py", line 72, in main
    mae, mse, rmse, mre = MODEL_PIPELINES[model_name](dataset, args)
                          ~~~~~~~~~~~~~~~~~~~~~~~~~~~^^^^^^^^^^^^^^^
  File "/home/Aboya_25R9803/projects/lab/SUN/iPyPOTS/pipeline/imputations/timemixerpp.py", line 38, in train_and_evaluate_timemixerpp
    model = TimeMixerPP(
        n_steps=dataset["n_steps"],
    ...<20 lines>...
        verbose=True,
    )
  File "/home/Aboya_25R9803/projects/lab/SUN/iPyPOTS/pypots/imputation/timemixerpp/model.py", line 182, in __init__
    self.model = _TimeMixerPP(
                 ~~~~~~~~~~~~^
        n_steps=self.n_steps,
        ^^^^^^^^^^^^^^^^^^^^^
    ...<15 lines>...
        task_name="imputation",
        ^^^^^^^^^^^^^^^^^^^^^^^
    )
    ^
  File "/home/Aboya_25R9803/projects/lab/SUN/iPyPOTS/pypots/imputation/timemixerpp/core.py", line 49, in __init__
    self.model = BackboneTimeMixerPP(
                 ~~~~~~~~~~~~~~~~~~~^
        task_name=task_name,
        ^^^^^^^^^^^^^^^^^^^^
    ...<16 lines>...
        use_future_temporal_feature=False,
        ^^^^^^^^^^^^^^^^^^^^^^^^^^^^^^^^^^
    )
    ^
  File "/home/Aboya_25R9803/projects/lab/SUN/iPyPOTS/pypots/nn/modules/timemixerpp/backbone.py", line 88, in __init__
    full_attn_operator = ScaledDotProductAttention(d_kv**0.5, dropout)
  File "/home/Aboya_25R9803/projects/lab/SUN/iPyPOTS/pypots/nn/modules/transformer/attention.py", line 57, in __init__
    assert temperature > 0, f"temperature should be positive but got {temperature}"
           ^^^^^^^^^^^^^^^
AssertionError: temperature should be positive but got 0.0
