2026-06-04 05:35:40 [INFO]: Have set the random seed as 456 for numpy and pytorch.
2026-06-04 05:35:43 [INFO]: 🔥🔥🔥🔥🔥🔥🔥🔥🔥🔥Using device list: ['cuda:0']
2026-06-04 05:35:43 [INFO]: 🔥🔥🔥🔥🔥🔥🔥🔥🔥🔥Using the given device: cuda:0
2026-06-04 05:35:44 [INFO]: Model files will be saved to output/imputation/cuda/paper_campaign/tefn/opsd_germany/mr0.5/seed456
2026-06-04 05:35:44 [INFO]: Tensorboard file will be saved to output/imputation/cuda/paper_campaign/tefn/opsd_germany/mr0.5/seed456/tensorboard
2026-06-04 05:35:44 [INFO]: Using customized MAE as the training loss function.
2026-06-04 05:35:44 [INFO]: Using customized MSE as the validation metric function.
2026-06-04 05:35:44 [INFO]: Model placed on cuda:0
2026-06-04 05:35:44 [INFO]: TEFN initialized with the given hyperparameters.
 ├─ Total parameters: 5,906
 ├─ Trainable parameters: 5,906
 └─ Trainable ratio: 100.00%
2026-06-04 05:35:46 [INFO]: Epoch 001 - training loss (MAE): 8.5707, validation MSE: 24.7217
2026-06-04 05:35:48 [INFO]: Epoch 002 - training loss (MAE): 6.7997, validation MSE: 17.6821
2026-06-04 05:35:50 [INFO]: Epoch 003 - training loss (MAE): 5.5512, validation MSE: 13.1735
2026-06-04 05:35:52 [INFO]: Epoch 004 - training loss (MAE): 4.5543, validation MSE: 9.9203
2026-06-04 05:35:54 [INFO]: Epoch 005 - training loss (MAE): 3.7102, validation MSE: 7.4405
2026-06-04 05:35:56 [INFO]: Epoch 006 - training loss (MAE): 2.9974, validation MSE: 5.5691
2026-06-04 05:35:57 [INFO]: Epoch 007 - training loss (MAE): 2.4212, validation MSE: 4.2051
2026-06-04 05:35:59 [INFO]: Epoch 008 - training loss (MAE): 1.9837, validation MSE: 3.2292
2026-06-04 05:36:02 [INFO]: Epoch 009 - training loss (MAE): 1.6525, validation MSE: 2.5268
2026-06-04 05:36:03 [INFO]: Epoch 010 - training loss (MAE): 1.4024, validation MSE: 2.0525
2026-06-04 05:36:05 [INFO]: Epoch 011 - training loss (MAE): 1.2265, validation MSE: 1.7299
2026-06-04 05:36:08 [INFO]: Epoch 012 - training loss (MAE): 1.0995, validation MSE: 1.5084
2026-06-04 05:36:10 [INFO]: Epoch 013 - training loss (MAE): 1.0041, validation MSE: 1.3463
2026-06-04 05:36:13 [INFO]: Epoch 014 - training loss (MAE): 0.9353, validation MSE: 1.2328
2026-06-04 05:36:15 [INFO]: Epoch 015 - training loss (MAE): 0.8844, validation MSE: 1.1523
2026-06-04 05:36:17 [INFO]: Epoch 016 - training loss (MAE): 0.8455, validation MSE: 1.0974
2026-06-04 05:36:19 [INFO]: Epoch 017 - training loss (MAE): 0.8146, validation MSE: 1.0570
2026-06-04 05:36:21 [INFO]: Epoch 018 - training loss (MAE): 0.7898, validation MSE: 1.0329
2026-06-04 05:36:24 [INFO]: Epoch 019 - training loss (MAE): 0.7698, validation MSE: 1.0142
2026-06-04 05:36:26 [INFO]: Epoch 020 - training loss (MAE): 0.7547, validation MSE: 0.9998
2026-06-04 05:36:29 [INFO]: Epoch 021 - training loss (MAE): 0.7414, validation MSE: 0.9916
2026-06-04 05:36:31 [INFO]: Epoch 022 - training loss (MAE): 0.7302, validation MSE: 0.9908
2026-06-04 05:36:34 [INFO]: Epoch 023 - training loss (MAE): 0.7202, validation MSE: 0.9868
2026-06-04 05:36:37 [INFO]: Epoch 024 - training loss (MAE): 0.7113, validation MSE: 0.9952
2026-06-04 05:36:40 [INFO]: Epoch 025 - training loss (MAE): 0.7041, validation MSE: 0.9858
2026-06-04 05:36:42 [INFO]: Epoch 026 - training loss (MAE): 0.6980, validation MSE: 0.9867
2026-06-04 05:36:45 [INFO]: Epoch 027 - training loss (MAE): 0.6911, validation MSE: 0.9843
2026-06-04 05:36:47 [INFO]: Epoch 028 - training loss (MAE): 0.6872, validation MSE: 0.9779
2026-06-04 05:36:50 [INFO]: Epoch 029 - training loss (MAE): 0.6828, validation MSE: 0.9784
2026-06-04 05:36:52 [INFO]: Epoch 030 - training loss (MAE): 0.6796, validation MSE: 0.9753
2026-06-04 05:36:55 [INFO]: Epoch 031 - training loss (MAE): 0.6758, validation MSE: 0.9734
2026-06-04 05:36:57 [INFO]: Epoch 032 - training loss (MAE): 0.6727, validation MSE: 0.9683
2026-06-04 05:36:58 [INFO]: Epoch 033 - training loss (MAE): 0.6706, validation MSE: 0.9724
2026-06-04 05:37:00 [INFO]: Epoch 034 - training loss (MAE): 0.6675, validation MSE: 0.9679
2026-06-04 05:37:02 [INFO]: Epoch 035 - training loss (MAE): 0.6659, validation MSE: 0.9674
2026-06-04 05:37:03 [INFO]: Epoch 036 - training loss (MAE): 0.6641, validation MSE: 0.9672
2026-06-04 05:37:05 [INFO]: Epoch 037 - training loss (MAE): 0.6630, validation MSE: 0.9698
2026-06-04 05:37:07 [INFO]: Epoch 038 - training loss (MAE): 0.6616, validation MSE: 0.9671
2026-06-04 05:37:09 [INFO]: Epoch 039 - training loss (MAE): 0.6608, validation MSE: 0.9645
2026-06-04 05:37:11 [INFO]: Epoch 040 - training loss (MAE): 0.6595, validation MSE: 0.9647
2026-06-04 05:37:13 [INFO]: Epoch 041 - training loss (MAE): 0.6589, validation MSE: 0.9647
2026-06-04 05:37:15 [INFO]: Epoch 042 - training loss (MAE): 0.6586, validation MSE: 0.9636
2026-06-04 05:37:16 [INFO]: Epoch 043 - training loss (MAE): 0.6583, validation MSE: 0.9633
2026-06-04 05:37:19 [INFO]: Epoch 044 - training loss (MAE): 0.6584, validation MSE: 0.9635
2026-06-04 05:37:21 [INFO]: Epoch 045 - training loss (MAE): 0.6570, validation MSE: 0.9658
2026-06-04 05:37:22 [INFO]: Epoch 046 - training loss (MAE): 0.6565, validation MSE: 0.9673
2026-06-04 05:37:24 [INFO]: Epoch 047 - training loss (MAE): 0.6566, validation MSE: 0.9662
2026-06-04 05:37:27 [INFO]: Epoch 048 - training loss (MAE): 0.6569, validation MSE: 0.9664
2026-06-04 05:37:30 [INFO]: Epoch 049 - training loss (MAE): 0.6564, validation MSE: 0.9660
2026-06-04 05:37:32 [INFO]: Epoch 050 - training loss (MAE): 0.6569, validation MSE: 0.9653
2026-06-04 05:37:34 [INFO]: Epoch 051 - training loss (MAE): 0.6574, validation MSE: 0.9644
2026-06-04 05:37:37 [INFO]: Epoch 052 - training loss (MAE): 0.6564, validation MSE: 0.9653
2026-06-04 05:37:40 [INFO]: Epoch 053 - training loss (MAE): 0.6562, validation MSE: 0.9659
2026-06-04 05:37:42 [INFO]: Epoch 054 - training loss (MAE): 0.6564, validation MSE: 0.9635
2026-06-04 05:37:43 [INFO]: Epoch 055 - training loss (MAE): 0.6565, validation MSE: 0.9640
2026-06-04 05:37:43 [INFO]: Exceeded the training patience. Terminating the training procedure...
2026-06-04 05:37:43 [INFO]: Finished training. The best model is from epoch#43.
2026-06-04 05:37:43 [INFO]: Saved the model to output/imputation/cuda/paper_campaign/tefn/opsd_germany/mr0.5/seed456/TEFN.pypots
[34m
████████╗██╗███╗   ███╗███████╗    ███████╗███████╗██████╗ ██╗███████╗███████╗    █████╗ ██╗
╚══██╔══╝██║████╗ ████║██╔════╝    ██╔════╝██╔════╝██╔══██╗██║██╔════╝██╔════╝   ██╔══██╗██║
   ██║   ██║██╔████╔██║█████╗█████╗███████╗█████╗  ██████╔╝██║█████╗  ███████╗   ███████║██║
   ██║   ██║██║╚██╔╝██║██╔══╝╚════╝╚════██║██╔══╝  ██╔══██╗██║██╔══╝  ╚════██║   ██╔══██║██║
   ██║   ██║██║ ╚═╝ ██║███████╗    ███████║███████╗██║  ██║██║███████╗███████║██╗██║  ██║██║
   ╚═╝   ╚═╝╚═╝     ╚═╝╚══════╝    ╚══════╝╚══════╝╚═╝  ╚═╝╚═╝╚══════╝╚══════╝╚═╝╚═╝  ╚═╝╚═╝
ai4ts v0.0.3 - building AI for unified time-series analysis, https://time-series.ai [0m

Use Train GPT: False
Use Lora: False
Use Profiling: False
🚀 Running imputation pipeline for model: tefn
✅ Dataset 'opsd_germany' with missing rate 0.5 loaded at: /home/Aboya_25R9803/projects/lab/SUN/iPyPOTS/datasets/rate_0.5
🚀 Starting TEFN training pipeline...
[TEFN] Testing —— MAE: 0.7398| MSE: 1.0577| RMSE: 1.0284| MRE: 0.8145| 
📊 Metrics saved to: output/imputation/cuda/paper_campaign/tefn/opsd_germany/mr0.5/seed456/metrics/tefn_metrics.json
