2026-06-04 04:47:01 [INFO]: Have set the random seed as 123 for numpy and pytorch.
2026-06-04 04:47:01 [INFO]: You're using dataset electricity_transformer_temperature, please cite it properly in your work. You can find its reference information at the below link: 
https://github.com/WenjieDu/TSDB/tree/main/dataset_profiles/electricity_transformer_temperature
2026-06-04 04:47:01 [INFO]: Dataset electricity_transformer_temperature has already been downloaded. Processing directly...
2026-06-04 04:47:01 [INFO]: Dataset electricity_transformer_temperature has already been cached. Loading from cache directly...
2026-06-04 04:47:01 [INFO]: Loaded successfully!
2026-06-04 04:47:01 [INFO]: months selected as train set are <PeriodArray>
['2016-07', '2016-08', '2016-09', '2016-10', '2016-11', '2016-12', '2017-01',
 '2017-02', '2017-03', '2017-04', '2017-05', '2017-06', '2017-07', '2017-08']
Length: 14, dtype: period[M]
2026-06-04 04:47:01 [INFO]: months selected as val set are <PeriodArray>
['2017-09', '2017-10', '2017-11', '2017-12', '2018-01']
Length: 5, dtype: period[M]
2026-06-04 04:47:01 [INFO]: months selected as test set are <PeriodArray>
['2018-02', '2018-03', '2018-04', '2018-05', '2018-06']
Length: 5, dtype: period[M]
2026-06-04 04:47:01 [INFO]: Total sample number: 725
2026-06-04 04:47:01 [INFO]: Training set size: 427 (58.90%)
2026-06-04 04:47:01 [INFO]: Validation set size: 153 (21.10%)
2026-06-04 04:47:01 [INFO]: Test set size: 145 (20.00%)
2026-06-04 04:47:01 [INFO]: Number of steps: 96
2026-06-04 04:47:01 [INFO]: Number of features: 7
2026-06-04 04:47:01 [INFO]: Train set missing rate: 9.95%
2026-06-04 04:47:01 [INFO]: Validating set missing rate: 9.96%
2026-06-04 04:47:01 [INFO]: Test set missing rate: 9.91%
2026-06-04 04:47:01 [INFO]: 🔥🔥🔥🔥🔥🔥🔥🔥🔥🔥Using device list: ['cuda:0']
2026-06-04 04:47:01 [INFO]: 🔥🔥🔥🔥🔥🔥🔥🔥🔥🔥Using the given device: cuda:0
2026-06-04 04:47:02 [INFO]: Model files will be saved to output/imputation/cuda/paper_campaign/tefn/ettm1/mr0.1/seed123
2026-06-04 04:47:02 [INFO]: Tensorboard file will be saved to output/imputation/cuda/paper_campaign/tefn/ettm1/mr0.1/seed123/tensorboard
2026-06-04 04:47:02 [INFO]: Using customized MAE as the training loss function.
2026-06-04 04:47:02 [INFO]: Using customized MSE as the validation metric function.
2026-06-04 04:47:02 [INFO]: Model placed on cuda:0
2026-06-04 04:47:02 [INFO]: TEFN initialized with the given hyperparameters.
 ├─ Total parameters: 3,401
 ├─ Trainable parameters: 3,401
 └─ Trainable ratio: 100.00%
2026-06-04 04:47:02 [INFO]: Epoch 001 - training loss (MAE): 8.4757, validation MSE: 32.2210
2026-06-04 04:47:02 [INFO]: Epoch 002 - training loss (MAE): 8.3696, validation MSE: 31.2940
2026-06-04 04:47:02 [INFO]: Epoch 003 - training loss (MAE): 8.2873, validation MSE: 30.4040
2026-06-04 04:47:03 [INFO]: Epoch 004 - training loss (MAE): 8.1533, validation MSE: 29.5464
2026-06-04 04:47:03 [INFO]: Epoch 005 - training loss (MAE): 8.0411, validation MSE: 28.7252
2026-06-04 04:47:03 [INFO]: Epoch 006 - training loss (MAE): 7.9509, validation MSE: 27.9390
2026-06-04 04:47:03 [INFO]: Epoch 007 - training loss (MAE): 7.8363, validation MSE: 27.1867
2026-06-04 04:47:03 [INFO]: Epoch 008 - training loss (MAE): 7.7830, validation MSE: 26.4642
2026-06-04 04:47:03 [INFO]: Epoch 009 - training loss (MAE): 7.6599, validation MSE: 25.7704
2026-06-04 04:47:03 [INFO]: Epoch 010 - training loss (MAE): 7.5891, validation MSE: 25.1041
2026-06-04 04:47:03 [INFO]: Epoch 011 - training loss (MAE): 7.4750, validation MSE: 24.4629
2026-06-04 04:47:03 [INFO]: Epoch 012 - training loss (MAE): 7.3921, validation MSE: 23.8459
2026-06-04 04:47:03 [INFO]: Epoch 013 - training loss (MAE): 7.3088, validation MSE: 23.2537
2026-06-04 04:47:03 [INFO]: Epoch 014 - training loss (MAE): 7.2306, validation MSE: 22.6820
2026-06-04 04:47:03 [INFO]: Epoch 015 - training loss (MAE): 7.1288, validation MSE: 22.1306
2026-06-04 04:47:03 [INFO]: Epoch 016 - training loss (MAE): 7.0630, validation MSE: 21.5986
2026-06-04 04:47:03 [INFO]: Epoch 017 - training loss (MAE): 6.9843, validation MSE: 21.0832
2026-06-04 04:47:03 [INFO]: Epoch 018 - training loss (MAE): 6.8948, validation MSE: 20.5842
2026-06-04 04:47:03 [INFO]: Epoch 019 - training loss (MAE): 6.7973, validation MSE: 20.1013
2026-06-04 04:47:03 [INFO]: Epoch 020 - training loss (MAE): 6.7251, validation MSE: 19.6327
2026-06-04 04:47:03 [INFO]: Epoch 021 - training loss (MAE): 6.6539, validation MSE: 19.1759
2026-06-04 04:47:03 [INFO]: Epoch 022 - training loss (MAE): 6.5724, validation MSE: 18.7310
2026-06-04 04:47:03 [INFO]: Epoch 023 - training loss (MAE): 6.4982, validation MSE: 18.2955
2026-06-04 04:47:04 [INFO]: Epoch 024 - training loss (MAE): 6.4187, validation MSE: 17.8705
2026-06-04 04:47:04 [INFO]: Epoch 025 - training loss (MAE): 6.3394, validation MSE: 17.4549
2026-06-04 04:47:04 [INFO]: Epoch 026 - training loss (MAE): 6.2492, validation MSE: 17.0482
2026-06-04 04:47:04 [INFO]: Epoch 027 - training loss (MAE): 6.1904, validation MSE: 16.6507
2026-06-04 04:47:04 [INFO]: Epoch 028 - training loss (MAE): 6.1019, validation MSE: 16.2611
2026-06-04 04:47:04 [INFO]: Epoch 029 - training loss (MAE): 6.0388, validation MSE: 15.8800
2026-06-04 04:47:04 [INFO]: Epoch 030 - training loss (MAE): 5.9466, validation MSE: 15.5062
2026-06-04 04:47:04 [INFO]: Epoch 031 - training loss (MAE): 5.8764, validation MSE: 15.1399
2026-06-04 04:47:04 [INFO]: Epoch 032 - training loss (MAE): 5.7889, validation MSE: 14.7805
2026-06-04 04:47:04 [INFO]: Epoch 033 - training loss (MAE): 5.7333, validation MSE: 14.4267
2026-06-04 04:47:04 [INFO]: Epoch 034 - training loss (MAE): 5.6605, validation MSE: 14.0798
2026-06-04 04:47:04 [INFO]: Epoch 035 - training loss (MAE): 5.5683, validation MSE: 13.7396
2026-06-04 04:47:04 [INFO]: Epoch 036 - training loss (MAE): 5.5034, validation MSE: 13.4064
2026-06-04 04:47:04 [INFO]: Epoch 037 - training loss (MAE): 5.4307, validation MSE: 13.0795
2026-06-04 04:47:04 [INFO]: Epoch 038 - training loss (MAE): 5.3649, validation MSE: 12.7580
2026-06-04 04:47:04 [INFO]: Epoch 039 - training loss (MAE): 5.2838, validation MSE: 12.4423
2026-06-04 04:47:04 [INFO]: Epoch 040 - training loss (MAE): 5.1986, validation MSE: 12.1323
2026-06-04 04:47:04 [INFO]: Epoch 041 - training loss (MAE): 5.1410, validation MSE: 11.8285
2026-06-04 04:47:05 [INFO]: Epoch 042 - training loss (MAE): 5.0545, validation MSE: 11.5307
2026-06-04 04:47:05 [INFO]: Epoch 043 - training loss (MAE): 4.9707, validation MSE: 11.2392
2026-06-04 04:47:05 [INFO]: Epoch 044 - training loss (MAE): 4.9212, validation MSE: 10.9545
2026-06-04 04:47:05 [INFO]: Epoch 045 - training loss (MAE): 4.8487, validation MSE: 10.6766
2026-06-04 04:47:05 [INFO]: Epoch 046 - training loss (MAE): 4.7720, validation MSE: 10.4054
2026-06-04 04:47:05 [INFO]: Epoch 047 - training loss (MAE): 4.6936, validation MSE: 10.1412
2026-06-04 04:47:05 [INFO]: Epoch 048 - training loss (MAE): 4.6314, validation MSE: 9.8840
2026-06-04 04:47:05 [INFO]: Epoch 049 - training loss (MAE): 4.5644, validation MSE: 9.6345
2026-06-04 04:47:05 [INFO]: Epoch 050 - training loss (MAE): 4.5044, validation MSE: 9.3927
2026-06-04 04:47:05 [INFO]: Epoch 051 - training loss (MAE): 4.4351, validation MSE: 9.1580
2026-06-04 04:47:05 [INFO]: Epoch 052 - training loss (MAE): 4.3646, validation MSE: 8.9308
2026-06-04 04:47:05 [INFO]: Epoch 053 - training loss (MAE): 4.3004, validation MSE: 8.7105
2026-06-04 04:47:05 [INFO]: Epoch 054 - training loss (MAE): 4.2369, validation MSE: 8.4970
2026-06-04 04:47:05 [INFO]: Epoch 055 - training loss (MAE): 4.1689, validation MSE: 8.2899
2026-06-04 04:47:06 [INFO]: Epoch 056 - training loss (MAE): 4.1259, validation MSE: 8.0887
2026-06-04 04:47:06 [INFO]: Epoch 057 - training loss (MAE): 4.0545, validation MSE: 7.8932
2026-06-04 04:47:06 [INFO]: Epoch 058 - training loss (MAE): 3.9831, validation MSE: 7.7043
2026-06-04 04:47:06 [INFO]: Epoch 059 - training loss (MAE): 3.9351, validation MSE: 7.5212
2026-06-04 04:47:06 [INFO]: Epoch 060 - training loss (MAE): 3.8692, validation MSE: 7.3440
2026-06-04 04:47:06 [INFO]: Finished training. The best model is from epoch#60.
2026-06-04 04:47:06 [INFO]: Saved the model to output/imputation/cuda/paper_campaign/tefn/ettm1/mr0.1/seed123/TEFN.pypots
[34m
████████╗██╗███╗   ███╗███████╗    ███████╗███████╗██████╗ ██╗███████╗███████╗    █████╗ ██╗
╚══██╔══╝██║████╗ ████║██╔════╝    ██╔════╝██╔════╝██╔══██╗██║██╔════╝██╔════╝   ██╔══██╗██║
   ██║   ██║██╔████╔██║█████╗█████╗███████╗█████╗  ██████╔╝██║█████╗  ███████╗   ███████║██║
   ██║   ██║██║╚██╔╝██║██╔══╝╚════╝╚════██║██╔══╝  ██╔══██╗██║██╔══╝  ╚════██║   ██╔══██║██║
   ██║   ██║██║ ╚═╝ ██║███████╗    ███████║███████╗██║  ██║██║███████╗███████║██╗██║  ██║██║
   ╚═╝   ╚═╝╚═╝     ╚═╝╚══════╝    ╚══════╝╚══════╝╚═╝  ╚═╝╚═╝╚══════╝╚══════╝╚═╝╚═╝  ╚═╝╚═╝
ai4ts v0.0.3 - building AI for unified time-series analysis, https://time-series.ai [0m

Use Train GPT: False
Use Lora: False
Use Profiling: False
🚀 Running imputation pipeline for model: tefn
✅ Dataset 'ettm1' with missing rate 0.1 loaded at: /home/Aboya_25R9803/projects/lab/SUN/iPyPOTS/datasets/rate_0.1
🚀 Starting TEFN training pipeline...
[TEFN] Testing —— MAE: 1.9615| MSE: 7.6641| RMSE: 2.7684| MRE: 2.3221| 
📊 Metrics saved to: output/imputation/cuda/paper_campaign/tefn/ettm1/mr0.1/seed123/metrics/tefn_metrics.json
