2026-06-04 05:12:24 [INFO]: Have set the random seed as 123 for numpy and pytorch.
2026-06-04 05:12:27 [INFO]: 🔥🔥🔥🔥🔥🔥🔥🔥🔥🔥Using device list: ['cuda:0']
2026-06-04 05:12:27 [INFO]: 🔥🔥🔥🔥🔥🔥🔥🔥🔥🔥Using the given device: cuda:0
2026-06-04 05:12:27 [INFO]: Model files will be saved to output/imputation/cuda/paper_campaign/saits/opsd_germany/mr0.5/seed123
2026-06-04 05:12:27 [INFO]: Tensorboard file will be saved to output/imputation/cuda/paper_campaign/saits/opsd_germany/mr0.5/seed123/tensorboard
2026-06-04 05:12:27 [INFO]: Using customized MAE as the training loss function.
2026-06-04 05:12:27 [INFO]: Using customized MSE as the validation metric function.
2026-06-04 05:12:27 [INFO]: SAITS initialized with the given hyperparameters.
 ├─ Total parameters: 138,752
 ├─ Trainable parameters: 138,752
 └─ Trainable ratio: 100.00%
2026-06-04 05:12:27 [INFO]: Model placed on cuda:0
2026-06-04 05:12:32 [INFO]: Epoch 001 - training loss (MAE): 1.1774, validation MSE: 0.6020
2026-06-04 05:12:36 [INFO]: Epoch 002 - training loss (MAE): 0.7844, validation MSE: 0.5184
2026-06-04 05:12:41 [INFO]: Epoch 003 - training loss (MAE): 0.6346, validation MSE: 0.4663
2026-06-04 05:12:46 [INFO]: Epoch 004 - training loss (MAE): 0.5417, validation MSE: 0.4196
2026-06-04 05:12:51 [INFO]: Epoch 005 - training loss (MAE): 0.4784, validation MSE: 0.3848
2026-06-04 05:12:55 [INFO]: Epoch 006 - training loss (MAE): 0.4378, validation MSE: 0.3467
2026-06-04 05:13:00 [INFO]: Epoch 007 - training loss (MAE): 0.3996, validation MSE: 0.2718
2026-06-04 05:13:05 [INFO]: Epoch 008 - training loss (MAE): 0.3463, validation MSE: 0.1890
2026-06-04 05:13:10 [INFO]: Epoch 009 - training loss (MAE): 0.3073, validation MSE: 0.1467
2026-06-04 05:13:14 [INFO]: Epoch 010 - training loss (MAE): 0.2843, validation MSE: 0.1258
2026-06-04 05:13:19 [INFO]: Epoch 011 - training loss (MAE): 0.2677, validation MSE: 0.1087
2026-06-04 05:13:24 [INFO]: Epoch 012 - training loss (MAE): 0.2558, validation MSE: 0.0975
2026-06-04 05:13:28 [INFO]: Epoch 013 - training loss (MAE): 0.2458, validation MSE: 0.0924
2026-06-04 05:13:33 [INFO]: Epoch 014 - training loss (MAE): 0.2367, validation MSE: 0.0862
2026-06-04 05:13:38 [INFO]: Epoch 015 - training loss (MAE): 0.2294, validation MSE: 0.0799
2026-06-04 05:13:42 [INFO]: Epoch 016 - training loss (MAE): 0.2226, validation MSE: 0.0815
2026-06-04 05:13:46 [INFO]: Epoch 017 - training loss (MAE): 0.2168, validation MSE: 0.0748
2026-06-04 05:13:50 [INFO]: Epoch 018 - training loss (MAE): 0.2141, validation MSE: 0.0725
2026-06-04 05:13:54 [INFO]: Epoch 019 - training loss (MAE): 0.2076, validation MSE: 0.0709
2026-06-04 05:13:58 [INFO]: Epoch 020 - training loss (MAE): 0.2049, validation MSE: 0.0683
2026-06-04 05:14:02 [INFO]: Epoch 021 - training loss (MAE): 0.2013, validation MSE: 0.0651
2026-06-04 05:14:06 [INFO]: Epoch 022 - training loss (MAE): 0.1969, validation MSE: 0.0610
2026-06-04 05:14:10 [INFO]: Epoch 023 - training loss (MAE): 0.1943, validation MSE: 0.0580
2026-06-04 05:14:14 [INFO]: Epoch 024 - training loss (MAE): 0.1924, validation MSE: 0.0595
2026-06-04 05:14:19 [INFO]: Epoch 025 - training loss (MAE): 0.1897, validation MSE: 0.0550
2026-06-04 05:14:23 [INFO]: Epoch 026 - training loss (MAE): 0.1872, validation MSE: 0.0572
2026-06-04 05:14:28 [INFO]: Epoch 027 - training loss (MAE): 0.1854, validation MSE: 0.0548
2026-06-04 05:14:32 [INFO]: Epoch 028 - training loss (MAE): 0.1834, validation MSE: 0.0547
2026-06-04 05:14:36 [INFO]: Epoch 029 - training loss (MAE): 0.1823, validation MSE: 0.0524
2026-06-04 05:14:40 [INFO]: Epoch 030 - training loss (MAE): 0.1805, validation MSE: 0.0520
2026-06-04 05:14:44 [INFO]: Epoch 031 - training loss (MAE): 0.1794, validation MSE: 0.0517
2026-06-04 05:14:48 [INFO]: Epoch 032 - training loss (MAE): 0.1772, validation MSE: 0.0513
2026-06-04 05:14:52 [INFO]: Epoch 033 - training loss (MAE): 0.1752, validation MSE: 0.0513
2026-06-04 05:14:56 [INFO]: Epoch 034 - training loss (MAE): 0.1749, validation MSE: 0.0498
2026-06-04 05:15:00 [INFO]: Epoch 035 - training loss (MAE): 0.1736, validation MSE: 0.0482
2026-06-04 05:15:04 [INFO]: Epoch 036 - training loss (MAE): 0.1715, validation MSE: 0.0493
2026-06-04 05:15:09 [INFO]: Epoch 037 - training loss (MAE): 0.1714, validation MSE: 0.0494
2026-06-04 05:15:14 [INFO]: Epoch 038 - training loss (MAE): 0.1698, validation MSE: 0.0480
2026-06-04 05:15:18 [INFO]: Epoch 039 - training loss (MAE): 0.1680, validation MSE: 0.0473
2026-06-04 05:15:23 [INFO]: Epoch 040 - training loss (MAE): 0.1674, validation MSE: 0.0480
2026-06-04 05:15:28 [INFO]: Epoch 041 - training loss (MAE): 0.1670, validation MSE: 0.0475
2026-06-04 05:15:33 [INFO]: Epoch 042 - training loss (MAE): 0.1665, validation MSE: 0.0451
2026-06-04 05:15:38 [INFO]: Epoch 043 - training loss (MAE): 0.1655, validation MSE: 0.0453
2026-06-04 05:15:42 [INFO]: Epoch 044 - training loss (MAE): 0.1633, validation MSE: 0.0457
2026-06-04 05:15:47 [INFO]: Epoch 045 - training loss (MAE): 0.1632, validation MSE: 0.0465
2026-06-04 05:15:52 [INFO]: Epoch 046 - training loss (MAE): 0.1615, validation MSE: 0.0458
2026-06-04 05:15:56 [INFO]: Epoch 047 - training loss (MAE): 0.1611, validation MSE: 0.0447
2026-06-04 05:16:01 [INFO]: Epoch 048 - training loss (MAE): 0.1600, validation MSE: 0.0441
2026-06-04 05:16:06 [INFO]: Epoch 049 - training loss (MAE): 0.1597, validation MSE: 0.0456
2026-06-04 05:16:11 [INFO]: Epoch 050 - training loss (MAE): 0.1598, validation MSE: 0.0448
2026-06-04 05:16:15 [INFO]: Epoch 051 - training loss (MAE): 0.1584, validation MSE: 0.0444
2026-06-04 05:16:18 [INFO]: Epoch 052 - training loss (MAE): 0.1574, validation MSE: 0.0434
2026-06-04 05:16:22 [INFO]: Epoch 053 - training loss (MAE): 0.1562, validation MSE: 0.0444
2026-06-04 05:16:26 [INFO]: Epoch 054 - training loss (MAE): 0.1553, validation MSE: 0.0434
2026-06-04 05:16:30 [INFO]: Epoch 055 - training loss (MAE): 0.1548, validation MSE: 0.0424
2026-06-04 05:16:34 [INFO]: Epoch 056 - training loss (MAE): 0.1541, validation MSE: 0.0415
2026-06-04 05:16:38 [INFO]: Epoch 057 - training loss (MAE): 0.1537, validation MSE: 0.0419
2026-06-04 05:16:42 [INFO]: Epoch 058 - training loss (MAE): 0.1532, validation MSE: 0.0416
2026-06-04 05:16:46 [INFO]: Epoch 059 - training loss (MAE): 0.1525, validation MSE: 0.0417
2026-06-04 05:16:51 [INFO]: Epoch 060 - training loss (MAE): 0.1518, validation MSE: 0.0399
2026-06-04 05:16:51 [INFO]: Finished training. The best model is from epoch#60.
2026-06-04 05:16:51 [INFO]: Saved the model to output/imputation/cuda/paper_campaign/saits/opsd_germany/mr0.5/seed123/SAITS.pypots
[34m
████████╗██╗███╗   ███╗███████╗    ███████╗███████╗██████╗ ██╗███████╗███████╗    █████╗ ██╗
╚══██╔══╝██║████╗ ████║██╔════╝    ██╔════╝██╔════╝██╔══██╗██║██╔════╝██╔════╝   ██╔══██╗██║
   ██║   ██║██╔████╔██║█████╗█████╗███████╗█████╗  ██████╔╝██║█████╗  ███████╗   ███████║██║
   ██║   ██║██║╚██╔╝██║██╔══╝╚════╝╚════██║██╔══╝  ██╔══██╗██║██╔══╝  ╚════██║   ██╔══██║██║
   ██║   ██║██║ ╚═╝ ██║███████╗    ███████║███████╗██║  ██║██║███████╗███████║██╗██║  ██║██║
   ╚═╝   ╚═╝╚═╝     ╚═╝╚══════╝    ╚══════╝╚══════╝╚═╝  ╚═╝╚═╝╚══════╝╚══════╝╚═╝╚═╝  ╚═╝╚═╝
ai4ts v0.0.3 - building AI for unified time-series analysis, https://time-series.ai [0m

Use Train GPT: False
Use Lora: False
Use Profiling: False
🚀 Running imputation pipeline for model: saits
✅ Dataset 'opsd_germany' with missing rate 0.5 loaded at: /home/Aboya_25R9803/projects/lab/SUN/iPyPOTS/datasets/rate_0.5
🚀 Starting SAITS training pipeline...
[SAITS] Testing —— MAE: 0.1316| MSE: 0.0467| RMSE: 0.2162| MRE: 0.1449| 
📊 Metrics saved to: output/imputation/cuda/paper_campaign/saits/opsd_germany/mr0.5/seed123/metrics/saits_metrics.json
