2026-06-04 05:52:39 [INFO]: Have set the random seed as 123 for numpy and pytorch.
2026-06-04 05:52:39 [INFO]: You're using dataset electricity_transformer_temperature, please cite it properly in your work. You can find its reference information at the below link: 
https://github.com/WenjieDu/TSDB/tree/main/dataset_profiles/electricity_transformer_temperature
2026-06-04 05:52:39 [INFO]: Dataset electricity_transformer_temperature has already been downloaded. Processing directly...
2026-06-04 05:52:39 [INFO]: Dataset electricity_transformer_temperature has already been cached. Loading from cache directly...
2026-06-04 05:52:39 [INFO]: Loaded successfully!
2026-06-04 05:52:39 [INFO]: months selected as train set are <PeriodArray>
['2016-07', '2016-08', '2016-09', '2016-10', '2016-11', '2016-12', '2017-01',
 '2017-02', '2017-03', '2017-04', '2017-05', '2017-06', '2017-07', '2017-08']
Length: 14, dtype: period[M]
2026-06-04 05:52:39 [INFO]: months selected as val set are <PeriodArray>
['2017-09', '2017-10', '2017-11', '2017-12', '2018-01']
Length: 5, dtype: period[M]
2026-06-04 05:52:39 [INFO]: months selected as test set are <PeriodArray>
['2018-02', '2018-03', '2018-04', '2018-05', '2018-06']
Length: 5, dtype: period[M]
2026-06-04 05:52:39 [INFO]: Total sample number: 725
2026-06-04 05:52:39 [INFO]: Training set size: 427 (58.90%)
2026-06-04 05:52:39 [INFO]: Validation set size: 153 (21.10%)
2026-06-04 05:52:39 [INFO]: Test set size: 145 (20.00%)
2026-06-04 05:52:39 [INFO]: Number of steps: 96
2026-06-04 05:52:39 [INFO]: Number of features: 7
2026-06-04 05:52:39 [INFO]: Train set missing rate: 49.90%
2026-06-04 05:52:39 [INFO]: Validating set missing rate: 50.10%
2026-06-04 05:52:39 [INFO]: Test set missing rate: 49.98%
2026-06-04 05:52:39 [INFO]: 🔥🔥🔥🔥🔥🔥🔥🔥🔥🔥Using device list: ['cuda:0']
2026-06-04 05:52:39 [INFO]: 🔥🔥🔥🔥🔥🔥🔥🔥🔥🔥Using the given device: cuda:0
2026-06-04 05:52:39 [INFO]: Model files will be saved to output/imputation/cuda/paper_campaign/tslanet/ettm1/mr0.5/seed123
2026-06-04 05:52:39 [INFO]: Tensorboard file will be saved to output/imputation/cuda/paper_campaign/tslanet/ettm1/mr0.5/seed123/tensorboard
2026-06-04 05:52:39 [INFO]: Model placed on cuda:0
2026-06-04 05:52:39 [INFO]: TSLANet initialized with the given hyperparameters.
 ├─ Total parameters: 217,890
 ├─ Trainable parameters: 217,890
 └─ Trainable ratio: 100.00%
2026-06-04 05:52:40 [INFO]: Epoch 001 - training loss (default): 0.2085, validation loss: 0.1498
2026-06-04 05:52:40 [INFO]: Epoch 002 - training loss (default): 0.1517, validation loss: 0.1227
2026-06-04 05:52:40 [INFO]: Epoch 003 - training loss (default): 0.1235, validation loss: 0.1015
2026-06-04 05:52:40 [INFO]: Epoch 004 - training loss (default): 0.1066, validation loss: 0.0916
2026-06-04 05:52:40 [INFO]: Epoch 005 - training loss (default): 0.0940, validation loss: 0.0834
2026-06-04 05:52:40 [INFO]: Epoch 006 - training loss (default): 0.0890, validation loss: 0.0782
2026-06-04 05:52:40 [INFO]: Epoch 007 - training loss (default): 0.0797, validation loss: 0.0699
2026-06-04 05:52:40 [INFO]: Epoch 008 - training loss (default): 0.0740, validation loss: 0.0618
2026-06-04 05:52:40 [INFO]: Epoch 009 - training loss (default): 0.0675, validation loss: 0.0606
2026-06-04 05:52:40 [INFO]: Epoch 010 - training loss (default): 0.0607, validation loss: 0.0537
2026-06-04 05:52:40 [INFO]: Epoch 011 - training loss (default): 0.0582, validation loss: 0.0482
2026-06-04 05:52:40 [INFO]: Epoch 012 - training loss (default): 0.0534, validation loss: 0.0474
2026-06-04 05:52:40 [INFO]: Epoch 013 - training loss (default): 0.0493, validation loss: 0.0459
2026-06-04 05:52:40 [INFO]: Epoch 014 - training loss (default): 0.0446, validation loss: 0.0376
2026-06-04 05:52:41 [INFO]: Epoch 015 - training loss (default): 0.0428, validation loss: 0.0369
2026-06-04 05:52:41 [INFO]: Epoch 016 - training loss (default): 0.0400, validation loss: 0.0348
2026-06-04 05:52:41 [INFO]: Epoch 017 - training loss (default): 0.0376, validation loss: 0.0313
2026-06-04 05:52:41 [INFO]: Epoch 018 - training loss (default): 0.0353, validation loss: 0.0292
2026-06-04 05:52:41 [INFO]: Epoch 019 - training loss (default): 0.0344, validation loss: 0.0274
2026-06-04 05:52:41 [INFO]: Epoch 020 - training loss (default): 0.0320, validation loss: 0.0251
2026-06-04 05:52:41 [INFO]: Epoch 021 - training loss (default): 0.0300, validation loss: 0.0248
2026-06-04 05:52:41 [INFO]: Epoch 022 - training loss (default): 0.0298, validation loss: 0.0228
2026-06-04 05:52:41 [INFO]: Epoch 023 - training loss (default): 0.0280, validation loss: 0.0241
2026-06-04 05:52:41 [INFO]: Epoch 024 - training loss (default): 0.0268, validation loss: 0.0253
2026-06-04 05:52:41 [INFO]: Epoch 025 - training loss (default): 0.0256, validation loss: 0.0216
2026-06-04 05:52:41 [INFO]: Epoch 026 - training loss (default): 0.0263, validation loss: 0.0207
2026-06-04 05:52:41 [INFO]: Epoch 027 - training loss (default): 0.0247, validation loss: 0.0206
2026-06-04 05:52:41 [INFO]: Epoch 028 - training loss (default): 0.0232, validation loss: 0.0204
2026-06-04 05:52:41 [INFO]: Epoch 029 - training loss (default): 0.0228, validation loss: 0.0200
2026-06-04 05:52:41 [INFO]: Epoch 030 - training loss (default): 0.0222, validation loss: 0.0200
2026-06-04 05:52:41 [INFO]: Epoch 031 - training loss (default): 0.0229, validation loss: 0.0173
2026-06-04 05:52:41 [INFO]: Epoch 032 - training loss (default): 0.0216, validation loss: 0.0166
2026-06-04 05:52:41 [INFO]: Epoch 033 - training loss (default): 0.0210, validation loss: 0.0181
2026-06-04 05:52:41 [INFO]: Epoch 034 - training loss (default): 0.0197, validation loss: 0.0166
2026-06-04 05:52:41 [INFO]: Epoch 035 - training loss (default): 0.0204, validation loss: 0.0151
2026-06-04 05:52:42 [INFO]: Epoch 036 - training loss (default): 0.0199, validation loss: 0.0158
2026-06-04 05:52:42 [INFO]: Epoch 037 - training loss (default): 0.0192, validation loss: 0.0159
2026-06-04 05:52:42 [INFO]: Epoch 038 - training loss (default): 0.0186, validation loss: 0.0166
2026-06-04 05:52:42 [INFO]: Epoch 039 - training loss (default): 0.0189, validation loss: 0.0145
2026-06-04 05:52:42 [INFO]: Epoch 040 - training loss (default): 0.0184, validation loss: 0.0143
2026-06-04 05:52:42 [INFO]: Epoch 041 - training loss (default): 0.0179, validation loss: 0.0147
2026-06-04 05:52:42 [INFO]: Epoch 042 - training loss (default): 0.0176, validation loss: 0.0154
2026-06-04 05:52:42 [INFO]: Epoch 043 - training loss (default): 0.0175, validation loss: 0.0147
2026-06-04 05:52:42 [INFO]: Epoch 044 - training loss (default): 0.0187, validation loss: 0.0136
2026-06-04 05:52:42 [INFO]: Epoch 045 - training loss (default): 0.0168, validation loss: 0.0137
2026-06-04 05:52:42 [INFO]: Epoch 046 - training loss (default): 0.0163, validation loss: 0.0140
2026-06-04 05:52:42 [INFO]: Epoch 047 - training loss (default): 0.0162, validation loss: 0.0127
2026-06-04 05:52:42 [INFO]: Epoch 048 - training loss (default): 0.0145, validation loss: 0.0149
2026-06-04 05:52:42 [INFO]: Epoch 049 - training loss (default): 0.0147, validation loss: 0.0138
2026-06-04 05:52:42 [INFO]: Epoch 050 - training loss (default): 0.0153, validation loss: 0.0129
2026-06-04 05:52:42 [INFO]: Epoch 051 - training loss (default): 0.0149, validation loss: 0.0116
2026-06-04 05:52:42 [INFO]: Epoch 052 - training loss (default): 0.0145, validation loss: 0.0125
2026-06-04 05:52:42 [INFO]: Epoch 053 - training loss (default): 0.0139, validation loss: 0.0132
2026-06-04 05:52:42 [INFO]: Epoch 054 - training loss (default): 0.0144, validation loss: 0.0127
2026-06-04 05:52:42 [INFO]: Epoch 055 - training loss (default): 0.0139, validation loss: 0.0114
2026-06-04 05:52:42 [INFO]: Epoch 056 - training loss (default): 0.0139, validation loss: 0.0110
2026-06-04 05:52:43 [INFO]: Epoch 057 - training loss (default): 0.0136, validation loss: 0.0109
2026-06-04 05:52:43 [INFO]: Epoch 058 - training loss (default): 0.0126, validation loss: 0.0108
2026-06-04 05:52:43 [INFO]: Epoch 059 - training loss (default): 0.0135, validation loss: 0.0115
2026-06-04 05:52:43 [INFO]: Epoch 060 - training loss (default): 0.0130, validation loss: 0.0102
2026-06-04 05:52:43 [INFO]: Finished training. The best model is from epoch#60.
2026-06-04 05:52:43 [INFO]: Saved the model to output/imputation/cuda/paper_campaign/tslanet/ettm1/mr0.5/seed123/TSLANet.pypots
[34m
████████╗██╗███╗   ███╗███████╗    ███████╗███████╗██████╗ ██╗███████╗███████╗    █████╗ ██╗
╚══██╔══╝██║████╗ ████║██╔════╝    ██╔════╝██╔════╝██╔══██╗██║██╔════╝██╔════╝   ██╔══██╗██║
   ██║   ██║██╔████╔██║█████╗█████╗███████╗█████╗  ██████╔╝██║█████╗  ███████╗   ███████║██║
   ██║   ██║██║╚██╔╝██║██╔══╝╚════╝╚════██║██╔══╝  ██╔══██╗██║██╔══╝  ╚════██║   ██╔══██║██║
   ██║   ██║██║ ╚═╝ ██║███████╗    ███████║███████╗██║  ██║██║███████╗███████║██╗██║  ██║██║
   ╚═╝   ╚═╝╚═╝     ╚═╝╚══════╝    ╚══════╝╚══════╝╚═╝  ╚═╝╚═╝╚══════╝╚══════╝╚═╝╚═╝  ╚═╝╚═╝
ai4ts v0.0.3 - building AI for unified time-series analysis, https://time-series.ai [0m

Use Train GPT: False
Use Lora: False
Use Profiling: False
🚀 Running imputation pipeline for model: tslanet
✅ Dataset 'ettm1' with missing rate 0.5 loaded at: /home/Aboya_25R9803/projects/lab/SUN/iPyPOTS/datasets/rate_0.5
🚀 Starting TSLANet training pipeline...
[TSLANet] Testing —— MAE: 0.8814| MSE: 1.3422| RMSE: 1.1585| MRE: 1.0336| 
📊 Metrics saved to: output/imputation/cuda/paper_campaign/tslanet/ettm1/mr0.5/seed123/metrics/tslanet_metrics.json
