2026-06-04 05:49:11 [INFO]: Have set the random seed as 123 for numpy and pytorch.
2026-06-04 05:49:14 [INFO]: 🔥🔥🔥🔥🔥🔥🔥🔥🔥🔥Using device list: ['cuda:0']
2026-06-04 05:49:14 [INFO]: 🔥🔥🔥🔥🔥🔥🔥🔥🔥🔥Using the given device: cuda:0
2026-06-04 05:49:14 [INFO]: Model files will be saved to output/imputation/cuda/paper_campaign/tslanet/opsd_germany/mr0.3/seed123
2026-06-04 05:49:14 [INFO]: Tensorboard file will be saved to output/imputation/cuda/paper_campaign/tslanet/opsd_germany/mr0.3/seed123/tensorboard
2026-06-04 05:49:15 [INFO]: Model placed on cuda:0
2026-06-04 05:49:15 [INFO]: TSLANet initialized with the given hyperparameters.
 ├─ Total parameters: 416,106
 ├─ Trainable parameters: 416,106
 └─ Trainable ratio: 100.00%
2026-06-04 05:49:17 [INFO]: Epoch 001 - training loss (default): 0.0698, validation loss: 0.0841
2026-06-04 05:49:20 [INFO]: Epoch 002 - training loss (default): 0.0146, validation loss: 0.0747
2026-06-04 05:49:22 [INFO]: Epoch 003 - training loss (default): 0.0084, validation loss: 0.0700
2026-06-04 05:49:24 [INFO]: Epoch 004 - training loss (default): 0.0058, validation loss: 0.0667
2026-06-04 05:49:26 [INFO]: Epoch 005 - training loss (default): 0.0044, validation loss: 0.0634
2026-06-04 05:49:28 [INFO]: Epoch 006 - training loss (default): 0.0034, validation loss: 0.0602
2026-06-04 05:49:30 [INFO]: Epoch 007 - training loss (default): 0.0029, validation loss: 0.0577
2026-06-04 05:49:32 [INFO]: Epoch 008 - training loss (default): 0.0024, validation loss: 0.0556
2026-06-04 05:49:34 [INFO]: Epoch 009 - training loss (default): 0.0020, validation loss: 0.0539
2026-06-04 05:49:37 [INFO]: Epoch 010 - training loss (default): 0.0018, validation loss: 0.0522
2026-06-04 05:49:39 [INFO]: Epoch 011 - training loss (default): 0.0015, validation loss: 0.0502
2026-06-04 05:49:41 [INFO]: Epoch 012 - training loss (default): 0.0014, validation loss: 0.0487
2026-06-04 05:49:43 [INFO]: Epoch 013 - training loss (default): 0.0012, validation loss: 0.0476
2026-06-04 05:49:45 [INFO]: Epoch 014 - training loss (default): 0.0011, validation loss: 0.0460
2026-06-04 05:49:48 [INFO]: Epoch 015 - training loss (default): 0.0010, validation loss: 0.0452
2026-06-04 05:49:50 [INFO]: Epoch 016 - training loss (default): 0.0009, validation loss: 0.0436
2026-06-04 05:49:52 [INFO]: Epoch 017 - training loss (default): 0.0008, validation loss: 0.0429
2026-06-04 05:49:54 [INFO]: Epoch 018 - training loss (default): 0.0008, validation loss: 0.0419
2026-06-04 05:49:57 [INFO]: Epoch 019 - training loss (default): 0.0007, validation loss: 0.0413
2026-06-04 05:49:59 [INFO]: Epoch 020 - training loss (default): 0.0007, validation loss: 0.0399
2026-06-04 05:50:01 [INFO]: Epoch 021 - training loss (default): 0.0006, validation loss: 0.0393
2026-06-04 05:50:04 [INFO]: Epoch 022 - training loss (default): 0.0006, validation loss: 0.0383
2026-06-04 05:50:06 [INFO]: Epoch 023 - training loss (default): 0.0005, validation loss: 0.0374
2026-06-04 05:50:09 [INFO]: Epoch 024 - training loss (default): 0.0005, validation loss: 0.0368
2026-06-04 05:50:11 [INFO]: Epoch 025 - training loss (default): 0.0005, validation loss: 0.0359
2026-06-04 05:50:14 [INFO]: Epoch 026 - training loss (default): 0.0004, validation loss: 0.0355
2026-06-04 05:50:16 [INFO]: Epoch 027 - training loss (default): 0.0004, validation loss: 0.0347
2026-06-04 05:50:19 [INFO]: Epoch 028 - training loss (default): 0.0004, validation loss: 0.0339
2026-06-04 05:50:21 [INFO]: Epoch 029 - training loss (default): 0.0004, validation loss: 0.0336
2026-06-04 05:50:24 [INFO]: Epoch 030 - training loss (default): 0.0004, validation loss: 0.0329
2026-06-04 05:50:26 [INFO]: Epoch 031 - training loss (default): 0.0003, validation loss: 0.0324
2026-06-04 05:50:29 [INFO]: Epoch 032 - training loss (default): 0.0003, validation loss: 0.0317
2026-06-04 05:50:32 [INFO]: Epoch 033 - training loss (default): 0.0003, validation loss: 0.0310
2026-06-04 05:50:34 [INFO]: Epoch 034 - training loss (default): 0.0003, validation loss: 0.0309
2026-06-04 05:50:37 [INFO]: Epoch 035 - training loss (default): 0.0003, validation loss: 0.0302
2026-06-04 05:50:39 [INFO]: Epoch 036 - training loss (default): 0.0003, validation loss: 0.0298
2026-06-04 05:50:42 [INFO]: Epoch 037 - training loss (default): 0.0003, validation loss: 0.0296
2026-06-04 05:50:44 [INFO]: Epoch 038 - training loss (default): 0.0003, validation loss: 0.0288
2026-06-04 05:50:47 [INFO]: Epoch 039 - training loss (default): 0.0002, validation loss: 0.0283
2026-06-04 05:50:49 [INFO]: Epoch 040 - training loss (default): 0.0002, validation loss: 0.0279
2026-06-04 05:50:52 [INFO]: Epoch 041 - training loss (default): 0.0002, validation loss: 0.0274
2026-06-04 05:50:54 [INFO]: Epoch 042 - training loss (default): 0.0002, validation loss: 0.0272
2026-06-04 05:50:57 [INFO]: Epoch 043 - training loss (default): 0.0002, validation loss: 0.0269
2026-06-04 05:50:59 [INFO]: Epoch 044 - training loss (default): 0.0002, validation loss: 0.0264
2026-06-04 05:51:02 [INFO]: Epoch 045 - training loss (default): 0.0002, validation loss: 0.0258
2026-06-04 05:51:04 [INFO]: Epoch 046 - training loss (default): 0.0002, validation loss: 0.0256
2026-06-04 05:51:07 [INFO]: Epoch 047 - training loss (default): 0.0002, validation loss: 0.0254
2026-06-04 05:51:09 [INFO]: Epoch 048 - training loss (default): 0.0002, validation loss: 0.0251
2026-06-04 05:51:11 [INFO]: Epoch 049 - training loss (default): 0.0002, validation loss: 0.0246
2026-06-04 05:51:14 [INFO]: Epoch 050 - training loss (default): 0.0002, validation loss: 0.0243
2026-06-04 05:51:16 [INFO]: Epoch 051 - training loss (default): 0.0002, validation loss: 0.0238
2026-06-04 05:51:18 [INFO]: Epoch 052 - training loss (default): 0.0002, validation loss: 0.0236
2026-06-04 05:51:20 [INFO]: Epoch 053 - training loss (default): 0.0001, validation loss: 0.0231
2026-06-04 05:51:22 [INFO]: Epoch 054 - training loss (default): 0.0001, validation loss: 0.0227
2026-06-04 05:51:24 [INFO]: Epoch 055 - training loss (default): 0.0001, validation loss: 0.0226
2026-06-04 05:51:26 [INFO]: Epoch 056 - training loss (default): 0.0001, validation loss: 0.0226
2026-06-04 05:51:29 [INFO]: Epoch 057 - training loss (default): 0.0001, validation loss: 0.0219
2026-06-04 05:51:31 [INFO]: Epoch 058 - training loss (default): 0.0001, validation loss: 0.0217
2026-06-04 05:51:33 [INFO]: Epoch 059 - training loss (default): 0.0001, validation loss: 0.0214
2026-06-04 05:51:35 [INFO]: Epoch 060 - training loss (default): 0.0001, validation loss: 0.0211
2026-06-04 05:51:35 [INFO]: Finished training. The best model is from epoch#60.
2026-06-04 05:51:35 [INFO]: Saved the model to output/imputation/cuda/paper_campaign/tslanet/opsd_germany/mr0.3/seed123/TSLANet.pypots
[34m
████████╗██╗███╗   ███╗███████╗    ███████╗███████╗██████╗ ██╗███████╗███████╗    █████╗ ██╗
╚══██╔══╝██║████╗ ████║██╔════╝    ██╔════╝██╔════╝██╔══██╗██║██╔════╝██╔════╝   ██╔══██╗██║
   ██║   ██║██╔████╔██║█████╗█████╗███████╗█████╗  ██████╔╝██║█████╗  ███████╗   ███████║██║
   ██║   ██║██║╚██╔╝██║██╔══╝╚════╝╚════██║██╔══╝  ██╔══██╗██║██╔══╝  ╚════██║   ██╔══██║██║
   ██║   ██║██║ ╚═╝ ██║███████╗    ███████║███████╗██║  ██║██║███████╗███████║██╗██║  ██║██║
   ╚═╝   ╚═╝╚═╝     ╚═╝╚══════╝    ╚══════╝╚══════╝╚═╝  ╚═╝╚═╝╚══════╝╚══════╝╚═╝╚═╝  ╚═╝╚═╝
ai4ts v0.0.3 - building AI for unified time-series analysis, https://time-series.ai [0m

Use Train GPT: False
Use Lora: False
Use Profiling: False
🚀 Running imputation pipeline for model: tslanet
✅ Dataset 'opsd_germany' with missing rate 0.3 loaded at: /home/Aboya_25R9803/projects/lab/SUN/iPyPOTS/datasets/rate_0.3
🚀 Starting TSLANet training pipeline...
[TSLANet] Testing —— MAE: 0.9176| MSE: 1.2330| RMSE: 1.1104| MRE: 1.0106| 
📊 Metrics saved to: output/imputation/cuda/paper_campaign/tslanet/opsd_germany/mr0.3/seed123/metrics/tslanet_metrics.json
