2026-06-04 08:00:03 [INFO]: Have set the random seed as 42 for numpy and pytorch.
2026-06-04 08:00:04 [INFO]: 🔥🔥🔥🔥🔥🔥🔥🔥🔥🔥Using device list: ['cuda:0']
2026-06-04 08:00:04 [INFO]: 🔥🔥🔥🔥🔥🔥🔥🔥🔥🔥Using the given device: cuda:0
2026-06-04 08:00:04 [INFO]: Model files will be saved to output/imputation/cuda/paper_campaign/saits/appliances_energy/mr0.5/seed42
2026-06-04 08:00:04 [INFO]: Tensorboard file will be saved to output/imputation/cuda/paper_campaign/saits/appliances_energy/mr0.5/seed42/tensorboard
2026-06-04 08:00:04 [INFO]: Using customized MAE as the training loss function.
2026-06-04 08:00:04 [INFO]: Using customized MSE as the validation metric function.
2026-06-04 08:00:04 [INFO]: SAITS initialized with the given hyperparameters.
 ├─ Total parameters: 149,760
 ├─ Trainable parameters: 149,760
 └─ Trainable ratio: 100.00%
2026-06-04 08:00:05 [INFO]: Model placed on cuda:0
2026-06-04 08:00:06 [INFO]: Epoch 001 - training loss (MAE): 1.4083, validation MSE: 0.6893
2026-06-04 08:00:08 [INFO]: Epoch 002 - training loss (MAE): 1.1279, validation MSE: 0.5020
2026-06-04 08:00:09 [INFO]: Epoch 003 - training loss (MAE): 0.9743, validation MSE: 0.4488
2026-06-04 08:00:10 [INFO]: Epoch 004 - training loss (MAE): 0.8576, validation MSE: 0.4009
2026-06-04 08:00:12 [INFO]: Epoch 005 - training loss (MAE): 0.7566, validation MSE: 0.3554
2026-06-04 08:00:13 [INFO]: Epoch 006 - training loss (MAE): 0.6788, validation MSE: 0.3307
2026-06-04 08:00:14 [INFO]: Epoch 007 - training loss (MAE): 0.6233, validation MSE: 0.3095
2026-06-04 08:00:16 [INFO]: Epoch 008 - training loss (MAE): 0.5830, validation MSE: 0.2868
2026-06-04 08:00:17 [INFO]: Epoch 009 - training loss (MAE): 0.5523, validation MSE: 0.2789
2026-06-04 08:00:18 [INFO]: Epoch 010 - training loss (MAE): 0.5284, validation MSE: 0.2728
2026-06-04 08:00:19 [INFO]: Epoch 011 - training loss (MAE): 0.5079, validation MSE: 0.2645
2026-06-04 08:00:21 [INFO]: Epoch 012 - training loss (MAE): 0.4913, validation MSE: 0.2574
2026-06-04 08:00:22 [INFO]: Epoch 013 - training loss (MAE): 0.4775, validation MSE: 0.2497
2026-06-04 08:00:23 [INFO]: Epoch 014 - training loss (MAE): 0.4655, validation MSE: 0.2481
2026-06-04 08:00:24 [INFO]: Epoch 015 - training loss (MAE): 0.4546, validation MSE: 0.2349
2026-06-04 08:00:26 [INFO]: Epoch 016 - training loss (MAE): 0.4438, validation MSE: 0.2327
2026-06-04 08:00:27 [INFO]: Epoch 017 - training loss (MAE): 0.4362, validation MSE: 0.2295
2026-06-04 08:00:28 [INFO]: Epoch 018 - training loss (MAE): 0.4267, validation MSE: 0.2237
2026-06-04 08:00:30 [INFO]: Epoch 019 - training loss (MAE): 0.4186, validation MSE: 0.2200
2026-06-04 08:00:31 [INFO]: Epoch 020 - training loss (MAE): 0.4120, validation MSE: 0.2136
2026-06-04 08:00:32 [INFO]: Epoch 021 - training loss (MAE): 0.4048, validation MSE: 0.2149
2026-06-04 08:00:34 [INFO]: Epoch 022 - training loss (MAE): 0.3978, validation MSE: 0.2095
2026-06-04 08:00:35 [INFO]: Epoch 023 - training loss (MAE): 0.3916, validation MSE: 0.2081
2026-06-04 08:00:36 [INFO]: Epoch 024 - training loss (MAE): 0.3861, validation MSE: 0.2040
2026-06-04 08:00:38 [INFO]: Epoch 025 - training loss (MAE): 0.3805, validation MSE: 0.2023
2026-06-04 08:00:39 [INFO]: Epoch 026 - training loss (MAE): 0.3752, validation MSE: 0.1979
2026-06-04 08:00:40 [INFO]: Epoch 027 - training loss (MAE): 0.3696, validation MSE: 0.1992
2026-06-04 08:00:42 [INFO]: Epoch 028 - training loss (MAE): 0.3648, validation MSE: 0.1911
2026-06-04 08:00:43 [INFO]: Epoch 029 - training loss (MAE): 0.3613, validation MSE: 0.1927
2026-06-04 08:00:44 [INFO]: Epoch 030 - training loss (MAE): 0.3581, validation MSE: 0.1881
2026-06-04 08:00:46 [INFO]: Epoch 031 - training loss (MAE): 0.3529, validation MSE: 0.1881
2026-06-04 08:00:47 [INFO]: Epoch 032 - training loss (MAE): 0.3487, validation MSE: 0.1819
2026-06-04 08:00:48 [INFO]: Epoch 033 - training loss (MAE): 0.3459, validation MSE: 0.1842
2026-06-04 08:00:50 [INFO]: Epoch 034 - training loss (MAE): 0.3420, validation MSE: 0.1826
2026-06-04 08:00:51 [INFO]: Epoch 035 - training loss (MAE): 0.3383, validation MSE: 0.1801
2026-06-04 08:00:52 [INFO]: Epoch 036 - training loss (MAE): 0.3359, validation MSE: 0.1784
2026-06-04 08:00:53 [INFO]: Epoch 037 - training loss (MAE): 0.3340, validation MSE: 0.1764
2026-06-04 08:00:55 [INFO]: Epoch 038 - training loss (MAE): 0.3298, validation MSE: 0.1739
2026-06-04 08:00:56 [INFO]: Epoch 039 - training loss (MAE): 0.3268, validation MSE: 0.1730
2026-06-04 08:00:57 [INFO]: Epoch 040 - training loss (MAE): 0.3252, validation MSE: 0.1696
2026-06-04 08:00:59 [INFO]: Epoch 041 - training loss (MAE): 0.3236, validation MSE: 0.1739
2026-06-04 08:01:00 [INFO]: Epoch 042 - training loss (MAE): 0.3209, validation MSE: 0.1688
2026-06-04 08:01:01 [INFO]: Epoch 043 - training loss (MAE): 0.3188, validation MSE: 0.1645
2026-06-04 08:01:02 [INFO]: Epoch 044 - training loss (MAE): 0.3167, validation MSE: 0.1676
2026-06-04 08:01:04 [INFO]: Epoch 045 - training loss (MAE): 0.3142, validation MSE: 0.1627
2026-06-04 08:01:05 [INFO]: Epoch 046 - training loss (MAE): 0.3123, validation MSE: 0.1660
2026-06-04 08:01:06 [INFO]: Epoch 047 - training loss (MAE): 0.3109, validation MSE: 0.1652
2026-06-04 08:01:07 [INFO]: Epoch 048 - training loss (MAE): 0.3100, validation MSE: 0.1645
2026-06-04 08:01:08 [INFO]: Epoch 049 - training loss (MAE): 0.3077, validation MSE: 0.1580
2026-06-04 08:01:09 [INFO]: Epoch 050 - training loss (MAE): 0.3047, validation MSE: 0.1591
2026-06-04 08:01:10 [INFO]: Epoch 051 - training loss (MAE): 0.3031, validation MSE: 0.1612
2026-06-04 08:01:11 [INFO]: Epoch 052 - training loss (MAE): 0.3029, validation MSE: 0.1606
2026-06-04 08:01:12 [INFO]: Epoch 053 - training loss (MAE): 0.3004, validation MSE: 0.1562
2026-06-04 08:01:13 [INFO]: Epoch 054 - training loss (MAE): 0.2993, validation MSE: 0.1561
2026-06-04 08:01:14 [INFO]: Epoch 055 - training loss (MAE): 0.2980, validation MSE: 0.1523
2026-06-04 08:01:14 [INFO]: Epoch 056 - training loss (MAE): 0.2969, validation MSE: 0.1533
2026-06-04 08:01:16 [INFO]: Epoch 057 - training loss (MAE): 0.2959, validation MSE: 0.1558
2026-06-04 08:01:17 [INFO]: Epoch 058 - training loss (MAE): 0.2943, validation MSE: 0.1557
2026-06-04 08:01:18 [INFO]: Epoch 059 - training loss (MAE): 0.2930, validation MSE: 0.1516
2026-06-04 08:01:19 [INFO]: Epoch 060 - training loss (MAE): 0.2921, validation MSE: 0.1539
2026-06-04 08:01:19 [INFO]: Finished training. The best model is from epoch#59.
2026-06-04 08:01:19 [INFO]: Saved the model to output/imputation/cuda/paper_campaign/saits/appliances_energy/mr0.5/seed42/SAITS.pypots
[34m
████████╗██╗███╗   ███╗███████╗    ███████╗███████╗██████╗ ██╗███████╗███████╗    █████╗ ██╗
╚══██╔══╝██║████╗ ████║██╔════╝    ██╔════╝██╔════╝██╔══██╗██║██╔════╝██╔════╝   ██╔══██╗██║
   ██║   ██║██╔████╔██║█████╗█████╗███████╗█████╗  ██████╔╝██║█████╗  ███████╗   ███████║██║
   ██║   ██║██║╚██╔╝██║██╔══╝╚════╝╚════██║██╔══╝  ██╔══██╗██║██╔══╝  ╚════██║   ██╔══██║██║
   ██║   ██║██║ ╚═╝ ██║███████╗    ███████║███████╗██║  ██║██║███████╗███████║██╗██║  ██║██║
   ╚═╝   ╚═╝╚═╝     ╚═╝╚══════╝    ╚══════╝╚══════╝╚═╝  ╚═╝╚═╝╚══════╝╚══════╝╚═╝╚═╝  ╚═╝╚═╝
ai4ts v0.0.3 - building AI for unified time-series analysis, https://time-series.ai [0m

Use Train GPT: False
Use Lora: False
Use Profiling: False
🚀 Running imputation pipeline for model: saits
✅ Dataset 'appliances_energy' with missing rate 0.5 loaded at: /home/Aboya_25R9803/projects/lab/SUN/iPyPOTS/datasets/rate_0.5
🚀 Starting SAITS training pipeline...
[SAITS] Testing —— MAE: 0.4167| MSE: 0.3226| RMSE: 0.5680| MRE: 0.4134| 
📊 Metrics saved to: output/imputation/cuda/paper_campaign/saits/appliances_energy/mr0.5/seed42/metrics/saits_metrics.json
