2026-06-04 08:24:46 [INFO]: Have set the random seed as 456 for numpy and pytorch.
2026-06-04 08:24:47 [INFO]: 🔥🔥🔥🔥🔥🔥🔥🔥🔥🔥Using device list: ['cuda:0']
2026-06-04 08:24:47 [INFO]: 🔥🔥🔥🔥🔥🔥🔥🔥🔥🔥Using the given device: cuda:0
2026-06-04 08:24:47 [INFO]: Model files will be saved to output/imputation/cuda/paper_campaign/tslanet/appliances_energy/mr0.5/seed456
2026-06-04 08:24:47 [INFO]: Tensorboard file will be saved to output/imputation/cuda/paper_campaign/tslanet/appliances_energy/mr0.5/seed456/tensorboard
2026-06-04 08:24:47 [INFO]: Model placed on cuda:0
2026-06-04 08:24:47 [INFO]: TSLANet initialized with the given hyperparameters.
 ├─ Total parameters: 176,394
 ├─ Trainable parameters: 176,394
 └─ Trainable ratio: 100.00%
2026-06-04 08:24:49 [INFO]: Epoch 001 - training loss (default): 0.1831, validation loss: 0.0811
2026-06-04 08:24:51 [INFO]: Epoch 002 - training loss (default): 0.0660, validation loss: 0.0615
2026-06-04 08:24:52 [INFO]: Epoch 003 - training loss (default): 0.0433, validation loss: 0.0498
2026-06-04 08:24:53 [INFO]: Epoch 004 - training loss (default): 0.0331, validation loss: 0.0402
2026-06-04 08:24:54 [INFO]: Epoch 005 - training loss (default): 0.0261, validation loss: 0.0334
2026-06-04 08:24:55 [INFO]: Epoch 006 - training loss (default): 0.0213, validation loss: 0.0287
2026-06-04 08:24:57 [INFO]: Epoch 007 - training loss (default): 0.0181, validation loss: 0.0244
2026-06-04 08:24:58 [INFO]: Epoch 008 - training loss (default): 0.0158, validation loss: 0.0219
2026-06-04 08:24:59 [INFO]: Epoch 009 - training loss (default): 0.0141, validation loss: 0.0204
2026-06-04 08:25:00 [INFO]: Epoch 010 - training loss (default): 0.0127, validation loss: 0.0187
2026-06-04 08:25:01 [INFO]: Epoch 011 - training loss (default): 0.0116, validation loss: 0.0179
2026-06-04 08:25:02 [INFO]: Epoch 012 - training loss (default): 0.0108, validation loss: 0.0172
2026-06-04 08:25:03 [INFO]: Epoch 013 - training loss (default): 0.0102, validation loss: 0.0160
2026-06-04 08:25:04 [INFO]: Epoch 014 - training loss (default): 0.0094, validation loss: 0.0155
2026-06-04 08:25:05 [INFO]: Epoch 015 - training loss (default): 0.0089, validation loss: 0.0144
2026-06-04 08:25:06 [INFO]: Epoch 016 - training loss (default): 0.0084, validation loss: 0.0139
2026-06-04 08:25:08 [INFO]: Epoch 017 - training loss (default): 0.0078, validation loss: 0.0132
2026-06-04 08:25:09 [INFO]: Epoch 018 - training loss (default): 0.0074, validation loss: 0.0126
2026-06-04 08:25:10 [INFO]: Epoch 019 - training loss (default): 0.0071, validation loss: 0.0124
2026-06-04 08:25:11 [INFO]: Epoch 020 - training loss (default): 0.0068, validation loss: 0.0117
2026-06-04 08:25:12 [INFO]: Epoch 021 - training loss (default): 0.0065, validation loss: 0.0113
2026-06-04 08:25:13 [INFO]: Epoch 022 - training loss (default): 0.0062, validation loss: 0.0112
2026-06-04 08:25:15 [INFO]: Epoch 023 - training loss (default): 0.0059, validation loss: 0.0104
2026-06-04 08:25:16 [INFO]: Epoch 024 - training loss (default): 0.0056, validation loss: 0.0103
2026-06-04 08:25:17 [INFO]: Epoch 025 - training loss (default): 0.0055, validation loss: 0.0100
2026-06-04 08:25:18 [INFO]: Epoch 026 - training loss (default): 0.0051, validation loss: 0.0094
2026-06-04 08:25:19 [INFO]: Epoch 027 - training loss (default): 0.0050, validation loss: 0.0092
2026-06-04 08:25:21 [INFO]: Epoch 028 - training loss (default): 0.0047, validation loss: 0.0088
2026-06-04 08:25:22 [INFO]: Epoch 029 - training loss (default): 0.0046, validation loss: 0.0086
2026-06-04 08:25:23 [INFO]: Epoch 030 - training loss (default): 0.0045, validation loss: 0.0082
2026-06-04 08:25:24 [INFO]: Epoch 031 - training loss (default): 0.0043, validation loss: 0.0078
2026-06-04 08:25:26 [INFO]: Epoch 032 - training loss (default): 0.0042, validation loss: 0.0078
2026-06-04 08:25:27 [INFO]: Epoch 033 - training loss (default): 0.0039, validation loss: 0.0074
2026-06-04 08:25:28 [INFO]: Epoch 034 - training loss (default): 0.0038, validation loss: 0.0071
2026-06-04 08:25:30 [INFO]: Epoch 035 - training loss (default): 0.0036, validation loss: 0.0071
2026-06-04 08:25:31 [INFO]: Epoch 036 - training loss (default): 0.0035, validation loss: 0.0069
2026-06-04 08:25:32 [INFO]: Epoch 037 - training loss (default): 0.0034, validation loss: 0.0065
2026-06-04 08:25:34 [INFO]: Epoch 038 - training loss (default): 0.0032, validation loss: 0.0064
2026-06-04 08:25:35 [INFO]: Epoch 039 - training loss (default): 0.0032, validation loss: 0.0062
2026-06-04 08:25:37 [INFO]: Epoch 040 - training loss (default): 0.0031, validation loss: 0.0060
2026-06-04 08:25:38 [INFO]: Epoch 041 - training loss (default): 0.0030, validation loss: 0.0058
2026-06-04 08:25:39 [INFO]: Epoch 042 - training loss (default): 0.0029, validation loss: 0.0057
2026-06-04 08:25:41 [INFO]: Epoch 043 - training loss (default): 0.0027, validation loss: 0.0054
2026-06-04 08:25:42 [INFO]: Epoch 044 - training loss (default): 0.0027, validation loss: 0.0053
2026-06-04 08:25:43 [INFO]: Epoch 045 - training loss (default): 0.0026, validation loss: 0.0051
2026-06-04 08:25:45 [INFO]: Epoch 046 - training loss (default): 0.0026, validation loss: 0.0050
2026-06-04 08:25:46 [INFO]: Epoch 047 - training loss (default): 0.0024, validation loss: 0.0049
2026-06-04 08:25:47 [INFO]: Epoch 048 - training loss (default): 0.0023, validation loss: 0.0047
2026-06-04 08:25:49 [INFO]: Epoch 049 - training loss (default): 0.0023, validation loss: 0.0046
2026-06-04 08:25:50 [INFO]: Epoch 050 - training loss (default): 0.0022, validation loss: 0.0043
2026-06-04 08:25:51 [INFO]: Epoch 051 - training loss (default): 0.0022, validation loss: 0.0044
2026-06-04 08:25:53 [INFO]: Epoch 052 - training loss (default): 0.0020, validation loss: 0.0041
2026-06-04 08:25:54 [INFO]: Epoch 053 - training loss (default): 0.0020, validation loss: 0.0041
2026-06-04 08:25:56 [INFO]: Epoch 054 - training loss (default): 0.0019, validation loss: 0.0039
2026-06-04 08:25:57 [INFO]: Epoch 055 - training loss (default): 0.0019, validation loss: 0.0038
2026-06-04 08:25:58 [INFO]: Epoch 056 - training loss (default): 0.0018, validation loss: 0.0037
2026-06-04 08:26:00 [INFO]: Epoch 057 - training loss (default): 0.0018, validation loss: 0.0035
2026-06-04 08:26:01 [INFO]: Epoch 058 - training loss (default): 0.0017, validation loss: 0.0034
2026-06-04 08:26:02 [INFO]: Epoch 059 - training loss (default): 0.0017, validation loss: 0.0034
2026-06-04 08:26:04 [INFO]: Epoch 060 - training loss (default): 0.0016, validation loss: 0.0033
2026-06-04 08:26:04 [INFO]: Finished training. The best model is from epoch#60.
2026-06-04 08:26:04 [INFO]: Saved the model to output/imputation/cuda/paper_campaign/tslanet/appliances_energy/mr0.5/seed456/TSLANet.pypots
[34m
████████╗██╗███╗   ███╗███████╗    ███████╗███████╗██████╗ ██╗███████╗███████╗    █████╗ ██╗
╚══██╔══╝██║████╗ ████║██╔════╝    ██╔════╝██╔════╝██╔══██╗██║██╔════╝██╔════╝   ██╔══██╗██║
   ██║   ██║██╔████╔██║█████╗█████╗███████╗█████╗  ██████╔╝██║█████╗  ███████╗   ███████║██║
   ██║   ██║██║╚██╔╝██║██╔══╝╚════╝╚════██║██╔══╝  ██╔══██╗██║██╔══╝  ╚════██║   ██╔══██║██║
   ██║   ██║██║ ╚═╝ ██║███████╗    ███████║███████╗██║  ██║██║███████╗███████║██╗██║  ██║██║
   ╚═╝   ╚═╝╚═╝     ╚═╝╚══════╝    ╚══════╝╚══════╝╚═╝  ╚═╝╚═╝╚══════╝╚══════╝╚═╝╚═╝  ╚═╝╚═╝
ai4ts v0.0.3 - building AI for unified time-series analysis, https://time-series.ai [0m

Use Train GPT: False
Use Lora: False
Use Profiling: False
🚀 Running imputation pipeline for model: tslanet
✅ Dataset 'appliances_energy' with missing rate 0.5 loaded at: /home/Aboya_25R9803/projects/lab/SUN/iPyPOTS/datasets/rate_0.5
🚀 Starting TSLANet training pipeline...
[TSLANet] Testing —— MAE: 1.0112| MSE: 1.5182| RMSE: 1.2322| MRE: 1.0043| 
📊 Metrics saved to: output/imputation/cuda/paper_campaign/tslanet/appliances_energy/mr0.5/seed456/metrics/tslanet_metrics.json
