2026-06-04 04:49:01 [INFO]: Have set the random seed as 456 for numpy and pytorch.
2026-06-04 04:49:01 [INFO]: You're using dataset electricity_load_diagrams, please cite it properly in your work. You can find its reference information at the below link: 
https://github.com/WenjieDu/TSDB/tree/main/dataset_profiles/electricity_load_diagrams
2026-06-04 04:49:01 [INFO]: Dataset electricity_load_diagrams has already been downloaded. Processing directly...
2026-06-04 04:49:01 [INFO]: Dataset electricity_load_diagrams has already been cached. Loading from cache directly...
2026-06-04 04:49:01 [INFO]: Loaded successfully!
2026-06-04 04:49:01 [INFO]: months selected as test set are <PeriodArray>
['2011-01', '2011-02', '2011-03', '2011-04', '2011-05', '2011-06', '2011-07',
 '2011-08', '2011-09', '2011-10']
Length: 10, dtype: period[M]
2026-06-04 04:49:01 [INFO]: months selected as val set are <PeriodArray>
['2011-11', '2011-12', '2012-01', '2012-02', '2012-03', '2012-04', '2012-05',
 '2012-06', '2012-07', '2012-08']
Length: 10, dtype: period[M]
2026-06-04 04:49:01 [INFO]: months selected as train set are <PeriodArray>
['2012-09', '2012-10', '2012-11', '2012-12', '2013-01', '2013-02', '2013-03',
 '2013-04', '2013-05', '2013-06', '2013-07', '2013-08', '2013-09', '2013-10',
 '2013-11', '2013-12', '2014-01', '2014-02', '2014-03', '2014-04', '2014-05',
 '2014-06', '2014-07', '2014-08', '2014-09', '2014-10', '2014-11', '2014-12',
 '2015-01']
Length: 29, dtype: period[M]
2026-06-04 04:49:03 [INFO]: Total sample number: 5843
2026-06-04 04:49:03 [INFO]: Training set size: 3408 (58.33%)
2026-06-04 04:49:03 [INFO]: Validation set size: 1220 (20.88%)
2026-06-04 04:49:03 [INFO]: Test set size: 1215 (20.79%)
2026-06-04 04:49:03 [INFO]: Number of steps: 24
2026-06-04 04:49:03 [INFO]: Number of features: 370
2026-06-04 04:49:03 [INFO]: Train set missing rate: 10.00%
2026-06-04 04:49:03 [INFO]: Validating set missing rate: 10.00%
2026-06-04 04:49:03 [INFO]: Test set missing rate: 10.00%
2026-06-04 04:49:03 [INFO]: 🔥🔥🔥🔥🔥🔥🔥🔥🔥🔥Using device list: ['cuda:0']
2026-06-04 04:49:03 [INFO]: 🔥🔥🔥🔥🔥🔥🔥🔥🔥🔥Using the given device: cuda:0
2026-06-04 04:49:04 [INFO]: Model files will be saved to output/imputation/cuda/paper_campaign/saits/eld/mr0.1/seed456
2026-06-04 04:49:04 [INFO]: Tensorboard file will be saved to output/imputation/cuda/paper_campaign/saits/eld/mr0.1/seed456/tensorboard
2026-06-04 04:49:04 [INFO]: Using customized MAE as the training loss function.
2026-06-04 04:49:04 [INFO]: Using customized MSE as the validation metric function.
2026-06-04 04:49:04 [INFO]: SAITS initialized with the given hyperparameters.
 ├─ Total parameters: 559,232
 ├─ Trainable parameters: 559,232
 └─ Trainable ratio: 100.00%
2026-06-04 04:49:04 [INFO]: Model placed on cuda:0
2026-06-04 04:49:06 [INFO]: Epoch 001 - training loss (MAE): 1.3198, validation MSE: 3.2439
2026-06-04 04:49:07 [INFO]: Epoch 002 - training loss (MAE): 0.9397, validation MSE: 3.0458
2026-06-04 04:49:08 [INFO]: Epoch 003 - training loss (MAE): 0.8076, validation MSE: 2.9609
2026-06-04 04:49:10 [INFO]: Epoch 004 - training loss (MAE): 0.7434, validation MSE: 2.8979
2026-06-04 04:49:11 [INFO]: Epoch 005 - training loss (MAE): 0.6999, validation MSE: 2.8606
2026-06-04 04:49:12 [INFO]: Epoch 006 - training loss (MAE): 0.6672, validation MSE: 2.8050
2026-06-04 04:49:13 [INFO]: Epoch 007 - training loss (MAE): 0.6421, validation MSE: 2.7518
2026-06-04 04:49:15 [INFO]: Epoch 008 - training loss (MAE): 0.6259, validation MSE: 2.7139
2026-06-04 04:49:16 [INFO]: Epoch 009 - training loss (MAE): 0.6123, validation MSE: 2.6910
2026-06-04 04:49:17 [INFO]: Epoch 010 - training loss (MAE): 0.6028, validation MSE: 2.6836
2026-06-04 04:49:18 [INFO]: Epoch 011 - training loss (MAE): 0.5943, validation MSE: 2.6730
2026-06-04 04:49:19 [INFO]: Epoch 012 - training loss (MAE): 0.5859, validation MSE: 2.6696
2026-06-04 04:49:20 [INFO]: Epoch 013 - training loss (MAE): 0.5796, validation MSE: 2.6673
2026-06-04 04:49:22 [INFO]: Epoch 014 - training loss (MAE): 0.5728, validation MSE: 2.6632
2026-06-04 04:49:23 [INFO]: Epoch 015 - training loss (MAE): 0.5660, validation MSE: 2.6544
2026-06-04 04:49:24 [INFO]: Epoch 016 - training loss (MAE): 0.5615, validation MSE: 2.6499
2026-06-04 04:49:25 [INFO]: Epoch 017 - training loss (MAE): 0.5554, validation MSE: 2.6487
2026-06-04 04:49:27 [INFO]: Epoch 018 - training loss (MAE): 0.5522, validation MSE: 2.6407
2026-06-04 04:49:28 [INFO]: Epoch 019 - training loss (MAE): 0.5478, validation MSE: 2.6315
2026-06-04 04:49:29 [INFO]: Epoch 020 - training loss (MAE): 0.5446, validation MSE: 2.6237
2026-06-04 04:49:30 [INFO]: Epoch 021 - training loss (MAE): 0.5405, validation MSE: 2.6231
2026-06-04 04:49:31 [INFO]: Epoch 022 - training loss (MAE): 0.5355, validation MSE: 2.6170
2026-06-04 04:49:33 [INFO]: Epoch 023 - training loss (MAE): 0.5324, validation MSE: 2.6185
2026-06-04 04:49:34 [INFO]: Epoch 024 - training loss (MAE): 0.5309, validation MSE: 2.6097
2026-06-04 04:49:35 [INFO]: Epoch 025 - training loss (MAE): 0.5278, validation MSE: 2.6096
2026-06-04 04:49:36 [INFO]: Epoch 026 - training loss (MAE): 0.5254, validation MSE: 2.6093
2026-06-04 04:49:37 [INFO]: Epoch 027 - training loss (MAE): 0.5224, validation MSE: 2.6074
2026-06-04 04:49:39 [INFO]: Epoch 028 - training loss (MAE): 0.5205, validation MSE: 2.6106
2026-06-04 04:49:40 [INFO]: Epoch 029 - training loss (MAE): 0.5172, validation MSE: 2.6036
2026-06-04 04:49:41 [INFO]: Epoch 030 - training loss (MAE): 0.5167, validation MSE: 2.6054
2026-06-04 04:49:42 [INFO]: Epoch 031 - training loss (MAE): 0.5127, validation MSE: 2.6073
2026-06-04 04:49:43 [INFO]: Epoch 032 - training loss (MAE): 0.5118, validation MSE: 2.6060
2026-06-04 04:49:44 [INFO]: Epoch 033 - training loss (MAE): 0.5101, validation MSE: 2.6076
2026-06-04 04:49:46 [INFO]: Epoch 034 - training loss (MAE): 0.5084, validation MSE: 2.6076
2026-06-04 04:49:47 [INFO]: Epoch 035 - training loss (MAE): 0.5078, validation MSE: 2.6116
2026-06-04 04:49:48 [INFO]: Epoch 036 - training loss (MAE): 0.5065, validation MSE: 2.6057
2026-06-04 04:49:49 [INFO]: Epoch 037 - training loss (MAE): 0.5046, validation MSE: 2.6030
2026-06-04 04:49:50 [INFO]: Epoch 038 - training loss (MAE): 0.5019, validation MSE: 2.6050
2026-06-04 04:49:51 [INFO]: Epoch 039 - training loss (MAE): 0.5013, validation MSE: 2.6025
2026-06-04 04:49:53 [INFO]: Epoch 040 - training loss (MAE): 0.4994, validation MSE: 2.6062
2026-06-04 04:49:54 [INFO]: Epoch 041 - training loss (MAE): 0.4979, validation MSE: 2.5997
2026-06-04 04:49:55 [INFO]: Epoch 042 - training loss (MAE): 0.4967, validation MSE: 2.6050
2026-06-04 04:49:56 [INFO]: Epoch 043 - training loss (MAE): 0.4957, validation MSE: 2.6015
2026-06-04 04:49:57 [INFO]: Epoch 044 - training loss (MAE): 0.4955, validation MSE: 2.6007
2026-06-04 04:49:59 [INFO]: Epoch 045 - training loss (MAE): 0.4933, validation MSE: 2.6075
2026-06-04 04:50:00 [INFO]: Epoch 046 - training loss (MAE): 0.4920, validation MSE: 2.6035
2026-06-04 04:50:01 [INFO]: Epoch 047 - training loss (MAE): 0.4909, validation MSE: 2.6065
2026-06-04 04:50:02 [INFO]: Epoch 048 - training loss (MAE): 0.4885, validation MSE: 2.6011
2026-06-04 04:50:03 [INFO]: Epoch 049 - training loss (MAE): 0.4898, validation MSE: 2.6038
2026-06-04 04:50:04 [INFO]: Epoch 050 - training loss (MAE): 0.4885, validation MSE: 2.6066
2026-06-04 04:50:06 [INFO]: Epoch 051 - training loss (MAE): 0.4869, validation MSE: 2.6087
2026-06-04 04:50:07 [INFO]: Epoch 052 - training loss (MAE): 0.4857, validation MSE: 2.6059
2026-06-04 04:50:08 [INFO]: Epoch 053 - training loss (MAE): 0.4846, validation MSE: 2.6100
2026-06-04 04:50:08 [INFO]: Exceeded the training patience. Terminating the training procedure...
2026-06-04 04:50:08 [INFO]: Finished training. The best model is from epoch#41.
2026-06-04 04:50:08 [INFO]: Saved the model to output/imputation/cuda/paper_campaign/saits/eld/mr0.1/seed456/SAITS.pypots
[34m
████████╗██╗███╗   ███╗███████╗    ███████╗███████╗██████╗ ██╗███████╗███████╗    █████╗ ██╗
╚══██╔══╝██║████╗ ████║██╔════╝    ██╔════╝██╔════╝██╔══██╗██║██╔════╝██╔════╝   ██╔══██╗██║
   ██║   ██║██╔████╔██║█████╗█████╗███████╗█████╗  ██████╔╝██║█████╗  ███████╗   ███████║██║
   ██║   ██║██║╚██╔╝██║██╔══╝╚════╝╚════██║██╔══╝  ██╔══██╗██║██╔══╝  ╚════██║   ██╔══██║██║
   ██║   ██║██║ ╚═╝ ██║███████╗    ███████║███████╗██║  ██║██║███████╗███████║██╗██║  ██║██║
   ╚═╝   ╚═╝╚═╝     ╚═╝╚══════╝    ╚══════╝╚══════╝╚═╝  ╚═╝╚═╝╚══════╝╚══════╝╚═╝╚═╝  ╚═╝╚═╝
ai4ts v0.0.3 - building AI for unified time-series analysis, https://time-series.ai [0m

Use Train GPT: False
Use Lora: False
Use Profiling: False
🚀 Running imputation pipeline for model: saits
✅ Dataset 'eld' with missing rate 0.1 loaded at: /home/Aboya_25R9803/projects/lab/SUN/iPyPOTS/datasets/rate_0.1
🚀 Starting SAITS training pipeline...
[SAITS] Testing —— MAE: 1.2679| MSE: 3.5137| RMSE: 1.8745| MRE: 0.6788| 
📊 Metrics saved to: output/imputation/cuda/paper_campaign/saits/eld/mr0.1/seed456/metrics/saits_metrics.json
