2026-06-04 05:27:00 [INFO]: Have set the random seed as 456 for numpy and pytorch.
2026-06-04 05:27:10 [INFO]: 🔥🔥🔥🔥🔥🔥🔥🔥🔥🔥Using device list: ['cuda:0']
2026-06-04 05:27:10 [INFO]: 🔥🔥🔥🔥🔥🔥🔥🔥🔥🔥Using the given device: cuda:0
2026-06-04 05:27:10 [INFO]: Model files will be saved to output/imputation/cuda/paper_campaign/tefn/household_power/mr0.5/seed456
2026-06-04 05:27:10 [INFO]: Tensorboard file will be saved to output/imputation/cuda/paper_campaign/tefn/household_power/mr0.5/seed456/tensorboard
2026-06-04 05:27:10 [INFO]: Using customized MAE as the training loss function.
2026-06-04 05:27:10 [INFO]: Using customized MSE as the validation metric function.
2026-06-04 05:27:10 [INFO]: Model placed on cuda:0
2026-06-04 05:27:10 [INFO]: TEFN initialized with the given hyperparameters.
 ├─ Total parameters: 5,981
 ├─ Trainable parameters: 5,981
 └─ Trainable ratio: 100.00%
2026-06-04 05:27:12 [INFO]: Epoch 001 - training loss (MAE): 10.2600, validation MSE: 32.3112
2026-06-04 05:27:14 [INFO]: Epoch 002 - training loss (MAE): 8.5248, validation MSE: 24.5913
2026-06-04 05:27:15 [INFO]: Epoch 003 - training loss (MAE): 7.1354, validation MSE: 18.8308
2026-06-04 05:27:17 [INFO]: Epoch 004 - training loss (MAE): 5.9657, validation MSE: 14.4153
2026-06-04 05:27:18 [INFO]: Epoch 005 - training loss (MAE): 4.9626, validation MSE: 11.1569
2026-06-04 05:27:20 [INFO]: Epoch 006 - training loss (MAE): 4.1612, validation MSE: 8.8249
2026-06-04 05:27:21 [INFO]: Epoch 007 - training loss (MAE): 3.5344, validation MSE: 7.0851
2026-06-04 05:27:23 [INFO]: Epoch 008 - training loss (MAE): 3.0121, validation MSE: 5.7390
2026-06-04 05:27:24 [INFO]: Epoch 009 - training loss (MAE): 2.5860, validation MSE: 4.6818
2026-06-04 05:27:26 [INFO]: Epoch 010 - training loss (MAE): 2.2383, validation MSE: 3.8798
2026-06-04 05:27:27 [INFO]: Epoch 011 - training loss (MAE): 1.9774, validation MSE: 3.2901
2026-06-04 05:27:28 [INFO]: Epoch 012 - training loss (MAE): 1.7722, validation MSE: 2.8334
2026-06-04 05:27:29 [INFO]: Epoch 013 - training loss (MAE): 1.6080, validation MSE: 2.4814
2026-06-04 05:27:31 [INFO]: Epoch 014 - training loss (MAE): 1.4752, validation MSE: 2.2237
2026-06-04 05:27:32 [INFO]: Epoch 015 - training loss (MAE): 1.3682, validation MSE: 2.0182
2026-06-04 05:27:33 [INFO]: Epoch 016 - training loss (MAE): 1.2770, validation MSE: 1.8620
2026-06-04 05:27:34 [INFO]: Epoch 017 - training loss (MAE): 1.1976, validation MSE: 1.7306
2026-06-04 05:27:35 [INFO]: Epoch 018 - training loss (MAE): 1.1280, validation MSE: 1.6234
2026-06-04 05:27:36 [INFO]: Epoch 019 - training loss (MAE): 1.0673, validation MSE: 1.5379
2026-06-04 05:27:37 [INFO]: Epoch 020 - training loss (MAE): 1.0192, validation MSE: 1.4733
2026-06-04 05:27:39 [INFO]: Epoch 021 - training loss (MAE): 0.9826, validation MSE: 1.4244
2026-06-04 05:27:40 [INFO]: Epoch 022 - training loss (MAE): 0.9512, validation MSE: 1.3799
2026-06-04 05:27:41 [INFO]: Epoch 023 - training loss (MAE): 0.9244, validation MSE: 1.3367
2026-06-04 05:27:43 [INFO]: Epoch 024 - training loss (MAE): 0.9014, validation MSE: 1.3017
2026-06-04 05:27:45 [INFO]: Epoch 025 - training loss (MAE): 0.8805, validation MSE: 1.2735
2026-06-04 05:27:47 [INFO]: Epoch 026 - training loss (MAE): 0.8625, validation MSE: 1.2480
2026-06-04 05:27:48 [INFO]: Epoch 027 - training loss (MAE): 0.8441, validation MSE: 1.2242
2026-06-04 05:27:50 [INFO]: Epoch 028 - training loss (MAE): 0.8281, validation MSE: 1.2014
2026-06-04 05:27:51 [INFO]: Epoch 029 - training loss (MAE): 0.8115, validation MSE: 1.1823
2026-06-04 05:27:53 [INFO]: Epoch 030 - training loss (MAE): 0.7964, validation MSE: 1.1677
2026-06-04 05:27:55 [INFO]: Epoch 031 - training loss (MAE): 0.7853, validation MSE: 1.1558
2026-06-04 05:27:57 [INFO]: Epoch 032 - training loss (MAE): 0.7765, validation MSE: 1.1482
2026-06-04 05:27:59 [INFO]: Epoch 033 - training loss (MAE): 0.7667, validation MSE: 1.1406
2026-06-04 05:28:01 [INFO]: Epoch 034 - training loss (MAE): 0.7588, validation MSE: 1.1356
2026-06-04 05:28:03 [INFO]: Epoch 035 - training loss (MAE): 0.7500, validation MSE: 1.1298
2026-06-04 05:28:04 [INFO]: Epoch 036 - training loss (MAE): 0.7412, validation MSE: 1.1252
2026-06-04 05:28:07 [INFO]: Epoch 037 - training loss (MAE): 0.7330, validation MSE: 1.1216
2026-06-04 05:28:08 [INFO]: Epoch 038 - training loss (MAE): 0.7270, validation MSE: 1.1181
2026-06-04 05:28:10 [INFO]: Epoch 039 - training loss (MAE): 0.7205, validation MSE: 1.1150
2026-06-04 05:28:13 [INFO]: Epoch 040 - training loss (MAE): 0.7152, validation MSE: 1.1123
2026-06-04 05:28:15 [INFO]: Epoch 041 - training loss (MAE): 0.7102, validation MSE: 1.1134
2026-06-04 05:28:16 [INFO]: Epoch 042 - training loss (MAE): 0.7082, validation MSE: 1.1120
2026-06-04 05:28:18 [INFO]: Epoch 043 - training loss (MAE): 0.7023, validation MSE: 1.1105
2026-06-04 05:28:20 [INFO]: Epoch 044 - training loss (MAE): 0.7007, validation MSE: 1.1102
2026-06-04 05:28:22 [INFO]: Epoch 045 - training loss (MAE): 0.6963, validation MSE: 1.1059
2026-06-04 05:28:24 [INFO]: Epoch 046 - training loss (MAE): 0.6919, validation MSE: 1.1072
2026-06-04 05:28:26 [INFO]: Epoch 047 - training loss (MAE): 0.6896, validation MSE: 1.1071
2026-06-04 05:28:28 [INFO]: Epoch 048 - training loss (MAE): 0.6868, validation MSE: 1.1078
2026-06-04 05:28:30 [INFO]: Epoch 049 - training loss (MAE): 0.6858, validation MSE: 1.1071
2026-06-04 05:28:32 [INFO]: Epoch 050 - training loss (MAE): 0.6829, validation MSE: 1.1088
2026-06-04 05:28:34 [INFO]: Epoch 051 - training loss (MAE): 0.6803, validation MSE: 1.1051
2026-06-04 05:28:35 [INFO]: Epoch 052 - training loss (MAE): 0.6785, validation MSE: 1.1057
2026-06-04 05:28:36 [INFO]: Epoch 053 - training loss (MAE): 0.6755, validation MSE: 1.1067
2026-06-04 05:28:37 [INFO]: Epoch 054 - training loss (MAE): 0.6746, validation MSE: 1.1045
2026-06-04 05:28:39 [INFO]: Epoch 055 - training loss (MAE): 0.6726, validation MSE: 1.1064
2026-06-04 05:28:41 [INFO]: Epoch 056 - training loss (MAE): 0.6714, validation MSE: 1.1035
2026-06-04 05:28:42 [INFO]: Epoch 057 - training loss (MAE): 0.6683, validation MSE: 1.1069
2026-06-04 05:28:43 [INFO]: Epoch 058 - training loss (MAE): 0.6669, validation MSE: 1.1043
2026-06-04 05:28:46 [INFO]: Epoch 059 - training loss (MAE): 0.6651, validation MSE: 1.1034
2026-06-04 05:28:48 [INFO]: Epoch 060 - training loss (MAE): 0.6632, validation MSE: 1.1047
2026-06-04 05:28:48 [INFO]: Finished training. The best model is from epoch#59.
2026-06-04 05:28:48 [INFO]: Saved the model to output/imputation/cuda/paper_campaign/tefn/household_power/mr0.5/seed456/TEFN.pypots
[34m
████████╗██╗███╗   ███╗███████╗    ███████╗███████╗██████╗ ██╗███████╗███████╗    █████╗ ██╗
╚══██╔══╝██║████╗ ████║██╔════╝    ██╔════╝██╔════╝██╔══██╗██║██╔════╝██╔════╝   ██╔══██╗██║
   ██║   ██║██╔████╔██║█████╗█████╗███████╗█████╗  ██████╔╝██║█████╗  ███████╗   ███████║██║
   ██║   ██║██║╚██╔╝██║██╔══╝╚════╝╚════██║██╔══╝  ██╔══██╗██║██╔══╝  ╚════██║   ██╔══██║██║
   ██║   ██║██║ ╚═╝ ██║███████╗    ███████║███████╗██║  ██║██║███████╗███████║██╗██║  ██║██║
   ╚═╝   ╚═╝╚═╝     ╚═╝╚══════╝    ╚══════╝╚══════╝╚═╝  ╚═╝╚═╝╚══════╝╚══════╝╚═╝╚═╝  ╚═╝╚═╝
ai4ts v0.0.3 - building AI for unified time-series analysis, https://time-series.ai [0m

Use Train GPT: False
Use Lora: False
Use Profiling: False
🚀 Running imputation pipeline for model: tefn
✅ Dataset 'household_power' with missing rate 0.5 loaded at: /home/Aboya_25R9803/projects/lab/SUN/iPyPOTS/datasets/rate_0.5
🚀 Starting TEFN training pipeline...
[TEFN] Testing —— MAE: 0.6128| MSE: 0.8357| RMSE: 0.9142| MRE: 0.8440| 
📊 Metrics saved to: output/imputation/cuda/paper_campaign/tefn/household_power/mr0.5/seed456/metrics/tefn_metrics.json
