2026-06-04 05:15:33 [INFO]: Have set the random seed as 123 for numpy and pytorch.
2026-06-04 05:15:41 [INFO]: 🔥🔥🔥🔥🔥🔥🔥🔥🔥🔥Using device list: ['cuda:0']
2026-06-04 05:15:41 [INFO]: 🔥🔥🔥🔥🔥🔥🔥🔥🔥🔥Using the given device: cuda:0
2026-06-04 05:15:42 [INFO]: Model files will be saved to output/imputation/cuda/paper_campaign/tefn/household_power/mr0.1/seed123
2026-06-04 05:15:42 [INFO]: Tensorboard file will be saved to output/imputation/cuda/paper_campaign/tefn/household_power/mr0.1/seed123/tensorboard
2026-06-04 05:15:42 [INFO]: Using customized MAE as the training loss function.
2026-06-04 05:15:42 [INFO]: Using customized MSE as the validation metric function.
2026-06-04 05:15:42 [INFO]: Model placed on cuda:0
2026-06-04 05:15:42 [INFO]: TEFN initialized with the given hyperparameters.
 ├─ Total parameters: 5,981
 ├─ Trainable parameters: 5,981
 └─ Trainable ratio: 100.00%
2026-06-04 05:15:44 [INFO]: Epoch 001 - training loss (MAE): 9.3528, validation MSE: 29.1164
2026-06-04 05:15:45 [INFO]: Epoch 002 - training loss (MAE): 8.0742, validation MSE: 22.3940
2026-06-04 05:15:46 [INFO]: Epoch 003 - training loss (MAE): 6.9765, validation MSE: 17.4180
2026-06-04 05:15:48 [INFO]: Epoch 004 - training loss (MAE): 5.9208, validation MSE: 13.3235
2026-06-04 05:15:49 [INFO]: Epoch 005 - training loss (MAE): 4.9728, validation MSE: 10.1210
2026-06-04 05:15:50 [INFO]: Epoch 006 - training loss (MAE): 4.1743, validation MSE: 7.7847
2026-06-04 05:15:52 [INFO]: Epoch 007 - training loss (MAE): 3.5456, validation MSE: 6.0786
2026-06-04 05:15:53 [INFO]: Epoch 008 - training loss (MAE): 3.0567, validation MSE: 4.8232
2026-06-04 05:15:55 [INFO]: Epoch 009 - training loss (MAE): 2.6726, validation MSE: 3.8858
2026-06-04 05:15:56 [INFO]: Epoch 010 - training loss (MAE): 2.3654, validation MSE: 3.1882
2026-06-04 05:15:57 [INFO]: Epoch 011 - training loss (MAE): 2.1145, validation MSE: 2.6565
2026-06-04 05:15:58 [INFO]: Epoch 012 - training loss (MAE): 1.9041, validation MSE: 2.2386
2026-06-04 05:15:59 [INFO]: Epoch 013 - training loss (MAE): 1.7198, validation MSE: 1.9120
2026-06-04 05:16:00 [INFO]: Epoch 014 - training loss (MAE): 1.5588, validation MSE: 1.6900
2026-06-04 05:16:01 [INFO]: Epoch 015 - training loss (MAE): 1.4531, validation MSE: 1.5603
2026-06-04 05:16:02 [INFO]: Epoch 016 - training loss (MAE): 1.3739, validation MSE: 1.4548
2026-06-04 05:16:03 [INFO]: Epoch 017 - training loss (MAE): 1.3045, validation MSE: 1.3693
2026-06-04 05:16:04 [INFO]: Epoch 018 - training loss (MAE): 1.2430, validation MSE: 1.3012
2026-06-04 05:16:05 [INFO]: Epoch 019 - training loss (MAE): 1.1844, validation MSE: 1.2414
2026-06-04 05:16:06 [INFO]: Epoch 020 - training loss (MAE): 1.1281, validation MSE: 1.1912
2026-06-04 05:16:06 [INFO]: Epoch 021 - training loss (MAE): 1.0747, validation MSE: 1.1508
2026-06-04 05:16:07 [INFO]: Epoch 022 - training loss (MAE): 1.0227, validation MSE: 1.1218
2026-06-04 05:16:08 [INFO]: Epoch 023 - training loss (MAE): 0.9738, validation MSE: 1.0971
2026-06-04 05:16:09 [INFO]: Epoch 024 - training loss (MAE): 0.9327, validation MSE: 1.0823
2026-06-04 05:16:10 [INFO]: Epoch 025 - training loss (MAE): 0.8982, validation MSE: 1.0671
2026-06-04 05:16:11 [INFO]: Epoch 026 - training loss (MAE): 0.8696, validation MSE: 1.0586
2026-06-04 05:16:12 [INFO]: Epoch 027 - training loss (MAE): 0.8421, validation MSE: 1.0530
2026-06-04 05:16:13 [INFO]: Epoch 028 - training loss (MAE): 0.8172, validation MSE: 1.0482
2026-06-04 05:16:14 [INFO]: Epoch 029 - training loss (MAE): 0.7971, validation MSE: 1.0432
2026-06-04 05:16:15 [INFO]: Epoch 030 - training loss (MAE): 0.7812, validation MSE: 1.0384
2026-06-04 05:16:15 [INFO]: Epoch 031 - training loss (MAE): 0.7660, validation MSE: 1.0355
2026-06-04 05:16:16 [INFO]: Epoch 032 - training loss (MAE): 0.7542, validation MSE: 1.0265
2026-06-04 05:16:17 [INFO]: Epoch 033 - training loss (MAE): 0.7439, validation MSE: 1.0236
2026-06-04 05:16:18 [INFO]: Epoch 034 - training loss (MAE): 0.7357, validation MSE: 1.0176
2026-06-04 05:16:19 [INFO]: Epoch 035 - training loss (MAE): 0.7263, validation MSE: 1.0160
2026-06-04 05:16:20 [INFO]: Epoch 036 - training loss (MAE): 0.7181, validation MSE: 1.0139
2026-06-04 05:16:21 [INFO]: Epoch 037 - training loss (MAE): 0.7131, validation MSE: 1.0117
2026-06-04 05:16:22 [INFO]: Epoch 038 - training loss (MAE): 0.7057, validation MSE: 1.0081
2026-06-04 05:16:23 [INFO]: Epoch 039 - training loss (MAE): 0.7024, validation MSE: 1.0044
2026-06-04 05:16:24 [INFO]: Epoch 040 - training loss (MAE): 0.6959, validation MSE: 1.0067
2026-06-04 05:16:25 [INFO]: Epoch 041 - training loss (MAE): 0.6915, validation MSE: 1.0027
2026-06-04 05:16:26 [INFO]: Epoch 042 - training loss (MAE): 0.6892, validation MSE: 0.9973
2026-06-04 05:16:26 [INFO]: Epoch 043 - training loss (MAE): 0.6863, validation MSE: 0.9931
2026-06-04 05:16:28 [INFO]: Epoch 044 - training loss (MAE): 0.6826, validation MSE: 0.9946
2026-06-04 05:16:29 [INFO]: Epoch 045 - training loss (MAE): 0.6819, validation MSE: 0.9892
2026-06-04 05:16:30 [INFO]: Epoch 046 - training loss (MAE): 0.6798, validation MSE: 0.9875
2026-06-04 05:16:31 [INFO]: Epoch 047 - training loss (MAE): 0.6761, validation MSE: 0.9866
2026-06-04 05:16:32 [INFO]: Epoch 048 - training loss (MAE): 0.6740, validation MSE: 0.9848
2026-06-04 05:16:34 [INFO]: Epoch 049 - training loss (MAE): 0.6723, validation MSE: 0.9818
2026-06-04 05:16:35 [INFO]: Epoch 050 - training loss (MAE): 0.6713, validation MSE: 0.9788
2026-06-04 05:16:36 [INFO]: Epoch 051 - training loss (MAE): 0.6685, validation MSE: 0.9799
2026-06-04 05:16:37 [INFO]: Epoch 052 - training loss (MAE): 0.6671, validation MSE: 0.9759
2026-06-04 05:16:39 [INFO]: Epoch 053 - training loss (MAE): 0.6660, validation MSE: 0.9747
2026-06-04 05:16:40 [INFO]: Epoch 054 - training loss (MAE): 0.6638, validation MSE: 0.9756
2026-06-04 05:16:41 [INFO]: Epoch 055 - training loss (MAE): 0.6623, validation MSE: 0.9732
2026-06-04 05:16:43 [INFO]: Epoch 056 - training loss (MAE): 0.6599, validation MSE: 0.9728
2026-06-04 05:16:44 [INFO]: Epoch 057 - training loss (MAE): 0.6610, validation MSE: 0.9716
2026-06-04 05:16:45 [INFO]: Epoch 058 - training loss (MAE): 0.6582, validation MSE: 0.9693
2026-06-04 05:16:47 [INFO]: Epoch 059 - training loss (MAE): 0.6561, validation MSE: 0.9674
2026-06-04 05:16:48 [INFO]: Epoch 060 - training loss (MAE): 0.6539, validation MSE: 0.9693
2026-06-04 05:16:48 [INFO]: Finished training. The best model is from epoch#59.
2026-06-04 05:16:48 [INFO]: Saved the model to output/imputation/cuda/paper_campaign/tefn/household_power/mr0.1/seed123/TEFN.pypots
[34m
████████╗██╗███╗   ███╗███████╗    ███████╗███████╗██████╗ ██╗███████╗███████╗    █████╗ ██╗
╚══██╔══╝██║████╗ ████║██╔════╝    ██╔════╝██╔════╝██╔══██╗██║██╔════╝██╔════╝   ██╔══██╗██║
   ██║   ██║██╔████╔██║█████╗█████╗███████╗█████╗  ██████╔╝██║█████╗  ███████╗   ███████║██║
   ██║   ██║██║╚██╔╝██║██╔══╝╚════╝╚════██║██╔══╝  ██╔══██╗██║██╔══╝  ╚════██║   ██╔══██║██║
   ██║   ██║██║ ╚═╝ ██║███████╗    ███████║███████╗██║  ██║██║███████╗███████║██╗██║  ██║██║
   ╚═╝   ╚═╝╚═╝     ╚═╝╚══════╝    ╚══════╝╚══════╝╚═╝  ╚═╝╚═╝╚══════╝╚══════╝╚═╝╚═╝  ╚═╝╚═╝
ai4ts v0.0.3 - building AI for unified time-series analysis, https://time-series.ai [0m

Use Train GPT: False
Use Lora: False
Use Profiling: False
🚀 Running imputation pipeline for model: tefn
✅ Dataset 'household_power' with missing rate 0.1 loaded at: /home/Aboya_25R9803/projects/lab/SUN/iPyPOTS/datasets/rate_0.1
🚀 Starting TEFN training pipeline...
[TEFN] Testing —— MAE: 0.5613| MSE: 0.7694| RMSE: 0.8771| MRE: 0.7739| 
📊 Metrics saved to: output/imputation/cuda/paper_campaign/tefn/household_power/mr0.1/seed123/metrics/tefn_metrics.json
