2026-06-04 04:55:51 [INFO]: Have set the random seed as 123 for numpy and pytorch.
2026-06-04 04:55:51 [INFO]: You're using dataset electricity_load_diagrams, please cite it properly in your work. You can find its reference information at the below link: 
https://github.com/WenjieDu/TSDB/tree/main/dataset_profiles/electricity_load_diagrams
2026-06-04 04:55:51 [INFO]: Dataset electricity_load_diagrams has already been downloaded. Processing directly...
2026-06-04 04:55:51 [INFO]: Dataset electricity_load_diagrams has already been cached. Loading from cache directly...
2026-06-04 04:55:51 [INFO]: Loaded successfully!
2026-06-04 04:55:51 [INFO]: months selected as test set are <PeriodArray>
['2011-01', '2011-02', '2011-03', '2011-04', '2011-05', '2011-06', '2011-07',
 '2011-08', '2011-09', '2011-10']
Length: 10, dtype: period[M]
2026-06-04 04:55:51 [INFO]: months selected as val set are <PeriodArray>
['2011-11', '2011-12', '2012-01', '2012-02', '2012-03', '2012-04', '2012-05',
 '2012-06', '2012-07', '2012-08']
Length: 10, dtype: period[M]
2026-06-04 04:55:51 [INFO]: months selected as train set are <PeriodArray>
['2012-09', '2012-10', '2012-11', '2012-12', '2013-01', '2013-02', '2013-03',
 '2013-04', '2013-05', '2013-06', '2013-07', '2013-08', '2013-09', '2013-10',
 '2013-11', '2013-12', '2014-01', '2014-02', '2014-03', '2014-04', '2014-05',
 '2014-06', '2014-07', '2014-08', '2014-09', '2014-10', '2014-11', '2014-12',
 '2015-01']
Length: 29, dtype: period[M]
2026-06-04 04:55:53 [INFO]: Total sample number: 5843
2026-06-04 04:55:53 [INFO]: Training set size: 3408 (58.33%)
2026-06-04 04:55:53 [INFO]: Validation set size: 1220 (20.88%)
2026-06-04 04:55:53 [INFO]: Test set size: 1215 (20.79%)
2026-06-04 04:55:53 [INFO]: Number of steps: 24
2026-06-04 04:55:53 [INFO]: Number of features: 370
2026-06-04 04:55:53 [INFO]: Train set missing rate: 50.00%
2026-06-04 04:55:53 [INFO]: Validating set missing rate: 50.01%
2026-06-04 04:55:53 [INFO]: Test set missing rate: 50.00%
2026-06-04 04:55:53 [INFO]: 🔥🔥🔥🔥🔥🔥🔥🔥🔥🔥Using device list: ['cuda:0']
2026-06-04 04:55:53 [INFO]: 🔥🔥🔥🔥🔥🔥🔥🔥🔥🔥Using the given device: cuda:0
2026-06-04 04:55:54 [INFO]: Model files will be saved to output/imputation/cuda/paper_campaign/saits/eld/mr0.5/seed123
2026-06-04 04:55:54 [INFO]: Tensorboard file will be saved to output/imputation/cuda/paper_campaign/saits/eld/mr0.5/seed123/tensorboard
2026-06-04 04:55:54 [INFO]: Using customized MAE as the training loss function.
2026-06-04 04:55:54 [INFO]: Using customized MSE as the validation metric function.
2026-06-04 04:55:54 [INFO]: SAITS initialized with the given hyperparameters.
 ├─ Total parameters: 559,232
 ├─ Trainable parameters: 559,232
 └─ Trainable ratio: 100.00%
2026-06-04 04:55:54 [INFO]: Model placed on cuda:0
2026-06-04 04:55:56 [INFO]: Epoch 001 - training loss (MAE): 1.3894, validation MSE: 3.3938
2026-06-04 04:55:57 [INFO]: Epoch 002 - training loss (MAE): 1.0000, validation MSE: 3.2497
2026-06-04 04:55:58 [INFO]: Epoch 003 - training loss (MAE): 0.8648, validation MSE: 3.1330
2026-06-04 04:56:00 [INFO]: Epoch 004 - training loss (MAE): 0.7833, validation MSE: 3.0783
2026-06-04 04:56:01 [INFO]: Epoch 005 - training loss (MAE): 0.7317, validation MSE: 3.0529
2026-06-04 04:56:02 [INFO]: Epoch 006 - training loss (MAE): 0.7006, validation MSE: 3.0234
2026-06-04 04:56:03 [INFO]: Epoch 007 - training loss (MAE): 0.6751, validation MSE: 2.9842
2026-06-04 04:56:05 [INFO]: Epoch 008 - training loss (MAE): 0.6528, validation MSE: 2.9436
2026-06-04 04:56:06 [INFO]: Epoch 009 - training loss (MAE): 0.6395, validation MSE: 2.9045
2026-06-04 04:56:07 [INFO]: Epoch 010 - training loss (MAE): 0.6261, validation MSE: 2.8713
2026-06-04 04:56:08 [INFO]: Epoch 011 - training loss (MAE): 0.6166, validation MSE: 2.8499
2026-06-04 04:56:10 [INFO]: Epoch 012 - training loss (MAE): 0.6081, validation MSE: 2.8326
2026-06-04 04:56:11 [INFO]: Epoch 013 - training loss (MAE): 0.6004, validation MSE: 2.8121
2026-06-04 04:56:12 [INFO]: Epoch 014 - training loss (MAE): 0.5916, validation MSE: 2.7952
2026-06-04 04:56:13 [INFO]: Epoch 015 - training loss (MAE): 0.5849, validation MSE: 2.7749
2026-06-04 04:56:14 [INFO]: Epoch 016 - training loss (MAE): 0.5819, validation MSE: 2.7759
2026-06-04 04:56:16 [INFO]: Epoch 017 - training loss (MAE): 0.5732, validation MSE: 2.7723
2026-06-04 04:56:17 [INFO]: Epoch 018 - training loss (MAE): 0.5692, validation MSE: 2.7644
2026-06-04 04:56:18 [INFO]: Epoch 019 - training loss (MAE): 0.5656, validation MSE: 2.7625
2026-06-04 04:56:19 [INFO]: Epoch 020 - training loss (MAE): 0.5617, validation MSE: 2.7652
2026-06-04 04:56:21 [INFO]: Epoch 021 - training loss (MAE): 0.5560, validation MSE: 2.7569
2026-06-04 04:56:22 [INFO]: Epoch 022 - training loss (MAE): 0.5540, validation MSE: 2.7560
2026-06-04 04:56:23 [INFO]: Epoch 023 - training loss (MAE): 0.5505, validation MSE: 2.7550
2026-06-04 04:56:24 [INFO]: Epoch 024 - training loss (MAE): 0.5473, validation MSE: 2.7501
2026-06-04 04:56:25 [INFO]: Epoch 025 - training loss (MAE): 0.5455, validation MSE: 2.7452
2026-06-04 04:56:27 [INFO]: Epoch 026 - training loss (MAE): 0.5404, validation MSE: 2.7390
2026-06-04 04:56:28 [INFO]: Epoch 027 - training loss (MAE): 0.5387, validation MSE: 2.7372
2026-06-04 04:56:29 [INFO]: Epoch 028 - training loss (MAE): 0.5351, validation MSE: 2.7380
2026-06-04 04:56:30 [INFO]: Epoch 029 - training loss (MAE): 0.5329, validation MSE: 2.7369
2026-06-04 04:56:31 [INFO]: Epoch 030 - training loss (MAE): 0.5293, validation MSE: 2.7328
2026-06-04 04:56:33 [INFO]: Epoch 031 - training loss (MAE): 0.5289, validation MSE: 2.7392
2026-06-04 04:56:34 [INFO]: Epoch 032 - training loss (MAE): 0.5255, validation MSE: 2.7319
2026-06-04 04:56:35 [INFO]: Epoch 033 - training loss (MAE): 0.5231, validation MSE: 2.7359
2026-06-04 04:56:36 [INFO]: Epoch 034 - training loss (MAE): 0.5220, validation MSE: 2.7329
2026-06-04 04:56:37 [INFO]: Epoch 035 - training loss (MAE): 0.5202, validation MSE: 2.7266
2026-06-04 04:56:38 [INFO]: Epoch 036 - training loss (MAE): 0.5184, validation MSE: 2.7305
2026-06-04 04:56:40 [INFO]: Epoch 037 - training loss (MAE): 0.5173, validation MSE: 2.7264
2026-06-04 04:56:41 [INFO]: Epoch 038 - training loss (MAE): 0.5150, validation MSE: 2.7281
2026-06-04 04:56:42 [INFO]: Epoch 039 - training loss (MAE): 0.5136, validation MSE: 2.7325
2026-06-04 04:56:43 [INFO]: Epoch 040 - training loss (MAE): 0.5117, validation MSE: 2.7285
2026-06-04 04:56:44 [INFO]: Epoch 041 - training loss (MAE): 0.5103, validation MSE: 2.7303
2026-06-04 04:56:46 [INFO]: Epoch 042 - training loss (MAE): 0.5081, validation MSE: 2.7283
2026-06-04 04:56:47 [INFO]: Epoch 043 - training loss (MAE): 0.5075, validation MSE: 2.7291
2026-06-04 04:56:48 [INFO]: Epoch 044 - training loss (MAE): 0.5061, validation MSE: 2.7265
2026-06-04 04:56:49 [INFO]: Epoch 045 - training loss (MAE): 0.5049, validation MSE: 2.7251
2026-06-04 04:56:50 [INFO]: Epoch 046 - training loss (MAE): 0.5041, validation MSE: 2.7291
2026-06-04 04:56:52 [INFO]: Epoch 047 - training loss (MAE): 0.5019, validation MSE: 2.7270
2026-06-04 04:56:53 [INFO]: Epoch 048 - training loss (MAE): 0.5023, validation MSE: 2.7312
2026-06-04 04:56:54 [INFO]: Epoch 049 - training loss (MAE): 0.5010, validation MSE: 2.7330
2026-06-04 04:56:56 [INFO]: Epoch 050 - training loss (MAE): 0.4994, validation MSE: 2.7364
2026-06-04 04:56:57 [INFO]: Epoch 051 - training loss (MAE): 0.4986, validation MSE: 2.7307
2026-06-04 04:56:58 [INFO]: Epoch 052 - training loss (MAE): 0.4983, validation MSE: 2.7323
2026-06-04 04:56:59 [INFO]: Epoch 053 - training loss (MAE): 0.4962, validation MSE: 2.7378
2026-06-04 04:57:01 [INFO]: Epoch 054 - training loss (MAE): 0.4951, validation MSE: 2.7383
2026-06-04 04:57:02 [INFO]: Epoch 055 - training loss (MAE): 0.4946, validation MSE: 2.7383
2026-06-04 04:57:03 [INFO]: Epoch 056 - training loss (MAE): 0.4937, validation MSE: 2.7403
2026-06-04 04:57:04 [INFO]: Epoch 057 - training loss (MAE): 0.4942, validation MSE: 2.7372
2026-06-04 04:57:04 [INFO]: Exceeded the training patience. Terminating the training procedure...
2026-06-04 04:57:04 [INFO]: Finished training. The best model is from epoch#45.
2026-06-04 04:57:04 [INFO]: Saved the model to output/imputation/cuda/paper_campaign/saits/eld/mr0.5/seed123/SAITS.pypots
[34m
████████╗██╗███╗   ███╗███████╗    ███████╗███████╗██████╗ ██╗███████╗███████╗    █████╗ ██╗
╚══██╔══╝██║████╗ ████║██╔════╝    ██╔════╝██╔════╝██╔══██╗██║██╔════╝██╔════╝   ██╔══██╗██║
   ██║   ██║██╔████╔██║█████╗█████╗███████╗█████╗  ██████╔╝██║█████╗  ███████╗   ███████║██║
   ██║   ██║██║╚██╔╝██║██╔══╝╚════╝╚════██║██╔══╝  ██╔══██╗██║██╔══╝  ╚════██║   ██╔══██║██║
   ██║   ██║██║ ╚═╝ ██║███████╗    ███████║███████╗██║  ██║██║███████╗███████║██╗██║  ██║██║
   ╚═╝   ╚═╝╚═╝     ╚═╝╚══════╝    ╚══════╝╚══════╝╚═╝  ╚═╝╚═╝╚══════╝╚══════╝╚═╝╚═╝  ╚═╝╚═╝
ai4ts v0.0.3 - building AI for unified time-series analysis, https://time-series.ai [0m

Use Train GPT: False
Use Lora: False
Use Profiling: False
🚀 Running imputation pipeline for model: saits
✅ Dataset 'eld' with missing rate 0.5 loaded at: /home/Aboya_25R9803/projects/lab/SUN/iPyPOTS/datasets/rate_0.5
🚀 Starting SAITS training pipeline...
[SAITS] Testing —— MAE: 1.3049| MSE: 3.6113| RMSE: 1.9003| MRE: 0.6988| 
📊 Metrics saved to: output/imputation/cuda/paper_campaign/saits/eld/mr0.5/seed123/metrics/saits_metrics.json
