2026-06-04 06:04:44 [INFO]: Have set the random seed as 123 for numpy and pytorch.
2026-06-04 06:04:44 [INFO]: You're using dataset solar_alabama, please cite it properly in your work. You can find its reference information at the below link: 
https://github.com/WenjieDu/TSDB/tree/main/dataset_profiles/solar_alabama
2026-06-04 06:04:44 [INFO]: Dataset solar_alabama has already been downloaded. Processing directly...
2026-06-04 06:04:44 [INFO]: Dataset solar_alabama has already been cached. Loading from cache directly...
2026-06-04 06:04:44 [INFO]: Loaded successfully!
2026-06-04 06:04:44 [INFO]: months selected as train set are <PeriodArray>
['2006-01', '2006-02', '2006-03', '2006-04', '2006-05', '2006-06']
Length: 6, dtype: period[M]
2026-06-04 06:04:44 [INFO]: months selected as val set are <PeriodArray>
['2006-07', '2006-08', '2006-09']
Length: 3, dtype: period[M]
2026-06-04 06:04:44 [INFO]: months selected as test set are <PeriodArray>
['2006-10', '2006-11', '2006-12']
Length: 3, dtype: period[M]
2026-06-04 06:04:44 [INFO]: Total sample number: 2190
2026-06-04 06:04:44 [INFO]: Training set size: 1086 (49.59%)
2026-06-04 06:04:44 [INFO]: Validation set size: 552 (25.21%)
2026-06-04 06:04:44 [INFO]: Test set size: 552 (25.21%)
2026-06-04 06:04:44 [INFO]: Number of steps: 24
2026-06-04 06:04:44 [INFO]: Number of features: 137
2026-06-04 06:04:44 [INFO]: Train set missing rate: 29.98%
2026-06-04 06:04:44 [INFO]: Validating set missing rate: 30.01%
2026-06-04 06:04:44 [INFO]: Test set missing rate: 29.99%
2026-06-04 06:04:44 [INFO]: 🔥🔥🔥🔥🔥🔥🔥🔥🔥🔥Using device list: ['cuda:0']
2026-06-04 06:04:44 [INFO]: 🔥🔥🔥🔥🔥🔥🔥🔥🔥🔥Using the given device: cuda:0
2026-06-04 06:04:45 [INFO]: Model files will be saved to output/imputation/cuda/paper_campaign/saits/solar/mr0.3/seed123
2026-06-04 06:04:45 [INFO]: Tensorboard file will be saved to output/imputation/cuda/paper_campaign/saits/solar/mr0.3/seed123/tensorboard
2026-06-04 06:04:45 [INFO]: Using customized MAE as the training loss function.
2026-06-04 06:04:45 [INFO]: Using customized MSE as the validation metric function.
2026-06-04 06:04:45 [INFO]: SAITS initialized with the given hyperparameters.
 ├─ Total parameters: 226,974
 ├─ Trainable parameters: 226,974
 └─ Trainable ratio: 100.00%
2026-06-04 06:04:45 [INFO]: Model placed on cuda:0
2026-06-04 06:04:46 [INFO]: Epoch 001 - training loss (MAE): 1.5937, validation MSE: 0.5931
2026-06-04 06:04:46 [INFO]: Epoch 002 - training loss (MAE): 1.0838, validation MSE: 0.2968
2026-06-04 06:04:46 [INFO]: Epoch 003 - training loss (MAE): 0.7821, validation MSE: 0.2092
2026-06-04 06:04:47 [INFO]: Epoch 004 - training loss (MAE): 0.6624, validation MSE: 0.1843
2026-06-04 06:04:47 [INFO]: Epoch 005 - training loss (MAE): 0.5457, validation MSE: 0.1399
2026-06-04 06:04:47 [INFO]: Epoch 006 - training loss (MAE): 0.4932, validation MSE: 0.1059
2026-06-04 06:04:48 [INFO]: Epoch 007 - training loss (MAE): 0.4310, validation MSE: 0.0924
2026-06-04 06:04:48 [INFO]: Epoch 008 - training loss (MAE): 0.4181, validation MSE: 0.0870
2026-06-04 06:04:48 [INFO]: Epoch 009 - training loss (MAE): 0.4010, validation MSE: 0.0834
2026-06-04 06:04:49 [INFO]: Epoch 010 - training loss (MAE): 0.3807, validation MSE: 0.0811
2026-06-04 06:04:49 [INFO]: Epoch 011 - training loss (MAE): 0.3467, validation MSE: 0.0880
2026-06-04 06:04:49 [INFO]: Epoch 012 - training loss (MAE): 0.3601, validation MSE: 0.0838
2026-06-04 06:04:49 [INFO]: Epoch 013 - training loss (MAE): 0.3372, validation MSE: 0.0847
2026-06-04 06:04:50 [INFO]: Epoch 014 - training loss (MAE): 0.3299, validation MSE: 0.0802
2026-06-04 06:04:50 [INFO]: Epoch 015 - training loss (MAE): 0.3255, validation MSE: 0.0819
2026-06-04 06:04:50 [INFO]: Epoch 016 - training loss (MAE): 0.3236, validation MSE: 0.0790
2026-06-04 06:04:51 [INFO]: Epoch 017 - training loss (MAE): 0.3264, validation MSE: 0.0770
2026-06-04 06:04:51 [INFO]: Epoch 018 - training loss (MAE): 0.3171, validation MSE: 0.0798
2026-06-04 06:04:51 [INFO]: Epoch 019 - training loss (MAE): 0.3154, validation MSE: 0.0762
2026-06-04 06:04:51 [INFO]: Epoch 020 - training loss (MAE): 0.3123, validation MSE: 0.0778
2026-06-04 06:04:52 [INFO]: Epoch 021 - training loss (MAE): 0.3078, validation MSE: 0.0837
2026-06-04 06:04:52 [INFO]: Epoch 022 - training loss (MAE): 0.3042, validation MSE: 0.0794
2026-06-04 06:04:52 [INFO]: Epoch 023 - training loss (MAE): 0.3003, validation MSE: 0.0767
2026-06-04 06:04:53 [INFO]: Epoch 024 - training loss (MAE): 0.3014, validation MSE: 0.0795
2026-06-04 06:04:53 [INFO]: Epoch 025 - training loss (MAE): 0.3076, validation MSE: 0.0771
2026-06-04 06:04:53 [INFO]: Epoch 026 - training loss (MAE): 0.3005, validation MSE: 0.0768
2026-06-04 06:04:53 [INFO]: Epoch 027 - training loss (MAE): 0.3050, validation MSE: 0.0791
2026-06-04 06:04:54 [INFO]: Epoch 028 - training loss (MAE): 0.2870, validation MSE: 0.0810
2026-06-04 06:04:54 [INFO]: Epoch 029 - training loss (MAE): 0.2998, validation MSE: 0.0823
2026-06-04 06:04:54 [INFO]: Epoch 030 - training loss (MAE): 0.2798, validation MSE: 0.0811
2026-06-04 06:04:55 [INFO]: Epoch 031 - training loss (MAE): 0.2986, validation MSE: 0.0758
2026-06-04 06:04:55 [INFO]: Epoch 032 - training loss (MAE): 0.3104, validation MSE: 0.0766
2026-06-04 06:04:55 [INFO]: Epoch 033 - training loss (MAE): 0.2933, validation MSE: 0.0803
2026-06-04 06:04:55 [INFO]: Epoch 034 - training loss (MAE): 0.2936, validation MSE: 0.0773
2026-06-04 06:04:56 [INFO]: Epoch 035 - training loss (MAE): 0.2888, validation MSE: 0.0832
2026-06-04 06:04:56 [INFO]: Epoch 036 - training loss (MAE): 0.2962, validation MSE: 0.0758
2026-06-04 06:04:56 [INFO]: Epoch 037 - training loss (MAE): 0.2869, validation MSE: 0.0801
2026-06-04 06:04:57 [INFO]: Epoch 038 - training loss (MAE): 0.2934, validation MSE: 0.0767
2026-06-04 06:04:57 [INFO]: Epoch 039 - training loss (MAE): 0.2883, validation MSE: 0.0770
2026-06-04 06:04:57 [INFO]: Epoch 040 - training loss (MAE): 0.2866, validation MSE: 0.0785
2026-06-04 06:04:57 [INFO]: Epoch 041 - training loss (MAE): 0.2930, validation MSE: 0.0803
2026-06-04 06:04:58 [INFO]: Epoch 042 - training loss (MAE): 0.2873, validation MSE: 0.0757
2026-06-04 06:04:58 [INFO]: Epoch 043 - training loss (MAE): 0.2740, validation MSE: 0.0774
2026-06-04 06:04:58 [INFO]: Epoch 044 - training loss (MAE): 0.2839, validation MSE: 0.0779
2026-06-04 06:04:59 [INFO]: Epoch 045 - training loss (MAE): 0.2753, validation MSE: 0.0784
2026-06-04 06:04:59 [INFO]: Epoch 046 - training loss (MAE): 0.2890, validation MSE: 0.0762
2026-06-04 06:04:59 [INFO]: Epoch 047 - training loss (MAE): 0.2772, validation MSE: 0.0757
2026-06-04 06:05:00 [INFO]: Epoch 048 - training loss (MAE): 0.2886, validation MSE: 0.0761
2026-06-04 06:05:00 [INFO]: Epoch 049 - training loss (MAE): 0.2841, validation MSE: 0.0765
2026-06-04 06:05:00 [INFO]: Epoch 050 - training loss (MAE): 0.2658, validation MSE: 0.0762
2026-06-04 06:05:00 [INFO]: Epoch 051 - training loss (MAE): 0.2758, validation MSE: 0.0743
2026-06-04 06:05:01 [INFO]: Epoch 052 - training loss (MAE): 0.2700, validation MSE: 0.0758
2026-06-04 06:05:01 [INFO]: Epoch 053 - training loss (MAE): 0.2745, validation MSE: 0.0729
2026-06-04 06:05:01 [INFO]: Epoch 054 - training loss (MAE): 0.2696, validation MSE: 0.0703
2026-06-04 06:05:01 [INFO]: Epoch 055 - training loss (MAE): 0.2747, validation MSE: 0.0688
2026-06-04 06:05:02 [INFO]: Epoch 056 - training loss (MAE): 0.2667, validation MSE: 0.0718
2026-06-04 06:05:02 [INFO]: Epoch 057 - training loss (MAE): 0.2700, validation MSE: 0.0649
2026-06-04 06:05:02 [INFO]: Epoch 058 - training loss (MAE): 0.2605, validation MSE: 0.0670
2026-06-04 06:05:03 [INFO]: Epoch 059 - training loss (MAE): 0.2645, validation MSE: 0.0656
2026-06-04 06:05:03 [INFO]: Epoch 060 - training loss (MAE): 0.2606, validation MSE: 0.0625
2026-06-04 06:05:03 [INFO]: Finished training. The best model is from epoch#60.
2026-06-04 06:05:03 [INFO]: Saved the model to output/imputation/cuda/paper_campaign/saits/solar/mr0.3/seed123/SAITS.pypots
[34m
████████╗██╗███╗   ███╗███████╗    ███████╗███████╗██████╗ ██╗███████╗███████╗    █████╗ ██╗
╚══██╔══╝██║████╗ ████║██╔════╝    ██╔════╝██╔════╝██╔══██╗██║██╔════╝██╔════╝   ██╔══██╗██║
   ██║   ██║██╔████╔██║█████╗█████╗███████╗█████╗  ██████╔╝██║█████╗  ███████╗   ███████║██║
   ██║   ██║██║╚██╔╝██║██╔══╝╚════╝╚════██║██╔══╝  ██╔══██╗██║██╔══╝  ╚════██║   ██╔══██║██║
   ██║   ██║██║ ╚═╝ ██║███████╗    ███████║███████╗██║  ██║██║███████╗███████║██╗██║  ██║██║
   ╚═╝   ╚═╝╚═╝     ╚═╝╚══════╝    ╚══════╝╚══════╝╚═╝  ╚═╝╚═╝╚══════╝╚══════╝╚═╝╚═╝  ╚═╝╚═╝
ai4ts v0.0.3 - building AI for unified time-series analysis, https://time-series.ai [0m

Use Train GPT: False
Use Lora: False
Use Profiling: False
🚀 Running imputation pipeline for model: saits
✅ Dataset 'solar' with missing rate 0.3 loaded at: /home/Aboya_25R9803/projects/lab/SUN/iPyPOTS/datasets/rate_0.3
🚀 Starting SAITS training pipeline...
[SAITS] Testing —— MAE: 0.1015| MSE: 0.0500| RMSE: 0.2236| MRE: 0.1311| 
📊 Metrics saved to: output/imputation/cuda/paper_campaign/saits/solar/mr0.3/seed123/metrics/saits_metrics.json
