2026-06-04 07:55:45 [INFO]: Have set the random seed as 42 for numpy and pytorch.
2026-06-04 07:55:45 [INFO]: 🔥🔥🔥🔥🔥🔥🔥🔥🔥🔥Using device list: ['cuda:0']
2026-06-04 07:55:45 [INFO]: 🔥🔥🔥🔥🔥🔥🔥🔥🔥🔥Using the given device: cuda:0
2026-06-04 07:55:45 [INFO]: Model files will be saved to output/imputation/cuda/paper_campaign/saits/appliances_energy/mr0.3/seed42
2026-06-04 07:55:45 [INFO]: Tensorboard file will be saved to output/imputation/cuda/paper_campaign/saits/appliances_energy/mr0.3/seed42/tensorboard
2026-06-04 07:55:45 [INFO]: Using customized MAE as the training loss function.
2026-06-04 07:55:45 [INFO]: Using customized MSE as the validation metric function.
2026-06-04 07:55:46 [INFO]: SAITS initialized with the given hyperparameters.
 ├─ Total parameters: 149,760
 ├─ Trainable parameters: 149,760
 └─ Trainable ratio: 100.00%
2026-06-04 07:55:46 [INFO]: Model placed on cuda:0
2026-06-04 07:55:47 [INFO]: Epoch 001 - training loss (MAE): 1.4083, validation MSE: 0.6525
2026-06-04 07:55:48 [INFO]: Epoch 002 - training loss (MAE): 1.1279, validation MSE: 0.4770
2026-06-04 07:55:49 [INFO]: Epoch 003 - training loss (MAE): 0.9743, validation MSE: 0.4056
2026-06-04 07:55:50 [INFO]: Epoch 004 - training loss (MAE): 0.8576, validation MSE: 0.3452
2026-06-04 07:55:52 [INFO]: Epoch 005 - training loss (MAE): 0.7566, validation MSE: 0.2897
2026-06-04 07:55:53 [INFO]: Epoch 006 - training loss (MAE): 0.6788, validation MSE: 0.2569
2026-06-04 07:55:54 [INFO]: Epoch 007 - training loss (MAE): 0.6233, validation MSE: 0.2321
2026-06-04 07:55:55 [INFO]: Epoch 008 - training loss (MAE): 0.5830, validation MSE: 0.2151
2026-06-04 07:55:56 [INFO]: Epoch 009 - training loss (MAE): 0.5523, validation MSE: 0.2035
2026-06-04 07:55:57 [INFO]: Epoch 010 - training loss (MAE): 0.5284, validation MSE: 0.1949
2026-06-04 07:55:57 [INFO]: Epoch 011 - training loss (MAE): 0.5079, validation MSE: 0.1872
2026-06-04 07:55:58 [INFO]: Epoch 012 - training loss (MAE): 0.4913, validation MSE: 0.1808
2026-06-04 07:55:59 [INFO]: Epoch 013 - training loss (MAE): 0.4775, validation MSE: 0.1756
2026-06-04 07:56:00 [INFO]: Epoch 014 - training loss (MAE): 0.4655, validation MSE: 0.1725
2026-06-04 07:56:01 [INFO]: Epoch 015 - training loss (MAE): 0.4546, validation MSE: 0.1668
2026-06-04 07:56:02 [INFO]: Epoch 016 - training loss (MAE): 0.4438, validation MSE: 0.1641
2026-06-04 07:56:03 [INFO]: Epoch 017 - training loss (MAE): 0.4362, validation MSE: 0.1602
2026-06-04 07:56:04 [INFO]: Epoch 018 - training loss (MAE): 0.4267, validation MSE: 0.1551
2026-06-04 07:56:05 [INFO]: Epoch 019 - training loss (MAE): 0.4186, validation MSE: 0.1519
2026-06-04 07:56:06 [INFO]: Epoch 020 - training loss (MAE): 0.4120, validation MSE: 0.1469
2026-06-04 07:56:07 [INFO]: Epoch 021 - training loss (MAE): 0.4048, validation MSE: 0.1456
2026-06-04 07:56:08 [INFO]: Epoch 022 - training loss (MAE): 0.3978, validation MSE: 0.1424
2026-06-04 07:56:09 [INFO]: Epoch 023 - training loss (MAE): 0.3916, validation MSE: 0.1408
2026-06-04 07:56:10 [INFO]: Epoch 024 - training loss (MAE): 0.3861, validation MSE: 0.1388
2026-06-04 07:56:11 [INFO]: Epoch 025 - training loss (MAE): 0.3805, validation MSE: 0.1364
2026-06-04 07:56:12 [INFO]: Epoch 026 - training loss (MAE): 0.3752, validation MSE: 0.1355
2026-06-04 07:56:13 [INFO]: Epoch 027 - training loss (MAE): 0.3696, validation MSE: 0.1336
2026-06-04 07:56:14 [INFO]: Epoch 028 - training loss (MAE): 0.3648, validation MSE: 0.1303
2026-06-04 07:56:15 [INFO]: Epoch 029 - training loss (MAE): 0.3613, validation MSE: 0.1307
2026-06-04 07:56:16 [INFO]: Epoch 030 - training loss (MAE): 0.3581, validation MSE: 0.1283
2026-06-04 07:56:17 [INFO]: Epoch 031 - training loss (MAE): 0.3529, validation MSE: 0.1266
2026-06-04 07:56:18 [INFO]: Epoch 032 - training loss (MAE): 0.3487, validation MSE: 0.1240
2026-06-04 07:56:20 [INFO]: Epoch 033 - training loss (MAE): 0.3459, validation MSE: 0.1239
2026-06-04 07:56:21 [INFO]: Epoch 034 - training loss (MAE): 0.3420, validation MSE: 0.1234
2026-06-04 07:56:22 [INFO]: Epoch 035 - training loss (MAE): 0.3383, validation MSE: 0.1214
2026-06-04 07:56:24 [INFO]: Epoch 036 - training loss (MAE): 0.3359, validation MSE: 0.1215
2026-06-04 07:56:25 [INFO]: Epoch 037 - training loss (MAE): 0.3340, validation MSE: 0.1186
2026-06-04 07:56:26 [INFO]: Epoch 038 - training loss (MAE): 0.3298, validation MSE: 0.1175
2026-06-04 07:56:27 [INFO]: Epoch 039 - training loss (MAE): 0.3268, validation MSE: 0.1168
2026-06-04 07:56:29 [INFO]: Epoch 040 - training loss (MAE): 0.3252, validation MSE: 0.1153
2026-06-04 07:56:30 [INFO]: Epoch 041 - training loss (MAE): 0.3236, validation MSE: 0.1152
2026-06-04 07:56:32 [INFO]: Epoch 042 - training loss (MAE): 0.3209, validation MSE: 0.1135
2026-06-04 07:56:33 [INFO]: Epoch 043 - training loss (MAE): 0.3188, validation MSE: 0.1120
2026-06-04 07:56:34 [INFO]: Epoch 044 - training loss (MAE): 0.3167, validation MSE: 0.1122
2026-06-04 07:56:35 [INFO]: Epoch 045 - training loss (MAE): 0.3142, validation MSE: 0.1100
2026-06-04 07:56:37 [INFO]: Epoch 046 - training loss (MAE): 0.3123, validation MSE: 0.1113
2026-06-04 07:56:38 [INFO]: Epoch 047 - training loss (MAE): 0.3109, validation MSE: 0.1109
2026-06-04 07:56:39 [INFO]: Epoch 048 - training loss (MAE): 0.3100, validation MSE: 0.1102
2026-06-04 07:56:41 [INFO]: Epoch 049 - training loss (MAE): 0.3077, validation MSE: 0.1069
2026-06-04 07:56:42 [INFO]: Epoch 050 - training loss (MAE): 0.3047, validation MSE: 0.1069
2026-06-04 07:56:43 [INFO]: Epoch 051 - training loss (MAE): 0.3031, validation MSE: 0.1070
2026-06-04 07:56:45 [INFO]: Epoch 052 - training loss (MAE): 0.3029, validation MSE: 0.1081
2026-06-04 07:56:46 [INFO]: Epoch 053 - training loss (MAE): 0.3004, validation MSE: 0.1054
2026-06-04 07:56:47 [INFO]: Epoch 054 - training loss (MAE): 0.2993, validation MSE: 0.1050
2026-06-04 07:56:48 [INFO]: Epoch 055 - training loss (MAE): 0.2980, validation MSE: 0.1030
2026-06-04 07:56:50 [INFO]: Epoch 056 - training loss (MAE): 0.2969, validation MSE: 0.1031
2026-06-04 07:56:51 [INFO]: Epoch 057 - training loss (MAE): 0.2959, validation MSE: 0.1051
2026-06-04 07:56:52 [INFO]: Epoch 058 - training loss (MAE): 0.2943, validation MSE: 0.1043
2026-06-04 07:56:53 [INFO]: Epoch 059 - training loss (MAE): 0.2930, validation MSE: 0.1027
2026-06-04 07:56:55 [INFO]: Epoch 060 - training loss (MAE): 0.2921, validation MSE: 0.1030
2026-06-04 07:56:55 [INFO]: Finished training. The best model is from epoch#59.
2026-06-04 07:56:55 [INFO]: Saved the model to output/imputation/cuda/paper_campaign/saits/appliances_energy/mr0.3/seed42/SAITS.pypots
[34m
████████╗██╗███╗   ███╗███████╗    ███████╗███████╗██████╗ ██╗███████╗███████╗    █████╗ ██╗
╚══██╔══╝██║████╗ ████║██╔════╝    ██╔════╝██╔════╝██╔══██╗██║██╔════╝██╔════╝   ██╔══██╗██║
   ██║   ██║██╔████╔██║█████╗█████╗███████╗█████╗  ██████╔╝██║█████╗  ███████╗   ███████║██║
   ██║   ██║██║╚██╔╝██║██╔══╝╚════╝╚════██║██╔══╝  ██╔══██╗██║██╔══╝  ╚════██║   ██╔══██║██║
   ██║   ██║██║ ╚═╝ ██║███████╗    ███████║███████╗██║  ██║██║███████╗███████║██╗██║  ██║██║
   ╚═╝   ╚═╝╚═╝     ╚═╝╚══════╝    ╚══════╝╚══════╝╚═╝  ╚═╝╚═╝╚══════╝╚══════╝╚═╝╚═╝  ╚═╝╚═╝
ai4ts v0.0.3 - building AI for unified time-series analysis, https://time-series.ai [0m

Use Train GPT: False
Use Lora: False
Use Profiling: False
🚀 Running imputation pipeline for model: saits
✅ Dataset 'appliances_energy' with missing rate 0.3 loaded at: /home/Aboya_25R9803/projects/lab/SUN/iPyPOTS/datasets/rate_0.3
🚀 Starting SAITS training pipeline...
[SAITS] Testing —— MAE: 0.3610| MSE: 0.2561| RMSE: 0.5060| MRE: 0.3581| 
📊 Metrics saved to: output/imputation/cuda/paper_campaign/saits/appliances_energy/mr0.3/seed42/metrics/saits_metrics.json
