2026-06-04 04:45:34 [INFO]: Have set the random seed as 123 for numpy and pytorch.
2026-06-04 04:45:34 [INFO]: You're using dataset electricity_transformer_temperature, please cite it properly in your work. You can find its reference information at the below link: 
https://github.com/WenjieDu/TSDB/tree/main/dataset_profiles/electricity_transformer_temperature
2026-06-04 04:45:34 [INFO]: Dataset electricity_transformer_temperature has already been downloaded. Processing directly...
2026-06-04 04:45:34 [INFO]: Dataset electricity_transformer_temperature has already been cached. Loading from cache directly...
2026-06-04 04:45:34 [INFO]: Loaded successfully!
2026-06-04 04:45:34 [INFO]: months selected as train set are <PeriodArray>
['2016-07', '2016-08', '2016-09', '2016-10', '2016-11', '2016-12', '2017-01',
 '2017-02', '2017-03', '2017-04', '2017-05', '2017-06', '2017-07', '2017-08']
Length: 14, dtype: period[M]
2026-06-04 04:45:34 [INFO]: months selected as val set are <PeriodArray>
['2017-09', '2017-10', '2017-11', '2017-12', '2018-01']
Length: 5, dtype: period[M]
2026-06-04 04:45:34 [INFO]: months selected as test set are <PeriodArray>
['2018-02', '2018-03', '2018-04', '2018-05', '2018-06']
Length: 5, dtype: period[M]
2026-06-04 04:45:34 [INFO]: Total sample number: 725
2026-06-04 04:45:34 [INFO]: Training set size: 427 (58.90%)
2026-06-04 04:45:34 [INFO]: Validation set size: 153 (21.10%)
2026-06-04 04:45:34 [INFO]: Test set size: 145 (20.00%)
2026-06-04 04:45:34 [INFO]: Number of steps: 96
2026-06-04 04:45:34 [INFO]: Number of features: 7
2026-06-04 04:45:34 [INFO]: Train set missing rate: 30.02%
2026-06-04 04:45:34 [INFO]: Validating set missing rate: 30.22%
2026-06-04 04:45:34 [INFO]: Test set missing rate: 29.89%
2026-06-04 04:45:34 [INFO]: 🔥🔥🔥🔥🔥🔥🔥🔥🔥🔥Using device list: ['cuda:0']
2026-06-04 04:45:34 [INFO]: 🔥🔥🔥🔥🔥🔥🔥🔥🔥🔥Using the given device: cuda:0
2026-06-04 04:45:34 [INFO]: Model files will be saved to output/imputation/cuda/paper_campaign/saits/ettm1/mr0.3/seed123
2026-06-04 04:45:34 [INFO]: Tensorboard file will be saved to output/imputation/cuda/paper_campaign/saits/ettm1/mr0.3/seed123/tensorboard
2026-06-04 04:45:34 [INFO]: Using customized MAE as the training loss function.
2026-06-04 04:45:34 [INFO]: Using customized MSE as the validation metric function.
2026-06-04 04:45:34 [INFO]: SAITS initialized with the given hyperparameters.
 ├─ Total parameters: 136,478
 ├─ Trainable parameters: 136,478
 └─ Trainable ratio: 100.00%
2026-06-04 04:45:34 [INFO]: Model placed on cuda:0
2026-06-04 04:45:35 [INFO]: Epoch 001 - training loss (MAE): 1.6132, validation MSE: 1.0264
2026-06-04 04:45:35 [INFO]: Epoch 002 - training loss (MAE): 1.5079, validation MSE: 0.9547
2026-06-04 04:45:35 [INFO]: Epoch 003 - training loss (MAE): 1.4368, validation MSE: 0.8776
2026-06-04 04:45:35 [INFO]: Epoch 004 - training loss (MAE): 1.3580, validation MSE: 0.8178
2026-06-04 04:45:35 [INFO]: Epoch 005 - training loss (MAE): 1.2759, validation MSE: 0.7738
2026-06-04 04:45:36 [INFO]: Epoch 006 - training loss (MAE): 1.2035, validation MSE: 0.7314
2026-06-04 04:45:36 [INFO]: Epoch 007 - training loss (MAE): 1.1444, validation MSE: 0.6814
2026-06-04 04:45:36 [INFO]: Epoch 008 - training loss (MAE): 1.1040, validation MSE: 0.6360
2026-06-04 04:45:36 [INFO]: Epoch 009 - training loss (MAE): 1.0699, validation MSE: 0.5906
2026-06-04 04:45:36 [INFO]: Epoch 010 - training loss (MAE): 1.0351, validation MSE: 0.5501
2026-06-04 04:45:36 [INFO]: Epoch 011 - training loss (MAE): 0.9986, validation MSE: 0.5222
2026-06-04 04:45:36 [INFO]: Epoch 012 - training loss (MAE): 0.9710, validation MSE: 0.4935
2026-06-04 04:45:36 [INFO]: Epoch 013 - training loss (MAE): 0.9466, validation MSE: 0.4436
2026-06-04 04:45:36 [INFO]: Epoch 014 - training loss (MAE): 0.9215, validation MSE: 0.3995
2026-06-04 04:45:36 [INFO]: Epoch 015 - training loss (MAE): 0.9041, validation MSE: 0.3762
2026-06-04 04:45:36 [INFO]: Epoch 016 - training loss (MAE): 0.8819, validation MSE: 0.3537
2026-06-04 04:45:37 [INFO]: Epoch 017 - training loss (MAE): 0.8671, validation MSE: 0.3342
2026-06-04 04:45:37 [INFO]: Epoch 018 - training loss (MAE): 0.8443, validation MSE: 0.3107
2026-06-04 04:45:37 [INFO]: Epoch 019 - training loss (MAE): 0.8249, validation MSE: 0.2943
2026-06-04 04:45:37 [INFO]: Epoch 020 - training loss (MAE): 0.8089, validation MSE: 0.2803
2026-06-04 04:45:37 [INFO]: Epoch 021 - training loss (MAE): 0.7891, validation MSE: 0.2761
2026-06-04 04:45:37 [INFO]: Epoch 022 - training loss (MAE): 0.7738, validation MSE: 0.2676
2026-06-04 04:45:37 [INFO]: Epoch 023 - training loss (MAE): 0.7614, validation MSE: 0.2498
2026-06-04 04:45:37 [INFO]: Epoch 024 - training loss (MAE): 0.7442, validation MSE: 0.2351
2026-06-04 04:45:37 [INFO]: Epoch 025 - training loss (MAE): 0.7312, validation MSE: 0.2200
2026-06-04 04:45:37 [INFO]: Epoch 026 - training loss (MAE): 0.7228, validation MSE: 0.2090
2026-06-04 04:45:37 [INFO]: Epoch 027 - training loss (MAE): 0.7121, validation MSE: 0.1970
2026-06-04 04:45:38 [INFO]: Epoch 028 - training loss (MAE): 0.7017, validation MSE: 0.1920
2026-06-04 04:45:38 [INFO]: Epoch 029 - training loss (MAE): 0.6939, validation MSE: 0.1844
2026-06-04 04:45:38 [INFO]: Epoch 030 - training loss (MAE): 0.6824, validation MSE: 0.1788
2026-06-04 04:45:38 [INFO]: Epoch 031 - training loss (MAE): 0.6753, validation MSE: 0.1705
2026-06-04 04:45:38 [INFO]: Epoch 032 - training loss (MAE): 0.6609, validation MSE: 0.1650
2026-06-04 04:45:38 [INFO]: Epoch 033 - training loss (MAE): 0.6549, validation MSE: 0.1582
2026-06-04 04:45:38 [INFO]: Epoch 034 - training loss (MAE): 0.6455, validation MSE: 0.1499
2026-06-04 04:45:38 [INFO]: Epoch 035 - training loss (MAE): 0.6343, validation MSE: 0.1475
2026-06-04 04:45:38 [INFO]: Epoch 036 - training loss (MAE): 0.6233, validation MSE: 0.1410
2026-06-04 04:45:38 [INFO]: Epoch 037 - training loss (MAE): 0.6222, validation MSE: 0.1379
2026-06-04 04:45:39 [INFO]: Epoch 038 - training loss (MAE): 0.6121, validation MSE: 0.1313
2026-06-04 04:45:39 [INFO]: Epoch 039 - training loss (MAE): 0.6058, validation MSE: 0.1285
2026-06-04 04:45:39 [INFO]: Epoch 040 - training loss (MAE): 0.5935, validation MSE: 0.1239
2026-06-04 04:45:39 [INFO]: Epoch 041 - training loss (MAE): 0.5861, validation MSE: 0.1192
2026-06-04 04:45:39 [INFO]: Epoch 042 - training loss (MAE): 0.5786, validation MSE: 0.1168
2026-06-04 04:45:39 [INFO]: Epoch 043 - training loss (MAE): 0.5747, validation MSE: 0.1155
2026-06-04 04:45:39 [INFO]: Epoch 044 - training loss (MAE): 0.5708, validation MSE: 0.1101
2026-06-04 04:45:39 [INFO]: Epoch 045 - training loss (MAE): 0.5676, validation MSE: 0.1098
2026-06-04 04:45:40 [INFO]: Epoch 046 - training loss (MAE): 0.5563, validation MSE: 0.1082
2026-06-04 04:45:40 [INFO]: Epoch 047 - training loss (MAE): 0.5466, validation MSE: 0.1044
2026-06-04 04:45:40 [INFO]: Epoch 048 - training loss (MAE): 0.5405, validation MSE: 0.1022
2026-06-04 04:45:40 [INFO]: Epoch 049 - training loss (MAE): 0.5354, validation MSE: 0.1000
2026-06-04 04:45:40 [INFO]: Epoch 050 - training loss (MAE): 0.5323, validation MSE: 0.0968
2026-06-04 04:45:40 [INFO]: Epoch 051 - training loss (MAE): 0.5265, validation MSE: 0.0964
2026-06-04 04:45:40 [INFO]: Epoch 052 - training loss (MAE): 0.5184, validation MSE: 0.0952
2026-06-04 04:45:40 [INFO]: Epoch 053 - training loss (MAE): 0.5138, validation MSE: 0.0933
2026-06-04 04:45:40 [INFO]: Epoch 054 - training loss (MAE): 0.5121, validation MSE: 0.0923
2026-06-04 04:45:40 [INFO]: Epoch 055 - training loss (MAE): 0.5053, validation MSE: 0.0882
2026-06-04 04:45:40 [INFO]: Epoch 056 - training loss (MAE): 0.5016, validation MSE: 0.0881
2026-06-04 04:45:41 [INFO]: Epoch 057 - training loss (MAE): 0.4950, validation MSE: 0.0843
2026-06-04 04:45:41 [INFO]: Epoch 058 - training loss (MAE): 0.4856, validation MSE: 0.0870
2026-06-04 04:45:41 [INFO]: Epoch 059 - training loss (MAE): 0.4870, validation MSE: 0.0835
2026-06-04 04:45:41 [INFO]: Epoch 060 - training loss (MAE): 0.4809, validation MSE: 0.0803
2026-06-04 04:45:41 [INFO]: Finished training. The best model is from epoch#60.
2026-06-04 04:45:41 [INFO]: Saved the model to output/imputation/cuda/paper_campaign/saits/ettm1/mr0.3/seed123/SAITS.pypots
[34m
████████╗██╗███╗   ███╗███████╗    ███████╗███████╗██████╗ ██╗███████╗███████╗    █████╗ ██╗
╚══██╔══╝██║████╗ ████║██╔════╝    ██╔════╝██╔════╝██╔══██╗██║██╔════╝██╔════╝   ██╔══██╗██║
   ██║   ██║██╔████╔██║█████╗█████╗███████╗█████╗  ██████╔╝██║█████╗  ███████╗   ███████║██║
   ██║   ██║██║╚██╔╝██║██╔══╝╚════╝╚════██║██╔══╝  ██╔══██╗██║██╔══╝  ╚════██║   ██╔══██║██║
   ██║   ██║██║ ╚═╝ ██║███████╗    ███████║███████╗██║  ██║██║███████╗███████║██╗██║  ██║██║
   ╚═╝   ╚═╝╚═╝     ╚═╝╚══════╝    ╚══════╝╚══════╝╚═╝  ╚═╝╚═╝╚══════╝╚══════╝╚═╝╚═╝  ╚═╝╚═╝
ai4ts v0.0.3 - building AI for unified time-series analysis, https://time-series.ai [0m

Use Train GPT: False
Use Lora: False
Use Profiling: False
🚀 Running imputation pipeline for model: saits
✅ Dataset 'ettm1' with missing rate 0.3 loaded at: /home/Aboya_25R9803/projects/lab/SUN/iPyPOTS/datasets/rate_0.3
🚀 Starting SAITS training pipeline...
[SAITS] Testing —— MAE: 0.2440| MSE: 0.1301| RMSE: 0.3607| MRE: 0.2865| 
📊 Metrics saved to: output/imputation/cuda/paper_campaign/saits/ettm1/mr0.3/seed123/metrics/saits_metrics.json
