2026-06-04 05:43:32 [INFO]: Have set the random seed as 42 for numpy and pytorch.
2026-06-04 05:43:40 [INFO]: 🔥🔥🔥🔥🔥🔥🔥🔥🔥🔥Using device list: ['cuda:0']
2026-06-04 05:43:40 [INFO]: 🔥🔥🔥🔥🔥🔥🔥🔥🔥🔥Using the given device: cuda:0
2026-06-04 05:43:40 [INFO]: Model files will be saved to output/imputation/cuda/paper_campaign/tslanet/household_power/mr0.5/seed42
2026-06-04 05:43:40 [INFO]: Tensorboard file will be saved to output/imputation/cuda/paper_campaign/tslanet/household_power/mr0.5/seed42/tensorboard
2026-06-04 05:43:40 [INFO]: Model placed on cuda:0
2026-06-04 05:43:40 [INFO]: TSLANet initialized with the given hyperparameters.
 ├─ Total parameters: 416,106
 ├─ Trainable parameters: 416,106
 └─ Trainable ratio: 100.00%
2026-06-04 05:43:42 [INFO]: Epoch 001 - training loss (default): 0.1781, validation loss: 0.0742
2026-06-04 05:43:43 [INFO]: Epoch 002 - training loss (default): 0.0691, validation loss: 0.0394
2026-06-04 05:43:45 [INFO]: Epoch 003 - training loss (default): 0.0427, validation loss: 0.0284
2026-06-04 05:43:46 [INFO]: Epoch 004 - training loss (default): 0.0318, validation loss: 0.0222
2026-06-04 05:43:47 [INFO]: Epoch 005 - training loss (default): 0.0256, validation loss: 0.0188
2026-06-04 05:43:49 [INFO]: Epoch 006 - training loss (default): 0.0213, validation loss: 0.0164
2026-06-04 05:43:50 [INFO]: Epoch 007 - training loss (default): 0.0175, validation loss: 0.0143
2026-06-04 05:43:51 [INFO]: Epoch 008 - training loss (default): 0.0154, validation loss: 0.0125
2026-06-04 05:43:53 [INFO]: Epoch 009 - training loss (default): 0.0133, validation loss: 0.0117
2026-06-04 05:43:54 [INFO]: Epoch 010 - training loss (default): 0.0115, validation loss: 0.0098
2026-06-04 05:43:55 [INFO]: Epoch 011 - training loss (default): 0.0100, validation loss: 0.0091
2026-06-04 05:43:57 [INFO]: Epoch 012 - training loss (default): 0.0087, validation loss: 0.0077
2026-06-04 05:43:58 [INFO]: Epoch 013 - training loss (default): 0.0076, validation loss: 0.0071
2026-06-04 05:43:59 [INFO]: Epoch 014 - training loss (default): 0.0068, validation loss: 0.0062
2026-06-04 05:44:01 [INFO]: Epoch 015 - training loss (default): 0.0061, validation loss: 0.0054
2026-06-04 05:44:02 [INFO]: Epoch 016 - training loss (default): 0.0052, validation loss: 0.0050
2026-06-04 05:44:04 [INFO]: Epoch 017 - training loss (default): 0.0046, validation loss: 0.0046
2026-06-04 05:44:05 [INFO]: Epoch 018 - training loss (default): 0.0041, validation loss: 0.0040
2026-06-04 05:44:06 [INFO]: Epoch 019 - training loss (default): 0.0036, validation loss: 0.0034
2026-06-04 05:44:08 [INFO]: Epoch 020 - training loss (default): 0.0032, validation loss: 0.0032
2026-06-04 05:44:09 [INFO]: Epoch 021 - training loss (default): 0.0028, validation loss: 0.0028
2026-06-04 05:44:11 [INFO]: Epoch 022 - training loss (default): 0.0025, validation loss: 0.0026
2026-06-04 05:44:12 [INFO]: Epoch 023 - training loss (default): 0.0022, validation loss: 0.0023
2026-06-04 05:44:14 [INFO]: Epoch 024 - training loss (default): 0.0020, validation loss: 0.0022
2026-06-04 05:44:15 [INFO]: Epoch 025 - training loss (default): 0.0018, validation loss: 0.0019
2026-06-04 05:44:17 [INFO]: Epoch 026 - training loss (default): 0.0016, validation loss: 0.0017
2026-06-04 05:44:19 [INFO]: Epoch 027 - training loss (default): 0.0014, validation loss: 0.0015
2026-06-04 05:44:20 [INFO]: Epoch 028 - training loss (default): 0.0013, validation loss: 0.0014
2026-06-04 05:44:22 [INFO]: Epoch 029 - training loss (default): 0.0011, validation loss: 0.0013
2026-06-04 05:44:23 [INFO]: Epoch 030 - training loss (default): 0.0010, validation loss: 0.0012
2026-06-04 05:44:25 [INFO]: Epoch 031 - training loss (default): 0.0009, validation loss: 0.0010
2026-06-04 05:44:26 [INFO]: Epoch 032 - training loss (default): 0.0008, validation loss: 0.0009
2026-06-04 05:44:28 [INFO]: Epoch 033 - training loss (default): 0.0007, validation loss: 0.0008
2026-06-04 05:44:30 [INFO]: Epoch 034 - training loss (default): 0.0006, validation loss: 0.0008
2026-06-04 05:44:31 [INFO]: Epoch 035 - training loss (default): 0.0006, validation loss: 0.0007
2026-06-04 05:44:33 [INFO]: Epoch 036 - training loss (default): 0.0005, validation loss: 0.0006
2026-06-04 05:44:34 [INFO]: Epoch 037 - training loss (default): 0.0005, validation loss: 0.0006
2026-06-04 05:44:36 [INFO]: Epoch 038 - training loss (default): 0.0004, validation loss: 0.0005
2026-06-04 05:44:37 [INFO]: Epoch 039 - training loss (default): 0.0004, validation loss: 0.0005
2026-06-04 05:44:38 [INFO]: Epoch 040 - training loss (default): 0.0003, validation loss: 0.0004
2026-06-04 05:44:40 [INFO]: Epoch 041 - training loss (default): 0.0003, validation loss: 0.0004
2026-06-04 05:44:41 [INFO]: Epoch 042 - training loss (default): 0.0003, validation loss: 0.0003
2026-06-04 05:44:43 [INFO]: Epoch 043 - training loss (default): 0.0003, validation loss: 0.0003
2026-06-04 05:44:44 [INFO]: Epoch 044 - training loss (default): 0.0002, validation loss: 0.0003
2026-06-04 05:44:46 [INFO]: Epoch 045 - training loss (default): 0.0002, validation loss: 0.0002
2026-06-04 05:44:47 [INFO]: Epoch 046 - training loss (default): 0.0002, validation loss: 0.0002
2026-06-04 05:44:48 [INFO]: Epoch 047 - training loss (default): 0.0002, validation loss: 0.0002
2026-06-04 05:44:50 [INFO]: Epoch 048 - training loss (default): 0.0002, validation loss: 0.0002
2026-06-04 05:44:51 [INFO]: Epoch 049 - training loss (default): 0.0001, validation loss: 0.0002
2026-06-04 05:44:53 [INFO]: Epoch 050 - training loss (default): 0.0001, validation loss: 0.0001
2026-06-04 05:44:54 [INFO]: Epoch 051 - training loss (default): 0.0001, validation loss: 0.0001
2026-06-04 05:44:55 [INFO]: Epoch 052 - training loss (default): 0.0001, validation loss: 0.0001
2026-06-04 05:44:57 [INFO]: Epoch 053 - training loss (default): 0.0001, validation loss: 0.0001
2026-06-04 05:44:58 [INFO]: Epoch 054 - training loss (default): 0.0001, validation loss: 0.0001
2026-06-04 05:44:59 [INFO]: Epoch 055 - training loss (default): 0.0001, validation loss: 0.0001
2026-06-04 05:45:01 [INFO]: Epoch 056 - training loss (default): 0.0001, validation loss: 0.0001
2026-06-04 05:45:03 [INFO]: Epoch 057 - training loss (default): 0.0001, validation loss: 0.0001
2026-06-04 05:45:04 [INFO]: Epoch 058 - training loss (default): 0.0001, validation loss: 0.0001
2026-06-04 05:45:06 [INFO]: Epoch 059 - training loss (default): 0.0001, validation loss: 0.0001
2026-06-04 05:45:07 [INFO]: Epoch 060 - training loss (default): 0.0000, validation loss: 0.0001
2026-06-04 05:45:07 [INFO]: Finished training. The best model is from epoch#60.
2026-06-04 05:45:07 [INFO]: Saved the model to output/imputation/cuda/paper_campaign/tslanet/household_power/mr0.5/seed42/TSLANet.pypots
[34m
████████╗██╗███╗   ███╗███████╗    ███████╗███████╗██████╗ ██╗███████╗███████╗    █████╗ ██╗
╚══██╔══╝██║████╗ ████║██╔════╝    ██╔════╝██╔════╝██╔══██╗██║██╔════╝██╔════╝   ██╔══██╗██║
   ██║   ██║██╔████╔██║█████╗█████╗███████╗█████╗  ██████╔╝██║█████╗  ███████╗   ███████║██║
   ██║   ██║██║╚██╔╝██║██╔══╝╚════╝╚════██║██╔══╝  ██╔══██╗██║██╔══╝  ╚════██║   ██╔══██║██║
   ██║   ██║██║ ╚═╝ ██║███████╗    ███████║███████╗██║  ██║██║███████╗███████║██╗██║  ██║██║
   ╚═╝   ╚═╝╚═╝     ╚═╝╚══════╝    ╚══════╝╚══════╝╚═╝  ╚═╝╚═╝╚══════╝╚══════╝╚═╝╚═╝  ╚═╝╚═╝
ai4ts v0.0.3 - building AI for unified time-series analysis, https://time-series.ai [0m

Use Train GPT: False
Use Lora: False
Use Profiling: False
🚀 Running imputation pipeline for model: tslanet
✅ Dataset 'household_power' with missing rate 0.5 loaded at: /home/Aboya_25R9803/projects/lab/SUN/iPyPOTS/datasets/rate_0.5
🚀 Starting TSLANet training pipeline...
[TSLANet] Testing —— MAE: 0.7309| MSE: 0.8607| RMSE: 0.9277| MRE: 1.0069| 
📊 Metrics saved to: output/imputation/cuda/paper_campaign/tslanet/household_power/mr0.5/seed42/metrics/tslanet_metrics.json
