2026-06-04 05:46:45 [INFO]: Have set the random seed as 42 for numpy and pytorch.
2026-06-04 05:46:48 [INFO]: 🔥🔥🔥🔥🔥🔥🔥🔥🔥🔥Using device list: ['cuda:0']
2026-06-04 05:46:48 [INFO]: 🔥🔥🔥🔥🔥🔥🔥🔥🔥🔥Using the given device: cuda:0
2026-06-04 05:46:48 [INFO]: Model files will be saved to output/imputation/cuda/paper_campaign/tslanet/opsd_germany/mr0.3/seed42
2026-06-04 05:46:48 [INFO]: Tensorboard file will be saved to output/imputation/cuda/paper_campaign/tslanet/opsd_germany/mr0.3/seed42/tensorboard
2026-06-04 05:46:48 [INFO]: Model placed on cuda:0
2026-06-04 05:46:48 [INFO]: TSLANet initialized with the given hyperparameters.
 ├─ Total parameters: 416,106
 ├─ Trainable parameters: 416,106
 └─ Trainable ratio: 100.00%
2026-06-04 05:46:50 [INFO]: Epoch 001 - training loss (default): 0.0800, validation loss: 0.0873
2026-06-04 05:46:52 [INFO]: Epoch 002 - training loss (default): 0.0175, validation loss: 0.0779
2026-06-04 05:46:53 [INFO]: Epoch 003 - training loss (default): 0.0099, validation loss: 0.0753
2026-06-04 05:46:56 [INFO]: Epoch 004 - training loss (default): 0.0070, validation loss: 0.0703
2026-06-04 05:46:58 [INFO]: Epoch 005 - training loss (default): 0.0053, validation loss: 0.0659
2026-06-04 05:47:00 [INFO]: Epoch 006 - training loss (default): 0.0042, validation loss: 0.0614
2026-06-04 05:47:01 [INFO]: Epoch 007 - training loss (default): 0.0034, validation loss: 0.0585
2026-06-04 05:47:03 [INFO]: Epoch 008 - training loss (default): 0.0029, validation loss: 0.0553
2026-06-04 05:47:04 [INFO]: Epoch 009 - training loss (default): 0.0024, validation loss: 0.0529
2026-06-04 05:47:05 [INFO]: Epoch 010 - training loss (default): 0.0021, validation loss: 0.0506
2026-06-04 05:47:07 [INFO]: Epoch 011 - training loss (default): 0.0019, validation loss: 0.0489
2026-06-04 05:47:09 [INFO]: Epoch 012 - training loss (default): 0.0016, validation loss: 0.0478
2026-06-04 05:47:11 [INFO]: Epoch 013 - training loss (default): 0.0014, validation loss: 0.0461
2026-06-04 05:47:13 [INFO]: Epoch 014 - training loss (default): 0.0013, validation loss: 0.0447
2026-06-04 05:47:15 [INFO]: Epoch 015 - training loss (default): 0.0012, validation loss: 0.0435
2026-06-04 05:47:16 [INFO]: Epoch 016 - training loss (default): 0.0011, validation loss: 0.0426
2026-06-04 05:47:18 [INFO]: Epoch 017 - training loss (default): 0.0010, validation loss: 0.0414
2026-06-04 05:47:19 [INFO]: Epoch 018 - training loss (default): 0.0009, validation loss: 0.0407
2026-06-04 05:47:20 [INFO]: Epoch 019 - training loss (default): 0.0008, validation loss: 0.0402
2026-06-04 05:47:22 [INFO]: Epoch 020 - training loss (default): 0.0007, validation loss: 0.0389
2026-06-04 05:47:23 [INFO]: Epoch 021 - training loss (default): 0.0007, validation loss: 0.0382
2026-06-04 05:47:24 [INFO]: Epoch 022 - training loss (default): 0.0006, validation loss: 0.0372
2026-06-04 05:47:26 [INFO]: Epoch 023 - training loss (default): 0.0006, validation loss: 0.0370
2026-06-04 05:47:27 [INFO]: Epoch 024 - training loss (default): 0.0006, validation loss: 0.0360
2026-06-04 05:47:29 [INFO]: Epoch 025 - training loss (default): 0.0005, validation loss: 0.0358
2026-06-04 05:47:30 [INFO]: Epoch 026 - training loss (default): 0.0005, validation loss: 0.0352
2026-06-04 05:47:32 [INFO]: Epoch 027 - training loss (default): 0.0005, validation loss: 0.0345
2026-06-04 05:47:34 [INFO]: Epoch 028 - training loss (default): 0.0004, validation loss: 0.0339
2026-06-04 05:47:36 [INFO]: Epoch 029 - training loss (default): 0.0004, validation loss: 0.0337
2026-06-04 05:47:38 [INFO]: Epoch 030 - training loss (default): 0.0004, validation loss: 0.0328
2026-06-04 05:47:40 [INFO]: Epoch 031 - training loss (default): 0.0004, validation loss: 0.0324
2026-06-04 05:47:42 [INFO]: Epoch 032 - training loss (default): 0.0003, validation loss: 0.0318
2026-06-04 05:47:44 [INFO]: Epoch 033 - training loss (default): 0.0003, validation loss: 0.0311
2026-06-04 05:47:46 [INFO]: Epoch 034 - training loss (default): 0.0003, validation loss: 0.0308
2026-06-04 05:47:49 [INFO]: Epoch 035 - training loss (default): 0.0003, validation loss: 0.0301
2026-06-04 05:47:51 [INFO]: Epoch 036 - training loss (default): 0.0003, validation loss: 0.0299
2026-06-04 05:47:53 [INFO]: Epoch 037 - training loss (default): 0.0003, validation loss: 0.0292
2026-06-04 05:47:55 [INFO]: Epoch 038 - training loss (default): 0.0003, validation loss: 0.0289
2026-06-04 05:47:57 [INFO]: Epoch 039 - training loss (default): 0.0002, validation loss: 0.0283
2026-06-04 05:47:59 [INFO]: Epoch 040 - training loss (default): 0.0002, validation loss: 0.0279
2026-06-04 05:48:01 [INFO]: Epoch 041 - training loss (default): 0.0002, validation loss: 0.0275
2026-06-04 05:48:03 [INFO]: Epoch 042 - training loss (default): 0.0002, validation loss: 0.0268
2026-06-04 05:48:06 [INFO]: Epoch 043 - training loss (default): 0.0002, validation loss: 0.0264
2026-06-04 05:48:08 [INFO]: Epoch 044 - training loss (default): 0.0002, validation loss: 0.0261
2026-06-04 05:48:10 [INFO]: Epoch 045 - training loss (default): 0.0002, validation loss: 0.0258
2026-06-04 05:48:12 [INFO]: Epoch 046 - training loss (default): 0.0002, validation loss: 0.0254
2026-06-04 05:48:14 [INFO]: Epoch 047 - training loss (default): 0.0002, validation loss: 0.0248
2026-06-04 05:48:17 [INFO]: Epoch 048 - training loss (default): 0.0002, validation loss: 0.0248
2026-06-04 05:48:19 [INFO]: Epoch 049 - training loss (default): 0.0002, validation loss: 0.0244
2026-06-04 05:48:21 [INFO]: Epoch 050 - training loss (default): 0.0002, validation loss: 0.0242
2026-06-04 05:48:24 [INFO]: Epoch 051 - training loss (default): 0.0002, validation loss: 0.0235
2026-06-04 05:48:26 [INFO]: Epoch 052 - training loss (default): 0.0001, validation loss: 0.0234
2026-06-04 05:48:29 [INFO]: Epoch 053 - training loss (default): 0.0001, validation loss: 0.0231
2026-06-04 05:48:31 [INFO]: Epoch 054 - training loss (default): 0.0001, validation loss: 0.0230
2026-06-04 05:48:34 [INFO]: Epoch 055 - training loss (default): 0.0001, validation loss: 0.0225
2026-06-04 05:48:36 [INFO]: Epoch 056 - training loss (default): 0.0001, validation loss: 0.0221
2026-06-04 05:48:38 [INFO]: Epoch 057 - training loss (default): 0.0001, validation loss: 0.0220
2026-06-04 05:48:41 [INFO]: Epoch 058 - training loss (default): 0.0001, validation loss: 0.0217
2026-06-04 05:48:43 [INFO]: Epoch 059 - training loss (default): 0.0001, validation loss: 0.0211
2026-06-04 05:48:45 [INFO]: Epoch 060 - training loss (default): 0.0001, validation loss: 0.0211
2026-06-04 05:48:45 [INFO]: Finished training. The best model is from epoch#59.
2026-06-04 05:48:45 [INFO]: Saved the model to output/imputation/cuda/paper_campaign/tslanet/opsd_germany/mr0.3/seed42/TSLANet.pypots
[34m
████████╗██╗███╗   ███╗███████╗    ███████╗███████╗██████╗ ██╗███████╗███████╗    █████╗ ██╗
╚══██╔══╝██║████╗ ████║██╔════╝    ██╔════╝██╔════╝██╔══██╗██║██╔════╝██╔════╝   ██╔══██╗██║
   ██║   ██║██╔████╔██║█████╗█████╗███████╗█████╗  ██████╔╝██║█████╗  ███████╗   ███████║██║
   ██║   ██║██║╚██╔╝██║██╔══╝╚════╝╚════██║██╔══╝  ██╔══██╗██║██╔══╝  ╚════██║   ██╔══██║██║
   ██║   ██║██║ ╚═╝ ██║███████╗    ███████║███████╗██║  ██║██║███████╗███████║██╗██║  ██║██║
   ╚═╝   ╚═╝╚═╝     ╚═╝╚══════╝    ╚══════╝╚══════╝╚═╝  ╚═╝╚═╝╚══════╝╚══════╝╚═╝╚═╝  ╚═╝╚═╝
ai4ts v0.0.3 - building AI for unified time-series analysis, https://time-series.ai [0m

Use Train GPT: False
Use Lora: False
Use Profiling: False
🚀 Running imputation pipeline for model: tslanet
✅ Dataset 'opsd_germany' with missing rate 0.3 loaded at: /home/Aboya_25R9803/projects/lab/SUN/iPyPOTS/datasets/rate_0.3
🚀 Starting TSLANet training pipeline...
[TSLANet] Testing —— MAE: 0.9186| MSE: 1.2389| RMSE: 1.1130| MRE: 1.0112| 
📊 Metrics saved to: output/imputation/cuda/paper_campaign/tslanet/opsd_germany/mr0.3/seed42/metrics/tslanet_metrics.json
