2026-06-04 08:06:03 [INFO]: Have set the random seed as 456 for numpy and pytorch.
2026-06-04 08:06:03 [INFO]: 🔥🔥🔥🔥🔥🔥🔥🔥🔥🔥Using device list: ['cuda:0']
2026-06-04 08:06:03 [INFO]: 🔥🔥🔥🔥🔥🔥🔥🔥🔥🔥Using the given device: cuda:0
2026-06-04 08:06:04 [INFO]: Model files will be saved to output/imputation/cuda/paper_campaign/tefn/appliances_energy/mr0.1/seed456
2026-06-04 08:06:04 [INFO]: Tensorboard file will be saved to output/imputation/cuda/paper_campaign/tefn/appliances_energy/mr0.1/seed456/tensorboard
2026-06-04 08:06:04 [INFO]: Using customized MAE as the training loss function.
2026-06-04 08:06:04 [INFO]: Using customized MSE as the validation metric function.
2026-06-04 08:06:04 [INFO]: Model placed on cuda:0
2026-06-04 08:06:04 [INFO]: TEFN initialized with the given hyperparameters.
 ├─ Total parameters: 5,408
 ├─ Trainable parameters: 5,408
 └─ Trainable ratio: 100.00%
2026-06-04 08:06:05 [INFO]: Epoch 001 - training loss (MAE): 10.0369, validation MSE: 33.2351
2026-06-04 08:06:06 [INFO]: Epoch 002 - training loss (MAE): 8.7158, validation MSE: 27.0288
2026-06-04 08:06:07 [INFO]: Epoch 003 - training loss (MAE): 8.0047, validation MSE: 23.2297
2026-06-04 08:06:08 [INFO]: Epoch 004 - training loss (MAE): 7.4132, validation MSE: 20.4012
2026-06-04 08:06:08 [INFO]: Epoch 005 - training loss (MAE): 6.8702, validation MSE: 17.9808
2026-06-04 08:06:09 [INFO]: Epoch 006 - training loss (MAE): 6.3484, validation MSE: 15.8546
2026-06-04 08:06:10 [INFO]: Epoch 007 - training loss (MAE): 5.8475, validation MSE: 13.9373
2026-06-04 08:06:10 [INFO]: Epoch 008 - training loss (MAE): 5.3678, validation MSE: 12.1461
2026-06-04 08:06:11 [INFO]: Epoch 009 - training loss (MAE): 4.9093, validation MSE: 10.5600
2026-06-04 08:06:11 [INFO]: Epoch 010 - training loss (MAE): 4.4840, validation MSE: 9.1724
2026-06-04 08:06:12 [INFO]: Epoch 011 - training loss (MAE): 4.0899, validation MSE: 7.9280
2026-06-04 08:06:13 [INFO]: Epoch 012 - training loss (MAE): 3.7208, validation MSE: 6.8600
2026-06-04 08:06:13 [INFO]: Epoch 013 - training loss (MAE): 3.3841, validation MSE: 5.8991
2026-06-04 08:06:14 [INFO]: Epoch 014 - training loss (MAE): 3.0718, validation MSE: 5.1028
2026-06-04 08:06:14 [INFO]: Epoch 015 - training loss (MAE): 2.8023, validation MSE: 4.3934
2026-06-04 08:06:15 [INFO]: Epoch 016 - training loss (MAE): 2.5569, validation MSE: 3.7875
2026-06-04 08:06:15 [INFO]: Epoch 017 - training loss (MAE): 2.3373, validation MSE: 3.2548
2026-06-04 08:06:16 [INFO]: Epoch 018 - training loss (MAE): 2.1379, validation MSE: 2.8118
2026-06-04 08:06:17 [INFO]: Epoch 019 - training loss (MAE): 1.9576, validation MSE: 2.4262
2026-06-04 08:06:17 [INFO]: Epoch 020 - training loss (MAE): 1.7928, validation MSE: 2.1084
2026-06-04 08:06:18 [INFO]: Epoch 021 - training loss (MAE): 1.6496, validation MSE: 1.8273
2026-06-04 08:06:18 [INFO]: Epoch 022 - training loss (MAE): 1.5227, validation MSE: 1.6100
2026-06-04 08:06:19 [INFO]: Epoch 023 - training loss (MAE): 1.4141, validation MSE: 1.4111
2026-06-04 08:06:19 [INFO]: Epoch 024 - training loss (MAE): 1.3223, validation MSE: 1.2556
2026-06-04 08:06:20 [INFO]: Epoch 025 - training loss (MAE): 1.2417, validation MSE: 1.1303
2026-06-04 08:06:20 [INFO]: Epoch 026 - training loss (MAE): 1.1731, validation MSE: 1.0338
2026-06-04 08:06:21 [INFO]: Epoch 027 - training loss (MAE): 1.1111, validation MSE: 0.9452
2026-06-04 08:06:21 [INFO]: Epoch 028 - training loss (MAE): 1.0630, validation MSE: 0.8817
2026-06-04 08:06:22 [INFO]: Epoch 029 - training loss (MAE): 1.0196, validation MSE: 0.8298
2026-06-04 08:06:23 [INFO]: Epoch 030 - training loss (MAE): 0.9816, validation MSE: 0.7696
2026-06-04 08:06:23 [INFO]: Epoch 031 - training loss (MAE): 0.9508, validation MSE: 0.7234
2026-06-04 08:06:24 [INFO]: Epoch 032 - training loss (MAE): 0.9224, validation MSE: 0.6816
2026-06-04 08:06:24 [INFO]: Epoch 033 - training loss (MAE): 0.8958, validation MSE: 0.6530
2026-06-04 08:06:25 [INFO]: Epoch 034 - training loss (MAE): 0.8729, validation MSE: 0.6282
2026-06-04 08:06:25 [INFO]: Epoch 035 - training loss (MAE): 0.8514, validation MSE: 0.5986
2026-06-04 08:06:26 [INFO]: Epoch 036 - training loss (MAE): 0.8321, validation MSE: 0.5783
2026-06-04 08:06:27 [INFO]: Epoch 037 - training loss (MAE): 0.8150, validation MSE: 0.5518
2026-06-04 08:06:27 [INFO]: Epoch 038 - training loss (MAE): 0.7994, validation MSE: 0.5363
2026-06-04 08:06:28 [INFO]: Epoch 039 - training loss (MAE): 0.7859, validation MSE: 0.5252
2026-06-04 08:06:28 [INFO]: Epoch 040 - training loss (MAE): 0.7725, validation MSE: 0.5082
2026-06-04 08:06:29 [INFO]: Epoch 041 - training loss (MAE): 0.7603, validation MSE: 0.4960
2026-06-04 08:06:29 [INFO]: Epoch 042 - training loss (MAE): 0.7489, validation MSE: 0.4829
2026-06-04 08:06:30 [INFO]: Epoch 043 - training loss (MAE): 0.7398, validation MSE: 0.4698
2026-06-04 08:06:31 [INFO]: Epoch 044 - training loss (MAE): 0.7305, validation MSE: 0.4603
2026-06-04 08:06:31 [INFO]: Epoch 045 - training loss (MAE): 0.7224, validation MSE: 0.4575
2026-06-04 08:06:32 [INFO]: Epoch 046 - training loss (MAE): 0.7139, validation MSE: 0.4438
2026-06-04 08:06:32 [INFO]: Epoch 047 - training loss (MAE): 0.7079, validation MSE: 0.4329
2026-06-04 08:06:33 [INFO]: Epoch 048 - training loss (MAE): 0.6995, validation MSE: 0.4300
2026-06-04 08:06:33 [INFO]: Epoch 049 - training loss (MAE): 0.6927, validation MSE: 0.4243
2026-06-04 08:06:34 [INFO]: Epoch 050 - training loss (MAE): 0.6870, validation MSE: 0.4243
2026-06-04 08:06:34 [INFO]: Epoch 051 - training loss (MAE): 0.6809, validation MSE: 0.4177
2026-06-04 08:06:35 [INFO]: Epoch 052 - training loss (MAE): 0.6747, validation MSE: 0.4073
2026-06-04 08:06:35 [INFO]: Epoch 053 - training loss (MAE): 0.6696, validation MSE: 0.4051
2026-06-04 08:06:36 [INFO]: Epoch 054 - training loss (MAE): 0.6650, validation MSE: 0.4051
2026-06-04 08:06:36 [INFO]: Epoch 055 - training loss (MAE): 0.6593, validation MSE: 0.3983
2026-06-04 08:06:37 [INFO]: Epoch 056 - training loss (MAE): 0.6556, validation MSE: 0.3988
2026-06-04 08:06:37 [INFO]: Epoch 057 - training loss (MAE): 0.6511, validation MSE: 0.3933
2026-06-04 08:06:38 [INFO]: Epoch 058 - training loss (MAE): 0.6456, validation MSE: 0.3934
2026-06-04 08:06:38 [INFO]: Epoch 059 - training loss (MAE): 0.6416, validation MSE: 0.3873
2026-06-04 08:06:39 [INFO]: Epoch 060 - training loss (MAE): 0.6366, validation MSE: 0.3863
2026-06-04 08:06:39 [INFO]: Finished training. The best model is from epoch#60.
2026-06-04 08:06:39 [INFO]: Saved the model to output/imputation/cuda/paper_campaign/tefn/appliances_energy/mr0.1/seed456/TEFN.pypots
[34m
████████╗██╗███╗   ███╗███████╗    ███████╗███████╗██████╗ ██╗███████╗███████╗    █████╗ ██╗
╚══██╔══╝██║████╗ ████║██╔════╝    ██╔════╝██╔════╝██╔══██╗██║██╔════╝██╔════╝   ██╔══██╗██║
   ██║   ██║██╔████╔██║█████╗█████╗███████╗█████╗  ██████╔╝██║█████╗  ███████╗   ███████║██║
   ██║   ██║██║╚██╔╝██║██╔══╝╚════╝╚════██║██╔══╝  ██╔══██╗██║██╔══╝  ╚════██║   ██╔══██║██║
   ██║   ██║██║ ╚═╝ ██║███████╗    ███████║███████╗██║  ██║██║███████╗███████║██╗██║  ██║██║
   ╚═╝   ╚═╝╚═╝     ╚═╝╚══════╝    ╚══════╝╚══════╝╚═╝  ╚═╝╚═╝╚══════╝╚══════╝╚═╝╚═╝  ╚═╝╚═╝
ai4ts v0.0.3 - building AI for unified time-series analysis, https://time-series.ai [0m

Use Train GPT: False
Use Lora: False
Use Profiling: False
🚀 Running imputation pipeline for model: tefn
✅ Dataset 'appliances_energy' with missing rate 0.1 loaded at: /home/Aboya_25R9803/projects/lab/SUN/iPyPOTS/datasets/rate_0.1
🚀 Starting TEFN training pipeline...
[TEFN] Testing —— MAE: 0.5093| MSE: 0.5373| RMSE: 0.7330| MRE: 0.5064| 
📊 Metrics saved to: output/imputation/cuda/paper_campaign/tefn/appliances_energy/mr0.1/seed456/metrics/tefn_metrics.json
