2026-06-04 06:09:04 [INFO]: Have set the random seed as 456 for numpy and pytorch.
2026-06-04 06:09:04 [INFO]: You're using dataset solar_alabama, please cite it properly in your work. You can find its reference information at the below link: 
https://github.com/WenjieDu/TSDB/tree/main/dataset_profiles/solar_alabama
2026-06-04 06:09:04 [INFO]: Dataset solar_alabama has already been downloaded. Processing directly...
2026-06-04 06:09:04 [INFO]: Dataset solar_alabama has already been cached. Loading from cache directly...
2026-06-04 06:09:04 [INFO]: Loaded successfully!
2026-06-04 06:09:04 [INFO]: months selected as train set are <PeriodArray>
['2006-01', '2006-02', '2006-03', '2006-04', '2006-05', '2006-06']
Length: 6, dtype: period[M]
2026-06-04 06:09:04 [INFO]: months selected as val set are <PeriodArray>
['2006-07', '2006-08', '2006-09']
Length: 3, dtype: period[M]
2026-06-04 06:09:04 [INFO]: months selected as test set are <PeriodArray>
['2006-10', '2006-11', '2006-12']
Length: 3, dtype: period[M]
2026-06-04 06:09:04 [INFO]: Total sample number: 2190
2026-06-04 06:09:04 [INFO]: Training set size: 1086 (49.59%)
2026-06-04 06:09:04 [INFO]: Validation set size: 552 (25.21%)
2026-06-04 06:09:04 [INFO]: Test set size: 552 (25.21%)
2026-06-04 06:09:04 [INFO]: Number of steps: 24
2026-06-04 06:09:04 [INFO]: Number of features: 137
2026-06-04 06:09:04 [INFO]: Train set missing rate: 29.96%
2026-06-04 06:09:04 [INFO]: Validating set missing rate: 30.02%
2026-06-04 06:09:04 [INFO]: Test set missing rate: 29.99%
2026-06-04 06:09:05 [INFO]: 🔥🔥🔥🔥🔥🔥🔥🔥🔥🔥Using device list: ['cuda:0']
2026-06-04 06:09:05 [INFO]: 🔥🔥🔥🔥🔥🔥🔥🔥🔥🔥Using the given device: cuda:0
2026-06-04 06:09:05 [INFO]: Model files will be saved to output/imputation/cuda/paper_campaign/tefn/solar/mr0.3/seed456
2026-06-04 06:09:05 [INFO]: Tensorboard file will be saved to output/imputation/cuda/paper_campaign/tefn/solar/mr0.3/seed456/tensorboard
2026-06-04 06:09:05 [INFO]: Using customized MAE as the training loss function.
2026-06-04 06:09:05 [INFO]: Using customized MSE as the validation metric function.
2026-06-04 06:09:05 [INFO]: Model placed on cuda:0
2026-06-04 06:09:05 [INFO]: TEFN initialized with the given hyperparameters.
 ├─ Total parameters: 42,827
 ├─ Trainable parameters: 42,827
 └─ Trainable ratio: 100.00%
2026-06-04 06:09:06 [INFO]: Epoch 001 - training loss (MAE): 8.7344, validation MSE: 24.9144
2026-06-04 06:09:06 [INFO]: Epoch 002 - training loss (MAE): 7.7179, validation MSE: 22.6312
2026-06-04 06:09:06 [INFO]: Epoch 003 - training loss (MAE): 7.1612, validation MSE: 22.2236
2026-06-04 06:09:06 [INFO]: Epoch 004 - training loss (MAE): 6.8446, validation MSE: 21.7544
2026-06-04 06:09:07 [INFO]: Epoch 005 - training loss (MAE): 6.5490, validation MSE: 20.7317
2026-06-04 06:09:07 [INFO]: Epoch 006 - training loss (MAE): 6.2886, validation MSE: 19.5358
2026-06-04 06:09:07 [INFO]: Epoch 007 - training loss (MAE): 6.0260, validation MSE: 18.1767
2026-06-04 06:09:07 [INFO]: Epoch 008 - training loss (MAE): 5.7467, validation MSE: 16.9704
2026-06-04 06:09:07 [INFO]: Epoch 009 - training loss (MAE): 5.5470, validation MSE: 15.9163
2026-06-04 06:09:08 [INFO]: Epoch 010 - training loss (MAE): 5.2897, validation MSE: 14.8839
2026-06-04 06:09:08 [INFO]: Epoch 011 - training loss (MAE): 5.0710, validation MSE: 13.8605
2026-06-04 06:09:08 [INFO]: Epoch 012 - training loss (MAE): 4.8656, validation MSE: 12.8859
2026-06-04 06:09:08 [INFO]: Epoch 013 - training loss (MAE): 4.6288, validation MSE: 11.9970
2026-06-04 06:09:08 [INFO]: Epoch 014 - training loss (MAE): 4.4366, validation MSE: 11.2454
2026-06-04 06:09:09 [INFO]: Epoch 015 - training loss (MAE): 4.2351, validation MSE: 10.5448
2026-06-04 06:09:09 [INFO]: Epoch 016 - training loss (MAE): 4.0411, validation MSE: 9.8345
2026-06-04 06:09:09 [INFO]: Epoch 017 - training loss (MAE): 3.8626, validation MSE: 9.1327
2026-06-04 06:09:09 [INFO]: Epoch 018 - training loss (MAE): 3.6566, validation MSE: 8.5091
2026-06-04 06:09:09 [INFO]: Epoch 019 - training loss (MAE): 3.5032, validation MSE: 7.9753
2026-06-04 06:09:09 [INFO]: Epoch 020 - training loss (MAE): 3.3099, validation MSE: 7.4486
2026-06-04 06:09:10 [INFO]: Epoch 021 - training loss (MAE): 3.1456, validation MSE: 6.9486
2026-06-04 06:09:10 [INFO]: Epoch 022 - training loss (MAE): 3.0025, validation MSE: 6.5048
2026-06-04 06:09:10 [INFO]: Epoch 023 - training loss (MAE): 2.8411, validation MSE: 6.1208
2026-06-04 06:09:11 [INFO]: Epoch 024 - training loss (MAE): 2.6970, validation MSE: 5.7606
2026-06-04 06:09:11 [INFO]: Epoch 025 - training loss (MAE): 2.5623, validation MSE: 5.3980
2026-06-04 06:09:11 [INFO]: Epoch 026 - training loss (MAE): 2.4197, validation MSE: 5.0832
2026-06-04 06:09:11 [INFO]: Epoch 027 - training loss (MAE): 2.2960, validation MSE: 4.7751
2026-06-04 06:09:11 [INFO]: Epoch 028 - training loss (MAE): 2.1838, validation MSE: 4.4576
2026-06-04 06:09:12 [INFO]: Epoch 029 - training loss (MAE): 2.0701, validation MSE: 4.1657
2026-06-04 06:09:12 [INFO]: Epoch 030 - training loss (MAE): 1.9771, validation MSE: 3.8804
2026-06-04 06:09:12 [INFO]: Epoch 031 - training loss (MAE): 1.8786, validation MSE: 3.5994
2026-06-04 06:09:12 [INFO]: Epoch 032 - training loss (MAE): 1.7951, validation MSE: 3.3858
2026-06-04 06:09:12 [INFO]: Epoch 033 - training loss (MAE): 1.7001, validation MSE: 3.1746
2026-06-04 06:09:13 [INFO]: Epoch 034 - training loss (MAE): 1.6187, validation MSE: 2.9849
2026-06-04 06:09:13 [INFO]: Epoch 035 - training loss (MAE): 1.5369, validation MSE: 2.7724
2026-06-04 06:09:13 [INFO]: Epoch 036 - training loss (MAE): 1.4708, validation MSE: 2.6365
2026-06-04 06:09:13 [INFO]: Epoch 037 - training loss (MAE): 1.4179, validation MSE: 2.4826
2026-06-04 06:09:13 [INFO]: Epoch 038 - training loss (MAE): 1.3360, validation MSE: 2.3305
2026-06-04 06:09:14 [INFO]: Epoch 039 - training loss (MAE): 1.2776, validation MSE: 2.2170
2026-06-04 06:09:14 [INFO]: Epoch 040 - training loss (MAE): 1.2275, validation MSE: 2.0780
2026-06-04 06:09:14 [INFO]: Epoch 041 - training loss (MAE): 1.1785, validation MSE: 1.9874
2026-06-04 06:09:14 [INFO]: Epoch 042 - training loss (MAE): 1.1284, validation MSE: 1.8435
2026-06-04 06:09:14 [INFO]: Epoch 043 - training loss (MAE): 1.0852, validation MSE: 1.7479
2026-06-04 06:09:15 [INFO]: Epoch 044 - training loss (MAE): 1.0397, validation MSE: 1.6576
2026-06-04 06:09:15 [INFO]: Epoch 045 - training loss (MAE): 0.9942, validation MSE: 1.5561
2026-06-04 06:09:15 [INFO]: Epoch 046 - training loss (MAE): 0.9519, validation MSE: 1.5119
2026-06-04 06:09:15 [INFO]: Epoch 047 - training loss (MAE): 0.9145, validation MSE: 1.3763
2026-06-04 06:09:16 [INFO]: Epoch 048 - training loss (MAE): 0.8941, validation MSE: 1.3570
2026-06-04 06:09:16 [INFO]: Epoch 049 - training loss (MAE): 0.8623, validation MSE: 1.2787
2026-06-04 06:09:16 [INFO]: Epoch 050 - training loss (MAE): 0.8356, validation MSE: 1.1941
2026-06-04 06:09:16 [INFO]: Epoch 051 - training loss (MAE): 0.8063, validation MSE: 1.1496
2026-06-04 06:09:16 [INFO]: Epoch 052 - training loss (MAE): 0.7807, validation MSE: 1.1007
2026-06-04 06:09:17 [INFO]: Epoch 053 - training loss (MAE): 0.7374, validation MSE: 1.0467
2026-06-04 06:09:17 [INFO]: Epoch 054 - training loss (MAE): 0.7191, validation MSE: 0.9894
2026-06-04 06:09:17 [INFO]: Epoch 055 - training loss (MAE): 0.7016, validation MSE: 0.9618
2026-06-04 06:09:17 [INFO]: Epoch 056 - training loss (MAE): 0.6806, validation MSE: 0.8995
2026-06-04 06:09:17 [INFO]: Epoch 057 - training loss (MAE): 0.6667, validation MSE: 0.8794
2026-06-04 06:09:17 [INFO]: Epoch 058 - training loss (MAE): 0.6375, validation MSE: 0.8368
2026-06-04 06:09:18 [INFO]: Epoch 059 - training loss (MAE): 0.6129, validation MSE: 0.8100
2026-06-04 06:09:18 [INFO]: Epoch 060 - training loss (MAE): 0.6034, validation MSE: 0.7756
2026-06-04 06:09:18 [INFO]: Finished training. The best model is from epoch#60.
2026-06-04 06:09:18 [INFO]: Saved the model to output/imputation/cuda/paper_campaign/tefn/solar/mr0.3/seed456/TEFN.pypots
[34m
████████╗██╗███╗   ███╗███████╗    ███████╗███████╗██████╗ ██╗███████╗███████╗    █████╗ ██╗
╚══██╔══╝██║████╗ ████║██╔════╝    ██╔════╝██╔════╝██╔══██╗██║██╔════╝██╔════╝   ██╔══██╗██║
   ██║   ██║██╔████╔██║█████╗█████╗███████╗█████╗  ██████╔╝██║█████╗  ███████╗   ███████║██║
   ██║   ██║██║╚██╔╝██║██╔══╝╚════╝╚════██║██╔══╝  ██╔══██╗██║██╔══╝  ╚════██║   ██╔══██║██║
   ██║   ██║██║ ╚═╝ ██║███████╗    ███████║███████╗██║  ██║██║███████╗███████║██╗██║  ██║██║
   ╚═╝   ╚═╝╚═╝     ╚═╝╚══════╝    ╚══════╝╚══════╝╚═╝  ╚═╝╚═╝╚══════╝╚══════╝╚═╝╚═╝  ╚═╝╚═╝
ai4ts v0.0.3 - building AI for unified time-series analysis, https://time-series.ai [0m

Use Train GPT: False
Use Lora: False
Use Profiling: False
🚀 Running imputation pipeline for model: tefn
✅ Dataset 'solar' with missing rate 0.3 loaded at: /home/Aboya_25R9803/projects/lab/SUN/iPyPOTS/datasets/rate_0.3
🚀 Starting TEFN training pipeline...
[TEFN] Testing —— MAE: 0.5696| MSE: 0.7353| RMSE: 0.8575| MRE: 0.7348| 
📊 Metrics saved to: output/imputation/cuda/paper_campaign/tefn/solar/mr0.3/seed456/metrics/tefn_metrics.json
