2026-06-04 05:22:25 [INFO]: Have set the random seed as 456 for numpy and pytorch.
2026-06-04 05:22:33 [INFO]: 🔥🔥🔥🔥🔥🔥🔥🔥🔥🔥Using device list: ['cuda:0']
2026-06-04 05:22:33 [INFO]: 🔥🔥🔥🔥🔥🔥🔥🔥🔥🔥Using the given device: cuda:0
2026-06-04 05:22:33 [INFO]: Model files will be saved to output/imputation/cuda/paper_campaign/tefn/household_power/mr0.3/seed456
2026-06-04 05:22:33 [INFO]: Tensorboard file will be saved to output/imputation/cuda/paper_campaign/tefn/household_power/mr0.3/seed456/tensorboard
2026-06-04 05:22:33 [INFO]: Using customized MAE as the training loss function.
2026-06-04 05:22:33 [INFO]: Using customized MSE as the validation metric function.
2026-06-04 05:22:33 [INFO]: Model placed on cuda:0
2026-06-04 05:22:33 [INFO]: TEFN initialized with the given hyperparameters.
 ├─ Total parameters: 5,981
 ├─ Trainable parameters: 5,981
 └─ Trainable ratio: 100.00%
2026-06-04 05:22:35 [INFO]: Epoch 001 - training loss (MAE): 10.2600, validation MSE: 34.2641
2026-06-04 05:22:37 [INFO]: Epoch 002 - training loss (MAE): 8.5248, validation MSE: 25.1613
2026-06-04 05:22:38 [INFO]: Epoch 003 - training loss (MAE): 7.1354, validation MSE: 18.7267
2026-06-04 05:22:39 [INFO]: Epoch 004 - training loss (MAE): 5.9657, validation MSE: 13.9969
2026-06-04 05:22:40 [INFO]: Epoch 005 - training loss (MAE): 4.9626, validation MSE: 10.6450
2026-06-04 05:22:41 [INFO]: Epoch 006 - training loss (MAE): 4.1612, validation MSE: 8.2534
2026-06-04 05:22:42 [INFO]: Epoch 007 - training loss (MAE): 3.5344, validation MSE: 6.4397
2026-06-04 05:22:42 [INFO]: Epoch 008 - training loss (MAE): 3.0121, validation MSE: 5.0623
2026-06-04 05:22:43 [INFO]: Epoch 009 - training loss (MAE): 2.5860, validation MSE: 4.0047
2026-06-04 05:22:44 [INFO]: Epoch 010 - training loss (MAE): 2.2383, validation MSE: 3.2169
2026-06-04 05:22:45 [INFO]: Epoch 011 - training loss (MAE): 1.9774, validation MSE: 2.6507
2026-06-04 05:22:46 [INFO]: Epoch 012 - training loss (MAE): 1.7722, validation MSE: 2.2257
2026-06-04 05:22:47 [INFO]: Epoch 013 - training loss (MAE): 1.6080, validation MSE: 1.9096
2026-06-04 05:22:48 [INFO]: Epoch 014 - training loss (MAE): 1.4752, validation MSE: 1.6897
2026-06-04 05:22:49 [INFO]: Epoch 015 - training loss (MAE): 1.3682, validation MSE: 1.5243
2026-06-04 05:22:50 [INFO]: Epoch 016 - training loss (MAE): 1.2770, validation MSE: 1.4059
2026-06-04 05:22:51 [INFO]: Epoch 017 - training loss (MAE): 1.1976, validation MSE: 1.3153
2026-06-04 05:22:52 [INFO]: Epoch 018 - training loss (MAE): 1.1280, validation MSE: 1.2486
2026-06-04 05:22:53 [INFO]: Epoch 019 - training loss (MAE): 1.0673, validation MSE: 1.2023
2026-06-04 05:22:54 [INFO]: Epoch 020 - training loss (MAE): 1.0192, validation MSE: 1.1745
2026-06-04 05:22:55 [INFO]: Epoch 021 - training loss (MAE): 0.9826, validation MSE: 1.1589
2026-06-04 05:22:56 [INFO]: Epoch 022 - training loss (MAE): 0.9512, validation MSE: 1.1430
2026-06-04 05:22:57 [INFO]: Epoch 023 - training loss (MAE): 0.9244, validation MSE: 1.1249
2026-06-04 05:22:57 [INFO]: Epoch 024 - training loss (MAE): 0.9014, validation MSE: 1.1104
2026-06-04 05:22:58 [INFO]: Epoch 025 - training loss (MAE): 0.8805, validation MSE: 1.1002
2026-06-04 05:22:59 [INFO]: Epoch 026 - training loss (MAE): 0.8625, validation MSE: 1.0901
2026-06-04 05:23:00 [INFO]: Epoch 027 - training loss (MAE): 0.8441, validation MSE: 1.0793
2026-06-04 05:23:01 [INFO]: Epoch 028 - training loss (MAE): 0.8281, validation MSE: 1.0690
2026-06-04 05:23:04 [INFO]: Epoch 029 - training loss (MAE): 0.8115, validation MSE: 1.0607
2026-06-04 05:23:05 [INFO]: Epoch 030 - training loss (MAE): 0.7964, validation MSE: 1.0558
2026-06-04 05:23:06 [INFO]: Epoch 031 - training loss (MAE): 0.7853, validation MSE: 1.0512
2026-06-04 05:23:07 [INFO]: Epoch 032 - training loss (MAE): 0.7765, validation MSE: 1.0503
2026-06-04 05:23:07 [INFO]: Epoch 033 - training loss (MAE): 0.7667, validation MSE: 1.0485
2026-06-04 05:23:08 [INFO]: Epoch 034 - training loss (MAE): 0.7588, validation MSE: 1.0492
2026-06-04 05:23:09 [INFO]: Epoch 035 - training loss (MAE): 0.7500, validation MSE: 1.0479
2026-06-04 05:23:10 [INFO]: Epoch 036 - training loss (MAE): 0.7412, validation MSE: 1.0480
2026-06-04 05:23:11 [INFO]: Epoch 037 - training loss (MAE): 0.7330, validation MSE: 1.0476
2026-06-04 05:23:12 [INFO]: Epoch 038 - training loss (MAE): 0.7270, validation MSE: 1.0470
2026-06-04 05:23:13 [INFO]: Epoch 039 - training loss (MAE): 0.7205, validation MSE: 1.0460
2026-06-04 05:23:13 [INFO]: Epoch 040 - training loss (MAE): 0.7152, validation MSE: 1.0443
2026-06-04 05:23:14 [INFO]: Epoch 041 - training loss (MAE): 0.7102, validation MSE: 1.0461
2026-06-04 05:23:15 [INFO]: Epoch 042 - training loss (MAE): 0.7082, validation MSE: 1.0455
2026-06-04 05:23:16 [INFO]: Epoch 043 - training loss (MAE): 0.7023, validation MSE: 1.0446
2026-06-04 05:23:17 [INFO]: Epoch 044 - training loss (MAE): 0.7007, validation MSE: 1.0452
2026-06-04 05:23:18 [INFO]: Epoch 045 - training loss (MAE): 0.6963, validation MSE: 1.0403
2026-06-04 05:23:19 [INFO]: Epoch 046 - training loss (MAE): 0.6919, validation MSE: 1.0423
2026-06-04 05:23:20 [INFO]: Epoch 047 - training loss (MAE): 0.6896, validation MSE: 1.0428
2026-06-04 05:23:21 [INFO]: Epoch 048 - training loss (MAE): 0.6868, validation MSE: 1.0436
2026-06-04 05:23:22 [INFO]: Epoch 049 - training loss (MAE): 0.6858, validation MSE: 1.0433
2026-06-04 05:23:23 [INFO]: Epoch 050 - training loss (MAE): 0.6829, validation MSE: 1.0452
2026-06-04 05:23:24 [INFO]: Epoch 051 - training loss (MAE): 0.6803, validation MSE: 1.0410
2026-06-04 05:23:25 [INFO]: Epoch 052 - training loss (MAE): 0.6785, validation MSE: 1.0417
2026-06-04 05:23:26 [INFO]: Epoch 053 - training loss (MAE): 0.6755, validation MSE: 1.0425
2026-06-04 05:23:27 [INFO]: Epoch 054 - training loss (MAE): 0.6746, validation MSE: 1.0403
2026-06-04 05:23:28 [INFO]: Epoch 055 - training loss (MAE): 0.6726, validation MSE: 1.0421
2026-06-04 05:23:29 [INFO]: Epoch 056 - training loss (MAE): 0.6714, validation MSE: 1.0389
2026-06-04 05:23:30 [INFO]: Epoch 057 - training loss (MAE): 0.6683, validation MSE: 1.0431
2026-06-04 05:23:31 [INFO]: Epoch 058 - training loss (MAE): 0.6669, validation MSE: 1.0400
2026-06-04 05:23:33 [INFO]: Epoch 059 - training loss (MAE): 0.6651, validation MSE: 1.0386
2026-06-04 05:23:34 [INFO]: Epoch 060 - training loss (MAE): 0.6632, validation MSE: 1.0401
2026-06-04 05:23:34 [INFO]: Finished training. The best model is from epoch#59.
2026-06-04 05:23:34 [INFO]: Saved the model to output/imputation/cuda/paper_campaign/tefn/household_power/mr0.3/seed456/TEFN.pypots
[34m
████████╗██╗███╗   ███╗███████╗    ███████╗███████╗██████╗ ██╗███████╗███████╗    █████╗ ██╗
╚══██╔══╝██║████╗ ████║██╔════╝    ██╔════╝██╔════╝██╔══██╗██║██╔════╝██╔════╝   ██╔══██╗██║
   ██║   ██║██╔████╔██║█████╗█████╗███████╗█████╗  ██████╔╝██║█████╗  ███████╗   ███████║██║
   ██║   ██║██║╚██╔╝██║██╔══╝╚════╝╚════██║██╔══╝  ██╔══██╗██║██╔══╝  ╚════██║   ██╔══██║██║
   ██║   ██║██║ ╚═╝ ██║███████╗    ███████║███████╗██║  ██║██║███████╗███████║██╗██║  ██║██║
   ╚═╝   ╚═╝╚═╝     ╚═╝╚══════╝    ╚══════╝╚══════╝╚═╝  ╚═╝╚═╝╚══════╝╚══════╝╚═╝╚═╝  ╚═╝╚═╝
ai4ts v0.0.3 - building AI for unified time-series analysis, https://time-series.ai [0m

Use Train GPT: False
Use Lora: False
Use Profiling: False
🚀 Running imputation pipeline for model: tefn
✅ Dataset 'household_power' with missing rate 0.3 loaded at: /home/Aboya_25R9803/projects/lab/SUN/iPyPOTS/datasets/rate_0.3
🚀 Starting TEFN training pipeline...
[TEFN] Testing —— MAE: 0.5868| MSE: 0.8014| RMSE: 0.8952| MRE: 0.8081| 
📊 Metrics saved to: output/imputation/cuda/paper_campaign/tefn/household_power/mr0.3/seed456/metrics/tefn_metrics.json
