[34m
████████╗██╗███╗   ███╗███████╗    ███████╗███████╗██████╗ ██╗███████╗███████╗    █████╗ ██╗
╚══██╔══╝██║████╗ ████║██╔════╝    ██╔════╝██╔════╝██╔══██╗██║██╔════╝██╔════╝   ██╔══██╗██║
   ██║   ██║██╔████╔██║█████╗█████╗███████╗█████╗  ██████╔╝██║█████╗  ███████╗   ███████║██║
   ██║   ██║██║╚██╔╝██║██╔══╝╚════╝╚════██║██╔══╝  ██╔══██╗██║██╔══╝  ╚════██║   ██╔══██║██║
   ██║   ██║██║ ╚═╝ ██║███████╗    ███████║███████╗██║  ██║██║███████╗███████║██╗██║  ██║██║
   ╚═╝   ╚═╝╚═╝     ╚═╝╚══════╝    ╚══════╝╚══════╝╚═╝  ╚═╝╚═╝╚══════╝╚══════╝╚═╝╚═╝  ╚═╝╚═╝
ai4ts v0.0.3 - building AI for unified time-series analysis, https://time-series.ai [0m

Use Train GPT: False
Use Lora: False
Use Profiling: False
2026-06-04 13:15:44 [INFO]: Have set the random seed as 42 for numpy and pytorch.
🚀 Running imputation pipeline for model: saits
2026-06-04 13:15:44 [INFO]: You're using dataset electricity_transformer_temperature, please cite it properly in your work. You can find its reference information at the below link: 
https://github.com/WenjieDu/TSDB/tree/main/dataset_profiles/electricity_transformer_temperature
2026-06-04 13:15:44 [INFO]: Dataset electricity_transformer_temperature has already been downloaded. Processing directly...
2026-06-04 13:15:44 [INFO]: Dataset electricity_transformer_temperature has already been cached. Loading from cache directly...
2026-06-04 13:15:44 [INFO]: Loaded successfully!
2026-06-04 13:15:44 [INFO]: months selected as train set are <PeriodArray>
['2016-07', '2016-08', '2016-09', '2016-10', '2016-11', '2016-12', '2017-01',
 '2017-02', '2017-03', '2017-04', '2017-05', '2017-06', '2017-07', '2017-08']
Length: 14, dtype: period[M]
2026-06-04 13:15:44 [INFO]: months selected as val set are <PeriodArray>
['2017-09', '2017-10', '2017-11', '2017-12', '2018-01']
Length: 5, dtype: period[M]
2026-06-04 13:15:44 [INFO]: months selected as test set are <PeriodArray>
['2018-02', '2018-03', '2018-04', '2018-05', '2018-06']
Length: 5, dtype: period[M]
2026-06-04 13:15:44 [INFO]: Total sample number: 180
2026-06-04 13:15:44 [INFO]: Training set size: 106 (58.89%)
2026-06-04 13:15:44 [INFO]: Validation set size: 38 (21.11%)
2026-06-04 13:15:44 [INFO]: Test set size: 36 (20.00%)
2026-06-04 13:15:44 [INFO]: Number of steps: 96
2026-06-04 13:15:44 [INFO]: Number of features: 7
2026-06-04 13:15:44 [INFO]: Train set missing rate: 49.97%
2026-06-04 13:15:44 [INFO]: Validating set missing rate: 49.74%
2026-06-04 13:15:44 [INFO]: Test set missing rate: 49.99%
✅ Dataset 'etth1' with missing rate 0.5 loaded at: /home/Aboya_25R9803/projects/lab/SUN/iPyPOTS/datasets/rate_0.5
🚀 Starting SAITS training pipeline...
2026-06-04 13:15:44 [INFO]: 🔥🔥🔥🔥🔥🔥🔥🔥🔥🔥Using device list: ['cuda:0']
2026-06-04 13:15:44 [INFO]: 🔥🔥🔥🔥🔥🔥🔥🔥🔥🔥Using the given device: cuda:0
2026-06-04 13:15:44 [INFO]: Model files will be saved to output/imputation/cuda/paper_campaign/saits/etth1/mr0.5/seed42
2026-06-04 13:15:44 [INFO]: Tensorboard file will be saved to output/imputation/cuda/paper_campaign/saits/etth1/mr0.5/seed42/tensorboard
2026-06-04 13:15:44 [INFO]: Using customized MAE as the training loss function.
2026-06-04 13:15:44 [INFO]: Using customized MSE as the validation metric function.
2026-06-04 13:15:45 [INFO]: SAITS initialized with the given hyperparameters.
 ├─ Total parameters: 136,478
 ├─ Trainable parameters: 136,478
 └─ Trainable ratio: 100.00%
2026-06-04 13:15:45 [INFO]: Model placed on cuda:0
2026-06-04 13:15:45 [INFO]: Epoch 001 - training loss (MAE): 1.5701, validation MSE: 0.9758
2026-06-04 13:15:45 [INFO]: Epoch 002 - training loss (MAE): 1.5253, validation MSE: 0.9641
2026-06-04 13:15:45 [INFO]: Epoch 003 - training loss (MAE): 1.5021, validation MSE: 0.9483
2026-06-04 13:15:45 [INFO]: Epoch 004 - training loss (MAE): 1.4755, validation MSE: 0.9364
2026-06-04 13:15:45 [INFO]: Epoch 005 - training loss (MAE): 1.4449, validation MSE: 0.9212
2026-06-04 13:15:45 [INFO]: Epoch 006 - training loss (MAE): 1.4269, validation MSE: 0.9054
2026-06-04 13:15:45 [INFO]: Epoch 007 - training loss (MAE): 1.4055, validation MSE: 0.8868
2026-06-04 13:15:46 [INFO]: Epoch 008 - training loss (MAE): 1.3790, validation MSE: 0.8662
2026-06-04 13:15:46 [INFO]: Epoch 009 - training loss (MAE): 1.3559, validation MSE: 0.8461
2026-06-04 13:15:46 [INFO]: Epoch 010 - training loss (MAE): 1.3439, validation MSE: 0.8289
2026-06-04 13:15:46 [INFO]: Epoch 011 - training loss (MAE): 1.3090, validation MSE: 0.8180
2026-06-04 13:15:46 [INFO]: Epoch 012 - training loss (MAE): 1.2822, validation MSE: 0.8095
2026-06-04 13:15:46 [INFO]: Epoch 013 - training loss (MAE): 1.2500, validation MSE: 0.8027
2026-06-04 13:15:46 [INFO]: Epoch 014 - training loss (MAE): 1.2131, validation MSE: 0.7885
2026-06-04 13:15:46 [INFO]: Epoch 015 - training loss (MAE): 1.1779, validation MSE: 0.7712
2026-06-04 13:15:46 [INFO]: Epoch 016 - training loss (MAE): 1.1474, validation MSE: 0.7600
2026-06-04 13:15:46 [INFO]: Epoch 017 - training loss (MAE): 1.1387, validation MSE: 0.7435
2026-06-04 13:15:46 [INFO]: Epoch 018 - training loss (MAE): 1.1048, validation MSE: 0.7295
2026-06-04 13:15:46 [INFO]: Epoch 019 - training loss (MAE): 1.1056, validation MSE: 0.7386
2026-06-04 13:15:46 [INFO]: Epoch 020 - training loss (MAE): 1.0813, validation MSE: 0.7496
2026-06-04 13:15:46 [INFO]: Epoch 021 - training loss (MAE): 1.0770, validation MSE: 0.7305
2026-06-04 13:15:46 [INFO]: Epoch 022 - training loss (MAE): 1.0641, validation MSE: 0.7107
2026-06-04 13:15:46 [INFO]: Epoch 023 - training loss (MAE): 1.0533, validation MSE: 0.6844
2026-06-04 13:15:46 [INFO]: Epoch 024 - training loss (MAE): 1.0262, validation MSE: 0.6676
2026-06-04 13:15:46 [INFO]: Epoch 025 - training loss (MAE): 1.0220, validation MSE: 0.6500
2026-06-04 13:15:46 [INFO]: Epoch 026 - training loss (MAE): 0.9973, validation MSE: 0.6349
2026-06-04 13:15:46 [INFO]: Epoch 027 - training loss (MAE): 0.9958, validation MSE: 0.6219
2026-06-04 13:15:46 [INFO]: Epoch 028 - training loss (MAE): 0.9746, validation MSE: 0.6100
2026-06-04 13:15:46 [INFO]: Epoch 029 - training loss (MAE): 0.9645, validation MSE: 0.5941
2026-06-04 13:15:46 [INFO]: Epoch 030 - training loss (MAE): 0.9683, validation MSE: 0.5768
2026-06-04 13:15:46 [INFO]: Epoch 031 - training loss (MAE): 0.9481, validation MSE: 0.5561
2026-06-04 13:15:46 [INFO]: Epoch 032 - training loss (MAE): 0.9477, validation MSE: 0.5492
2026-06-04 13:15:46 [INFO]: Epoch 033 - training loss (MAE): 0.9352, validation MSE: 0.5449
2026-06-04 13:15:47 [INFO]: Epoch 034 - training loss (MAE): 0.9278, validation MSE: 0.5362
2026-06-04 13:15:47 [INFO]: Epoch 035 - training loss (MAE): 0.9285, validation MSE: 0.5242
2026-06-04 13:15:47 [INFO]: Epoch 036 - training loss (MAE): 0.9155, validation MSE: 0.5064
2026-06-04 13:15:47 [INFO]: Epoch 037 - training loss (MAE): 0.9091, validation MSE: 0.4880
2026-06-04 13:15:47 [INFO]: Epoch 038 - training loss (MAE): 0.8955, validation MSE: 0.4762
2026-06-04 13:15:47 [INFO]: Epoch 039 - training loss (MAE): 0.8924, validation MSE: 0.4743
2026-06-04 13:15:47 [INFO]: Epoch 040 - training loss (MAE): 0.8937, validation MSE: 0.4607
2026-06-04 13:15:47 [INFO]: Epoch 041 - training loss (MAE): 0.8773, validation MSE: 0.4423
2026-06-04 13:15:47 [INFO]: Epoch 042 - training loss (MAE): 0.8780, validation MSE: 0.4348
2026-06-04 13:15:47 [INFO]: Epoch 043 - training loss (MAE): 0.8615, validation MSE: 0.4398
2026-06-04 13:15:47 [INFO]: Epoch 044 - training loss (MAE): 0.8654, validation MSE: 0.4335
2026-06-04 13:15:47 [INFO]: Epoch 045 - training loss (MAE): 0.8608, validation MSE: 0.4258
2026-06-04 13:15:47 [INFO]: Epoch 046 - training loss (MAE): 0.8497, validation MSE: 0.4206
2026-06-04 13:15:47 [INFO]: Epoch 047 - training loss (MAE): 0.8530, validation MSE: 0.4135
2026-06-04 13:15:47 [INFO]: Epoch 048 - training loss (MAE): 0.8467, validation MSE: 0.4037
2026-06-04 13:15:47 [INFO]: Epoch 049 - training loss (MAE): 0.8315, validation MSE: 0.4062
2026-06-04 13:15:47 [INFO]: Epoch 050 - training loss (MAE): 0.8273, validation MSE: 0.4130
2026-06-04 13:15:47 [INFO]: Epoch 051 - training loss (MAE): 0.8188, validation MSE: 0.4013
2026-06-04 13:15:47 [INFO]: Epoch 052 - training loss (MAE): 0.8083, validation MSE: 0.3867
2026-06-04 13:15:47 [INFO]: Epoch 053 - training loss (MAE): 0.7919, validation MSE: 0.3848
2026-06-04 13:15:47 [INFO]: Epoch 054 - training loss (MAE): 0.7918, validation MSE: 0.3924
2026-06-04 13:15:47 [INFO]: Epoch 055 - training loss (MAE): 0.7866, validation MSE: 0.3836
2026-06-04 13:15:47 [INFO]: Epoch 056 - training loss (MAE): 0.7877, validation MSE: 0.3768
2026-06-04 13:15:47 [INFO]: Epoch 057 - training loss (MAE): 0.7768, validation MSE: 0.3828
2026-06-04 13:15:48 [INFO]: Epoch 058 - training loss (MAE): 0.7713, validation MSE: 0.3769
2026-06-04 13:15:48 [INFO]: Epoch 059 - training loss (MAE): 0.7666, validation MSE: 0.3653
2026-06-04 13:15:48 [INFO]: Epoch 060 - training loss (MAE): 0.7651, validation MSE: 0.3626
2026-06-04 13:15:48 [INFO]: Finished training. The best model is from epoch#60.
2026-06-04 13:15:48 [INFO]: Saved the model to output/imputation/cuda/paper_campaign/saits/etth1/mr0.5/seed42/SAITS.pypots
[SAITS] Testing —— MAE: 0.4879| MSE: 0.5561| RMSE: 0.7457| MRE: 0.5716| 
📊 Metrics saved to: output/imputation/cuda/paper_campaign/saits/etth1/mr0.5/seed42/metrics/saits_metrics.json
