2026-06-04 05:41:39 [INFO]: Have set the random seed as 456 for numpy and pytorch.
2026-06-04 05:41:47 [INFO]: 🔥🔥🔥🔥🔥🔥🔥🔥🔥🔥Using device list: ['cuda:0']
2026-06-04 05:41:47 [INFO]: 🔥🔥🔥🔥🔥🔥🔥🔥🔥🔥Using the given device: cuda:0
2026-06-04 05:41:47 [INFO]: Model files will be saved to output/imputation/cuda/paper_campaign/tslanet/household_power/mr0.3/seed456
2026-06-04 05:41:47 [INFO]: Tensorboard file will be saved to output/imputation/cuda/paper_campaign/tslanet/household_power/mr0.3/seed456/tensorboard
2026-06-04 05:41:47 [INFO]: Model placed on cuda:0
2026-06-04 05:41:47 [INFO]: TSLANet initialized with the given hyperparameters.
 ├─ Total parameters: 416,106
 ├─ Trainable parameters: 416,106
 └─ Trainable ratio: 100.00%
2026-06-04 05:41:49 [INFO]: Epoch 001 - training loss (default): 0.1908, validation loss: 0.0880
2026-06-04 05:41:50 [INFO]: Epoch 002 - training loss (default): 0.0721, validation loss: 0.0478
2026-06-04 05:41:52 [INFO]: Epoch 003 - training loss (default): 0.0457, validation loss: 0.0344
2026-06-04 05:41:53 [INFO]: Epoch 004 - training loss (default): 0.0347, validation loss: 0.0277
2026-06-04 05:41:54 [INFO]: Epoch 005 - training loss (default): 0.0278, validation loss: 0.0235
2026-06-04 05:41:56 [INFO]: Epoch 006 - training loss (default): 0.0231, validation loss: 0.0204
2026-06-04 05:41:57 [INFO]: Epoch 007 - training loss (default): 0.0196, validation loss: 0.0176
2026-06-04 05:41:59 [INFO]: Epoch 008 - training loss (default): 0.0168, validation loss: 0.0152
2026-06-04 05:42:00 [INFO]: Epoch 009 - training loss (default): 0.0144, validation loss: 0.0138
2026-06-04 05:42:01 [INFO]: Epoch 010 - training loss (default): 0.0126, validation loss: 0.0126
2026-06-04 05:42:02 [INFO]: Epoch 011 - training loss (default): 0.0109, validation loss: 0.0111
2026-06-04 05:42:04 [INFO]: Epoch 012 - training loss (default): 0.0095, validation loss: 0.0095
2026-06-04 05:42:05 [INFO]: Epoch 013 - training loss (default): 0.0085, validation loss: 0.0085
2026-06-04 05:42:07 [INFO]: Epoch 014 - training loss (default): 0.0075, validation loss: 0.0076
2026-06-04 05:42:08 [INFO]: Epoch 015 - training loss (default): 0.0066, validation loss: 0.0070
2026-06-04 05:42:10 [INFO]: Epoch 016 - training loss (default): 0.0059, validation loss: 0.0061
2026-06-04 05:42:11 [INFO]: Epoch 017 - training loss (default): 0.0052, validation loss: 0.0054
2026-06-04 05:42:12 [INFO]: Epoch 018 - training loss (default): 0.0046, validation loss: 0.0049
2026-06-04 05:42:13 [INFO]: Epoch 019 - training loss (default): 0.0041, validation loss: 0.0045
2026-06-04 05:42:15 [INFO]: Epoch 020 - training loss (default): 0.0037, validation loss: 0.0040
2026-06-04 05:42:16 [INFO]: Epoch 021 - training loss (default): 0.0033, validation loss: 0.0036
2026-06-04 05:42:18 [INFO]: Epoch 022 - training loss (default): 0.0030, validation loss: 0.0033
2026-06-04 05:42:19 [INFO]: Epoch 023 - training loss (default): 0.0026, validation loss: 0.0030
2026-06-04 05:42:21 [INFO]: Epoch 024 - training loss (default): 0.0024, validation loss: 0.0027
2026-06-04 05:42:22 [INFO]: Epoch 025 - training loss (default): 0.0021, validation loss: 0.0024
2026-06-04 05:42:24 [INFO]: Epoch 026 - training loss (default): 0.0019, validation loss: 0.0022
2026-06-04 05:42:26 [INFO]: Epoch 027 - training loss (default): 0.0017, validation loss: 0.0019
2026-06-04 05:42:27 [INFO]: Epoch 028 - training loss (default): 0.0015, validation loss: 0.0019
2026-06-04 05:42:29 [INFO]: Epoch 029 - training loss (default): 0.0013, validation loss: 0.0016
2026-06-04 05:42:30 [INFO]: Epoch 030 - training loss (default): 0.0012, validation loss: 0.0015
2026-06-04 05:42:32 [INFO]: Epoch 031 - training loss (default): 0.0011, validation loss: 0.0013
2026-06-04 05:42:34 [INFO]: Epoch 032 - training loss (default): 0.0010, validation loss: 0.0012
2026-06-04 05:42:35 [INFO]: Epoch 033 - training loss (default): 0.0009, validation loss: 0.0011
2026-06-04 05:42:37 [INFO]: Epoch 034 - training loss (default): 0.0008, validation loss: 0.0010
2026-06-04 05:42:38 [INFO]: Epoch 035 - training loss (default): 0.0007, validation loss: 0.0009
2026-06-04 05:42:40 [INFO]: Epoch 036 - training loss (default): 0.0006, validation loss: 0.0008
2026-06-04 05:42:41 [INFO]: Epoch 037 - training loss (default): 0.0006, validation loss: 0.0008
2026-06-04 05:42:43 [INFO]: Epoch 038 - training loss (default): 0.0005, validation loss: 0.0007
2026-06-04 05:42:45 [INFO]: Epoch 039 - training loss (default): 0.0005, validation loss: 0.0006
2026-06-04 05:42:46 [INFO]: Epoch 040 - training loss (default): 0.0004, validation loss: 0.0005
2026-06-04 05:42:48 [INFO]: Epoch 041 - training loss (default): 0.0004, validation loss: 0.0005
2026-06-04 05:42:49 [INFO]: Epoch 042 - training loss (default): 0.0004, validation loss: 0.0004
2026-06-04 05:42:51 [INFO]: Epoch 043 - training loss (default): 0.0003, validation loss: 0.0004
2026-06-04 05:42:53 [INFO]: Epoch 044 - training loss (default): 0.0003, validation loss: 0.0004
2026-06-04 05:42:54 [INFO]: Epoch 045 - training loss (default): 0.0003, validation loss: 0.0003
2026-06-04 05:42:56 [INFO]: Epoch 046 - training loss (default): 0.0003, validation loss: 0.0003
2026-06-04 05:42:57 [INFO]: Epoch 047 - training loss (default): 0.0002, validation loss: 0.0003
2026-06-04 05:42:59 [INFO]: Epoch 048 - training loss (default): 0.0002, validation loss: 0.0003
2026-06-04 05:43:00 [INFO]: Epoch 049 - training loss (default): 0.0002, validation loss: 0.0002
2026-06-04 05:43:02 [INFO]: Epoch 050 - training loss (default): 0.0002, validation loss: 0.0002
2026-06-04 05:43:04 [INFO]: Epoch 051 - training loss (default): 0.0002, validation loss: 0.0002
2026-06-04 05:43:05 [INFO]: Epoch 052 - training loss (default): 0.0001, validation loss: 0.0002
2026-06-04 05:43:07 [INFO]: Epoch 053 - training loss (default): 0.0001, validation loss: 0.0002
2026-06-04 05:43:09 [INFO]: Epoch 054 - training loss (default): 0.0001, validation loss: 0.0002
2026-06-04 05:43:10 [INFO]: Epoch 055 - training loss (default): 0.0001, validation loss: 0.0001
2026-06-04 05:43:12 [INFO]: Epoch 056 - training loss (default): 0.0001, validation loss: 0.0001
2026-06-04 05:43:13 [INFO]: Epoch 057 - training loss (default): 0.0001, validation loss: 0.0001
2026-06-04 05:43:15 [INFO]: Epoch 058 - training loss (default): 0.0001, validation loss: 0.0001
2026-06-04 05:43:17 [INFO]: Epoch 059 - training loss (default): 0.0001, validation loss: 0.0001
2026-06-04 05:43:18 [INFO]: Epoch 060 - training loss (default): 0.0001, validation loss: 0.0001
2026-06-04 05:43:18 [INFO]: Finished training. The best model is from epoch#60.
2026-06-04 05:43:18 [INFO]: Saved the model to output/imputation/cuda/paper_campaign/tslanet/household_power/mr0.3/seed456/TSLANet.pypots
[34m
████████╗██╗███╗   ███╗███████╗    ███████╗███████╗██████╗ ██╗███████╗███████╗    █████╗ ██╗
╚══██╔══╝██║████╗ ████║██╔════╝    ██╔════╝██╔════╝██╔══██╗██║██╔════╝██╔════╝   ██╔══██╗██║
   ██║   ██║██╔████╔██║█████╗█████╗███████╗█████╗  ██████╔╝██║█████╗  ███████╗   ███████║██║
   ██║   ██║██║╚██╔╝██║██╔══╝╚════╝╚════██║██╔══╝  ██╔══██╗██║██╔══╝  ╚════██║   ██╔══██║██║
   ██║   ██║██║ ╚═╝ ██║███████╗    ███████║███████╗██║  ██║██║███████╗███████║██╗██║  ██║██║
   ╚═╝   ╚═╝╚═╝     ╚═╝╚══════╝    ╚══════╝╚══════╝╚═╝  ╚═╝╚═╝╚══════╝╚══════╝╚═╝╚═╝  ╚═╝╚═╝
ai4ts v0.0.3 - building AI for unified time-series analysis, https://time-series.ai [0m

Use Train GPT: False
Use Lora: False
Use Profiling: False
🚀 Running imputation pipeline for model: tslanet
✅ Dataset 'household_power' with missing rate 0.3 loaded at: /home/Aboya_25R9803/projects/lab/SUN/iPyPOTS/datasets/rate_0.3
🚀 Starting TSLANet training pipeline...
[TSLANet] Testing —— MAE: 0.7338| MSE: 0.8623| RMSE: 0.9286| MRE: 1.0105| 
📊 Metrics saved to: output/imputation/cuda/paper_campaign/tslanet/household_power/mr0.3/seed456/metrics/tslanet_metrics.json
