[34m
████████╗██╗███╗   ███╗███████╗    ███████╗███████╗██████╗ ██╗███████╗███████╗    █████╗ ██╗
╚══██╔══╝██║████╗ ████║██╔════╝    ██╔════╝██╔════╝██╔══██╗██║██╔════╝██╔════╝   ██╔══██╗██║
   ██║   ██║██╔████╔██║█████╗█████╗███████╗█████╗  ██████╔╝██║█████╗  ███████╗   ███████║██║
   ██║   ██║██║╚██╔╝██║██╔══╝╚════╝╚════██║██╔══╝  ██╔══██╗██║██╔══╝  ╚════██║   ██╔══██║██║
   ██║   ██║██║ ╚═╝ ██║███████╗    ███████║███████╗██║  ██║██║███████╗███████║██╗██║  ██║██║
   ╚═╝   ╚═╝╚═╝     ╚═╝╚══════╝    ╚══════╝╚══════╝╚═╝  ╚═╝╚═╝╚══════╝╚══════╝╚═╝╚═╝  ╚═╝╚═╝
ai4ts v0.0.3 - building AI for unified time-series analysis, https://time-series.ai [0m

Use Train GPT: False
Use Lora: False
Use Profiling: False
2026-06-04 13:17:47 [INFO]: Have set the random seed as 456 for numpy and pytorch.
🚀 Running imputation pipeline for model: tefn
2026-06-04 13:17:47 [INFO]: You're using dataset electricity_transformer_temperature, please cite it properly in your work. You can find its reference information at the below link: 
https://github.com/WenjieDu/TSDB/tree/main/dataset_profiles/electricity_transformer_temperature
2026-06-04 13:17:47 [INFO]: Dataset electricity_transformer_temperature has already been downloaded. Processing directly...
2026-06-04 13:17:47 [INFO]: Dataset electricity_transformer_temperature has already been cached. Loading from cache directly...
2026-06-04 13:17:47 [INFO]: Loaded successfully!
2026-06-04 13:17:47 [INFO]: months selected as train set are <PeriodArray>
['2016-07', '2016-08', '2016-09', '2016-10', '2016-11', '2016-12', '2017-01',
 '2017-02', '2017-03', '2017-04', '2017-05', '2017-06', '2017-07', '2017-08']
Length: 14, dtype: period[M]
2026-06-04 13:17:47 [INFO]: months selected as val set are <PeriodArray>
['2017-09', '2017-10', '2017-11', '2017-12', '2018-01']
Length: 5, dtype: period[M]
2026-06-04 13:17:47 [INFO]: months selected as test set are <PeriodArray>
['2018-02', '2018-03', '2018-04', '2018-05', '2018-06']
Length: 5, dtype: period[M]
2026-06-04 13:17:47 [INFO]: Total sample number: 180
2026-06-04 13:17:47 [INFO]: Training set size: 106 (58.89%)
2026-06-04 13:17:47 [INFO]: Validation set size: 38 (21.11%)
2026-06-04 13:17:47 [INFO]: Test set size: 36 (20.00%)
2026-06-04 13:17:47 [INFO]: Number of steps: 96
2026-06-04 13:17:47 [INFO]: Number of features: 7
2026-06-04 13:17:47 [INFO]: Train set missing rate: 30.04%
2026-06-04 13:17:47 [INFO]: Validating set missing rate: 30.22%
2026-06-04 13:17:47 [INFO]: Test set missing rate: 30.07%
✅ Dataset 'etth1' with missing rate 0.3 loaded at: /home/Aboya_25R9803/projects/lab/SUN/iPyPOTS/datasets/rate_0.3
🚀 Starting TEFN training pipeline...
2026-06-04 13:17:47 [INFO]: 🔥🔥🔥🔥🔥🔥🔥🔥🔥🔥Using device list: ['cuda:0']
2026-06-04 13:17:47 [INFO]: 🔥🔥🔥🔥🔥🔥🔥🔥🔥🔥Using the given device: cuda:0
2026-06-04 13:17:48 [INFO]: Model files will be saved to output/imputation/cuda/paper_campaign/tefn/etth1/mr0.3/seed456
2026-06-04 13:17:48 [INFO]: Tensorboard file will be saved to output/imputation/cuda/paper_campaign/tefn/etth1/mr0.3/seed456/tensorboard
2026-06-04 13:17:48 [INFO]: Using customized MAE as the training loss function.
2026-06-04 13:17:48 [INFO]: Using customized MSE as the validation metric function.
2026-06-04 13:17:48 [INFO]: Model placed on cuda:0
2026-06-04 13:17:48 [INFO]: TEFN initialized with the given hyperparameters.
 ├─ Total parameters: 3,401
 ├─ Trainable parameters: 3,401
 └─ Trainable ratio: 100.00%
2026-06-04 13:17:48 [INFO]: Epoch 001 - training loss (MAE): 8.9869, validation MSE: 30.5628
2026-06-04 13:17:48 [INFO]: Epoch 002 - training loss (MAE): 8.9331, validation MSE: 30.1929
2026-06-04 13:17:48 [INFO]: Epoch 003 - training loss (MAE): 8.8513, validation MSE: 29.8328
2026-06-04 13:17:48 [INFO]: Epoch 004 - training loss (MAE): 8.8109, validation MSE: 29.4809
2026-06-04 13:17:48 [INFO]: Epoch 005 - training loss (MAE): 8.7911, validation MSE: 29.1378
2026-06-04 13:17:48 [INFO]: Epoch 006 - training loss (MAE): 8.7522, validation MSE: 28.8038
2026-06-04 13:17:48 [INFO]: Epoch 007 - training loss (MAE): 8.6695, validation MSE: 28.4741
2026-06-04 13:17:48 [INFO]: Epoch 008 - training loss (MAE): 8.6314, validation MSE: 28.1538
2026-06-04 13:17:48 [INFO]: Epoch 009 - training loss (MAE): 8.6051, validation MSE: 27.8404
2026-06-04 13:17:48 [INFO]: Epoch 010 - training loss (MAE): 8.5469, validation MSE: 27.5343
2026-06-04 13:17:48 [INFO]: Epoch 011 - training loss (MAE): 8.4202, validation MSE: 27.2367
2026-06-04 13:17:48 [INFO]: Epoch 012 - training loss (MAE): 8.3988, validation MSE: 26.9438
2026-06-04 13:17:48 [INFO]: Epoch 013 - training loss (MAE): 8.3510, validation MSE: 26.6557
2026-06-04 13:17:48 [INFO]: Epoch 014 - training loss (MAE): 8.3004, validation MSE: 26.3709
2026-06-04 13:17:48 [INFO]: Epoch 015 - training loss (MAE): 8.2804, validation MSE: 26.0901
2026-06-04 13:17:48 [INFO]: Epoch 016 - training loss (MAE): 8.1849, validation MSE: 25.8123
2026-06-04 13:17:48 [INFO]: Epoch 017 - training loss (MAE): 8.1490, validation MSE: 25.5400
2026-06-04 13:17:48 [INFO]: Epoch 018 - training loss (MAE): 8.1114, validation MSE: 25.2703
2026-06-04 13:17:48 [INFO]: Epoch 019 - training loss (MAE): 8.0496, validation MSE: 25.0057
2026-06-04 13:17:48 [INFO]: Epoch 020 - training loss (MAE): 8.0424, validation MSE: 24.7433
2026-06-04 13:17:49 [INFO]: Epoch 021 - training loss (MAE): 8.0048, validation MSE: 24.4834
2026-06-04 13:17:49 [INFO]: Epoch 022 - training loss (MAE): 7.9207, validation MSE: 24.2265
2026-06-04 13:17:49 [INFO]: Epoch 023 - training loss (MAE): 7.8957, validation MSE: 23.9723
2026-06-04 13:17:49 [INFO]: Epoch 024 - training loss (MAE): 7.7998, validation MSE: 23.7215
2026-06-04 13:17:49 [INFO]: Epoch 025 - training loss (MAE): 7.7593, validation MSE: 23.4730
2026-06-04 13:17:49 [INFO]: Epoch 026 - training loss (MAE): 7.7565, validation MSE: 23.2275
2026-06-04 13:17:49 [INFO]: Epoch 027 - training loss (MAE): 7.6877, validation MSE: 22.9853
2026-06-04 13:17:49 [INFO]: Epoch 028 - training loss (MAE): 7.6424, validation MSE: 22.7460
2026-06-04 13:17:49 [INFO]: Epoch 029 - training loss (MAE): 7.6229, validation MSE: 22.5085
2026-06-04 13:17:49 [INFO]: Epoch 030 - training loss (MAE): 7.5412, validation MSE: 22.2728
2026-06-04 13:17:49 [INFO]: Epoch 031 - training loss (MAE): 7.4835, validation MSE: 22.0405
2026-06-04 13:17:49 [INFO]: Epoch 032 - training loss (MAE): 7.4931, validation MSE: 21.8096
2026-06-04 13:17:49 [INFO]: Epoch 033 - training loss (MAE): 7.4210, validation MSE: 21.5794
2026-06-04 13:17:49 [INFO]: Epoch 034 - training loss (MAE): 7.3721, validation MSE: 21.3512
2026-06-04 13:17:49 [INFO]: Epoch 035 - training loss (MAE): 7.2932, validation MSE: 21.1260
2026-06-04 13:17:49 [INFO]: Epoch 036 - training loss (MAE): 7.3069, validation MSE: 20.9043
2026-06-04 13:17:49 [INFO]: Epoch 037 - training loss (MAE): 7.2442, validation MSE: 20.6861
2026-06-04 13:17:49 [INFO]: Epoch 038 - training loss (MAE): 7.2008, validation MSE: 20.4713
2026-06-04 13:17:49 [INFO]: Epoch 039 - training loss (MAE): 7.1520, validation MSE: 20.2595
2026-06-04 13:17:49 [INFO]: Epoch 040 - training loss (MAE): 7.1171, validation MSE: 20.0497
2026-06-04 13:17:49 [INFO]: Epoch 041 - training loss (MAE): 7.0655, validation MSE: 19.8422
2026-06-04 13:17:49 [INFO]: Epoch 042 - training loss (MAE): 7.0114, validation MSE: 19.6353
2026-06-04 13:17:49 [INFO]: Epoch 043 - training loss (MAE): 6.9603, validation MSE: 19.4308
2026-06-04 13:17:49 [INFO]: Epoch 044 - training loss (MAE): 6.9352, validation MSE: 19.2285
2026-06-04 13:17:49 [INFO]: Epoch 045 - training loss (MAE): 6.8689, validation MSE: 19.0293
2026-06-04 13:17:49 [INFO]: Epoch 046 - training loss (MAE): 6.8397, validation MSE: 18.8317
2026-06-04 13:17:50 [INFO]: Epoch 047 - training loss (MAE): 6.8162, validation MSE: 18.6371
2026-06-04 13:17:50 [INFO]: Epoch 048 - training loss (MAE): 6.7645, validation MSE: 18.4446
2026-06-04 13:17:50 [INFO]: Epoch 049 - training loss (MAE): 6.6962, validation MSE: 18.2523
2026-06-04 13:17:50 [INFO]: Epoch 050 - training loss (MAE): 6.6694, validation MSE: 18.0607
2026-06-04 13:17:50 [INFO]: Epoch 051 - training loss (MAE): 6.6348, validation MSE: 17.8713
2026-06-04 13:17:50 [INFO]: Epoch 052 - training loss (MAE): 6.5768, validation MSE: 17.6846
2026-06-04 13:17:50 [INFO]: Epoch 053 - training loss (MAE): 6.5884, validation MSE: 17.4995
2026-06-04 13:17:50 [INFO]: Epoch 054 - training loss (MAE): 6.4883, validation MSE: 17.3171
2026-06-04 13:17:50 [INFO]: Epoch 055 - training loss (MAE): 6.4801, validation MSE: 17.1364
2026-06-04 13:17:50 [INFO]: Epoch 056 - training loss (MAE): 6.3851, validation MSE: 16.9553
2026-06-04 13:17:50 [INFO]: Epoch 057 - training loss (MAE): 6.3577, validation MSE: 16.7772
2026-06-04 13:17:50 [INFO]: Epoch 058 - training loss (MAE): 6.3445, validation MSE: 16.6002
2026-06-04 13:17:50 [INFO]: Epoch 059 - training loss (MAE): 6.3052, validation MSE: 16.4244
2026-06-04 13:17:50 [INFO]: Epoch 060 - training loss (MAE): 6.2323, validation MSE: 16.2517
2026-06-04 13:17:50 [INFO]: Finished training. The best model is from epoch#60.
2026-06-04 13:17:50 [INFO]: Saved the model to output/imputation/cuda/paper_campaign/tefn/etth1/mr0.3/seed456/TEFN.pypots
[TEFN] Testing —— MAE: 3.1181| MSE: 17.0755| RMSE: 4.1323| MRE: 3.6801| 
📊 Metrics saved to: output/imputation/cuda/paper_campaign/tefn/etth1/mr0.3/seed456/metrics/tefn_metrics.json
