2026-06-04 06:02:16 [INFO]: Have set the random seed as 42 for numpy and pytorch.
2026-06-04 06:02:16 [INFO]: You're using dataset solar_alabama, please cite it properly in your work. You can find its reference information at the below link: 
https://github.com/WenjieDu/TSDB/tree/main/dataset_profiles/solar_alabama
2026-06-04 06:02:16 [INFO]: Dataset solar_alabama has already been downloaded. Processing directly...
2026-06-04 06:02:16 [INFO]: Dataset solar_alabama has already been cached. Loading from cache directly...
2026-06-04 06:02:16 [INFO]: Loaded successfully!
2026-06-04 06:02:16 [INFO]: months selected as train set are <PeriodArray>
['2006-01', '2006-02', '2006-03', '2006-04', '2006-05', '2006-06']
Length: 6, dtype: period[M]
2026-06-04 06:02:16 [INFO]: months selected as val set are <PeriodArray>
['2006-07', '2006-08', '2006-09']
Length: 3, dtype: period[M]
2026-06-04 06:02:16 [INFO]: months selected as test set are <PeriodArray>
['2006-10', '2006-11', '2006-12']
Length: 3, dtype: period[M]
2026-06-04 06:02:16 [INFO]: Total sample number: 2190
2026-06-04 06:02:16 [INFO]: Training set size: 1086 (49.59%)
2026-06-04 06:02:16 [INFO]: Validation set size: 552 (25.21%)
2026-06-04 06:02:16 [INFO]: Test set size: 552 (25.21%)
2026-06-04 06:02:16 [INFO]: Number of steps: 24
2026-06-04 06:02:16 [INFO]: Number of features: 137
2026-06-04 06:02:16 [INFO]: Train set missing rate: 50.01%
2026-06-04 06:02:16 [INFO]: Validating set missing rate: 50.01%
2026-06-04 06:02:16 [INFO]: Test set missing rate: 50.00%
2026-06-04 06:02:16 [INFO]: 🔥🔥🔥🔥🔥🔥🔥🔥🔥🔥Using device list: ['cuda:0']
2026-06-04 06:02:16 [INFO]: 🔥🔥🔥🔥🔥🔥🔥🔥🔥🔥Using the given device: cuda:0
[34m
████████╗██╗███╗   ███╗███████╗    ███████╗███████╗██████╗ ██╗███████╗███████╗    █████╗ ██╗
╚══██╔══╝██║████╗ ████║██╔════╝    ██╔════╝██╔════╝██╔══██╗██║██╔════╝██╔════╝   ██╔══██╗██║
   ██║   ██║██╔████╔██║█████╗█████╗███████╗█████╗  ██████╔╝██║█████╗  ███████╗   ███████║██║
   ██║   ██║██║╚██╔╝██║██╔══╝╚════╝╚════██║██╔══╝  ██╔══██╗██║██╔══╝  ╚════██║   ██╔══██║██║
   ██║   ██║██║ ╚═╝ ██║███████╗    ███████║███████╗██║  ██║██║███████╗███████║██╗██║  ██║██║
   ╚═╝   ╚═╝╚═╝     ╚═╝╚══════╝    ╚══════╝╚══════╝╚═╝  ╚═╝╚═╝╚══════╝╚══════╝╚═╝╚═╝  ╚═╝╚═╝
ai4ts v0.0.3 - building AI for unified time-series analysis, https://time-series.ai [0m

Use Train GPT: False
Use Lora: False
Use Profiling: False
🚀 Running imputation pipeline for model: locf
✅ Dataset 'solar' with missing rate 0.5 loaded at: /home/Aboya_25R9803/projects/lab/SUN/iPyPOTS/datasets/rate_0.5
🚀 Starting LOCF imputation baseline...
[LOCF] Testing —— MAE: 0.0738| MSE: 0.0298| RMSE: 0.1726| MRE: 0.0952| 
📊 Metrics saved to: output/imputation/cuda/paper_campaign/locf/solar/mr0.5/seed42/metrics/locf_metrics.json
